******************************************************************************
                  TI ARM Linker PC v20.2.5                     
******************************************************************************
>> Linked Sat Apr 16 22:42:11 2022

OUTPUT FILE NAME:   <lab3.out>
ENTRY POINT SYMBOL: "_c_int00_noargs"  address: 2000717d


MEMORY CONFIGURATION

         name            origin    length      used     unused   attr    fill
----------------------  --------  ---------  --------  --------  ----  --------
  SRAM_CODE             20004000   00012fff  0000377a  0000f885  RW X
  SRAM_DATA             20017000   00019000  00001048  00017fb8  RW X


SEGMENT ALLOCATION MAP

run origin  load origin   length   init length attrs members
----------  ----------- ---------- ----------- ----- -------
20004000    20004000    00003780   00003780    r-x
  20004000    20004000    00000400   00000400    r-- .intvecs
  20004400    20004400    00003066   00003066    r-x .text
  20007468    20007468    000002c4   000002c4    r-- .const
  20007730    20007730    00000050   00000050    r-- .cinit
20017000    20017000    00000848   00000000    rw-
  20017000    20017000    00000800   00000000    rw- .sysmem
  20017800    20017800    00000044   00000000    rw- .data
  20017844    20017844    00000004   00000000    rw- .bss
2002f800    2002f800    00000800   00000000    rw-
  2002f800    2002f800    00000800   00000000    rw- .stack


SECTION ALLOCATION MAP

 output                                  attributes/
section   page    origin      length       input sections
--------  ----  ----------  ----------   ----------------
.intvecs   0    20004000    00000400     
                  20004000    00000400     startup_ccs.obj (.intvecs)

.init_array 
*          0    20004000    00000000     UNINITIALIZED

.text      0    20004400    00003066     
                  20004400    00000a4e     rtsv7M4_T_le_eabi.lib : _printfi.c.obj (.text:__TI_printfi)
                  20004e4e    00000002                           : _lock.c.obj (.text:_nop)
                  20004e50    00000340     main.obj (.text)
                  20005190    0000027c     uart_if.obj (.text)
                  2000540c    00000268     rtsv7M4_T_le_eabi.lib : _printfi.c.obj (.text:_pconv_a)
                  20005674    000001cc                           : _printfi.c.obj (.text:_pconv_g)
                  20005840    000001b6                           : fd_add_t2.asm.obj (.text)
                  200059f6    00000002                           : div0.asm.obj (.text)
                  200059f8    00000178     driverlib.a : prcm.obj (.text:PRCMCC3200MCUInit)
                  20005b70    0000013c     rtsv7M4_T_le_eabi.lib : _printfi.c.obj (.text:_pconv_e)
                  20005cac    00000136                           : fd_div_t2.asm.obj (.text)
                  20005de2    00000002     --HOLE-- [fill = 0]
                  20005de4    00000120                           : _printfi.c.obj (.text:fcvt)
                  20005f04    00000100                           : memory.c.obj (.text:aligned_alloc)
                  20006004    000000fc                           : fd_mul_t2.asm.obj (.text)
                  20006100    000000e4                           : memory.c.obj (.text:free)
                  200061e4    000000e4                           : memory.c.obj (.text:realloc)
                  200062c8    000000e2     pin_mux_config.obj (.text)
                  200063aa    00000002     --HOLE-- [fill = 0]
                  200063ac    000000d0     rtsv7M4_T_le_eabi.lib : s_scalbn.c.obj (.text:scalbn)
                  2000647c    000000b1                           : _printfi.c.obj (.text:_ltostr)
                  2000652d    00000003     --HOLE-- [fill = 0]
                  20006530    000000a8     driverlib.a : interrupt.obj (.text:IntEnable)
                  200065d8    0000009c     rtsv7M4_T_le_eabi.lib : memcpy_t2.asm.obj (.text)
                  20006674    00000096                           : ull_div_t2.asm.obj (.text)
                  2000670a    00000002     --HOLE-- [fill = 0]
                  2000670c    00000094     driverlib.a : prcm.obj (.text:PRCMPeripheralClockGet)
                  200067a0    00000088                 : pin.obj (.text:PinConfigSet)
                  20006828    00000086     rtsv7M4_T_le_eabi.lib : fd_cmp_t2.asm.obj (.text:__aeabi_cdcmple)
                  200068ae    00000086                           : fd_cmp_t2.asm.obj (.text:__aeabi_cdrcmple)
                  20006934    00000082     driverlib.a : gpio.obj (.text:GPIOIntTypeSet)
                  200069b6    0000007a     rtsv7M4_T_le_eabi.lib : memset_t2.asm.obj (.text)
                  20006a30    00000076     driverlib.a : uart.obj (.text:UARTConfigSetExpClk)
                  20006aa6    00000002     --HOLE-- [fill = 0]
                  20006aa8    00000070     rtsv7M4_T_le_eabi.lib : memory.c.obj (.text:split)
                  20006b18    0000006e                           : _printfi.c.obj (.text:_mcpy)
                  20006b86    00000068                           : copy_decompress_lzss.c.obj (.text:decompress:lzss:__TI_decompress_lzss)
                  20006bee    00000002     --HOLE-- [fill = 0]
                  20006bf0    0000005c                           : s_frexp.c.obj (.text:frexp)
                  20006c4c    00000058     driverlib.a : prcm.obj (.text:PRCMPeripheralReset)
                  20006ca4    00000056     rtsv7M4_T_le_eabi.lib : _printfi.c.obj (.text:_pconv_f)
                  20006cfa    00000054                           : _ltoa.c.obj (.text:__TI_ltoa)
                  20006d4e    00000052                           : _printfi.c.obj (.text:_ecpy)
                  20006da0    0000004c                           : atoi.c.obj (.text:atoi)
                  20006dec    00000048     driverlib.a : gpio.obj (.text:GPIOGetIntNumber)
                  20006e34    00000048     rtsv7M4_T_le_eabi.lib : fd_toi_t2.asm.obj (.text)
                  20006e7c    00000044                           : autoinit.c.obj (.text:__TI_auto_init_nobinit_nopinit:__TI_auto_init_nobinit_nopinit)
                  20006ec0    00000040     driverlib.a : pin.obj (.text:PinModeSet)
                  20006f00    00000040     rtsv7M4_T_le_eabi.lib : vsnprintf.c.obj (.text:vsnprintf)
                  20006f40    0000003e                           : _printfi.c.obj (.text:_fcpy)
                  20006f7e    00000002     --HOLE-- [fill = 0]
                  20006f80    0000003c     driverlib.a : prcm.obj (.text:PRCMPeripheralClkEnable)
                  20006fbc    00000036                 : gpio.obj (.text:GPIODirModeSet)
                  20006ff2    00000030                 : pin.obj (.text:PinTypeGPIO)
                  20007022    00000002     --HOLE-- [fill = 0]
                  20007024    00000030                 : uart.obj (.text:UARTDisable)
                  20007054    00000030     rtsv7M4_T_le_eabi.lib : vsnprintf.c.obj (.text:_outs)
                  20007084    0000002e                           : i_tofd_t2.asm.obj (.text)
                  200070b2    00000002     --HOLE-- [fill = 0]
                  200070b4    0000002c     driverlib.a : prcm.obj (.text:PRCMSysResetCauseGet)
                  200070e0    00000028                 : prcm.obj (.text:PRCMPeripheralClkDisable)
                  20007108    00000028     rtsv7M4_T_le_eabi.lib : memory.c.obj (.text:free_list_insert)
                  20007130    00000028                           : memmov.c.obj (.text:memmove)
                  20007158    00000024     driverlib.a : uart.obj (.text:UARTEnable)
                  2000717c    00000024     rtsv7M4_T_le_eabi.lib : boot_cortex_m.c.obj (.text:_c_int00_noargs:_c_int00_noargs)
                  200071a0    00000022     driverlib.a : gpio.obj (.text:GPIOIntStatus)
                  200071c2    00000002     --HOLE-- [fill = 0]
                  200071c4    00000020                 : interrupt.obj (.text:IntRegister)
                  200071e4    0000001e                 : gpio.obj (.text:GPIOIntRegister)
                  20007202    0000001e                 : uart.obj (.text:UARTCharPut)
                  20007220    0000001c                 : systick.obj (.text:SysTickIntRegister)
                  2000723c    0000001c                 : uart.obj (.text:UARTCharGetNonBlocking)
                  20007258    0000001c     rtsv7M4_T_le_eabi.lib : copy_zero_init.c.obj (.text:decompress:ZI:__TI_zero_init_nomemset:__TI_zero_init_nomemset)
                  20007274    0000001c                           : memory.c.obj (.text:free_list_remove)
                  20007290    0000001c                           : memccpy.c.obj (.text:memccpy)
                  200072ac    0000001a     driverlib.a : gpio.obj (.text:GPIOIntEnable)
                  200072c6    0000001a                 : pin.obj (.text:PinTypeUART)
                  200072e0    00000018                 : systick.obj (.text:SysTickPeriodSet)
                  200072f8    00000018                 : uart.obj (.text:UARTCharsAvail)
                  20007310    00000018     rtsv7M4_T_le_eabi.lib : vsnprintf.c.obj (.text:_outc)
                  20007328    00000018                           : ll_mul_t2.asm.obj (.text)
                  20007340    00000016     driverlib.a : prcm.obj (.text:PRCMHIBRegRead)
                  20007356    00000016                 : prcm.obj (.text:PRCMHIBRegWrite)
                  2000736c    00000016     rtsv7M4_T_le_eabi.lib : strchr.c.obj (.text:strchr)
                  20007382    00000014     driverlib.a : cpu.obj (.text:CPUcpsie)
                  20007396    00000014                 : gpio.obj (.text:GPIOIntClear)
                  200073aa    00000002     --HOLE-- [fill = 0]
                  200073ac    00000014                 : interrupt.obj (.text:IntVTableBaseSet)
                  200073c0    00000014     rtsv7M4_T_le_eabi.lib : strlen.c.obj (.text:strlen)
                  200073d4    00000012                           : wcslen.c.obj (.text:wcslen)
                  200073e6    00000002     --HOLE-- [fill = 0]
                  200073e8    00000010     driverlib.a : systick.obj (.text:SysTickEnable)
                  200073f8    00000010                 : systick.obj (.text:SysTickIntEnable)
                  20007408    0000000e     rtsv7M4_T_le_eabi.lib : copy_decompress_none.c.obj (.text:decompress:none:__TI_decompress_none)
                  20007416    0000000e     startup_ccs.obj (.text)
                  20007424    0000000c     driverlib.a : systick.obj (.text:SysTickValueGet)
                  20007430    0000000c     rtsv7M4_T_le_eabi.lib : s_copysign.c.obj (.text:copysign)
                  2000743c    0000000a     driverlib.a : interrupt.obj (.text:IntMasterEnable)
                  20007446    00000002     --HOLE-- [fill = 0]
                  20007448    00000008     rtsv7M4_T_le_eabi.lib : errno.c.obj (.text:__aeabi_errno_addr)
                  20007450    00000008                           : memory.c.obj (.text:malloc)
                  20007458    00000006     driverlib.a : utils.obj (.text:UtilsDelay)
                  2000745e    00000004     rtsv7M4_T_le_eabi.lib : pre_init.c.obj (.text:_system_pre_init)
                  20007462    00000004                           : exit.c.obj (.text:abort:abort)

.const     0    20007468    000002c4     
                  20007468    00000101     rtsv7M4_T_le_eabi.lib : ctype.c.obj (.const:.string:_ctypes_)
                  20007569    00000003     --HOLE-- [fill = 0]
                  2000756c    00000100     driverlib.a : pin.obj (.const:g_ulPinToPadMap)
                  2000766c    000000a8                 : prcm.obj (.const:PRCM_PeriphRegsList)
                  20007714    00000018                 : interrupt.obj (.const:g_pulEnRegs)

.cinit     0    20007730    00000050     
                  20007730    00000029     (.cinit..data.load) [load image, compression = lzss]
                  20007759    00000003     --HOLE-- [fill = 0]
                  2000775c    0000000c     (__TI_handler_table)
                  20007768    00000008     (.cinit..bss.load) [load image, compression = zero_init]
                  20007770    00000010     (__TI_cinit_table)

.sysmem    0    20017000    00000800     UNINITIALIZED
                  20017000    00000010     rtsv7M4_T_le_eabi.lib : memory.c.obj (.sysmem)
                  20017010    000007f0     --HOLE--

.data      0    20017800    00000044     UNINITIALIZED
                  20017800    0000001c     main.obj (.data)
                  2001781c    0000000c     main.obj (.data:ir_out)
                  20017828    00000008     rtsv7M4_T_le_eabi.lib : _lock.c.obj (.data:$O1$$)
                  20017830    00000008                           : memory.c.obj (.data:$O1$$)
                  20017838    00000004     main.obj (.data:data$3)
                  2001783c    00000004     main.obj (.data:ir_code)
                  20017840    00000004     rtsv7M4_T_le_eabi.lib : errno.c.obj (.data)

.bss       0    20017844    00000004     UNINITIALIZED
                  20017844    00000004     uart_if.obj (.bss)

.stack     0    2002f800    00000800     UNINITIALIZED
                  2002f800    00000004     rtsv7M4_T_le_eabi.lib : boot_cortex_m.c.obj (.stack)
                  2002f804    000007fc     --HOLE--

__llvm_prf_cnts 
*          0    20017000    00000000     UNINITIALIZED

MODULE SUMMARY

       Module                       code    ro data   rw data
       ------                       ----    -------   -------
    .\
       startup_ccs.obj              14      1024      0      
       main.obj                     832     0         48     
       uart_if.obj                  636     0         4      
       pin_mux_config.obj           226     0         0      
    +--+----------------------------+-------+---------+---------+
       Total:                       1708    1024      52     
                                                             
    C:/ti/cc3200-sdk/driverlib/ccs/Release/driverlib.a
       prcm.obj                     800     168       0      
       pin.obj                      274     256       0      
       gpio.obj                     366     0         0      
       uart.obj                     284     0         0      
       interrupt.obj                230     24        0      
       systick.obj                  96      0         0      
       cpu.obj                      20      0         0      
       utils.obj                    6       0         0      
    +--+----------------------------+-------+---------+---------+
       Total:                       2076    448       0      
                                                             
    C:\ti\ccs1110\ccs\tools\compiler\ti-cgt-arm_20.2.5.LTS\lib\rtsv7M4_T_le_eabi.lib
       _printfi.c.obj               4835    0         0      
       memory.c.obj                 900     0         8      
       fd_add_t2.asm.obj            438     0         0      
       fd_div_t2.asm.obj            310     0         0      
       fd_cmp_t2.asm.obj            268     0         0      
       ctype.c.obj                  0       257       0      
       fd_mul_t2.asm.obj            252     0         0      
       s_scalbn.c.obj               208     0         0      
       memcpy_t2.asm.obj            156     0         0      
       ull_div_t2.asm.obj           150     0         0      
       vsnprintf.c.obj              136     0         0      
       memset_t2.asm.obj            122     0         0      
       copy_decompress_lzss.c.obj   104     0         0      
       s_frexp.c.obj                92      0         0      
       _ltoa.c.obj                  84      0         0      
       atoi.c.obj                   76      0         0      
       fd_toi_t2.asm.obj            72      0         0      
       autoinit.c.obj               68      0         0      
       i_tofd_t2.asm.obj            46      0         0      
       memmov.c.obj                 40      0         0      
       boot_cortex_m.c.obj          36      0         0      
       copy_zero_init.c.obj         28      0         0      
       memccpy.c.obj                28      0         0      
       ll_mul_t2.asm.obj            24      0         0      
       strchr.c.obj                 22      0         0      
       strlen.c.obj                 20      0         0      
       wcslen.c.obj                 18      0         0      
       copy_decompress_none.c.obj   14      0         0      
       errno.c.obj                  8       0         4      
       s_copysign.c.obj             12      0         0      
       _lock.c.obj                  2       0         8      
       exit.c.obj                   4       0         0      
       pre_init.c.obj               4       0         0      
       div0.asm.obj                 2       0         0      
    +--+----------------------------+-------+---------+---------+
       Total:                       8579    257       20     
                                                             
       Heap:                        0       0         2048   
       Stack:                       0       0         2048   
       Linker Generated:            0       77        0      
    +--+----------------------------+-------+---------+---------+
       Grand Total:                 12363   1806      4168   


LINKER GENERATED COPY TABLES

__TI_cinit_table @ 20007770 records: 2, size/record: 8, table size: 16
	.data: load addr=20007730, load size=00000029 bytes, run addr=20017800, run size=00000044 bytes, compression=lzss
	.bss: load addr=20007768, load size=00000008 bytes, run addr=20017844, run size=00000004 bytes, compression=zero_init


LINKER GENERATED HANDLER TABLE

__TI_handler_table @ 2000775c records: 3, size/record: 4, table size: 12
	index: 0, handler: __TI_decompress_lzss
	index: 1, handler: __TI_decompress_none
	index: 2, handler: __TI_zero_init


GLOBAL SYMBOLS: SORTED ALPHABETICALLY BY Name 

address   name                          
-------   ----                          
20007463  C$$EXIT                       
20007383  CPUcpsie                      
200051d1  ClearTerm                     
200051db  Error                         
20006fbd  GPIODirModeSet                
20007397  GPIOIntClear                  
200072ad  GPIOIntEnable                 
200071e5  GPIOIntRegister               
200071a1  GPIOIntStatus                 
20006935  GPIOIntTypeSet                
20005213  GetCmd                        
20005191  InitTerm                      
20006531  IntEnable                     
2000743d  IntMasterEnable               
200071c5  IntRegister                   
200073ad  IntVTableBaseSet              
200051af  Message                       
200059f9  PRCMCC3200MCUInit             
20007341  PRCMHIBRegRead                
20007357  PRCMHIBRegWrite               
200070e1  PRCMPeripheralClkDisable      
20006f81  PRCMPeripheralClkEnable       
2000670d  PRCMPeripheralClockGet        
20006c4d  PRCMPeripheralReset           
200070b5  PRCMSysResetCauseGet          
200067a1  PinConfigSet                  
20006ec1  PinModeSet                    
200062c9  PinMuxConfig                  
20006ff3  PinTypeGPIO                   
200072c7  PinTypeUART                   
20005351  Report                        
20007417  ResetISR                      
200073e9  SysTickEnable                 
200073f9  SysTickIntEnable              
20007221  SysTickIntRegister            
200072e1  SysTickPeriodSet              
20007425  SysTickValueGet               
200052b9  TrimSpace                     
2000723d  UARTCharGetNonBlocking        
20007203  UARTCharPut                   
200072f9  UARTCharsAvail                
20006a31  UARTConfigSetExpClk           
20007025  UARTDisable                   
20007159  UARTEnable                    
20007459  UtilsDelay                    
20030000  __STACK_END                   
00000800  __STACK_SIZE                  
00000800  __SYSMEM_SIZE                 
20007770  __TI_CINIT_Base               
20007780  __TI_CINIT_Limit              
2000775c  __TI_Handler_Table_Base       
20007768  __TI_Handler_Table_Limit      
20006e7d  __TI_auto_init_nobinit_nopinit
20006b87  __TI_decompress_lzss          
20007409  __TI_decompress_none          
20006cfb  __TI_ltoa                     
ffffffff  __TI_pprof_out_hndl           
20004401  __TI_printfi                  
ffffffff  __TI_prof_data_size           
ffffffff  __TI_prof_data_start          
20007730  __TI_static_base__            
20007259  __TI_zero_init_nomemset       
20006829  __aeabi_cdcmpeq               
20006829  __aeabi_cdcmple               
200068af  __aeabi_cdrcmple              
20006e35  __aeabi_d2iz                  
2000584b  __aeabi_dadd                  
20005cad  __aeabi_ddiv                  
20006005  __aeabi_dmul                  
20005841  __aeabi_dsub                  
20007449  __aeabi_errno_addr            
20007085  __aeabi_i2d                   
200059f7  __aeabi_idiv0                 
200059f7  __aeabi_ldiv0                 
20007329  __aeabi_lmul                  
200069b7  __aeabi_memclr                
200069b7  __aeabi_memclr4               
200069b7  __aeabi_memclr8               
200065d9  __aeabi_memcpy                
200065d9  __aeabi_memcpy4               
200065d9  __aeabi_memcpy8               
200069b9  __aeabi_memset                
200069b9  __aeabi_memset4               
200069b9  __aeabi_memset8               
20006675  __aeabi_uldivmod              
ffffffff  __binit__                     
ffffffff  __c_args__                    
UNDEFED   __mpu_init                    
2002f800  __stack                       
20017000  __start___llvm_prf_cnts       
20017000  __stop___llvm_prf_cnts        
2000717d  _c_int00_noargs               
20007468  _ctypes_                      
20017828  _lock                         
20004e4f  _nop                          
20017000  _sys_memory                   
UNDEFED   _system_post_cinit            
2000745f  _system_pre_init              
2001782c  _unlock                       
20007463  abort                         
20005f05  aligned_alloc                 
20006da1  atoi                          
ffffffff  binit                         
20007431  copysign                      
20007431  copysignl                     
20017840  errno                         
20006101  free                          
20006bf1  frexp                         
20006bf1  frexpl                        
20004000  g_pfnVectors                  
2001783c  ir_code                       
200063ad  ldexp                         
200063ad  ldexpl                        
20004fdf  main                          
20007451  malloc                        
20005f05  memalign                      
20007291  memccpy                       
200065d9  memcpy                        
20007131  memmove                       
200069bf  memset                        
20017804  pending_ir_code               
200061e5  realloc                       
200063ad  scalbn                        
200063ad  scalbnl                       
2000736d  strchr                        
200073c1  strlen                        
20017800  systick_wrapped               
20006f01  vsnprintf                     
200073d5  wcslen                        


GLOBAL SYMBOLS: SORTED BY Symbol Address 

address   name                          
-------   ----                          
00000800  __STACK_SIZE                  
00000800  __SYSMEM_SIZE                 
20004000  g_pfnVectors                  
20004401  __TI_printfi                  
20004e4f  _nop                          
20004fdf  main                          
20005191  InitTerm                      
200051af  Message                       
200051d1  ClearTerm                     
200051db  Error                         
20005213  GetCmd                        
200052b9  TrimSpace                     
20005351  Report                        
20005841  __aeabi_dsub                  
2000584b  __aeabi_dadd                  
200059f7  __aeabi_idiv0                 
200059f7  __aeabi_ldiv0                 
200059f9  PRCMCC3200MCUInit             
20005cad  __aeabi_ddiv                  
20005f05  aligned_alloc                 
20005f05  memalign                      
20006005  __aeabi_dmul                  
20006101  free                          
200061e5  realloc                       
200062c9  PinMuxConfig                  
200063ad  ldexp                         
200063ad  ldexpl                        
200063ad  scalbn                        
200063ad  scalbnl                       
20006531  IntEnable                     
200065d9  __aeabi_memcpy                
200065d9  __aeabi_memcpy4               
200065d9  __aeabi_memcpy8               
200065d9  memcpy                        
20006675  __aeabi_uldivmod              
2000670d  PRCMPeripheralClockGet        
200067a1  PinConfigSet                  
20006829  __aeabi_cdcmpeq               
20006829  __aeabi_cdcmple               
200068af  __aeabi_cdrcmple              
20006935  GPIOIntTypeSet                
200069b7  __aeabi_memclr                
200069b7  __aeabi_memclr4               
200069b7  __aeabi_memclr8               
200069b9  __aeabi_memset                
200069b9  __aeabi_memset4               
200069b9  __aeabi_memset8               
200069bf  memset                        
20006a31  UARTConfigSetExpClk           
20006b87  __TI_decompress_lzss          
20006bf1  frexp                         
20006bf1  frexpl                        
20006c4d  PRCMPeripheralReset           
20006cfb  __TI_ltoa                     
20006da1  atoi                          
20006e35  __aeabi_d2iz                  
20006e7d  __TI_auto_init_nobinit_nopinit
20006ec1  PinModeSet                    
20006f01  vsnprintf                     
20006f81  PRCMPeripheralClkEnable       
20006fbd  GPIODirModeSet                
20006ff3  PinTypeGPIO                   
20007025  UARTDisable                   
20007085  __aeabi_i2d                   
200070b5  PRCMSysResetCauseGet          
200070e1  PRCMPeripheralClkDisable      
20007131  memmove                       
20007159  UARTEnable                    
2000717d  _c_int00_noargs               
200071a1  GPIOIntStatus                 
200071c5  IntRegister                   
200071e5  GPIOIntRegister               
20007203  UARTCharPut                   
20007221  SysTickIntRegister            
2000723d  UARTCharGetNonBlocking        
20007259  __TI_zero_init_nomemset       
20007291  memccpy                       
200072ad  GPIOIntEnable                 
200072c7  PinTypeUART                   
200072e1  SysTickPeriodSet              
200072f9  UARTCharsAvail                
20007329  __aeabi_lmul                  
20007341  PRCMHIBRegRead                
20007357  PRCMHIBRegWrite               
2000736d  strchr                        
20007383  CPUcpsie                      
20007397  GPIOIntClear                  
200073ad  IntVTableBaseSet              
200073c1  strlen                        
200073d5  wcslen                        
200073e9  SysTickEnable                 
200073f9  SysTickIntEnable              
20007409  __TI_decompress_none          
20007417  ResetISR                      
20007425  SysTickValueGet               
20007431  copysign                      
20007431  copysignl                     
2000743d  IntMasterEnable               
20007449  __aeabi_errno_addr            
20007451  malloc                        
20007459  UtilsDelay                    
2000745f  _system_pre_init              
20007463  C$$EXIT                       
20007463  abort                         
20007468  _ctypes_                      
20007730  __TI_static_base__            
2000775c  __TI_Handler_Table_Base       
20007768  __TI_Handler_Table_Limit      
20007770  __TI_CINIT_Base               
20007780  __TI_CINIT_Limit              
20017000  __start___llvm_prf_cnts       
20017000  __stop___llvm_prf_cnts        
20017000  _sys_memory                   
20017800  systick_wrapped               
20017804  pending_ir_code               
20017828  _lock                         
2001782c  _unlock                       
2001783c  ir_code                       
20017840  errno                         
2002f800  __stack                       
20030000  __STACK_END                   
ffffffff  __TI_pprof_out_hndl           
ffffffff  __TI_prof_data_size           
ffffffff  __TI_prof_data_start          
ffffffff  __binit__                     
ffffffff  __c_args__                    
ffffffff  binit                         
UNDEFED   __mpu_init                    
UNDEFED   _system_post_cinit            

[129 symbols]
