<?xml version="1.0" encoding="ISO-8859-1" ?>
<link_info>
   <banner>TI ARM Linker PC v20.2.0.LTS</banner>
   <copyright>Copyright (c) 1996-2018 Texas Instruments Incorporated</copyright>
   <link_time>0x642f3c8c</link_time>
   <link_errors>0x0</link_errors>
   <output_file>Lab1.out</output_file>
   <entry_point>
      <name>_c_int00_noargs</name>
      <address>0x2000759d</address>
   </entry_point>
   <input_file_list>
      <input_file id="fl-2">
         <path>.\</path>
         <kind>object</kind>
         <file>gpio_if.obj</file>
         <name>gpio_if.obj</name>
      </input_file>
      <input_file id="fl-3">
         <path>.\</path>
         <kind>object</kind>
         <file>main.obj</file>
         <name>main.obj</name>
      </input_file>
      <input_file id="fl-4">
         <path>.\</path>
         <kind>object</kind>
         <file>pin_mux_config.obj</file>
         <name>pin_mux_config.obj</name>
      </input_file>
      <input_file id="fl-5">
         <path>.\</path>
         <kind>object</kind>
         <file>startup_ccs.obj</file>
         <name>startup_ccs.obj</name>
      </input_file>
      <input_file id="fl-6">
         <path>.\</path>
         <kind>object</kind>
         <file>uart_if.obj</file>
         <name>uart_if.obj</name>
      </input_file>
      <input_file id="fl-b">
         <kind>object</kind>
         <file>&lt;internal&gt;</file>
         <name>&lt;internal&gt;</name>
      </input_file>
      <input_file id="fl-c">
         <path>C:\ti\CC3200SDK_1.5.0\cc3200-sdk\driverlib\ccs\Release\</path>
         <kind>archive</kind>
         <file>driverlib.a</file>
         <name>gpio.obj</name>
      </input_file>
      <input_file id="fl-d">
         <path>C:\ti\CC3200SDK_1.5.0\cc3200-sdk\driverlib\ccs\Release\</path>
         <kind>archive</kind>
         <file>driverlib.a</file>
         <name>interrupt.obj</name>
      </input_file>
      <input_file id="fl-e">
         <path>C:\ti\CC3200SDK_1.5.0\cc3200-sdk\driverlib\ccs\Release\</path>
         <kind>archive</kind>
         <file>driverlib.a</file>
         <name>pin.obj</name>
      </input_file>
      <input_file id="fl-f">
         <path>C:\ti\CC3200SDK_1.5.0\cc3200-sdk\driverlib\ccs\Release\</path>
         <kind>archive</kind>
         <file>driverlib.a</file>
         <name>prcm.obj</name>
      </input_file>
      <input_file id="fl-10">
         <path>C:\ti\CC3200SDK_1.5.0\cc3200-sdk\driverlib\ccs\Release\</path>
         <kind>archive</kind>
         <file>driverlib.a</file>
         <name>uart.obj</name>
      </input_file>
      <input_file id="fl-11">
         <path>C:\ti\CC3200SDK_1.5.0\cc3200-sdk\driverlib\ccs\Release\</path>
         <kind>archive</kind>
         <file>driverlib.a</file>
         <name>utils.obj</name>
      </input_file>
      <input_file id="fl-12">
         <path>C:\ti\CC3200SDK_1.5.0\cc3200-sdk\driverlib\ccs\Release\</path>
         <kind>archive</kind>
         <file>driverlib.a</file>
         <name>cpu.obj</name>
      </input_file>
      <input_file id="fl-13">
         <path>C:\ti\CC3200SDK_1.5.0\cc3200-sdk\driverlib\ccs\Release\</path>
         <kind>archive</kind>
         <file>driverlib.a</file>
         <name>flash.obj</name>
      </input_file>
      <input_file id="fl-c9">
         <path>C:\ti\ccs1000\ccs\tools\compiler\ti-cgt-arm_20.2.0.LTS\lib\</path>
         <kind>archive</kind>
         <file>rtsv7M4_T_le_eabi.lib</file>
         <name>vsnprintf.c.obj</name>
      </input_file>
      <input_file id="fl-ca">
         <path>C:\ti\ccs1000\ccs\tools\compiler\ti-cgt-arm_20.2.0.LTS\lib\</path>
         <kind>archive</kind>
         <file>rtsv7M4_T_le_eabi.lib</file>
         <name>memcpy_t2.asm.obj</name>
      </input_file>
      <input_file id="fl-cb">
         <path>C:\ti\ccs1000\ccs\tools\compiler\ti-cgt-arm_20.2.0.LTS\lib\</path>
         <kind>archive</kind>
         <file>rtsv7M4_T_le_eabi.lib</file>
         <name>ull_div_t2.asm.obj</name>
      </input_file>
      <input_file id="fl-cc">
         <path>C:\ti\ccs1000\ccs\tools\compiler\ti-cgt-arm_20.2.0.LTS\lib\</path>
         <kind>archive</kind>
         <file>rtsv7M4_T_le_eabi.lib</file>
         <name>copy_zero_init.c.obj</name>
      </input_file>
      <input_file id="fl-cd">
         <path>C:\ti\ccs1000\ccs\tools\compiler\ti-cgt-arm_20.2.0.LTS\lib\</path>
         <kind>archive</kind>
         <file>rtsv7M4_T_le_eabi.lib</file>
         <name>copy_decompress_none.c.obj</name>
      </input_file>
      <input_file id="fl-ce">
         <path>C:\ti\ccs1000\ccs\tools\compiler\ti-cgt-arm_20.2.0.LTS\lib\</path>
         <kind>archive</kind>
         <file>rtsv7M4_T_le_eabi.lib</file>
         <name>copy_decompress_lzss.c.obj</name>
      </input_file>
      <input_file id="fl-cf">
         <path>C:\ti\ccs1000\ccs\tools\compiler\ti-cgt-arm_20.2.0.LTS\lib\</path>
         <kind>archive</kind>
         <file>rtsv7M4_T_le_eabi.lib</file>
         <name>memmov.c.obj</name>
      </input_file>
      <input_file id="fl-d0">
         <path>C:\ti\ccs1000\ccs\tools\compiler\ti-cgt-arm_20.2.0.LTS\lib\</path>
         <kind>archive</kind>
         <file>rtsv7M4_T_le_eabi.lib</file>
         <name>memory.c.obj</name>
      </input_file>
      <input_file id="fl-d1">
         <path>C:\ti\ccs1000\ccs\tools\compiler\ti-cgt-arm_20.2.0.LTS\lib\</path>
         <kind>archive</kind>
         <file>rtsv7M4_T_le_eabi.lib</file>
         <name>strlen.c.obj</name>
      </input_file>
      <input_file id="fl-d2">
         <path>C:\ti\ccs1000\ccs\tools\compiler\ti-cgt-arm_20.2.0.LTS\lib\</path>
         <kind>archive</kind>
         <file>rtsv7M4_T_le_eabi.lib</file>
         <name>boot_cortex_m.c.obj</name>
      </input_file>
      <input_file id="fl-d3">
         <path>C:\ti\ccs1000\ccs\tools\compiler\ti-cgt-arm_20.2.0.LTS\lib\</path>
         <kind>archive</kind>
         <file>rtsv7M4_T_le_eabi.lib</file>
         <name>_printfi.c.obj</name>
      </input_file>
      <input_file id="fl-d4">
         <path>C:\ti\ccs1000\ccs\tools\compiler\ti-cgt-arm_20.2.0.LTS\lib\</path>
         <kind>archive</kind>
         <file>rtsv7M4_T_le_eabi.lib</file>
         <name>div0.asm.obj</name>
      </input_file>
      <input_file id="fl-d5">
         <path>C:\ti\ccs1000\ccs\tools\compiler\ti-cgt-arm_20.2.0.LTS\lib\</path>
         <kind>archive</kind>
         <file>rtsv7M4_T_le_eabi.lib</file>
         <name>fd_add_t2.asm.obj</name>
      </input_file>
      <input_file id="fl-d6">
         <path>C:\ti\ccs1000\ccs\tools\compiler\ti-cgt-arm_20.2.0.LTS\lib\</path>
         <kind>archive</kind>
         <file>rtsv7M4_T_le_eabi.lib</file>
         <name>fd_cmp_t2.asm.obj</name>
      </input_file>
      <input_file id="fl-d7">
         <path>C:\ti\ccs1000\ccs\tools\compiler\ti-cgt-arm_20.2.0.LTS\lib\</path>
         <kind>archive</kind>
         <file>rtsv7M4_T_le_eabi.lib</file>
         <name>fd_div_t2.asm.obj</name>
      </input_file>
      <input_file id="fl-d8">
         <path>C:\ti\ccs1000\ccs\tools\compiler\ti-cgt-arm_20.2.0.LTS\lib\</path>
         <kind>archive</kind>
         <file>rtsv7M4_T_le_eabi.lib</file>
         <name>fd_mul_t2.asm.obj</name>
      </input_file>
      <input_file id="fl-d9">
         <path>C:\ti\ccs1000\ccs\tools\compiler\ti-cgt-arm_20.2.0.LTS\lib\</path>
         <kind>archive</kind>
         <file>rtsv7M4_T_le_eabi.lib</file>
         <name>fd_toi_t2.asm.obj</name>
      </input_file>
      <input_file id="fl-da">
         <path>C:\ti\ccs1000\ccs\tools\compiler\ti-cgt-arm_20.2.0.LTS\lib\</path>
         <kind>archive</kind>
         <file>rtsv7M4_T_le_eabi.lib</file>
         <name>i_tofd_t2.asm.obj</name>
      </input_file>
      <input_file id="fl-db">
         <path>C:\ti\ccs1000\ccs\tools\compiler\ti-cgt-arm_20.2.0.LTS\lib\</path>
         <kind>archive</kind>
         <file>rtsv7M4_T_le_eabi.lib</file>
         <name>memset_t2.asm.obj</name>
      </input_file>
      <input_file id="fl-dc">
         <path>C:\ti\ccs1000\ccs\tools\compiler\ti-cgt-arm_20.2.0.LTS\lib\</path>
         <kind>archive</kind>
         <file>rtsv7M4_T_le_eabi.lib</file>
         <name>autoinit.c.obj</name>
      </input_file>
      <input_file id="fl-dd">
         <path>C:\ti\ccs1000\ccs\tools\compiler\ti-cgt-arm_20.2.0.LTS\lib\</path>
         <kind>archive</kind>
         <file>rtsv7M4_T_le_eabi.lib</file>
         <name>pre_init.c.obj</name>
      </input_file>
      <input_file id="fl-de">
         <path>C:\ti\ccs1000\ccs\tools\compiler\ti-cgt-arm_20.2.0.LTS\lib\</path>
         <kind>archive</kind>
         <file>rtsv7M4_T_le_eabi.lib</file>
         <name>cpy_tbl.c.obj</name>
      </input_file>
      <input_file id="fl-df">
         <path>C:\ti\ccs1000\ccs\tools\compiler\ti-cgt-arm_20.2.0.LTS\lib\</path>
         <kind>archive</kind>
         <file>rtsv7M4_T_le_eabi.lib</file>
         <name>exit.c.obj</name>
      </input_file>
      <input_file id="fl-e0">
         <path>C:\ti\ccs1000\ccs\tools\compiler\ti-cgt-arm_20.2.0.LTS\lib\</path>
         <kind>archive</kind>
         <file>rtsv7M4_T_le_eabi.lib</file>
         <name>_lock.c.obj</name>
      </input_file>
      <input_file id="fl-e1">
         <path>C:\ti\ccs1000\ccs\tools\compiler\ti-cgt-arm_20.2.0.LTS\lib\</path>
         <kind>archive</kind>
         <file>rtsv7M4_T_le_eabi.lib</file>
         <name>_ltoa.c.obj</name>
      </input_file>
      <input_file id="fl-e2">
         <path>C:\ti\ccs1000\ccs\tools\compiler\ti-cgt-arm_20.2.0.LTS\lib\</path>
         <kind>archive</kind>
         <file>rtsv7M4_T_le_eabi.lib</file>
         <name>args_main.c.obj</name>
      </input_file>
      <input_file id="fl-e3">
         <path>C:\ti\ccs1000\ccs\tools\compiler\ti-cgt-arm_20.2.0.LTS\lib\</path>
         <kind>archive</kind>
         <file>rtsv7M4_T_le_eabi.lib</file>
         <name>atoi.c.obj</name>
      </input_file>
      <input_file id="fl-e4">
         <path>C:\ti\ccs1000\ccs\tools\compiler\ti-cgt-arm_20.2.0.LTS\lib\</path>
         <kind>archive</kind>
         <file>rtsv7M4_T_le_eabi.lib</file>
         <name>ctype.c.obj</name>
      </input_file>
      <input_file id="fl-e5">
         <path>C:\ti\ccs1000\ccs\tools\compiler\ti-cgt-arm_20.2.0.LTS\lib\</path>
         <kind>archive</kind>
         <file>rtsv7M4_T_le_eabi.lib</file>
         <name>memccpy.c.obj</name>
      </input_file>
      <input_file id="fl-e6">
         <path>C:\ti\ccs1000\ccs\tools\compiler\ti-cgt-arm_20.2.0.LTS\lib\</path>
         <kind>archive</kind>
         <file>rtsv7M4_T_le_eabi.lib</file>
         <name>strchr.c.obj</name>
      </input_file>
      <input_file id="fl-e7">
         <path>C:\ti\ccs1000\ccs\tools\compiler\ti-cgt-arm_20.2.0.LTS\lib\</path>
         <kind>archive</kind>
         <file>rtsv7M4_T_le_eabi.lib</file>
         <name>errno.c.obj</name>
      </input_file>
      <input_file id="fl-e8">
         <path>C:\ti\ccs1000\ccs\tools\compiler\ti-cgt-arm_20.2.0.LTS\lib\</path>
         <kind>archive</kind>
         <file>rtsv7M4_T_le_eabi.lib</file>
         <name>s_frexp.c.obj</name>
      </input_file>
      <input_file id="fl-e9">
         <path>C:\ti\ccs1000\ccs\tools\compiler\ti-cgt-arm_20.2.0.LTS\lib\</path>
         <kind>archive</kind>
         <file>rtsv7M4_T_le_eabi.lib</file>
         <name>s_scalbn.c.obj</name>
      </input_file>
      <input_file id="fl-ea">
         <path>C:\ti\ccs1000\ccs\tools\compiler\ti-cgt-arm_20.2.0.LTS\lib\</path>
         <kind>archive</kind>
         <file>rtsv7M4_T_le_eabi.lib</file>
         <name>s_copysign.c.obj</name>
      </input_file>
      <input_file id="fl-eb">
         <path>C:\ti\ccs1000\ccs\tools\compiler\ti-cgt-arm_20.2.0.LTS\lib\</path>
         <kind>archive</kind>
         <file>rtsv7M4_T_le_eabi.lib</file>
         <name>wcslen.c.obj</name>
      </input_file>
   </input_file_list>
   <object_component_list>
      <object_component id="oc-12">
         <name>.intvecs</name>
         <load_address>0x20004000</load_address>
         <run_address>0x20004000</run_address>
         <size>0x400</size>
         <input_file_ref idref="fl-5"/>
      </object_component>
      <object_component id="oc-251">
         <name>.text:__TI_printfi</name>
         <load_address>0x20004400</load_address>
         <run_address>0x20004400</run_address>
         <size>0xa4e</size>
         <input_file_ref idref="fl-d3"/>
      </object_component>
      <object_component id="oc-2bb">
         <name>.text:_nop</name>
         <load_address>0x20004e4e</load_address>
         <run_address>0x20004e4e</run_address>
         <size>0x2</size>
         <input_file_ref idref="fl-e0"/>
      </object_component>
      <object_component id="oc-e9">
         <name>.text</name>
         <load_address>0x20004e50</load_address>
         <run_address>0x20004e50</run_address>
         <size>0x398</size>
         <input_file_ref idref="fl-2"/>
      </object_component>
      <object_component id="oc-97">
         <name>.text</name>
         <load_address>0x200051e8</load_address>
         <run_address>0x200051e8</run_address>
         <size>0x314</size>
         <input_file_ref idref="fl-3"/>
      </object_component>
      <object_component id="oc-e3">
         <name>.text</name>
         <load_address>0x200054fc</load_address>
         <run_address>0x200054fc</run_address>
         <size>0x27c</size>
         <input_file_ref idref="fl-6"/>
      </object_component>
      <object_component id="oc-30e">
         <name>.text:_pconv_a</name>
         <load_address>0x20005778</load_address>
         <run_address>0x20005778</run_address>
         <size>0x268</size>
         <input_file_ref idref="fl-d3"/>
      </object_component>
      <object_component id="oc-2fc">
         <name>.text:_pconv_g</name>
         <load_address>0x200059e0</load_address>
         <run_address>0x200059e0</run_address>
         <size>0x1cc</size>
         <input_file_ref idref="fl-d3"/>
      </object_component>
      <object_component id="oc-383">
         <name>.text</name>
         <load_address>0x20005bac</load_address>
         <run_address>0x20005bac</run_address>
         <size>0x1b6</size>
         <input_file_ref idref="fl-d5"/>
      </object_component>
      <object_component id="oc-3d7">
         <name>.text</name>
         <load_address>0x20005d62</load_address>
         <run_address>0x20005d62</run_address>
         <size>0x2</size>
         <input_file_ref idref="fl-d4"/>
      </object_component>
      <object_component id="oc-d7">
         <name>.text:PRCMCC3200MCUInit</name>
         <load_address>0x20005d64</load_address>
         <run_address>0x20005d64</run_address>
         <size>0x178</size>
         <input_file_ref idref="fl-f"/>
      </object_component>
      <object_component id="oc-308">
         <name>.text:_pconv_e</name>
         <load_address>0x20005edc</load_address>
         <run_address>0x20005edc</run_address>
         <size>0x13c</size>
         <input_file_ref idref="fl-d3"/>
      </object_component>
      <object_component id="oc-dd">
         <name>.text</name>
         <load_address>0x20006018</load_address>
         <run_address>0x20006018</run_address>
         <size>0x138</size>
         <input_file_ref idref="fl-4"/>
      </object_component>
      <object_component id="oc-369">
         <name>.text</name>
         <load_address>0x20006150</load_address>
         <run_address>0x20006150</run_address>
         <size>0x136</size>
         <input_file_ref idref="fl-d7"/>
      </object_component>
      <object_component id="oc-395">
         <name>.text:fcvt</name>
         <load_address>0x20006288</load_address>
         <run_address>0x20006288</run_address>
         <size>0x120</size>
         <input_file_ref idref="fl-d3"/>
      </object_component>
      <object_component id="oc-275">
         <name>.text:aligned_alloc</name>
         <load_address>0x200063a8</load_address>
         <run_address>0x200063a8</run_address>
         <size>0x108</size>
         <input_file_ref idref="fl-d0"/>
      </object_component>
      <object_component id="oc-364">
         <name>.text</name>
         <load_address>0x200064b0</load_address>
         <run_address>0x200064b0</run_address>
         <size>0xfc</size>
         <input_file_ref idref="fl-d8"/>
      </object_component>
      <object_component id="oc-1c6">
         <name>.text:free</name>
         <load_address>0x200065ac</load_address>
         <run_address>0x200065ac</run_address>
         <size>0xe4</size>
         <input_file_ref idref="fl-d0"/>
      </object_component>
      <object_component id="oc-1c0">
         <name>.text:realloc</name>
         <load_address>0x20006690</load_address>
         <run_address>0x20006690</run_address>
         <size>0xe4</size>
         <input_file_ref idref="fl-d0"/>
      </object_component>
      <object_component id="oc-3a9">
         <name>.text:scalbn</name>
         <load_address>0x20006774</load_address>
         <run_address>0x20006774</run_address>
         <size>0xd0</size>
         <input_file_ref idref="fl-e9"/>
      </object_component>
      <object_component id="oc-2f1">
         <name>.text:_ltostr</name>
         <load_address>0x20006844</load_address>
         <run_address>0x20006844</run_address>
         <size>0xb1</size>
         <input_file_ref idref="fl-d3"/>
      </object_component>
      <object_component id="oc-d1">
         <name>.text:IntEnable</name>
         <load_address>0x200068f8</load_address>
         <run_address>0x200068f8</run_address>
         <size>0xa8</size>
         <input_file_ref idref="fl-d"/>
      </object_component>
      <object_component id="oc-3d">
         <name>.text</name>
         <load_address>0x200069a0</load_address>
         <run_address>0x200069a0</run_address>
         <size>0x9c</size>
         <input_file_ref idref="fl-ca"/>
      </object_component>
      <object_component id="oc-35d">
         <name>.text</name>
         <load_address>0x20006a3c</load_address>
         <run_address>0x20006a3c</run_address>
         <size>0x96</size>
         <input_file_ref idref="fl-cb"/>
      </object_component>
      <object_component id="oc-18a">
         <name>.text:PRCMPeripheralClockGet</name>
         <load_address>0x20006ad4</load_address>
         <run_address>0x20006ad4</run_address>
         <size>0x94</size>
         <input_file_ref idref="fl-f"/>
      </object_component>
      <object_component id="oc-239">
         <name>.text:PinConfigSet</name>
         <load_address>0x20006b68</load_address>
         <run_address>0x20006b68</run_address>
         <size>0x88</size>
         <input_file_ref idref="fl-e"/>
      </object_component>
      <object_component id="oc-2f7">
         <name>.text:__aeabi_cdcmple</name>
         <load_address>0x20006bf0</load_address>
         <run_address>0x20006bf0</run_address>
         <size>0x86</size>
         <input_file_ref idref="fl-d6"/>
      </object_component>
      <object_component id="oc-36e">
         <name>.text:__aeabi_cdrcmple</name>
         <load_address>0x20006c76</load_address>
         <run_address>0x20006c76</run_address>
         <size>0x86</size>
         <input_file_ref idref="fl-d6"/>
      </object_component>
      <object_component id="oc-1db">
         <name>.text:GPIOIntTypeSet</name>
         <load_address>0x20006cfc</load_address>
         <run_address>0x20006cfc</run_address>
         <size>0x82</size>
         <input_file_ref idref="fl-c"/>
      </object_component>
      <object_component id="oc-8b">
         <name>.text</name>
         <load_address>0x20006d7e</load_address>
         <run_address>0x20006d7e</run_address>
         <size>0x7a</size>
         <input_file_ref idref="fl-db"/>
      </object_component>
      <object_component id="oc-190">
         <name>.text:UARTConfigSetExpClk</name>
         <load_address>0x20006df8</load_address>
         <run_address>0x20006df8</run_address>
         <size>0x76</size>
         <input_file_ref idref="fl-10"/>
      </object_component>
      <object_component id="oc-282">
         <name>.text:split</name>
         <load_address>0x20006e70</load_address>
         <run_address>0x20006e70</run_address>
         <size>0x70</size>
         <input_file_ref idref="fl-d0"/>
      </object_component>
      <object_component id="oc-38e">
         <name>.text:_mcpy</name>
         <load_address>0x20006ee0</load_address>
         <run_address>0x20006ee0</run_address>
         <size>0x6e</size>
         <input_file_ref idref="fl-d3"/>
      </object_component>
      <object_component id="oc-15">
         <name>.text:decompress:lzss:__TI_decompress_lzss</name>
         <load_address>0x20006f4e</load_address>
         <run_address>0x20006f4e</run_address>
         <size>0x68</size>
         <input_file_ref idref="fl-ce"/>
      </object_component>
      <object_component id="oc-3a3">
         <name>.text:frexp</name>
         <load_address>0x20006fb8</load_address>
         <run_address>0x20006fb8</run_address>
         <size>0x5c</size>
         <input_file_ref idref="fl-e8"/>
      </object_component>
      <object_component id="oc-164">
         <name>.text:PRCMPeripheralReset</name>
         <load_address>0x20007014</load_address>
         <run_address>0x20007014</run_address>
         <size>0x58</size>
         <input_file_ref idref="fl-f"/>
      </object_component>
      <object_component id="oc-302">
         <name>.text:_pconv_f</name>
         <load_address>0x2000706c</load_address>
         <run_address>0x2000706c</run_address>
         <size>0x56</size>
         <input_file_ref idref="fl-d3"/>
      </object_component>
      <object_component id="oc-1e1">
         <name>.text:IntPrioritySet</name>
         <load_address>0x200070c4</load_address>
         <run_address>0x200070c4</run_address>
         <size>0x54</size>
         <input_file_ref idref="fl-d"/>
      </object_component>
      <object_component id="oc-378">
         <name>.text:__TI_ltoa</name>
         <load_address>0x20007118</load_address>
         <run_address>0x20007118</run_address>
         <size>0x54</size>
         <input_file_ref idref="fl-e1"/>
      </object_component>
      <object_component id="oc-388">
         <name>.text:_ecpy</name>
         <load_address>0x2000716c</load_address>
         <run_address>0x2000716c</run_address>
         <size>0x52</size>
         <input_file_ref idref="fl-d3"/>
      </object_component>
      <object_component id="oc-2eb">
         <name>.text:atoi</name>
         <load_address>0x200071c0</load_address>
         <run_address>0x200071c0</run_address>
         <size>0x4c</size>
         <input_file_ref idref="fl-e3"/>
      </object_component>
      <object_component id="oc-2a3">
         <name>.text:GPIOGetIntNumber</name>
         <load_address>0x2000720c</load_address>
         <run_address>0x2000720c</run_address>
         <size>0x48</size>
         <input_file_ref idref="fl-c"/>
      </object_component>
      <object_component id="oc-373">
         <name>.text</name>
         <load_address>0x20007254</load_address>
         <run_address>0x20007254</run_address>
         <size>0x48</size>
         <input_file_ref idref="fl-d9"/>
      </object_component>
      <object_component id="oc-109">
         <name>.text:__TI_auto_init_nobinit_nopinit:__TI_auto_init_nobinit_nopinit</name>
         <load_address>0x2000729c</load_address>
         <run_address>0x2000729c</run_address>
         <size>0x44</size>
         <input_file_ref idref="fl-dc"/>
      </object_component>
      <object_component id="oc-171">
         <name>.text:PinModeSet</name>
         <load_address>0x200072e0</load_address>
         <run_address>0x200072e0</run_address>
         <size>0x40</size>
         <input_file_ref idref="fl-e"/>
      </object_component>
      <object_component id="oc-19c">
         <name>.text:vsnprintf</name>
         <load_address>0x20007320</load_address>
         <run_address>0x20007320</run_address>
         <size>0x40</size>
         <input_file_ref idref="fl-c9"/>
      </object_component>
      <object_component id="oc-39b">
         <name>.text:_fcpy</name>
         <load_address>0x20007360</load_address>
         <run_address>0x20007360</run_address>
         <size>0x3e</size>
         <input_file_ref idref="fl-d3"/>
      </object_component>
      <object_component id="oc-15e">
         <name>.text:PRCMPeripheralClkEnable</name>
         <load_address>0x200073a0</load_address>
         <run_address>0x200073a0</run_address>
         <size>0x3c</size>
         <input_file_ref idref="fl-f"/>
      </object_component>
      <object_component id="oc-17d">
         <name>.text:GPIODirModeSet</name>
         <load_address>0x200073dc</load_address>
         <run_address>0x200073dc</run_address>
         <size>0x36</size>
         <input_file_ref idref="fl-c"/>
      </object_component>
      <object_component id="oc-177">
         <name>.text:PinTypeGPIO</name>
         <load_address>0x20007412</load_address>
         <run_address>0x20007412</run_address>
         <size>0x30</size>
         <input_file_ref idref="fl-e"/>
      </object_component>
      <object_component id="oc-243">
         <name>.text:UARTDisable</name>
         <load_address>0x20007444</load_address>
         <run_address>0x20007444</run_address>
         <size>0x30</size>
         <input_file_ref idref="fl-10"/>
      </object_component>
      <object_component id="oc-257">
         <name>.text:_outs</name>
         <load_address>0x20007474</load_address>
         <run_address>0x20007474</run_address>
         <size>0x30</size>
         <input_file_ref idref="fl-c9"/>
      </object_component>
      <object_component id="oc-37e">
         <name>.text</name>
         <load_address>0x200074a4</load_address>
         <run_address>0x200074a4</run_address>
         <size>0x2e</size>
         <input_file_ref idref="fl-da"/>
      </object_component>
      <object_component id="oc-14c">
         <name>.text:PRCMSysResetCauseGet</name>
         <load_address>0x200074d4</load_address>
         <run_address>0x200074d4</run_address>
         <size>0x2c</size>
         <input_file_ref idref="fl-f"/>
      </object_component>
      <object_component id="oc-16a">
         <name>.text:PRCMPeripheralClkDisable</name>
         <load_address>0x20007500</load_address>
         <run_address>0x20007500</run_address>
         <size>0x28</size>
         <input_file_ref idref="fl-f"/>
      </object_component>
      <object_component id="oc-289">
         <name>.text:free_list_insert</name>
         <load_address>0x20007528</load_address>
         <run_address>0x20007528</run_address>
         <size>0x28</size>
         <input_file_ref idref="fl-d0"/>
      </object_component>
      <object_component id="oc-1b4">
         <name>.text:memmove</name>
         <load_address>0x20007550</load_address>
         <run_address>0x20007550</run_address>
         <size>0x28</size>
         <input_file_ref idref="fl-cf"/>
      </object_component>
      <object_component id="oc-249">
         <name>.text:UARTEnable</name>
         <load_address>0x20007578</load_address>
         <run_address>0x20007578</run_address>
         <size>0x24</size>
         <input_file_ref idref="fl-10"/>
      </object_component>
      <object_component id="oc-5b">
         <name>.text:_c_int00_noargs:_c_int00_noargs</name>
         <load_address>0x2000759c</load_address>
         <run_address>0x2000759c</run_address>
         <size>0x24</size>
         <input_file_ref idref="fl-d2"/>
      </object_component>
      <object_component id="oc-f5">
         <name>.text:GPIOPinWrite</name>
         <load_address>0x200075c0</load_address>
         <run_address>0x200075c0</run_address>
         <size>0x20</size>
         <input_file_ref idref="fl-c"/>
      </object_component>
      <object_component id="oc-2a9">
         <name>.text:IntRegister</name>
         <load_address>0x200075e0</load_address>
         <run_address>0x200075e0</run_address>
         <size>0x20</size>
         <input_file_ref idref="fl-d"/>
      </object_component>
      <object_component id="oc-1e7">
         <name>.text:GPIOIntRegister</name>
         <load_address>0x20007600</load_address>
         <run_address>0x20007600</run_address>
         <size>0x1e</size>
         <input_file_ref idref="fl-c"/>
      </object_component>
      <object_component id="oc-196">
         <name>.text:UARTCharPut</name>
         <load_address>0x2000761e</load_address>
         <run_address>0x2000761e</run_address>
         <size>0x1e</size>
         <input_file_ref idref="fl-10"/>
      </object_component>
      <object_component id="oc-1a8">
         <name>.text:UARTCharGetNonBlocking</name>
         <load_address>0x2000763c</load_address>
         <run_address>0x2000763c</run_address>
         <size>0x1c</size>
         <input_file_ref idref="fl-10"/>
      </object_component>
      <object_component id="oc-49">
         <name>.text:decompress:ZI:__TI_zero_init_nomemset:__TI_zero_init_nomemset</name>
         <load_address>0x20007658</load_address>
         <run_address>0x20007658</run_address>
         <size>0x1c</size>
         <input_file_ref idref="fl-cc"/>
      </object_component>
      <object_component id="oc-27c">
         <name>.text:free_list_remove</name>
         <load_address>0x20007674</load_address>
         <run_address>0x20007674</run_address>
         <size>0x1c</size>
         <input_file_ref idref="fl-d0"/>
      </object_component>
      <object_component id="oc-314">
         <name>.text:memccpy</name>
         <load_address>0x20007690</load_address>
         <run_address>0x20007690</run_address>
         <size>0x1c</size>
         <input_file_ref idref="fl-e5"/>
      </object_component>
      <object_component id="oc-1f3">
         <name>.text:GPIOIntEnable</name>
         <load_address>0x200076ac</load_address>
         <run_address>0x200076ac</run_address>
         <size>0x1a</size>
         <input_file_ref idref="fl-c"/>
      </object_component>
      <object_component id="oc-183">
         <name>.text:PinTypeUART</name>
         <load_address>0x200076c6</load_address>
         <run_address>0x200076c6</run_address>
         <size>0x1a</size>
         <input_file_ref idref="fl-e"/>
      </object_component>
      <object_component id="oc-ef">
         <name>.text:GPIOPinRead</name>
         <load_address>0x200076e0</load_address>
         <run_address>0x200076e0</run_address>
         <size>0x18</size>
         <input_file_ref idref="fl-c"/>
      </object_component>
      <object_component id="oc-1a2">
         <name>.text:UARTCharsAvail</name>
         <load_address>0x200076f8</load_address>
         <run_address>0x200076f8</run_address>
         <size>0x18</size>
         <input_file_ref idref="fl-10"/>
      </object_component>
      <object_component id="oc-25d">
         <name>.text:_outc</name>
         <load_address>0x20007710</load_address>
         <run_address>0x20007710</run_address>
         <size>0x18</size>
         <input_file_ref idref="fl-c9"/>
      </object_component>
      <object_component id="oc-152">
         <name>.text:PRCMHIBRegRead</name>
         <load_address>0x20007728</load_address>
         <run_address>0x20007728</run_address>
         <size>0x16</size>
         <input_file_ref idref="fl-f"/>
      </object_component>
      <object_component id="oc-158">
         <name>.text:PRCMHIBRegWrite</name>
         <load_address>0x2000773e</load_address>
         <run_address>0x2000773e</run_address>
         <size>0x16</size>
         <input_file_ref idref="fl-f"/>
      </object_component>
      <object_component id="oc-3af">
         <name>.text:strchr</name>
         <load_address>0x20007754</load_address>
         <run_address>0x20007754</run_address>
         <size>0x16</size>
         <input_file_ref idref="fl-e6"/>
      </object_component>
      <object_component id="oc-13c">
         <name>.text:CPUcpsie</name>
         <load_address>0x2000776a</load_address>
         <run_address>0x2000776a</run_address>
         <size>0x14</size>
         <input_file_ref idref="fl-12"/>
      </object_component>
      <object_component id="oc-1ed">
         <name>.text:GPIOIntClear</name>
         <load_address>0x2000777e</load_address>
         <run_address>0x2000777e</run_address>
         <size>0x14</size>
         <input_file_ref idref="fl-c"/>
      </object_component>
      <object_component id="oc-c5">
         <name>.text:IntVTableBaseSet</name>
         <load_address>0x20007794</load_address>
         <run_address>0x20007794</run_address>
         <size>0x14</size>
         <input_file_ref idref="fl-d"/>
      </object_component>
      <object_component id="oc-1ae">
         <name>.text:strlen</name>
         <load_address>0x200077a8</load_address>
         <run_address>0x200077a8</run_address>
         <size>0x14</size>
         <input_file_ref idref="fl-d1"/>
      </object_component>
      <object_component id="oc-31a">
         <name>.text:wcslen</name>
         <load_address>0x200077bc</load_address>
         <run_address>0x200077bc</run_address>
         <size>0x12</size>
         <input_file_ref idref="fl-eb"/>
      </object_component>
      <object_component id="oc-1b">
         <name>.text:decompress:none:__TI_decompress_none</name>
         <load_address>0x200077ce</load_address>
         <run_address>0x200077ce</run_address>
         <size>0xe</size>
         <input_file_ref idref="fl-cd"/>
      </object_component>
      <object_component id="oc-29">
         <name>.text</name>
         <load_address>0x200077dc</load_address>
         <run_address>0x200077dc</run_address>
         <size>0xe</size>
         <input_file_ref idref="fl-5"/>
      </object_component>
      <object_component id="oc-3f0">
         <name>.text:copysign</name>
         <load_address>0x200077ea</load_address>
         <run_address>0x200077ea</run_address>
         <size>0xc</size>
         <input_file_ref idref="fl-ea"/>
      </object_component>
      <object_component id="oc-cb">
         <name>.text:IntMasterEnable</name>
         <load_address>0x200077f6</load_address>
         <run_address>0x200077f6</run_address>
         <size>0xa</size>
         <input_file_ref idref="fl-d"/>
      </object_component>
      <object_component id="oc-320">
         <name>.text:__aeabi_errno_addr</name>
         <load_address>0x20007800</load_address>
         <run_address>0x20007800</run_address>
         <size>0x8</size>
         <input_file_ref idref="fl-e7"/>
      </object_component>
      <object_component id="oc-1ba">
         <name>.text:malloc</name>
         <load_address>0x20007808</load_address>
         <run_address>0x20007808</run_address>
         <size>0x8</size>
         <input_file_ref idref="fl-d0"/>
      </object_component>
      <object_component id="oc-fb">
         <name>.text:UtilsDelay</name>
         <load_address>0x20007810</load_address>
         <run_address>0x20007810</run_address>
         <size>0x6</size>
         <input_file_ref idref="fl-11"/>
      </object_component>
      <object_component id="oc-91">
         <name>.text:_system_pre_init</name>
         <load_address>0x20007816</load_address>
         <run_address>0x20007816</run_address>
         <size>0x4</size>
         <input_file_ref idref="fl-dd"/>
      </object_component>
      <object_component id="oc-fd">
         <name>.text:abort:abort</name>
         <load_address>0x2000781a</load_address>
         <run_address>0x2000781a</run_address>
         <size>0x4</size>
         <input_file_ref idref="fl-df"/>
      </object_component>
      <object_component id="oc-358">
         <name>.const:.string:_ctypes_</name>
         <load_address>0x20007820</load_address>
         <run_address>0x20007820</run_address>
         <size>0x101</size>
         <input_file_ref idref="fl-e4"/>
      </object_component>
      <object_component id="oc-235">
         <name>.const:g_ulPinToPadMap</name>
         <load_address>0x20007924</load_address>
         <run_address>0x20007924</run_address>
         <size>0x100</size>
         <input_file_ref idref="fl-e"/>
      </object_component>
      <object_component id="oc-29f">
         <name>.const:g_pulRegs</name>
         <load_address>0x20007a24</load_address>
         <run_address>0x20007a24</run_address>
         <size>0xd4</size>
         <input_file_ref idref="fl-d"/>
      </object_component>
      <object_component id="oc-22e">
         <name>.const:PRCM_PeriphRegsList</name>
         <load_address>0x20007af8</load_address>
         <run_address>0x20007af8</run_address>
         <size>0xa8</size>
         <input_file_ref idref="fl-f"/>
      </object_component>
      <object_component id="oc-148">
         <name>.const:g_pulEnRegs</name>
         <load_address>0x20007ba0</load_address>
         <run_address>0x20007ba0</run_address>
         <size>0x18</size>
         <input_file_ref idref="fl-d"/>
      </object_component>
      <object_component id="oc-448">
         <name>.cinit..data.load</name>
         <load_address>0x20007bb8</load_address>
         <run_address>0x20007bb8</run_address>
         <size>0x20</size>
      </object_component>
      <object_component id="oc-446">
         <name>__TI_handler_table</name>
         <load_address>0x20007bd8</load_address>
         <run_address>0x20007bd8</run_address>
         <size>0xc</size>
      </object_component>
      <object_component id="oc-449">
         <name>.cinit..bss.load</name>
         <load_address>0x20007be8</load_address>
         <run_address>0x20007be8</run_address>
         <size>0x8</size>
      </object_component>
      <object_component id="oc-447">
         <name>__TI_cinit_table</name>
         <load_address>0x20007bf0</load_address>
         <run_address>0x20007bf0</run_address>
         <size>0x10</size>
      </object_component>
      <object_component id="oc-201">
         <name>.data:ulReg</name>
         <load_address>0x2001d800</load_address>
         <run_address>0x2001d800</run_address>
         <size>0x14</size>
         <input_file_ref idref="fl-2"/>
      </object_component>
      <object_component id="oc-1f9">
         <name>.data</name>
         <load_address>0x2001d814</load_address>
         <run_address>0x2001d814</run_address>
         <size>0xc</size>
         <input_file_ref idref="fl-2"/>
      </object_component>
      <object_component id="oc-33a">
         <name>.data:$O1$$</name>
         <load_address>0x2001d828</load_address>
         <run_address>0x2001d828</run_address>
         <size>0x8</size>
         <input_file_ref idref="fl-d0"/>
      </object_component>
      <object_component id="oc-20b">
         <name>.data:$O1$$</name>
         <load_address>0x2001d820</load_address>
         <run_address>0x2001d820</run_address>
         <size>0x8</size>
         <input_file_ref idref="fl-e0"/>
      </object_component>
      <object_component id="oc-3bf">
         <name>.data</name>
         <load_address>0x2001d830</load_address>
         <run_address>0x2001d830</run_address>
         <size>0x4</size>
         <input_file_ref idref="fl-e7"/>
      </object_component>
      <object_component id="oc-1cc">
         <name>.bss</name>
         <uninitialized>true</uninitialized>
         <run_address>0x2001d834</run_address>
         <size>0x4</size>
         <input_file_ref idref="fl-6"/>
      </object_component>
      <object_component id="oc-1fc">
         <name>.common:g_ucLED1Pin</name>
         <uninitialized>true</uninitialized>
         <run_address>0x2001d838</run_address>
         <size>0x1</size>
      </object_component>
      <object_component id="oc-1ff">
         <name>.common:g_ucLED2Pin</name>
         <uninitialized>true</uninitialized>
         <run_address>0x2001d839</run_address>
         <size>0x1</size>
      </object_component>
      <object_component id="oc-200">
         <name>.common:g_ucLED3Pin</name>
         <uninitialized>true</uninitialized>
         <run_address>0x2001d83a</run_address>
         <size>0x1</size>
      </object_component>
      <object_component id="oc-23">
         <name>.sysmem</name>
         <uninitialized>true</uninitialized>
         <run_address>0x2001d000</run_address>
         <size>0x10</size>
         <input_file_ref idref="fl-d0"/>
      </object_component>
      <object_component id="oc-44c">
         <name>.sysmem</name>
         <uninitialized>true</uninitialized>
         <run_address>0x2001d000</run_address>
         <size>0x0</size>
      </object_component>
      <object_component id="oc-26">
         <name>.stack</name>
         <uninitialized>true</uninitialized>
         <run_address>0x2003f800</run_address>
         <size>0x4</size>
         <input_file_ref idref="fl-d2"/>
      </object_component>
      <object_component id="oc-44b">
         <name>.stack</name>
         <uninitialized>true</uninitialized>
         <run_address>0x2003f800</run_address>
         <size>0x0</size>
      </object_component>
      <object_component id="oc-1fd">
         <name>.debug_info</name>
         <load_address>0x0</load_address>
         <run_address>0x0</run_address>
         <size>0x376</size>
         <input_file_ref idref="fl-2"/>
      </object_component>
      <object_component id="oc-202">
         <name>.debug_info</name>
         <load_address>0x376</load_address>
         <run_address>0x376</run_address>
         <size>0x116</size>
         <input_file_ref idref="fl-2"/>
      </object_component>
      <object_component id="oc-1fa">
         <name>.debug_info</name>
         <load_address>0x48c</load_address>
         <run_address>0x48c</run_address>
         <size>0x177</size>
         <input_file_ref idref="fl-2"/>
      </object_component>
      <object_component id="oc-eb">
         <name>.debug_info</name>
         <load_address>0x603</load_address>
         <run_address>0x603</run_address>
         <size>0xf1b</size>
         <input_file_ref idref="fl-2"/>
      </object_component>
      <object_component id="oc-294">
         <name>.debug_info</name>
         <load_address>0x151e</load_address>
         <run_address>0x151e</run_address>
         <size>0x26b</size>
         <input_file_ref idref="fl-2"/>
      </object_component>
      <object_component id="oc-2e0">
         <name>.debug_info</name>
         <load_address>0x1789</load_address>
         <run_address>0x1789</run_address>
         <size>0x62</size>
         <input_file_ref idref="fl-2"/>
      </object_component>
      <object_component id="oc-38">
         <name>.debug_info</name>
         <load_address>0x17eb</load_address>
         <run_address>0x17eb</run_address>
         <size>0x84</size>
         <input_file_ref idref="fl-2"/>
      </object_component>
      <object_component id="oc-299">
         <name>.debug_info</name>
         <load_address>0x186f</load_address>
         <run_address>0x186f</run_address>
         <size>0x2a4</size>
         <input_file_ref idref="fl-2"/>
      </object_component>
      <object_component id="oc-143">
         <name>.debug_info</name>
         <load_address>0x1b13</load_address>
         <run_address>0x1b13</run_address>
         <size>0x2c</size>
         <input_file_ref idref="fl-2"/>
      </object_component>
      <object_component id="oc-1d1">
         <name>.debug_info</name>
         <load_address>0x1b3f</load_address>
         <run_address>0x1b3f</run_address>
         <size>0x2c</size>
         <input_file_ref idref="fl-2"/>
      </object_component>
      <object_component id="oc-98">
         <name>.debug_info</name>
         <load_address>0x1b6b</load_address>
         <run_address>0x1b6b</run_address>
         <size>0x51e</size>
         <input_file_ref idref="fl-3"/>
      </object_component>
      <object_component id="oc-e0">
         <name>.debug_info</name>
         <load_address>0x2089</load_address>
         <run_address>0x2089</run_address>
         <size>0x3d3</size>
         <input_file_ref idref="fl-4"/>
      </object_component>
      <object_component id="oc-31">
         <name>.debug_info</name>
         <load_address>0x245c</load_address>
         <run_address>0x245c</run_address>
         <size>0x1aa</size>
         <input_file_ref idref="fl-5"/>
      </object_component>
      <object_component id="oc-13">
         <name>.debug_info</name>
         <load_address>0x2606</load_address>
         <run_address>0x2606</run_address>
         <size>0x129</size>
         <input_file_ref idref="fl-5"/>
      </object_component>
      <object_component id="oc-2d">
         <name>.debug_info</name>
         <load_address>0x272f</load_address>
         <run_address>0x272f</run_address>
         <size>0x44a</size>
         <input_file_ref idref="fl-5"/>
      </object_component>
      <object_component id="oc-1d0">
         <name>.debug_info</name>
         <load_address>0x2b79</load_address>
         <run_address>0x2b79</run_address>
         <size>0x3c2</size>
         <input_file_ref idref="fl-6"/>
      </object_component>
      <object_component id="oc-1cd">
         <name>.debug_info</name>
         <load_address>0x2f3b</load_address>
         <run_address>0x2f3b</run_address>
         <size>0xf3</size>
         <input_file_ref idref="fl-6"/>
      </object_component>
      <object_component id="oc-e7">
         <name>.debug_info</name>
         <load_address>0x302e</load_address>
         <run_address>0x302e</run_address>
         <size>0x659</size>
         <input_file_ref idref="fl-6"/>
      </object_component>
      <object_component id="oc-1d6">
         <name>.debug_info</name>
         <load_address>0x3687</load_address>
         <run_address>0x3687</run_address>
         <size>0x110</size>
         <input_file_ref idref="fl-6"/>
      </object_component>
      <object_component id="oc-2b0">
         <name>.debug_info</name>
         <load_address>0x3797</load_address>
         <run_address>0x3797</run_address>
         <size>0x1e0</size>
         <input_file_ref idref="fl-c"/>
      </object_component>
      <object_component id="oc-2a7">
         <name>.debug_info</name>
         <load_address>0x3977</load_address>
         <run_address>0x3977</run_address>
         <size>0x19e</size>
         <input_file_ref idref="fl-c"/>
      </object_component>
      <object_component id="oc-181">
         <name>.debug_info</name>
         <load_address>0x3b15</load_address>
         <run_address>0x3b15</run_address>
         <size>0x1dd</size>
         <input_file_ref idref="fl-c"/>
      </object_component>
      <object_component id="oc-1df">
         <name>.debug_info</name>
         <load_address>0x3cf2</load_address>
         <run_address>0x3cf2</run_address>
         <size>0x1e8</size>
         <input_file_ref idref="fl-c"/>
      </object_component>
      <object_component id="oc-1f7">
         <name>.debug_info</name>
         <load_address>0x3eda</load_address>
         <run_address>0x3eda</run_address>
         <size>0x1bf</size>
         <input_file_ref idref="fl-c"/>
      </object_component>
      <object_component id="oc-1ee">
         <name>.debug_info</name>
         <load_address>0x4099</load_address>
         <run_address>0x4099</run_address>
         <size>0x1bd</size>
         <input_file_ref idref="fl-c"/>
      </object_component>
      <object_component id="oc-1e9">
         <name>.debug_info</name>
         <load_address>0x4256</load_address>
         <run_address>0x4256</run_address>
         <size>0x208</size>
         <input_file_ref idref="fl-c"/>
      </object_component>
      <object_component id="oc-f2">
         <name>.debug_info</name>
         <load_address>0x445e</load_address>
         <run_address>0x445e</run_address>
         <size>0x1af</size>
         <input_file_ref idref="fl-c"/>
      </object_component>
      <object_component id="oc-f6">
         <name>.debug_info</name>
         <load_address>0x460d</load_address>
         <run_address>0x460d</run_address>
         <size>0x1d4</size>
         <input_file_ref idref="fl-c"/>
      </object_component>
      <object_component id="oc-22a">
         <name>.debug_info</name>
         <load_address>0x47e1</load_address>
         <run_address>0x47e1</run_address>
         <size>0x201</size>
         <input_file_ref idref="fl-d"/>
      </object_component>
      <object_component id="oc-2a0">
         <name>.debug_info</name>
         <load_address>0x49e2</load_address>
         <run_address>0x49e2</run_address>
         <size>0xf0</size>
         <input_file_ref idref="fl-d"/>
      </object_component>
      <object_component id="oc-149">
         <name>.debug_info</name>
         <load_address>0x4ad2</load_address>
         <run_address>0x4ad2</run_address>
         <size>0xf4</size>
         <input_file_ref idref="fl-d"/>
      </object_component>
      <object_component id="oc-cd">
         <name>.debug_info</name>
         <load_address>0x4bc6</load_address>
         <run_address>0x4bc6</run_address>
         <size>0x17c</size>
         <input_file_ref idref="fl-d"/>
      </object_component>
      <object_component id="oc-c6">
         <name>.debug_info</name>
         <load_address>0x4d42</load_address>
         <run_address>0x4d42</run_address>
         <size>0x1ae</size>
         <input_file_ref idref="fl-d"/>
      </object_component>
      <object_component id="oc-2ab">
         <name>.debug_info</name>
         <load_address>0x4ef0</load_address>
         <run_address>0x4ef0</run_address>
         <size>0x1f8</size>
         <input_file_ref idref="fl-d"/>
      </object_component>
      <object_component id="oc-1e4">
         <name>.debug_info</name>
         <load_address>0x50e8</load_address>
         <run_address>0x50e8</run_address>
         <size>0x1fa</size>
         <input_file_ref idref="fl-d"/>
      </object_component>
      <object_component id="oc-d2">
         <name>.debug_info</name>
         <load_address>0x52e2</load_address>
         <run_address>0x52e2</run_address>
         <size>0x19f</size>
         <input_file_ref idref="fl-d"/>
      </object_component>
      <object_component id="oc-2e7">
         <name>.debug_info</name>
         <load_address>0x5481</load_address>
         <run_address>0x5481</run_address>
         <size>0x14e</size>
         <input_file_ref idref="fl-e"/>
      </object_component>
      <object_component id="oc-236">
         <name>.debug_info</name>
         <load_address>0x55cf</load_address>
         <run_address>0x55cf</run_address>
         <size>0xf6</size>
         <input_file_ref idref="fl-e"/>
      </object_component>
      <object_component id="oc-172">
         <name>.debug_info</name>
         <load_address>0x56c5</load_address>
         <run_address>0x56c5</run_address>
         <size>0x1bf</size>
         <input_file_ref idref="fl-e"/>
      </object_component>
      <object_component id="oc-23c">
         <name>.debug_info</name>
         <load_address>0x5884</load_address>
         <run_address>0x5884</run_address>
         <size>0x20d</size>
         <input_file_ref idref="fl-e"/>
      </object_component>
      <object_component id="oc-185">
         <name>.debug_info</name>
         <load_address>0x5a91</load_address>
         <run_address>0x5a91</run_address>
         <size>0x1d4</size>
         <input_file_ref idref="fl-e"/>
      </object_component>
      <object_component id="oc-17a">
         <name>.debug_info</name>
         <load_address>0x5c65</load_address>
         <run_address>0x5c65</run_address>
         <size>0x222</size>
         <input_file_ref idref="fl-e"/>
      </object_component>
      <object_component id="oc-233">
         <name>.debug_info</name>
         <load_address>0x5e87</load_address>
         <run_address>0x5e87</run_address>
         <size>0x25e</size>
         <input_file_ref idref="fl-f"/>
      </object_component>
      <object_component id="oc-22f">
         <name>.debug_info</name>
         <load_address>0x60e5</load_address>
         <run_address>0x60e5</run_address>
         <size>0xff</size>
         <input_file_ref idref="fl-f"/>
      </object_component>
      <object_component id="oc-14e">
         <name>.debug_info</name>
         <load_address>0x61e4</load_address>
         <run_address>0x61e4</run_address>
         <size>0x1a6</size>
         <input_file_ref idref="fl-f"/>
      </object_component>
      <object_component id="oc-160">
         <name>.debug_info</name>
         <load_address>0x638a</load_address>
         <run_address>0x638a</run_address>
         <size>0x1eb</size>
         <input_file_ref idref="fl-f"/>
      </object_component>
      <object_component id="oc-16b">
         <name>.debug_info</name>
         <load_address>0x6575</load_address>
         <run_address>0x6575</run_address>
         <size>0x1ed</size>
         <input_file_ref idref="fl-f"/>
      </object_component>
      <object_component id="oc-18b">
         <name>.debug_info</name>
         <load_address>0x6762</load_address>
         <run_address>0x6762</run_address>
         <size>0x216</size>
         <input_file_ref idref="fl-f"/>
      </object_component>
      <object_component id="oc-165">
         <name>.debug_info</name>
         <load_address>0x6978</load_address>
         <run_address>0x6978</run_address>
         <size>0x1c0</size>
         <input_file_ref idref="fl-f"/>
      </object_component>
      <object_component id="oc-d8">
         <name>.debug_info</name>
         <load_address>0x6b38</load_address>
         <run_address>0x6b38</run_address>
         <size>0x283</size>
         <input_file_ref idref="fl-f"/>
      </object_component>
      <object_component id="oc-153">
         <name>.debug_info</name>
         <load_address>0x6dbb</load_address>
         <run_address>0x6dbb</run_address>
         <size>0x1bf</size>
         <input_file_ref idref="fl-f"/>
      </object_component>
      <object_component id="oc-159">
         <name>.debug_info</name>
         <load_address>0x6f7a</load_address>
         <run_address>0x6f7a</run_address>
         <size>0x1d4</size>
         <input_file_ref idref="fl-f"/>
      </object_component>
      <object_component id="oc-191">
         <name>.debug_info</name>
         <load_address>0x714e</load_address>
         <run_address>0x714e</run_address>
         <size>0x25c</size>
         <input_file_ref idref="fl-10"/>
      </object_component>
      <object_component id="oc-24a">
         <name>.debug_info</name>
         <load_address>0x73aa</load_address>
         <run_address>0x73aa</run_address>
         <size>0x17e</size>
         <input_file_ref idref="fl-10"/>
      </object_component>
      <object_component id="oc-245">
         <name>.debug_info</name>
         <load_address>0x7528</load_address>
         <run_address>0x7528</run_address>
         <size>0x180</size>
         <input_file_ref idref="fl-10"/>
      </object_component>
      <object_component id="oc-1a4">
         <name>.debug_info</name>
         <load_address>0x76a8</load_address>
         <run_address>0x76a8</run_address>
         <size>0x18a</size>
         <input_file_ref idref="fl-10"/>
      </object_component>
      <object_component id="oc-1aa">
         <name>.debug_info</name>
         <load_address>0x7832</load_address>
         <run_address>0x7832</run_address>
         <size>0x19a</size>
         <input_file_ref idref="fl-10"/>
      </object_component>
      <object_component id="oc-198">
         <name>.debug_info</name>
         <load_address>0x79cc</load_address>
         <run_address>0x79cc</run_address>
         <size>0x1ab</size>
         <input_file_ref idref="fl-10"/>
      </object_component>
      <object_component id="oc-13d">
         <name>.debug_info</name>
         <load_address>0x7b77</load_address>
         <run_address>0x7b77</run_address>
         <size>0x14e</size>
         <input_file_ref idref="fl-12"/>
      </object_component>
      <object_component id="oc-264">
         <name>.debug_info</name>
         <load_address>0x7cc5</load_address>
         <run_address>0x7cc5</run_address>
         <size>0x212</size>
         <input_file_ref idref="fl-c9"/>
      </object_component>
      <object_component id="oc-19d">
         <name>.debug_info</name>
         <load_address>0x7ed7</load_address>
         <run_address>0x7ed7</run_address>
         <size>0x208</size>
         <input_file_ref idref="fl-c9"/>
      </object_component>
      <object_component id="oc-25a">
         <name>.debug_info</name>
         <load_address>0x80df</load_address>
         <run_address>0x80df</run_address>
         <size>0x1c6</size>
         <input_file_ref idref="fl-c9"/>
      </object_component>
      <object_component id="oc-25e">
         <name>.debug_info</name>
         <load_address>0x82a5</load_address>
         <run_address>0x82a5</run_address>
         <size>0x179</size>
         <input_file_ref idref="fl-c9"/>
      </object_component>
      <object_component id="oc-265">
         <name>.debug_info</name>
         <load_address>0x841e</load_address>
         <run_address>0x841e</run_address>
         <size>0x2c</size>
         <input_file_ref idref="fl-c9"/>
      </object_component>
      <object_component id="oc-26a">
         <name>.debug_info</name>
         <load_address>0x844a</load_address>
         <run_address>0x844a</run_address>
         <size>0x69</size>
         <input_file_ref idref="fl-c9"/>
      </object_component>
      <object_component id="oc-3e">
         <name>.debug_info</name>
         <load_address>0x84b3</load_address>
         <run_address>0x84b3</run_address>
         <size>0x119</size>
         <input_file_ref idref="fl-ca"/>
      </object_component>
      <object_component id="oc-35e">
         <name>.debug_info</name>
         <load_address>0x85cc</load_address>
         <run_address>0x85cc</run_address>
         <size>0x134</size>
         <input_file_ref idref="fl-cb"/>
      </object_component>
      <object_component id="oc-8a">
         <name>.debug_info</name>
         <load_address>0x8700</load_address>
         <run_address>0x8700</run_address>
         <size>0x1a6</size>
         <input_file_ref idref="fl-cc"/>
      </object_component>
      <object_component id="oc-4c">
         <name>.debug_info</name>
         <load_address>0x88a6</load_address>
         <run_address>0x88a6</run_address>
         <size>0x1d2</size>
         <input_file_ref idref="fl-cc"/>
      </object_component>
      <object_component id="oc-85">
         <name>.debug_info</name>
         <load_address>0x8a78</load_address>
         <run_address>0x8a78</run_address>
         <size>0x46</size>
         <input_file_ref idref="fl-cc"/>
      </object_component>
      <object_component id="oc-bc">
         <name>.debug_info</name>
         <load_address>0x8abe</load_address>
         <run_address>0x8abe</run_address>
         <size>0x2c</size>
         <input_file_ref idref="fl-cc"/>
      </object_component>
      <object_component id="oc-48">
         <name>.debug_info</name>
         <load_address>0x8aea</load_address>
         <run_address>0x8aea</run_address>
         <size>0x17a</size>
         <input_file_ref idref="fl-cd"/>
      </object_component>
      <object_component id="oc-1c">
         <name>.debug_info</name>
         <load_address>0x8c64</load_address>
         <run_address>0x8c64</run_address>
         <size>0x1ea</size>
         <input_file_ref idref="fl-cd"/>
      </object_component>
      <object_component id="oc-43">
         <name>.debug_info</name>
         <load_address>0x8e4e</load_address>
         <run_address>0x8e4e</run_address>
         <size>0x46</size>
         <input_file_ref idref="fl-cd"/>
      </object_component>
      <object_component id="oc-7d">
         <name>.debug_info</name>
         <load_address>0x8e94</load_address>
         <run_address>0x8e94</run_address>
         <size>0x2c</size>
         <input_file_ref idref="fl-cd"/>
      </object_component>
      <object_component id="oc-7b">
         <name>.debug_info</name>
         <load_address>0x8ec0</load_address>
         <run_address>0x8ec0</run_address>
         <size>0x170</size>
         <input_file_ref idref="fl-ce"/>
      </object_component>
      <object_component id="oc-17">
         <name>.debug_info</name>
         <load_address>0x9030</load_address>
         <run_address>0x9030</run_address>
         <size>0x250</size>
         <input_file_ref idref="fl-ce"/>
      </object_component>
      <object_component id="oc-33">
         <name>.debug_info</name>
         <load_address>0x9280</load_address>
         <run_address>0x9280</run_address>
         <size>0x60</size>
         <input_file_ref idref="fl-ce"/>
      </object_component>
      <object_component id="oc-b5">
         <name>.debug_info</name>
         <load_address>0x92e0</load_address>
         <run_address>0x92e0</run_address>
         <size>0x46</size>
         <input_file_ref idref="fl-ce"/>
      </object_component>
      <object_component id="oc-76">
         <name>.debug_info</name>
         <load_address>0x9326</load_address>
         <run_address>0x9326</run_address>
         <size>0x39</size>
         <input_file_ref idref="fl-ce"/>
      </object_component>
      <object_component id="oc-274">
         <name>.debug_info</name>
         <load_address>0x935f</load_address>
         <run_address>0x935f</run_address>
         <size>0x172</size>
         <input_file_ref idref="fl-cf"/>
      </object_component>
      <object_component id="oc-1b6">
         <name>.debug_info</name>
         <load_address>0x94d1</load_address>
         <run_address>0x94d1</run_address>
         <size>0x1a9</size>
         <input_file_ref idref="fl-cf"/>
      </object_component>
      <object_component id="oc-6f">
         <name>.debug_info</name>
         <load_address>0x967a</load_address>
         <run_address>0x967a</run_address>
         <size>0x284</size>
         <input_file_ref idref="fl-d0"/>
      </object_component>
      <object_component id="oc-24">
         <name>.debug_info</name>
         <load_address>0x98fe</load_address>
         <run_address>0x98fe</run_address>
         <size>0x10c</size>
         <input_file_ref idref="fl-d0"/>
      </object_component>
      <object_component id="oc-33b">
         <name>.debug_info</name>
         <load_address>0x9a0a</load_address>
         <run_address>0x9a0a</run_address>
         <size>0x13f</size>
         <input_file_ref idref="fl-d0"/>
      </object_component>
      <object_component id="oc-1bd">
         <name>.debug_info</name>
         <load_address>0x9b49</load_address>
         <run_address>0x9b49</run_address>
         <size>0x168</size>
         <input_file_ref idref="fl-d0"/>
      </object_component>
      <object_component id="oc-27e">
         <name>.debug_info</name>
         <load_address>0x9cb1</load_address>
         <run_address>0x9cb1</run_address>
         <size>0x18e</size>
         <input_file_ref idref="fl-d0"/>
      </object_component>
      <object_component id="oc-28b">
         <name>.debug_info</name>
         <load_address>0x9e3f</load_address>
         <run_address>0x9e3f</run_address>
         <size>0x19f</size>
         <input_file_ref idref="fl-d0"/>
      </object_component>
      <object_component id="oc-1c9">
         <name>.debug_info</name>
         <load_address>0x9fde</load_address>
         <run_address>0x9fde</run_address>
         <size>0x203</size>
         <input_file_ref idref="fl-d0"/>
      </object_component>
      <object_component id="oc-284">
         <name>.debug_info</name>
         <load_address>0xa1e1</load_address>
         <run_address>0xa1e1</run_address>
         <size>0x1db</size>
         <input_file_ref idref="fl-d0"/>
      </object_component>
      <object_component id="oc-1c3">
         <name>.debug_info</name>
         <load_address>0xa3bc</load_address>
         <run_address>0xa3bc</run_address>
         <size>0x26e</size>
         <input_file_ref idref="fl-d0"/>
      </object_component>
      <object_component id="oc-277">
         <name>.debug_info</name>
         <load_address>0xa62a</load_address>
         <run_address>0xa62a</run_address>
         <size>0x299</size>
         <input_file_ref idref="fl-d0"/>
      </object_component>
      <object_component id="oc-b0">
         <name>.debug_info</name>
         <load_address>0xa8c3</load_address>
         <run_address>0xa8c3</run_address>
         <size>0xb2</size>
         <input_file_ref idref="fl-d0"/>
      </object_component>
      <object_component id="oc-ab">
         <name>.debug_info</name>
         <load_address>0xa975</load_address>
         <run_address>0xa975</run_address>
         <size>0x2c</size>
         <input_file_ref idref="fl-d0"/>
      </object_component>
      <object_component id="oc-272">
         <name>.debug_info</name>
         <load_address>0xa9a1</load_address>
         <run_address>0xa9a1</run_address>
         <size>0x161</size>
         <input_file_ref idref="fl-d1"/>
      </object_component>
      <object_component id="oc-1b2">
         <name>.debug_info</name>
         <load_address>0xab02</load_address>
         <run_address>0xab02</run_address>
         <size>0x245</size>
         <input_file_ref idref="fl-d1"/>
      </object_component>
      <object_component id="oc-27">
         <name>.debug_info</name>
         <load_address>0xad47</load_address>
         <run_address>0xad47</run_address>
         <size>0x10b</size>
         <input_file_ref idref="fl-d2"/>
      </object_component>
      <object_component id="oc-5c">
         <name>.debug_info</name>
         <load_address>0xae52</load_address>
         <run_address>0xae52</run_address>
         <size>0x1a9</size>
         <input_file_ref idref="fl-d2"/>
      </object_component>
      <object_component id="oc-327">
         <name>.debug_info</name>
         <load_address>0xaffb</load_address>
         <run_address>0xaffb</run_address>
         <size>0x462</size>
         <input_file_ref idref="fl-d3"/>
      </object_component>
      <object_component id="oc-2f2">
         <name>.debug_info</name>
         <load_address>0xb45d</load_address>
         <run_address>0xb45d</run_address>
         <size>0x21e</size>
         <input_file_ref idref="fl-d3"/>
      </object_component>
      <object_component id="oc-389">
         <name>.debug_info</name>
         <load_address>0xb67b</load_address>
         <run_address>0xb67b</run_address>
         <size>0x1b3</size>
         <input_file_ref idref="fl-d3"/>
      </object_component>
      <object_component id="oc-38f">
         <name>.debug_info</name>
         <load_address>0xb82e</load_address>
         <run_address>0xb82e</run_address>
         <size>0x21b</size>
         <input_file_ref idref="fl-d3"/>
      </object_component>
      <object_component id="oc-2fd">
         <name>.debug_info</name>
         <load_address>0xba49</load_address>
         <run_address>0xba49</run_address>
         <size>0x3bf</size>
         <input_file_ref idref="fl-d3"/>
      </object_component>
      <object_component id="oc-396">
         <name>.debug_info</name>
         <load_address>0xbe08</load_address>
         <run_address>0xbe08</run_address>
         <size>0x30b</size>
         <input_file_ref idref="fl-d3"/>
      </object_component>
      <object_component id="oc-39c">
         <name>.debug_info</name>
         <load_address>0xc113</load_address>
         <run_address>0xc113</run_address>
         <size>0x215</size>
         <input_file_ref idref="fl-d3"/>
      </object_component>
      <object_component id="oc-303">
         <name>.debug_info</name>
         <load_address>0xc328</load_address>
         <run_address>0xc328</run_address>
         <size>0x228</size>
         <input_file_ref idref="fl-d3"/>
      </object_component>
      <object_component id="oc-309">
         <name>.debug_info</name>
         <load_address>0xc550</load_address>
         <run_address>0xc550</run_address>
         <size>0x303</size>
         <input_file_ref idref="fl-d3"/>
      </object_component>
      <object_component id="oc-30f">
         <name>.debug_info</name>
         <load_address>0xc853</load_address>
         <run_address>0xc853</run_address>
         <size>0x4b4</size>
         <input_file_ref idref="fl-d3"/>
      </object_component>
      <object_component id="oc-252">
         <name>.debug_info</name>
         <load_address>0xcd07</load_address>
         <run_address>0xcd07</run_address>
         <size>0x5f4</size>
         <input_file_ref idref="fl-d3"/>
      </object_component>
      <object_component id="oc-328">
         <name>.debug_info</name>
         <load_address>0xd2fb</load_address>
         <run_address>0xd2fb</run_address>
         <size>0x86</size>
         <input_file_ref idref="fl-d3"/>
      </object_component>
      <object_component id="oc-3c6">
         <name>.debug_info</name>
         <load_address>0xd381</load_address>
         <run_address>0xd381</run_address>
         <size>0x39</size>
         <input_file_ref idref="fl-d3"/>
      </object_component>
      <object_component id="oc-407">
         <name>.debug_info</name>
         <load_address>0xd3ba</load_address>
         <run_address>0xd3ba</run_address>
         <size>0xb6</size>
         <input_file_ref idref="fl-d3"/>
      </object_component>
      <object_component id="oc-3cb">
         <name>.debug_info</name>
         <load_address>0xd470</load_address>
         <run_address>0xd470</run_address>
         <size>0x46</size>
         <input_file_ref idref="fl-d3"/>
      </object_component>
      <object_component id="oc-32d">
         <name>.debug_info</name>
         <load_address>0xd4b6</load_address>
         <run_address>0xd4b6</run_address>
         <size>0x46</size>
         <input_file_ref idref="fl-d3"/>
      </object_component>
      <object_component id="oc-3d8">
         <name>.debug_info</name>
         <load_address>0xd4fc</load_address>
         <run_address>0xd4fc</run_address>
         <size>0x115</size>
         <input_file_ref idref="fl-d4"/>
      </object_component>
      <object_component id="oc-384">
         <name>.debug_info</name>
         <load_address>0xd611</load_address>
         <run_address>0xd611</run_address>
         <size>0x14c</size>
         <input_file_ref idref="fl-d5"/>
      </object_component>
      <object_component id="oc-2fa">
         <name>.debug_info</name>
         <load_address>0xd75d</load_address>
         <run_address>0xd75d</run_address>
         <size>0x128</size>
         <input_file_ref idref="fl-d6"/>
      </object_component>
      <object_component id="oc-36f">
         <name>.debug_info</name>
         <load_address>0xd885</load_address>
         <run_address>0xd885</run_address>
         <size>0x12a</size>
         <input_file_ref idref="fl-d6"/>
      </object_component>
      <object_component id="oc-36b">
         <name>.debug_info</name>
         <load_address>0xd9af</load_address>
         <run_address>0xd9af</run_address>
         <size>0x13a</size>
         <input_file_ref idref="fl-d7"/>
      </object_component>
      <object_component id="oc-367">
         <name>.debug_info</name>
         <load_address>0xdae9</load_address>
         <run_address>0xdae9</run_address>
         <size>0x13a</size>
         <input_file_ref idref="fl-d8"/>
      </object_component>
      <object_component id="oc-376">
         <name>.debug_info</name>
         <load_address>0xdc23</load_address>
         <run_address>0xdc23</run_address>
         <size>0x12e</size>
         <input_file_ref idref="fl-d9"/>
      </object_component>
      <object_component id="oc-37f">
         <name>.debug_info</name>
         <load_address>0xdd51</load_address>
         <run_address>0xdd51</run_address>
         <size>0x12c</size>
         <input_file_ref idref="fl-da"/>
      </object_component>
      <object_component id="oc-8e">
         <name>.debug_info</name>
         <load_address>0xde7d</load_address>
         <run_address>0xde7d</run_address>
         <size>0x147</size>
         <input_file_ref idref="fl-db"/>
      </object_component>
      <object_component id="oc-212">
         <name>.debug_info</name>
         <load_address>0xdfc4</load_address>
         <run_address>0xdfc4</run_address>
         <size>0x385</size>
         <input_file_ref idref="fl-dc"/>
      </object_component>
      <object_component id="oc-10a">
         <name>.debug_info</name>
         <load_address>0xe349</load_address>
         <run_address>0xe349</run_address>
         <size>0x1a6</size>
         <input_file_ref idref="fl-dc"/>
      </object_component>
      <object_component id="oc-2c9">
         <name>.debug_info</name>
         <load_address>0xe4ef</load_address>
         <run_address>0xe4ef</run_address>
         <size>0x39</size>
         <input_file_ref idref="fl-dc"/>
      </object_component>
      <object_component id="oc-34a">
         <name>.debug_info</name>
         <load_address>0xe528</load_address>
         <run_address>0xe528</run_address>
         <size>0x39</size>
         <input_file_ref idref="fl-dc"/>
      </object_component>
      <object_component id="oc-2ce">
         <name>.debug_info</name>
         <load_address>0xe561</load_address>
         <run_address>0xe561</run_address>
         <size>0x39</size>
         <input_file_ref idref="fl-dc"/>
      </object_component>
      <object_component id="oc-2d3">
         <name>.debug_info</name>
         <load_address>0xe59a</load_address>
         <run_address>0xe59a</run_address>
         <size>0xcd</size>
         <input_file_ref idref="fl-dc"/>
      </object_component>
      <object_component id="oc-92">
         <name>.debug_info</name>
         <load_address>0xe667</load_address>
         <run_address>0xe667</run_address>
         <size>0x153</size>
         <input_file_ref idref="fl-dd"/>
      </object_component>
      <object_component id="oc-ff">
         <name>.debug_info</name>
         <load_address>0xe7ba</load_address>
         <run_address>0xe7ba</run_address>
         <size>0x122</size>
         <input_file_ref idref="fl-df"/>
      </object_component>
      <object_component id="oc-2c3">
         <name>.debug_info</name>
         <load_address>0xe8dc</load_address>
         <run_address>0xe8dc</run_address>
         <size>0x19b</size>
         <input_file_ref idref="fl-e0"/>
      </object_component>
      <object_component id="oc-20c">
         <name>.debug_info</name>
         <load_address>0xea77</load_address>
         <run_address>0xea77</run_address>
         <size>0x11e</size>
         <input_file_ref idref="fl-e0"/>
      </object_component>
      <object_component id="oc-2bc">
         <name>.debug_info</name>
         <load_address>0xeb95</load_address>
         <run_address>0xeb95</run_address>
         <size>0x12e</size>
         <input_file_ref idref="fl-e0"/>
      </object_component>
      <object_component id="oc-3e2">
         <name>.debug_info</name>
         <load_address>0xecc3</load_address>
         <run_address>0xecc3</run_address>
         <size>0x16e</size>
         <input_file_ref idref="fl-e1"/>
      </object_component>
      <object_component id="oc-37b">
         <name>.debug_info</name>
         <load_address>0xee31</load_address>
         <run_address>0xee31</run_address>
         <size>0x1da</size>
         <input_file_ref idref="fl-e1"/>
      </object_component>
      <object_component id="oc-35c">
         <name>.debug_info</name>
         <load_address>0xf00b</load_address>
         <run_address>0xf00b</run_address>
         <size>0x18b</size>
         <input_file_ref idref="fl-e3"/>
      </object_component>
      <object_component id="oc-2ee">
         <name>.debug_info</name>
         <load_address>0xf196</load_address>
         <run_address>0xf196</run_address>
         <size>0x17c</size>
         <input_file_ref idref="fl-e3"/>
      </object_component>
      <object_component id="oc-3d4">
         <name>.debug_info</name>
         <load_address>0xf312</load_address>
         <run_address>0xf312</run_address>
         <size>0xf9</size>
         <input_file_ref idref="fl-e4"/>
      </object_component>
      <object_component id="oc-359">
         <name>.debug_info</name>
         <load_address>0xf40b</load_address>
         <run_address>0xf40b</run_address>
         <size>0x105</size>
         <input_file_ref idref="fl-e4"/>
      </object_component>
      <object_component id="oc-3b7">
         <name>.debug_info</name>
         <load_address>0xf510</load_address>
         <run_address>0xf510</run_address>
         <size>0x179</size>
         <input_file_ref idref="fl-e5"/>
      </object_component>
      <object_component id="oc-316">
         <name>.debug_info</name>
         <load_address>0xf689</load_address>
         <run_address>0xf689</run_address>
         <size>0x1b8</size>
         <input_file_ref idref="fl-e5"/>
      </object_component>
      <object_component id="oc-3f9">
         <name>.debug_info</name>
         <load_address>0xf841</load_address>
         <run_address>0xf841</run_address>
         <size>0x16c</size>
         <input_file_ref idref="fl-e6"/>
      </object_component>
      <object_component id="oc-3b2">
         <name>.debug_info</name>
         <load_address>0xf9ad</load_address>
         <run_address>0xf9ad</run_address>
         <size>0x262</size>
         <input_file_ref idref="fl-e6"/>
      </object_component>
      <object_component id="oc-3c3">
         <name>.debug_info</name>
         <load_address>0xfc0f</load_address>
         <run_address>0xfc0f</run_address>
         <size>0x15b</size>
         <input_file_ref idref="fl-e7"/>
      </object_component>
      <object_component id="oc-3c0">
         <name>.debug_info</name>
         <load_address>0xfd6a</load_address>
         <run_address>0xfd6a</run_address>
         <size>0x10e</size>
         <input_file_ref idref="fl-e7"/>
      </object_component>
      <object_component id="oc-323">
         <name>.debug_info</name>
         <load_address>0xfe78</load_address>
         <run_address>0xfe78</run_address>
         <size>0x14e</size>
         <input_file_ref idref="fl-e7"/>
      </object_component>
      <object_component id="oc-3ea">
         <name>.debug_info</name>
         <load_address>0xffc6</load_address>
         <run_address>0xffc6</run_address>
         <size>0x167</size>
         <input_file_ref idref="fl-e8"/>
      </object_component>
      <object_component id="oc-3a5">
         <name>.debug_info</name>
         <load_address>0x1012d</load_address>
         <run_address>0x1012d</run_address>
         <size>0x194</size>
         <input_file_ref idref="fl-e8"/>
      </object_component>
      <object_component id="oc-413">
         <name>.debug_info</name>
         <load_address>0x102c1</load_address>
         <run_address>0x102c1</run_address>
         <size>0x39</size>
         <input_file_ref idref="fl-e8"/>
      </object_component>
      <object_component id="oc-3eb">
         <name>.debug_info</name>
         <load_address>0x102fa</load_address>
         <run_address>0x102fa</run_address>
         <size>0x2c</size>
         <input_file_ref idref="fl-e8"/>
      </object_component>
      <object_component id="oc-3f7">
         <name>.debug_info</name>
         <load_address>0x10326</load_address>
         <run_address>0x10326</run_address>
         <size>0x1ca</size>
         <input_file_ref idref="fl-e9"/>
      </object_component>
      <object_component id="oc-3aa">
         <name>.debug_info</name>
         <load_address>0x104f0</load_address>
         <run_address>0x104f0</run_address>
         <size>0x1fb</size>
         <input_file_ref idref="fl-e9"/>
      </object_component>
      <object_component id="oc-3f1">
         <name>.debug_info</name>
         <load_address>0x106eb</load_address>
         <run_address>0x106eb</run_address>
         <size>0x15f</size>
         <input_file_ref idref="fl-ea"/>
      </object_component>
      <object_component id="oc-3be">
         <name>.debug_info</name>
[...]
         <value>0x20040000</value>
      </symbol>
      <symbol id="sm-b">
         <name>__SYSMEM_SIZE</name>
         <value>0x800</value>
      </symbol>
      <symbol id="sm-c">
         <name>__c_args__</name>
         <value>0xffffffff</value>
      </symbol>
      <symbol id="sm-d">
         <name>__TI_pprof_out_hndl</name>
         <value>0xffffffff</value>
      </symbol>
      <symbol id="sm-e">
         <name>__TI_prof_data_start</name>
         <value>0xffffffff</value>
      </symbol>
      <symbol id="sm-f">
         <name>__TI_prof_data_size</name>
         <value>0xffffffff</value>
      </symbol>
      <symbol id="sm-98">
         <name>g_ucLED1Pin</name>
         <value>0x2001d838</value>
      </symbol>
      <symbol id="sm-99">
         <name>g_ucLED2Pin</name>
         <value>0x2001d839</value>
      </symbol>
      <symbol id="sm-9a">
         <name>g_ucLED3Pin</name>
         <value>0x2001d83a</value>
      </symbol>
      <symbol id="sm-9b">
         <name>g_uiLED3Port</name>
         <value>0x2001d81c</value>
         <object_component_ref idref="oc-1f9"/>
      </symbol>
      <symbol id="sm-9c">
         <name>GPIO_IF_Set</name>
         <value>0x20005159</value>
         <object_component_ref idref="oc-e9"/>
      </symbol>
      <symbol id="sm-9d">
         <name>GPIO_IF_LedOn</name>
         <value>0x20004ecb</value>
         <object_component_ref idref="oc-e9"/>
      </symbol>
      <symbol id="sm-9e">
         <name>GPIO_IF_GetPortNPin</name>
         <value>0x200050cb</value>
         <object_component_ref idref="oc-e9"/>
      </symbol>
      <symbol id="sm-9f">
         <name>GPIO_IF_LedStatus</name>
         <value>0x20005033</value>
         <object_component_ref idref="oc-e9"/>
      </symbol>
      <symbol id="sm-a0">
         <name>g_uiLED1Port</name>
         <value>0x2001d814</value>
         <object_component_ref idref="oc-1f9"/>
      </symbol>
      <symbol id="sm-a1">
         <name>GPIO_IF_LedConfigure</name>
         <value>0x20004e8d</value>
         <object_component_ref idref="oc-e9"/>
      </symbol>
      <symbol id="sm-a2">
         <name>GPIO_IF_Get</name>
         <value>0x2000519d</value>
         <object_component_ref idref="oc-e9"/>
      </symbol>
      <symbol id="sm-a3">
         <name>GPIO_IF_LedToggle</name>
         <value>0x2000509d</value>
         <object_component_ref idref="oc-e9"/>
      </symbol>
      <symbol id="sm-a4">
         <name>GPIO_IF_ConfigureNIntEnable</name>
         <value>0x20005111</value>
         <object_component_ref idref="oc-e9"/>
      </symbol>
      <symbol id="sm-a5">
         <name>GPIO_IF_LedOff</name>
         <value>0x20004f7f</value>
         <object_component_ref idref="oc-e9"/>
      </symbol>
      <symbol id="sm-a6">
         <name>g_uiLED2Port</name>
         <value>0x2001d818</value>
         <object_component_ref idref="oc-1f9"/>
      </symbol>
      <symbol id="sm-ce">
         <name>main</name>
         <value>0x20005201</value>
         <object_component_ref idref="oc-97"/>
      </symbol>
      <symbol id="sm-dc">
         <name>PinMuxConfig</name>
         <value>0x20006019</value>
         <object_component_ref idref="oc-dd"/>
      </symbol>
      <symbol id="sm-fb">
         <name>ResetISR</name>
         <value>0x200077dd</value>
         <object_component_ref idref="oc-29"/>
      </symbol>
      <symbol id="sm-fc">
         <name>g_pfnVectors</name>
         <value>0x20004000</value>
         <object_component_ref idref="oc-12"/>
      </symbol>
      <symbol id="sm-13e">
         <name>GetCmd</name>
         <value>0x2000557f</value>
         <object_component_ref idref="oc-e3"/>
      </symbol>
      <symbol id="sm-13f">
         <name>Message</name>
         <value>0x2000551b</value>
         <object_component_ref idref="oc-e3"/>
      </symbol>
      <symbol id="sm-140">
         <name>Report</name>
         <value>0x200056bd</value>
         <object_component_ref idref="oc-e3"/>
      </symbol>
      <symbol id="sm-141">
         <name>Error</name>
         <value>0x20005547</value>
         <object_component_ref idref="oc-e3"/>
      </symbol>
      <symbol id="sm-142">
         <name>InitTerm</name>
         <value>0x200054fd</value>
         <object_component_ref idref="oc-e3"/>
      </symbol>
      <symbol id="sm-143">
         <name>ClearTerm</name>
         <value>0x2000553d</value>
         <object_component_ref idref="oc-e3"/>
      </symbol>
      <symbol id="sm-144">
         <name>TrimSpace</name>
         <value>0x20005625</value>
         <object_component_ref idref="oc-e3"/>
      </symbol>
      <symbol id="sm-19a">
         <name>GPIOIntRegister</name>
         <value>0x20007601</value>
         <object_component_ref idref="oc-1e7"/>
      </symbol>
      <symbol id="sm-19b">
         <name>GPIOIntEnable</name>
         <value>0x200076ad</value>
         <object_component_ref idref="oc-1f3"/>
      </symbol>
      <symbol id="sm-19c">
         <name>GPIOIntTypeSet</name>
         <value>0x20006cfd</value>
         <object_component_ref idref="oc-1db"/>
      </symbol>
      <symbol id="sm-19d">
         <name>GPIOIntClear</name>
         <value>0x2000777f</value>
         <object_component_ref idref="oc-1ed"/>
      </symbol>
      <symbol id="sm-19e">
         <name>GPIOPinRead</name>
         <value>0x200076e1</value>
         <object_component_ref idref="oc-ef"/>
      </symbol>
      <symbol id="sm-19f">
         <name>GPIODirModeSet</name>
         <value>0x200073dd</value>
         <object_component_ref idref="oc-17d"/>
      </symbol>
      <symbol id="sm-1a0">
         <name>GPIOPinWrite</name>
         <value>0x200075c1</value>
         <object_component_ref idref="oc-f5"/>
      </symbol>
      <symbol id="sm-1ea">
         <name>IntPrioritySet</name>
         <value>0x200070c5</value>
         <object_component_ref idref="oc-1e1"/>
      </symbol>
      <symbol id="sm-1eb">
         <name>IntVTableBaseSet</name>
         <value>0x20007795</value>
         <object_component_ref idref="oc-c5"/>
      </symbol>
      <symbol id="sm-1ec">
         <name>IntEnable</name>
         <value>0x200068f9</value>
         <object_component_ref idref="oc-d1"/>
      </symbol>
      <symbol id="sm-1ed">
         <name>IntRegister</name>
         <value>0x200075e1</value>
         <object_component_ref idref="oc-2a9"/>
      </symbol>
      <symbol id="sm-1ee">
         <name>IntMasterEnable</name>
         <value>0x200077f7</value>
         <object_component_ref idref="oc-cb"/>
      </symbol>
      <symbol id="sm-225">
         <name>PinTypeUART</name>
         <value>0x200076c7</value>
         <object_component_ref idref="oc-183"/>
      </symbol>
      <symbol id="sm-226">
         <name>PinTypeGPIO</name>
         <value>0x20007413</value>
         <object_component_ref idref="oc-177"/>
      </symbol>
      <symbol id="sm-227">
         <name>PinConfigSet</name>
         <value>0x20006b69</value>
         <object_component_ref idref="oc-239"/>
      </symbol>
      <symbol id="sm-228">
         <name>PinModeSet</name>
         <value>0x200072e1</value>
         <object_component_ref idref="oc-171"/>
      </symbol>
      <symbol id="sm-2ae">
         <name>PRCMPeripheralReset</name>
         <value>0x20007015</value>
         <object_component_ref idref="oc-164"/>
      </symbol>
      <symbol id="sm-2af">
         <name>PRCMPeripheralClkEnable</name>
         <value>0x200073a1</value>
         <object_component_ref idref="oc-15e"/>
      </symbol>
      <symbol id="sm-2b0">
         <name>PRCMPeripheralClockGet</name>
         <value>0x20006ad5</value>
         <object_component_ref idref="oc-18a"/>
      </symbol>
      <symbol id="sm-2b1">
         <name>PRCMCC3200MCUInit</name>
         <value>0x20005d65</value>
         <object_component_ref idref="oc-d7"/>
      </symbol>
      <symbol id="sm-2b2">
         <name>PRCMHIBRegWrite</name>
         <value>0x2000773f</value>
         <object_component_ref idref="oc-158"/>
      </symbol>
      <symbol id="sm-2b3">
         <name>PRCMSysResetCauseGet</name>
         <value>0x200074d5</value>
         <object_component_ref idref="oc-14c"/>
      </symbol>
      <symbol id="sm-2b4">
         <name>PRCMPeripheralClkDisable</name>
         <value>0x20007501</value>
         <object_component_ref idref="oc-16a"/>
      </symbol>
      <symbol id="sm-2b5">
         <name>PRCMHIBRegRead</name>
         <value>0x20007729</value>
         <object_component_ref idref="oc-152"/>
      </symbol>
      <symbol id="sm-2f1">
         <name>UARTConfigSetExpClk</name>
         <value>0x20006df9</value>
         <object_component_ref idref="oc-190"/>
      </symbol>
      <symbol id="sm-2f2">
         <name>UARTDisable</name>
         <value>0x20007445</value>
         <object_component_ref idref="oc-243"/>
      </symbol>
      <symbol id="sm-2f3">
         <name>UARTCharsAvail</name>
         <value>0x200076f9</value>
         <object_component_ref idref="oc-1a2"/>
      </symbol>
      <symbol id="sm-2f4">
         <name>UARTCharGetNonBlocking</name>
         <value>0x2000763d</value>
         <object_component_ref idref="oc-1a8"/>
      </symbol>
      <symbol id="sm-2f5">
         <name>UARTCharPut</name>
         <value>0x2000761f</value>
         <object_component_ref idref="oc-196"/>
      </symbol>
      <symbol id="sm-2f6">
         <name>UARTEnable</name>
         <value>0x20007579</value>
         <object_component_ref idref="oc-249"/>
      </symbol>
      <symbol id="sm-2fa">
         <name>UtilsDelay</name>
         <value>0x20007811</value>
         <object_component_ref idref="oc-fb"/>
      </symbol>
      <symbol id="sm-304">
         <name>CPUcpsie</name>
         <value>0x2000776b</value>
         <object_component_ref idref="oc-13c"/>
      </symbol>
      <symbol id="sm-334">
         <name>vsnprintf</name>
         <value>0x20007321</value>
         <object_component_ref idref="oc-19c"/>
      </symbol>
      <symbol id="sm-34f">
         <name>memcpy</name>
         <value>0x200069a1</value>
         <object_component_ref idref="oc-3d"/>
      </symbol>
      <symbol id="sm-350">
         <name>__aeabi_memcpy</name>
         <value>0x200069a1</value>
         <object_component_ref idref="oc-3d"/>
      </symbol>
      <symbol id="sm-351">
         <name>__aeabi_memcpy8</name>
         <value>0x200069a1</value>
         <object_component_ref idref="oc-3d"/>
      </symbol>
      <symbol id="sm-352">
         <name>__aeabi_memcpy4</name>
         <value>0x200069a1</value>
         <object_component_ref idref="oc-3d"/>
      </symbol>
      <symbol id="sm-35f">
         <name>__aeabi_uldivmod</name>
         <value>0x20006a3d</value>
         <object_component_ref idref="oc-35d"/>
      </symbol>
      <symbol id="sm-378">
         <name>__TI_zero_init_nomemset</name>
         <value>0x20007659</value>
         <object_component_ref idref="oc-49"/>
      </symbol>
      <symbol id="sm-38f">
         <name>__TI_decompress_none</name>
         <value>0x200077cf</value>
         <object_component_ref idref="oc-1b"/>
      </symbol>
      <symbol id="sm-3b2">
         <name>__TI_decompress_lzss</name>
         <value>0x20006f4f</value>
         <object_component_ref idref="oc-15"/>
      </symbol>
      <symbol id="sm-3c3">
         <name>memmove</name>
         <value>0x20007551</value>
         <object_component_ref idref="oc-1b4"/>
      </symbol>
      <symbol id="sm-461">
         <name>_sys_memory</name>
         <value>0x2001d000</value>
         <object_component_ref idref="oc-23"/>
      </symbol>
      <symbol id="sm-462">
         <name>free</name>
         <value>0x200065ad</value>
         <object_component_ref idref="oc-1c6"/>
      </symbol>
      <symbol id="sm-463">
         <name>realloc</name>
         <value>0x20006691</value>
         <object_component_ref idref="oc-1c0"/>
      </symbol>
      <symbol id="sm-464">
         <name>memalign</name>
         <value>0x200063a9</value>
         <object_component_ref idref="oc-275"/>
      </symbol>
      <symbol id="sm-465">
         <name>malloc</name>
         <value>0x20007809</value>
         <object_component_ref idref="oc-1ba"/>
      </symbol>
      <symbol id="sm-466">
         <name>aligned_alloc</name>
         <value>0x200063a9</value>
         <object_component_ref idref="oc-275"/>
      </symbol>
      <symbol id="sm-474">
         <name>strlen</name>
         <value>0x200077a9</value>
         <object_component_ref idref="oc-1ae"/>
      </symbol>
      <symbol id="sm-486">
         <name>__stack</name>
         <value>0x2003f800</value>
         <object_component_ref idref="oc-26"/>
      </symbol>
      <symbol id="sm-487">
         <name>_c_int00_noargs</name>
         <value>0x2000759d</value>
         <object_component_ref idref="oc-5b"/>
      </symbol>
      <symbol id="sm-5ec">
         <name>__TI_printfi</name>
         <value>0x20004401</value>
         <object_component_ref idref="oc-251"/>
      </symbol>
      <symbol id="sm-5f6">
         <name>__aeabi_idiv0</name>
         <value>0x20005d63</value>
         <object_component_ref idref="oc-3d7"/>
      </symbol>
      <symbol id="sm-5f7">
         <name>__aeabi_ldiv0</name>
         <value>0x20005d63</value>
         <object_component_ref idref="oc-3d7"/>
      </symbol>
      <symbol id="sm-60e">
         <name>__aeabi_dsub</name>
         <value>0x20005bad</value>
         <object_component_ref idref="oc-383"/>
      </symbol>
      <symbol id="sm-60f">
         <name>__aeabi_dadd</name>
         <value>0x20005bb7</value>
         <object_component_ref idref="oc-383"/>
      </symbol>
      <symbol id="sm-631">
         <name>__aeabi_cdcmpeq</name>
         <value>0x20006bf1</value>
         <object_component_ref idref="oc-2f7"/>
      </symbol>
      <symbol id="sm-632">
         <name>__aeabi_cdcmple</name>
         <value>0x20006bf1</value>
         <object_component_ref idref="oc-2f7"/>
      </symbol>
      <symbol id="sm-633">
         <name>__aeabi_cdrcmple</name>
         <value>0x20006c77</value>
         <object_component_ref idref="oc-36e"/>
      </symbol>
      <symbol id="sm-647">
         <name>__aeabi_ddiv</name>
         <value>0x20006151</value>
         <object_component_ref idref="oc-369"/>
      </symbol>
      <symbol id="sm-652">
         <name>__aeabi_dmul</name>
         <value>0x200064b1</value>
         <object_component_ref idref="oc-364"/>
      </symbol>
      <symbol id="sm-65c">
         <name>__aeabi_d2iz</name>
         <value>0x20007255</value>
         <object_component_ref idref="oc-373"/>
      </symbol>
      <symbol id="sm-666">
         <name>__aeabi_i2d</name>
         <value>0x200074a5</value>
         <object_component_ref idref="oc-37e"/>
      </symbol>
      <symbol id="sm-675">
         <name>__aeabi_memset</name>
         <value>0x20006d81</value>
         <object_component_ref idref="oc-8b"/>
      </symbol>
      <symbol id="sm-676">
         <name>memset</name>
         <value>0x20006d87</value>
         <object_component_ref idref="oc-8b"/>
      </symbol>
      <symbol id="sm-677">
         <name>__aeabi_memset8</name>
         <value>0x20006d81</value>
         <object_component_ref idref="oc-8b"/>
      </symbol>
      <symbol id="sm-678">
         <name>__aeabi_memset4</name>
         <value>0x20006d81</value>
         <object_component_ref idref="oc-8b"/>
      </symbol>
      <symbol id="sm-679">
         <name>__aeabi_memclr8</name>
         <value>0x20006d7f</value>
         <object_component_ref idref="oc-8b"/>
      </symbol>
      <symbol id="sm-67a">
         <name>__aeabi_memclr4</name>
         <value>0x20006d7f</value>
         <object_component_ref idref="oc-8b"/>
      </symbol>
      <symbol id="sm-67b">
         <name>__aeabi_memclr</name>
         <value>0x20006d7f</value>
         <object_component_ref idref="oc-8b"/>
      </symbol>
      <symbol id="sm-6a3">
         <name>__TI_auto_init_nobinit_nopinit</name>
         <value>0x2000729d</value>
         <object_component_ref idref="oc-109"/>
      </symbol>
      <symbol id="sm-6ad">
         <name>_system_pre_init</name>
         <value>0x20007817</value>
         <object_component_ref idref="oc-91"/>
      </symbol>
      <symbol id="sm-6b9">
         <name>C$$EXIT</name>
         <value>0x2000781b</value>
         <object_component_ref idref="oc-fd"/>
      </symbol>
      <symbol id="sm-6ba">
         <name>abort</name>
         <value>0x2000781b</value>
         <object_component_ref idref="oc-fd"/>
      </symbol>
      <symbol id="sm-6cf">
         <name>_nop</name>
         <value>0x20004e4f</value>
         <object_component_ref idref="oc-2bb"/>
      </symbol>
      <symbol id="sm-6d0">
         <name>_lock</name>
         <value>0x2001d820</value>
         <object_component_ref idref="oc-20b"/>
      </symbol>
      <symbol id="sm-6d1">
         <name>_unlock</name>
         <value>0x2001d824</value>
         <object_component_ref idref="oc-20b"/>
      </symbol>
      <symbol id="sm-6e0">
         <name>__TI_ltoa</name>
         <value>0x20007119</value>
         <object_component_ref idref="oc-378"/>
      </symbol>
      <symbol id="sm-6f7">
         <name>atoi</name>
         <value>0x200071c1</value>
         <object_component_ref idref="oc-2eb"/>
      </symbol>
      <symbol id="sm-702">
         <name>_ctypes_</name>
         <value>0x20007820</value>
         <object_component_ref idref="oc-358"/>
      </symbol>
      <symbol id="sm-712">
         <name>memccpy</name>
         <value>0x20007691</value>
         <object_component_ref idref="oc-314"/>
      </symbol>
      <symbol id="sm-722">
         <name>strchr</name>
         <value>0x20007755</value>
         <object_component_ref idref="oc-3af"/>
      </symbol>
      <symbol id="sm-738">
         <name>__aeabi_errno_addr</name>
         <value>0x20007801</value>
         <object_component_ref idref="oc-320"/>
      </symbol>
      <symbol id="sm-739">
         <name>errno</name>
         <value>0x2001d830</value>
         <object_component_ref idref="oc-3bf"/>
      </symbol>
      <symbol id="sm-759">
         <name>frexpl</name>
         <value>0x20006fb9</value>
         <object_component_ref idref="oc-3a3"/>
      </symbol>
      <symbol id="sm-75a">
         <name>frexp</name>
         <value>0x20006fb9</value>
         <object_component_ref idref="oc-3a3"/>
      </symbol>
      <symbol id="sm-778">
         <name>scalbn</name>
         <value>0x20006775</value>
         <object_component_ref idref="oc-3a9"/>
      </symbol>
      <symbol id="sm-779">
         <name>scalbnl</name>
         <value>0x20006775</value>
         <object_component_ref idref="oc-3a9"/>
      </symbol>
      <symbol id="sm-77a">
         <name>ldexpl</name>
         <value>0x20006775</value>
         <object_component_ref idref="oc-3a9"/>
      </symbol>
      <symbol id="sm-77b">
         <name>ldexp</name>
         <value>0x20006775</value>
         <object_component_ref idref="oc-3a9"/>
      </symbol>
      <symbol id="sm-785">
         <name>copysign</name>
         <value>0x200077eb</value>
         <object_component_ref idref="oc-3f0"/>
      </symbol>
      <symbol id="sm-786">
         <name>copysignl</name>
         <value>0x200077eb</value>
         <object_component_ref idref="oc-3f0"/>
      </symbol>
      <symbol id="sm-79f">
         <name>wcslen</name>
         <value>0x200077bd</value>
         <object_component_ref idref="oc-31a"/>
      </symbol>
      <symbol id="sm-7a0">
         <name>__TI_static_base__</name>
         <value>0x20007bb8</value>
      </symbol>
      <symbol id="sm-7a3">
         <name>__mpu_init</name>
         <value>0x0</value>
      </symbol>
      <symbol id="sm-7a4">
         <name>_system_post_cinit</name>
         <value>0x0</value>
      </symbol>
   </symbol_table>
   <title>Link successful</title>
</link_info>
