******************************************************************************
                  TI ARM Linker PC v20.2.0                     
******************************************************************************
>> Linked Thu Apr  6 14:41:32 2023

OUTPUT FILE NAME:   <Lab1.out>
ENTRY POINT SYMBOL: "_c_int00_noargs"  address: 2000759d


MEMORY CONFIGURATION

         name            origin    length      used     unused   attr    fill
----------------------  --------  ---------  --------  --------  ----  --------
  SRAM_CODE             20004000   00019000  00003bfe  00015402  RW X
  SRAM_DATA             2001d000   00023000  0000103b  00021fc5  RW X


SEGMENT ALLOCATION MAP

run origin  load origin   length   init length attrs members
----------  ----------- ---------- ----------- ----- -------
20004000    20004000    00003c00   00003c00    r-x
  20004000    20004000    00000400   00000400    r-- .intvecs
  20004400    20004400    0000341e   0000341e    r-x .text
  20007820    20007820    00000398   00000398    r-- .const
  20007bb8    20007bb8    00000048   00000048    r-- .cinit
2001d000    2001d000    0000083b   00000000    rw-
  2001d000    2001d000    00000800   00000000    rw- .sysmem
  2001d800    2001d800    00000034   00000000    rw- .data
  2001d834    2001d834    00000007   00000000    rw- .bss
2003f800    2003f800    00000800   00000000    rw-
  2003f800    2003f800    00000800   00000000    rw- .stack


SECTION ALLOCATION MAP

 output                                  attributes/
section   page    origin      length       input sections
--------  ----  ----------  ----------   ----------------
.intvecs   0    20004000    00000400     
                  20004000    00000400     startup_ccs.obj (.intvecs)

.init_array 
*          0    20004000    00000000     UNINITIALIZED

.text      0    20004400    0000341e     
                  20004400    00000a4e     rtsv7M4_T_le_eabi.lib : _printfi.c.obj (.text:__TI_printfi)
                  20004e4e    00000002                           : _lock.c.obj (.text:_nop)
                  20004e50    00000398     gpio_if.obj (.text)
                  200051e8    00000314     main.obj (.text)
                  200054fc    0000027c     uart_if.obj (.text)
                  20005778    00000268     rtsv7M4_T_le_eabi.lib : _printfi.c.obj (.text:_pconv_a)
                  200059e0    000001cc                           : _printfi.c.obj (.text:_pconv_g)
                  20005bac    000001b6                           : fd_add_t2.asm.obj (.text)
                  20005d62    00000002                           : div0.asm.obj (.text)
                  20005d64    00000178     driverlib.a : prcm.obj (.text:PRCMCC3200MCUInit)
                  20005edc    0000013c     rtsv7M4_T_le_eabi.lib : _printfi.c.obj (.text:_pconv_e)
                  20006018    00000138     pin_mux_config.obj (.text)
                  20006150    00000136     rtsv7M4_T_le_eabi.lib : fd_div_t2.asm.obj (.text)
                  20006286    00000002     --HOLE-- [fill = 0]
                  20006288    00000120                           : _printfi.c.obj (.text:fcvt)
                  200063a8    00000108                           : memory.c.obj (.text:aligned_alloc)
                  200064b0    000000fc                           : fd_mul_t2.asm.obj (.text)
                  200065ac    000000e4                           : memory.c.obj (.text:free)
                  20006690    000000e4                           : memory.c.obj (.text:realloc)
                  20006774    000000d0                           : s_scalbn.c.obj (.text:scalbn)
                  20006844    000000b1                           : _printfi.c.obj (.text:_ltostr)
                  200068f5    00000003     --HOLE-- [fill = 0]
                  200068f8    000000a8     driverlib.a : interrupt.obj (.text:IntEnable)
                  200069a0    0000009c     rtsv7M4_T_le_eabi.lib : memcpy_t2.asm.obj (.text)
                  20006a3c    00000096                           : ull_div_t2.asm.obj (.text)
                  20006ad2    00000002     --HOLE-- [fill = 0]
                  20006ad4    00000094     driverlib.a : prcm.obj (.text:PRCMPeripheralClockGet)
                  20006b68    00000088                 : pin.obj (.text:PinConfigSet)
                  20006bf0    00000086     rtsv7M4_T_le_eabi.lib : fd_cmp_t2.asm.obj (.text:__aeabi_cdcmple)
                  20006c76    00000086                           : fd_cmp_t2.asm.obj (.text:__aeabi_cdrcmple)
                  20006cfc    00000082     driverlib.a : gpio.obj (.text:GPIOIntTypeSet)
                  20006d7e    0000007a     rtsv7M4_T_le_eabi.lib : memset_t2.asm.obj (.text)
                  20006df8    00000076     driverlib.a : uart.obj (.text:UARTConfigSetExpClk)
                  20006e6e    00000002     --HOLE-- [fill = 0]
                  20006e70    00000070     rtsv7M4_T_le_eabi.lib : memory.c.obj (.text:split)
                  20006ee0    0000006e                           : _printfi.c.obj (.text:_mcpy)
                  20006f4e    00000068                           : copy_decompress_lzss.c.obj (.text:decompress:lzss:__TI_decompress_lzss)
                  20006fb6    00000002     --HOLE-- [fill = 0]
                  20006fb8    0000005c                           : s_frexp.c.obj (.text:frexp)
                  20007014    00000058     driverlib.a : prcm.obj (.text:PRCMPeripheralReset)
                  2000706c    00000056     rtsv7M4_T_le_eabi.lib : _printfi.c.obj (.text:_pconv_f)
                  200070c2    00000002     --HOLE-- [fill = 0]
                  200070c4    00000054     driverlib.a : interrupt.obj (.text:IntPrioritySet)
                  20007118    00000054     rtsv7M4_T_le_eabi.lib : _ltoa.c.obj (.text:__TI_ltoa)
                  2000716c    00000052                           : _printfi.c.obj (.text:_ecpy)
                  200071be    00000002     --HOLE-- [fill = 0]
                  200071c0    0000004c                           : atoi.c.obj (.text:atoi)
                  2000720c    00000048     driverlib.a : gpio.obj (.text:GPIOGetIntNumber)
                  20007254    00000048     rtsv7M4_T_le_eabi.lib : fd_toi_t2.asm.obj (.text)
                  2000729c    00000044                           : autoinit.c.obj (.text:__TI_auto_init_nobinit_nopinit:__TI_auto_init_nobinit_nopinit)
                  200072e0    00000040     driverlib.a : pin.obj (.text:PinModeSet)
                  20007320    00000040     rtsv7M4_T_le_eabi.lib : vsnprintf.c.obj (.text:vsnprintf)
                  20007360    0000003e                           : _printfi.c.obj (.text:_fcpy)
                  2000739e    00000002     --HOLE-- [fill = 0]
                  200073a0    0000003c     driverlib.a : prcm.obj (.text:PRCMPeripheralClkEnable)
                  200073dc    00000036                 : gpio.obj (.text:GPIODirModeSet)
                  20007412    00000030                 : pin.obj (.text:PinTypeGPIO)
                  20007442    00000002     --HOLE-- [fill = 0]
                  20007444    00000030                 : uart.obj (.text:UARTDisable)
                  20007474    00000030     rtsv7M4_T_le_eabi.lib : vsnprintf.c.obj (.text:_outs)
                  200074a4    0000002e                           : i_tofd_t2.asm.obj (.text)
                  200074d2    00000002     --HOLE-- [fill = 0]
                  200074d4    0000002c     driverlib.a : prcm.obj (.text:PRCMSysResetCauseGet)
                  20007500    00000028                 : prcm.obj (.text:PRCMPeripheralClkDisable)
                  20007528    00000028     rtsv7M4_T_le_eabi.lib : memory.c.obj (.text:free_list_insert)
                  20007550    00000028                           : memmov.c.obj (.text:memmove)
                  20007578    00000024     driverlib.a : uart.obj (.text:UARTEnable)
                  2000759c    00000024     rtsv7M4_T_le_eabi.lib : boot_cortex_m.c.obj (.text:_c_int00_noargs:_c_int00_noargs)
                  200075c0    00000020     driverlib.a : gpio.obj (.text:GPIOPinWrite)
                  200075e0    00000020                 : interrupt.obj (.text:IntRegister)
                  20007600    0000001e                 : gpio.obj (.text:GPIOIntRegister)
                  2000761e    0000001e                 : uart.obj (.text:UARTCharPut)
                  2000763c    0000001c                 : uart.obj (.text:UARTCharGetNonBlocking)
                  20007658    0000001c     rtsv7M4_T_le_eabi.lib : copy_zero_init.c.obj (.text:decompress:ZI:__TI_zero_init_nomemset:__TI_zero_init_nomemset)
                  20007674    0000001c                           : memory.c.obj (.text:free_list_remove)
                  20007690    0000001c                           : memccpy.c.obj (.text:memccpy)
                  200076ac    0000001a     driverlib.a : gpio.obj (.text:GPIOIntEnable)
                  200076c6    0000001a                 : pin.obj (.text:PinTypeUART)
                  200076e0    00000018                 : gpio.obj (.text:GPIOPinRead)
                  200076f8    00000018                 : uart.obj (.text:UARTCharsAvail)
                  20007710    00000018     rtsv7M4_T_le_eabi.lib : vsnprintf.c.obj (.text:_outc)
                  20007728    00000016     driverlib.a : prcm.obj (.text:PRCMHIBRegRead)
                  2000773e    00000016                 : prcm.obj (.text:PRCMHIBRegWrite)
                  20007754    00000016     rtsv7M4_T_le_eabi.lib : strchr.c.obj (.text:strchr)
                  2000776a    00000014     driverlib.a : cpu.obj (.text:CPUcpsie)
                  2000777e    00000014                 : gpio.obj (.text:GPIOIntClear)
                  20007792    00000002     --HOLE-- [fill = 0]
                  20007794    00000014                 : interrupt.obj (.text:IntVTableBaseSet)
                  200077a8    00000014     rtsv7M4_T_le_eabi.lib : strlen.c.obj (.text:strlen)
                  200077bc    00000012                           : wcslen.c.obj (.text:wcslen)
                  200077ce    0000000e                           : copy_decompress_none.c.obj (.text:decompress:none:__TI_decompress_none)
                  200077dc    0000000e     startup_ccs.obj (.text)
                  200077ea    0000000c     rtsv7M4_T_le_eabi.lib : s_copysign.c.obj (.text:copysign)
                  200077f6    0000000a     driverlib.a : interrupt.obj (.text:IntMasterEnable)
                  20007800    00000008     rtsv7M4_T_le_eabi.lib : errno.c.obj (.text:__aeabi_errno_addr)
                  20007808    00000008                           : memory.c.obj (.text:malloc)
                  20007810    00000006     driverlib.a : utils.obj (.text:UtilsDelay)
                  20007816    00000004     rtsv7M4_T_le_eabi.lib : pre_init.c.obj (.text:_system_pre_init)
                  2000781a    00000004                           : exit.c.obj (.text:abort:abort)

.const     0    20007820    00000398     
                  20007820    00000101     rtsv7M4_T_le_eabi.lib : ctype.c.obj (.const:.string:_ctypes_)
                  20007921    00000003     --HOLE-- [fill = 0]
                  20007924    00000100     driverlib.a : pin.obj (.const:g_ulPinToPadMap)
                  20007a24    000000d4                 : interrupt.obj (.const:g_pulRegs)
                  20007af8    000000a8                 : prcm.obj (.const:PRCM_PeriphRegsList)
                  20007ba0    00000018                 : interrupt.obj (.const:g_pulEnRegs)

.cinit     0    20007bb8    00000048     
                  20007bb8    00000020     (.cinit..data.load) [load image, compression = lzss]
                  20007bd8    0000000c     (__TI_handler_table)
                  20007be4    00000004     --HOLE-- [fill = 0]
                  20007be8    00000008     (.cinit..bss.load) [load image, compression = zero_init]
                  20007bf0    00000010     (__TI_cinit_table)

.sysmem    0    2001d000    00000800     UNINITIALIZED
                  2001d000    00000010     rtsv7M4_T_le_eabi.lib : memory.c.obj (.sysmem)
                  2001d010    000007f0     --HOLE--

.data      0    2001d800    00000034     UNINITIALIZED
                  2001d800    00000014     gpio_if.obj (.data:ulReg)
                  2001d814    0000000c     gpio_if.obj (.data)
                  2001d820    00000008     rtsv7M4_T_le_eabi.lib : _lock.c.obj (.data:$O1$$)
                  2001d828    00000008                           : memory.c.obj (.data:$O1$$)
                  2001d830    00000004                           : errno.c.obj (.data)

.bss       0    2001d834    00000007     UNINITIALIZED
                  2001d834    00000004     uart_if.obj (.bss)
                  2001d838    00000001     (.common:g_ucLED1Pin)
                  2001d839    00000001     (.common:g_ucLED2Pin)
                  2001d83a    00000001     (.common:g_ucLED3Pin)

.stack     0    2003f800    00000800     UNINITIALIZED
                  2003f800    00000004     rtsv7M4_T_le_eabi.lib : boot_cortex_m.c.obj (.stack)
                  2003f804    000007fc     --HOLE--

__llvm_prf_cnts 
*          0    2001d000    00000000     UNINITIALIZED

MODULE SUMMARY

       Module                       code    ro data   rw data
       ------                       ----    -------   -------
    .\
       startup_ccs.obj              14      1024      0      
       gpio_if.obj                  920     0         35     
       main.obj                     788     0         0      
       uart_if.obj                  636     0         4      
       pin_mux_config.obj           312     0         0      
    +--+----------------------------+-------+---------+---------+
       Total:                       2670    1024      39     
                                                             
    C:/ti/CC3200SDK_1.5.0/cc3200-sdk/driverlib/ccs/Release/driverlib.a
       prcm.obj                     800     168       0      
       interrupt.obj                314     236       0      
       pin.obj                      274     256       0      
       gpio.obj                     388     0         0      
       uart.obj                     284     0         0      
       cpu.obj                      20      0         0      
       utils.obj                    6       0         0      
    +--+----------------------------+-------+---------+---------+
       Total:                       2086    660       0      
                                                             
    C:\ti\ccs1000\ccs\tools\compiler\ti-cgt-arm_20.2.0.LTS\lib\rtsv7M4_T_le_eabi.lib
       _printfi.c.obj               4835    0         0      
       memory.c.obj                 908     0         8      
       fd_add_t2.asm.obj            438     0         0      
       fd_div_t2.asm.obj            310     0         0      
       fd_cmp_t2.asm.obj            268     0         0      
       ctype.c.obj                  0       257       0      
       fd_mul_t2.asm.obj            252     0         0      
       s_scalbn.c.obj               208     0         0      
       memcpy_t2.asm.obj            156     0         0      
       ull_div_t2.asm.obj           150     0         0      
       vsnprintf.c.obj              136     0         0      
       memset_t2.asm.obj            122     0         0      
       copy_decompress_lzss.c.obj   104     0         0      
       s_frexp.c.obj                92      0         0      
       _ltoa.c.obj                  84      0         0      
       atoi.c.obj                   76      0         0      
       fd_toi_t2.asm.obj            72      0         0      
       autoinit.c.obj               68      0         0      
       i_tofd_t2.asm.obj            46      0         0      
       memmov.c.obj                 40      0         0      
       boot_cortex_m.c.obj          36      0         0      
       copy_zero_init.c.obj         28      0         0      
       memccpy.c.obj                28      0         0      
       strchr.c.obj                 22      0         0      
       strlen.c.obj                 20      0         0      
       wcslen.c.obj                 18      0         0      
       copy_decompress_none.c.obj   14      0         0      
       errno.c.obj                  8       0         4      
       s_copysign.c.obj             12      0         0      
       _lock.c.obj                  2       0         8      
       exit.c.obj                   4       0         0      
       pre_init.c.obj               4       0         0      
       div0.asm.obj                 2       0         0      
    +--+----------------------------+-------+---------+---------+
       Total:                       8563    257       20     
                                                             
       Heap:                        0       0         2048   
       Stack:                       0       0         2048   
       Linker Generated:            0       68        0      
    +--+----------------------------+-------+---------+---------+
       Grand Total:                 13319   2009      4155   


LINKER GENERATED COPY TABLES

__TI_cinit_table @ 20007bf0 records: 2, size/record: 8, table size: 16
	.data: load addr=20007bb8, load size=00000020 bytes, run addr=2001d800, run size=00000034 bytes, compression=lzss
	.bss: load addr=20007be8, load size=00000008 bytes, run addr=2001d834, run size=00000007 bytes, compression=zero_init


LINKER GENERATED HANDLER TABLE

__TI_handler_table @ 20007bd8 records: 3, size/record: 4, table size: 12
	index: 0, handler: __TI_decompress_lzss
	index: 1, handler: __TI_decompress_none
	index: 2, handler: __TI_zero_init


GLOBAL SYMBOLS: SORTED ALPHABETICALLY BY Name 

address   name                          
-------   ----                          
2000781b  C$$EXIT                       
2000776b  CPUcpsie                      
2000553d  ClearTerm                     
20005547  Error                         
200073dd  GPIODirModeSet                
2000777f  GPIOIntClear                  
200076ad  GPIOIntEnable                 
20007601  GPIOIntRegister               
20006cfd  GPIOIntTypeSet                
200076e1  GPIOPinRead                   
200075c1  GPIOPinWrite                  
20005111  GPIO_IF_ConfigureNIntEnable   
2000519d  GPIO_IF_Get                   
200050cb  GPIO_IF_GetPortNPin           
20004e8d  GPIO_IF_LedConfigure          
20004f7f  GPIO_IF_LedOff                
20004ecb  GPIO_IF_LedOn                 
20005033  GPIO_IF_LedStatus             
2000509d  GPIO_IF_LedToggle             
20005159  GPIO_IF_Set                   
2000557f  GetCmd                        
200054fd  InitTerm                      
200068f9  IntEnable                     
200077f7  IntMasterEnable               
200070c5  IntPrioritySet                
200075e1  IntRegister                   
20007795  IntVTableBaseSet              
2000551b  Message                       
20005d65  PRCMCC3200MCUInit             
20007729  PRCMHIBRegRead                
2000773f  PRCMHIBRegWrite               
20007501  PRCMPeripheralClkDisable      
200073a1  PRCMPeripheralClkEnable       
20006ad5  PRCMPeripheralClockGet        
20007015  PRCMPeripheralReset           
200074d5  PRCMSysResetCauseGet          
20006b69  PinConfigSet                  
200072e1  PinModeSet                    
20006019  PinMuxConfig                  
20007413  PinTypeGPIO                   
200076c7  PinTypeUART                   
200056bd  Report                        
200077dd  ResetISR                      
20005625  TrimSpace                     
2000763d  UARTCharGetNonBlocking        
2000761f  UARTCharPut                   
200076f9  UARTCharsAvail                
20006df9  UARTConfigSetExpClk           
20007445  UARTDisable                   
20007579  UARTEnable                    
20007811  UtilsDelay                    
20040000  __STACK_END                   
00000800  __STACK_SIZE                  
00000800  __SYSMEM_SIZE                 
20007bf0  __TI_CINIT_Base               
20007c00  __TI_CINIT_Limit              
20007bd8  __TI_Handler_Table_Base       
20007be4  __TI_Handler_Table_Limit      
2000729d  __TI_auto_init_nobinit_nopinit
20006f4f  __TI_decompress_lzss          
200077cf  __TI_decompress_none          
20007119  __TI_ltoa                     
ffffffff  __TI_pprof_out_hndl           
20004401  __TI_printfi                  
ffffffff  __TI_prof_data_size           
ffffffff  __TI_prof_data_start          
20007bb8  __TI_static_base__            
20007659  __TI_zero_init_nomemset       
20006bf1  __aeabi_cdcmpeq               
20006bf1  __aeabi_cdcmple               
20006c77  __aeabi_cdrcmple              
20007255  __aeabi_d2iz                  
20005bb7  __aeabi_dadd                  
20006151  __aeabi_ddiv                  
200064b1  __aeabi_dmul                  
20005bad  __aeabi_dsub                  
20007801  __aeabi_errno_addr            
200074a5  __aeabi_i2d                   
20005d63  __aeabi_idiv0                 
20005d63  __aeabi_ldiv0                 
20006d7f  __aeabi_memclr                
20006d7f  __aeabi_memclr4               
20006d7f  __aeabi_memclr8               
200069a1  __aeabi_memcpy                
200069a1  __aeabi_memcpy4               
200069a1  __aeabi_memcpy8               
20006d81  __aeabi_memset                
20006d81  __aeabi_memset4               
20006d81  __aeabi_memset8               
20006a3d  __aeabi_uldivmod              
ffffffff  __binit__                     
ffffffff  __c_args__                    
UNDEFED   __mpu_init                    
2003f800  __stack                       
2001d000  __start___llvm_prf_cnts       
2001d000  __stop___llvm_prf_cnts        
2000759d  _c_int00_noargs               
20007820  _ctypes_                      
2001d820  _lock                         
20004e4f  _nop                          
2001d000  _sys_memory                   
UNDEFED   _system_post_cinit            
20007817  _system_pre_init              
2001d824  _unlock                       
2000781b  abort                         
200063a9  aligned_alloc                 
200071c1  atoi                          
ffffffff  binit                         
200077eb  copysign                      
200077eb  copysignl                     
2001d830  errno                         
200065ad  free                          
20006fb9  frexp                         
20006fb9  frexpl                        
20004000  g_pfnVectors                  
2001d838  g_ucLED1Pin                   
2001d839  g_ucLED2Pin                   
2001d83a  g_ucLED3Pin                   
2001d814  g_uiLED1Port                  
2001d818  g_uiLED2Port                  
2001d81c  g_uiLED3Port                  
20006775  ldexp                         
20006775  ldexpl                        
20005201  main                          
20007809  malloc                        
200063a9  memalign                      
20007691  memccpy                       
200069a1  memcpy                        
20007551  memmove                       
20006d87  memset                        
20006691  realloc                       
20006775  scalbn                        
20006775  scalbnl                       
20007755  strchr                        
200077a9  strlen                        
20007321  vsnprintf                     
200077bd  wcslen                        


GLOBAL SYMBOLS: SORTED BY Symbol Address 

address   name                          
-------   ----                          
00000800  __STACK_SIZE                  
00000800  __SYSMEM_SIZE                 
20004000  g_pfnVectors                  
20004401  __TI_printfi                  
20004e4f  _nop                          
20004e8d  GPIO_IF_LedConfigure          
20004ecb  GPIO_IF_LedOn                 
20004f7f  GPIO_IF_LedOff                
20005033  GPIO_IF_LedStatus             
2000509d  GPIO_IF_LedToggle             
200050cb  GPIO_IF_GetPortNPin           
20005111  GPIO_IF_ConfigureNIntEnable   
20005159  GPIO_IF_Set                   
2000519d  GPIO_IF_Get                   
20005201  main                          
200054fd  InitTerm                      
2000551b  Message                       
2000553d  ClearTerm                     
20005547  Error                         
2000557f  GetCmd                        
20005625  TrimSpace                     
200056bd  Report                        
20005bad  __aeabi_dsub                  
20005bb7  __aeabi_dadd                  
20005d63  __aeabi_idiv0                 
20005d63  __aeabi_ldiv0                 
20005d65  PRCMCC3200MCUInit             
20006019  PinMuxConfig                  
20006151  __aeabi_ddiv                  
200063a9  aligned_alloc                 
200063a9  memalign                      
200064b1  __aeabi_dmul                  
200065ad  free                          
20006691  realloc                       
20006775  ldexp                         
20006775  ldexpl                        
20006775  scalbn                        
20006775  scalbnl                       
200068f9  IntEnable                     
200069a1  __aeabi_memcpy                
200069a1  __aeabi_memcpy4               
200069a1  __aeabi_memcpy8               
200069a1  memcpy                        
20006a3d  __aeabi_uldivmod              
20006ad5  PRCMPeripheralClockGet        
20006b69  PinConfigSet                  
20006bf1  __aeabi_cdcmpeq               
20006bf1  __aeabi_cdcmple               
20006c77  __aeabi_cdrcmple              
20006cfd  GPIOIntTypeSet                
20006d7f  __aeabi_memclr                
20006d7f  __aeabi_memclr4               
20006d7f  __aeabi_memclr8               
20006d81  __aeabi_memset                
20006d81  __aeabi_memset4               
20006d81  __aeabi_memset8               
20006d87  memset                        
20006df9  UARTConfigSetExpClk           
20006f4f  __TI_decompress_lzss          
20006fb9  frexp                         
20006fb9  frexpl                        
20007015  PRCMPeripheralReset           
200070c5  IntPrioritySet                
20007119  __TI_ltoa                     
200071c1  atoi                          
20007255  __aeabi_d2iz                  
2000729d  __TI_auto_init_nobinit_nopinit
200072e1  PinModeSet                    
20007321  vsnprintf                     
200073a1  PRCMPeripheralClkEnable       
200073dd  GPIODirModeSet                
20007413  PinTypeGPIO                   
20007445  UARTDisable                   
200074a5  __aeabi_i2d                   
200074d5  PRCMSysResetCauseGet          
20007501  PRCMPeripheralClkDisable      
20007551  memmove                       
20007579  UARTEnable                    
2000759d  _c_int00_noargs               
200075c1  GPIOPinWrite                  
200075e1  IntRegister                   
20007601  GPIOIntRegister               
2000761f  UARTCharPut                   
2000763d  UARTCharGetNonBlocking        
20007659  __TI_zero_init_nomemset       
20007691  memccpy                       
200076ad  GPIOIntEnable                 
200076c7  PinTypeUART                   
200076e1  GPIOPinRead                   
200076f9  UARTCharsAvail                
20007729  PRCMHIBRegRead                
2000773f  PRCMHIBRegWrite               
20007755  strchr                        
2000776b  CPUcpsie                      
2000777f  GPIOIntClear                  
20007795  IntVTableBaseSet              
200077a9  strlen                        
200077bd  wcslen                        
200077cf  __TI_decompress_none          
200077dd  ResetISR                      
200077eb  copysign                      
200077eb  copysignl                     
200077f7  IntMasterEnable               
20007801  __aeabi_errno_addr            
20007809  malloc                        
20007811  UtilsDelay                    
20007817  _system_pre_init              
2000781b  C$$EXIT                       
2000781b  abort                         
20007820  _ctypes_                      
20007bb8  __TI_static_base__            
20007bd8  __TI_Handler_Table_Base       
20007be4  __TI_Handler_Table_Limit      
20007bf0  __TI_CINIT_Base               
20007c00  __TI_CINIT_Limit              
2001d000  __start___llvm_prf_cnts       
2001d000  __stop___llvm_prf_cnts        
2001d000  _sys_memory                   
2001d814  g_uiLED1Port                  
2001d818  g_uiLED2Port                  
2001d81c  g_uiLED3Port                  
2001d820  _lock                         
2001d824  _unlock                       
2001d830  errno                         
2001d838  g_ucLED1Pin                   
2001d839  g_ucLED2Pin                   
2001d83a  g_ucLED3Pin                   
2003f800  __stack                       
20040000  __STACK_END                   
ffffffff  __TI_pprof_out_hndl           
ffffffff  __TI_prof_data_size           
ffffffff  __TI_prof_data_start          
ffffffff  __binit__                     
ffffffff  __c_args__                    
ffffffff  binit                         
UNDEFED   __mpu_init                    
UNDEFED   _system_post_cinit            

[137 symbols]
