******************************************************************************
                  TI ARM Linker PC v20.2.0                     
******************************************************************************
>> Linked Fri Jun  9 08:05:38 2023

OUTPUT FILE NAME:   <ssl.out>
ENTRY POINT SYMBOL: "_c_int00_noargs"  address: 2000f685


MEMORY CONFIGURATION

         name            origin    length      used     unused   attr    fill
----------------------  --------  ---------  --------  --------  ----  --------
  SRAM_CODE             20004000   00013000  0000e2f0  00004d10  RW X
  SRAM_DATA             20017000   00019000  00009c13  0000f3ed  RW X


SEGMENT ALLOCATION MAP

run origin  load origin   length   init length attrs members
----------  ----------- ---------- ----------- ----- -------
20004000    20004000    0000e2f8   0000e2f8    r-x
  20004000    20004000    00000400   00000400    r-- .intvecs
  20004400    20004400    0000b9ec   0000b9ec    r-x .text
  2000fdf0    2000fdf0    0000219c   0000219c    r-- .const
  20011f90    20011f90    00000368   00000368    r-- .cinit
20017000    20017000    00008c14   00000000    rw-
  20017000    20017000    00008000   00000000    rw- .sysmem
  2001f000    2001f000    00000767   00000000    rw- .bss
  2001f768    2001f768    000004ac   00000000    rw- .data
2002f000    2002f000    00001000   00000000    rw-
  2002f000    2002f000    00001000   00000000    rw- .stack


SECTION ALLOCATION MAP

 output                                  attributes/
section   page    origin      length       input sections
--------  ----  ----------  ----------   ----------------
.intvecs   0    20004000    00000400     
                  20004000    00000400     startup_ccs.obj (.intvecs)

.init_array 
*          0    20004000    00000000     UNINITIALIZED

.text      0    20004400    0000b9ec     
                  20004400    000026b8     main.obj (.text)
                  20006ab8    00000a80     Adafruit_GFX.obj (.text)
                  20007538    00000a4e     rtsv7M4_T_le_eabi.lib : _printfi.c.obj (.text:__TI_printfi)
                  20007f86    00000002     driverlib.a : interrupt.obj (.text:IntDefaultHandler)
                  20007f88    00000590     simplelink.a : driver.obj (.text:_SlDrvMsgRead)
                  20008518    000004a6     Adafruit_OLED.obj (.text)
                  200089be    00000002     rtsv7M4_T_le_eabi.lib : _lock.c.obj (.text:_nop)
                  200089c0    00000454                           : strtod.c.obj (.text:strtod)
                  20008e14    00000398     gpio_if.obj (.text)
                  200091ac    00000280     simplelink.a : wlan.obj (.text:sl_WlanConnect)
                  2000942c    0000027c     uart_if.obj (.text)
                  200096a8    00000268     rtsv7M4_T_le_eabi.lib : _printfi.c.obj (.text:_pconv_a)
                  20009910    00000248     simplelink.a : driver.obj (.text:_SlDrvRxHdrRead)
                  20009b58    000001e4                  : driver.obj (.text:_SlDrvDataReadOp)
                  20009d3c    000001d0                  : driver.obj (.text:_SlDrvReleasePoolObj)
                  20009f0c    000001cc     rtsv7M4_T_le_eabi.lib : _printfi.c.obj (.text:_pconv_g)
                  2000a0d8    000001b6                           : fd_add_t2.asm.obj (.text)
                  2000a28e    00000002                           : div0.asm.obj (.text)
                  2000a290    000001b4     simplelink.a : driver.obj (.text:_SlDrvDriverCBInit)
                  2000a444    0000019c                  : driver.obj (.text:_SlDrvMsgWrite)
                  2000a5e0    00000190                  : driver.obj (.text:_SlDrvWaitForPoolObj)
                  2000a770    0000018c                  : socket.obj (.text:sl_Connect)
                  2000a8fc    00000178     driverlib.a : prcm.obj (.text:PRCMCC3200MCUInit)
                  2000aa74    00000170     simplelink.a : driver.obj (.text:_SlFindAndSetActiveObj)
                  2000abe4    00000154     pin_mux_config.obj (.text)
                  2000ad38    00000150     simplelink.a : driver.obj (.text:_SlDrvDataWriteOp)
                  2000ae88    00000148                  : cc_pal.obj (.text:spi_Open)
                  2000afd0    00000144                  : driver.obj (.text:_SlDrvMsgReadCmdCtx)
                  2000b114    00000144                  : netapp.obj (.text:sl_NetAppDnsGetHostByName)
                  2000b258    0000013c     rtsv7M4_T_le_eabi.lib : _printfi.c.obj (.text:_pconv_e)
                  2000b394    00000136                           : fd_div_t2.asm.obj (.text)
                  2000b4ca    00000002     --HOLE-- [fill = 0]
                  2000b4cc    00000134     simplelink.a : socket.obj (.text:sl_Send)
                  2000b600    00000130                  : driver.obj (.text:_SlDrvDriverCBDeinit)
                  2000b730    00000120     rtsv7M4_T_le_eabi.lib : _printfi.c.obj (.text:fcvt)
                  2000b850    00000108                           : memory.c.obj (.text:aligned_alloc)
                  2000b958    00000104     simplelink.a : netapp.obj (.text:_SlDrvNetAppEventHandler)
                  2000ba5c    000000fc     rtsv7M4_T_le_eabi.lib : fd_mul_t2.asm.obj (.text)
                  2000bb58    000000fa                           : fs_add_t2.asm.obj (.text)
                  2000bc52    00000002     --HOLE-- [fill = 0]
                  2000bc54    000000f0     simplelink.a : device.obj (.text:sl_Start)
                  2000bd44    000000f0                  : device.obj (.text:sl_Stop)
                  2000be34    000000f0                  : cc_pal.obj (.text:spi_Read)
                  2000bf24    000000f0     driverlib.a : udma.obj (.text:uDMAChannelTransferSet)
                  2000c014    000000e8     simplelink.a : driver.obj (.text:_SlAsyncEventGenericHandler)
                  2000c0fc    000000e8                  : driver.obj (.text:_SlDrvMsgReadSpawnCtx)
                  2000c1e4    000000e4     rtsv7M4_T_le_eabi.lib : memory.c.obj (.text:free)
                  2000c2c8    000000e4                           : memory.c.obj (.text:realloc)
                  2000c3ac    000000e4     simplelink.a : netapp.obj (.text:sl_NetAppMDNSRegisterUnregisterService)
                  2000c490    000000dc                  : driver.obj (.text:_SlDrvClassifyRxMsg)
                  2000c56c    000000d0     rtsv7M4_T_le_eabi.lib : s_scalbn.c.obj (.text:scalbn)
                  2000c63c    000000cc     simplelink.a : netapp.obj (.text:_sl_HandleAsync_DnsGetHostByService)
                  2000c708    000000cc                  : device.obj (.text:sl_DevGet)
                  2000c7d4    000000c4                  : driver.obj (.text:_SlRemoveFromList)
                  2000c898    000000c0                  : driver.obj (.text:_SlDrvCmdOp)
                  2000c958    000000b1     rtsv7M4_T_le_eabi.lib : _printfi.c.obj (.text:_ltostr)
                  2000ca09    00000003     --HOLE-- [fill = 0]
                  2000ca0c    000000b0     simplelink.a : nonos.obj (.text:_SlNonOsSemGet)
                  2000cabc    000000a8     driverlib.a : interrupt.obj (.text:IntDisable)
                  2000cb64    000000a8                 : interrupt.obj (.text:IntEnable)
                  2000cc0c    000000a4     simplelink.a : driver.obj (.text:_SlDriverHandleError)
                  2000ccb0    000000a0     driverlib.a : spi.obj (.text:SPIConfigSetExpClk)
                  2000cd50    000000a0     simplelink.a : socket.obj (.text:sl_Recv)
                  2000cdf0    0000009c     rtsv7M4_T_le_eabi.lib : memcpy_t2.asm.obj (.text)
                  2000ce8c    0000009a     simplelink.a : device.obj (.text:_SlDrvDeviceEventHandler)
                  2000cf26    00000002     --HOLE-- [fill = 0]
                  2000cf28    00000098                  : device.obj (.text:sl_DevSet)
                  2000cfc0    00000098                  : netcfg.obj (.text:sl_NetCfgSet)
                  2000d058    00000098                  : socket.obj (.text:sl_SetSockOpt)
                  2000d0f0    00000098                  : wlan.obj (.text:sl_WlanSet)
                  2000d188    00000098                  : cc_pal.obj (.text:spi_Write)
                  2000d220    00000096     rtsv7M4_T_le_eabi.lib : ull_div_t2.asm.obj (.text)
                  2000d2b6    00000002     --HOLE-- [fill = 0]
                  2000d2b8    00000094     driverlib.a : prcm.obj (.text:PRCMPeripheralClockGet)
                  2000d34c    00000092     rtsv7M4_T_le_eabi.lib : fs_div_t2.asm.obj (.text)
                  2000d3de    00000002     --HOLE-- [fill = 0]
                  2000d3e0    00000090     simplelink.a : netapp.obj (.text:_sl_HandleAsync_DnsGetHostByName)
                  2000d470    00000090                  : netapp.obj (.text:_sl_HandleAsync_PingResponse)
                  2000d500    00000090                  : wlan.obj (.text:sl_WlanPolicySet)
                  2000d590    0000008c                  : cc_pal.obj (.text:SetupDMAReceive)
                  2000d61c    0000008c                  : cc_pal.obj (.text:SetupDMASend)
                  2000d6a8    0000008c                  : driver.obj (.text:_SlDrvIsTimeoutExpired)
                  2000d734    0000008c                  : device.obj (.text:_sl_HandleAsync_InitComplete)
                  2000d7c0    0000008c                  : socket.obj (.text:sl_Socket)
                  2000d84c    00000088     driverlib.a : pin.obj (.text:PinConfigSet)
                  2000d8d4    00000086     rtsv7M4_T_le_eabi.lib : fd_cmp_t2.asm.obj (.text:__aeabi_cdcmple)
                  2000d95a    00000086                           : fd_cmp_t2.asm.obj (.text:__aeabi_cdrcmple)
                  2000d9e0    00000084     simplelink.a : cc_pal.obj (.text:NwpPowerOnPreamble)
                  2000da64    00000084                  : wlan.obj (.text:sl_WlanRxFilterSet)
                  2000dae8    00000082     driverlib.a : gpio.obj (.text:GPIOIntTypeSet)
                  2000db6a    00000002     --HOLE-- [fill = 0]
                  2000db6c    00000080     simplelink.a : socket.obj (.text:_sl_HandleAsync_Connect)
                  2000dbec    00000080                  : cc_pal.obj (.text:spi_Read_CPU)
                  2000dc6c    00000080                  : cc_pal.obj (.text:spi_Write_CPU)
                  2000dcec    0000007a     rtsv7M4_T_le_eabi.lib : memset_t2.asm.obj (.text)
                  2000dd66    00000002     --HOLE-- [fill = 0]
                  2000dd68    00000078     simplelink.a : cc_pal.obj (.text:spi_Close)
                  2000dde0    00000076     driverlib.a : uart.obj (.text:UARTConfigSetExpClk)
                  2000de56    00000002     --HOLE-- [fill = 0]
                  2000de58    00000074     simplelink.a : nonos.obj (.text:_SlNonOsMainLoopTask)
                  2000decc    00000070     rtsv7M4_T_le_eabi.lib : memory.c.obj (.text:split)
                  2000df3c    0000006e                           : _printfi.c.obj (.text:_mcpy)
                  2000dfaa    0000006e                           : fd_tos_t2.asm.obj (.text)
                  2000e018    0000006c     simplelink.a : driver.obj (.text:_SlDrvCmdSend)
                  2000e084    0000006c                  : netapp.obj (.text:_sl_NetAppSendTokenValue)
                  2000e0f0    00000068     rtsv7M4_T_le_eabi.lib : copy_decompress_lzss.c.obj (.text:decompress:lzss:__TI_decompress_lzss)
                  2000e158    00000064     simplelink.a : nonos.obj (.text:_SlNonOsSpawn)
                  2000e1bc    00000064                  : socket.obj (.text:_sl_HandleAsync_Accept)
                  2000e220    00000064                  : netapp.obj (.text:sl_NetAppMDNSUnRegisterService)
                  2000e284    00000064     driverlib.a : udma.obj (.text:uDMAChannelAttributeDisable)
                  2000e2e8    00000064                 : udma.obj (.text:uDMAChannelAttributeEnable)
                  2000e34c    00000060     simplelink.a : socket.obj (.text:sl_Close)
                  2000e3ac    00000060                  : wlan.obj (.text:sl_WlanProfileDel)
                  2000e40c    00000060                  : wlan.obj (.text:sl_WlanSetMode)
                  2000e46c    0000005c     rtsv7M4_T_le_eabi.lib : s_frexp.c.obj (.text:frexp)
                  2000e4c8    00000058     driverlib.a : interrupt.obj (.text:IntPendClear)
                  2000e520    00000058                 : prcm.obj (.text:PRCMPeripheralReset)
                  2000e578    00000056     rtsv7M4_T_le_eabi.lib : _printfi.c.obj (.text:_pconv_f)
                  2000e5ce    00000002     --HOLE-- [fill = 0]
                  2000e5d0    00000054     driverlib.a : interrupt.obj (.text:IntPrioritySet)
                  2000e624    00000054     simplelink.a : driver.obj (.text:_SlDrvRxIrqHandler)
                  2000e678    00000054     rtsv7M4_T_le_eabi.lib : _ltoa.c.obj (.text:__TI_ltoa)
                  2000e6cc    00000054     simplelink.a : socket.obj (.text:_sl_HandleAsync_Select)
                  2000e720    00000052     rtsv7M4_T_le_eabi.lib : _printfi.c.obj (.text:_ecpy)
                  2000e772    00000002     --HOLE-- [fill = 0]
                  2000e774    00000050     simplelink.a : device.obj (.text:_sl_HandleAsync_Stop)
                  2000e7c4    0000004c     driverlib.a : spi.obj (.text:SPIIntEnable)
                  2000e810    0000004c                 : spi.obj (.text:SPIIntNumberGet)
                  2000e85c    0000004c     simplelink.a : driver.obj (.text:_SlDrvProtectAsyncRespSetting)
                  2000e8a8    0000004c                  : socket.obj (.text:_sl_BuildAddress)
                  2000e8f4    0000004c     rtsv7M4_T_le_eabi.lib : atoi.c.obj (.text:atoi)
                  2000e940    0000004c                           : snprintf.c.obj (.text:snprintf)
                  2000e98c    0000004c     driverlib.a : udma.obj (.text:uDMAChannelAssign)
                  2000e9d8    00000048                 : gpio.obj (.text:GPIOGetIntNumber)
                  2000ea20    00000048     rtsv7M4_T_le_eabi.lib : hosttime.c.obj (.text:HOSTtime)
                  2000ea68    00000048     driverlib.a : spi.obj (.text:SPIIntClear)
                  2000eab0    00000048     simplelink.a : driver.obj (.text:_SlDrvBasicCmd)
                  2000eaf8    00000048     rtsv7M4_T_le_eabi.lib : fd_toi_t2.asm.obj (.text)
                  2000eb40    00000044     driverlib.a : spi.obj (.text:SPIDmaMaskGet)
                  2000eb84    00000044                 : timer.obj (.text:TimerConfigure)
                  2000ebc8    00000044                 : uart.obj (.text:UARTIntNumberGet)
                  2000ec0c    00000044     simplelink.a : driver.obj (.text:_SlDrvHandleHttpServerEvents)
                  2000ec50    00000044                  : driver.obj (.text:_SlDrvSyncObjWaitTimeout)
                  2000ec94    00000044     rtsv7M4_T_le_eabi.lib : autoinit.c.obj (.text:__TI_auto_init_nobinit_nopinit:__TI_auto_init_nobinit_nopinit)
                  2000ecd8    00000044     simplelink.a : cc_pal.obj (.text:cc_SetupTransfer)
                  2000ed1c    00000042                  : socket.obj (.text:sl_Htonl)
                  2000ed5e    00000002     --HOLE-- [fill = 0]
                  2000ed60    00000040     driverlib.a : pin.obj (.text:PinModeSet)
                  2000eda0    00000040     simplelink.a : driver.obj (.text:_SlDrvHandleNetAppEvents)
                  2000ede0    00000040                  : driver.obj (.text:_SlDrvHandleWlanEvents)
                  2000ee20    00000040                  : socket.obj (.text:_sl_TruncatePayloadByProtocol)
                  2000ee60    00000040     rtsv7M4_T_le_eabi.lib : sprintf.c.obj (.text:sprintf)
                  2000eea0    00000040                           : vsnprintf.c.obj (.text:vsnprintf)
                  2000eee0    0000003e     simplelink.a : cc_pal.obj (.text:NwpRegisterInterruptHandler)
                  2000ef1e    0000003e     rtsv7M4_T_le_eabi.lib : _printfi.c.obj (.text:_fcpy)
                  2000ef5c    0000003c     simplelink.a : netapp.obj (.text:CopyPingResultsToReport)
                  2000ef98    0000003c     driverlib.a : prcm.obj (.text:PRCMPeripheralClkEnable)
                  2000efd4    0000003c     simplelink.a : cc_pal.obj (.text:simplelink_timerA2_start)
                  2000f010    0000003c                  : socket.obj (.text:sl_Htons)
                  2000f04c    0000003c     driverlib.a : udma.obj (.text:uDMAChannelControlSet)
                  2000f088    00000038     simplelink.a : cc_pal.obj (.text:NwpPowerOff)
                  2000f0c0    00000038     rtsv7M4_T_le_eabi.lib : trgmsg.c.obj (.text:__TI_writemsg)
                  2000f0f8    00000038                           : fs_tod_t2.asm.obj (.text)
                  2000f130    00000038                           : fs_toi_t2.asm.obj (.text)
                  2000f168    00000038                           : i_tofs_t2.asm.obj (.text)
                  2000f1a0    00000038     simplelink.a : wlan.obj (.text:sl_WlanDisconnect)
                  2000f1d8    00000036     driverlib.a : gpio.obj (.text:GPIODirModeSet)
                  2000f20e    00000002     --HOLE-- [fill = 0]
                  2000f210    00000034     simplelink.a : cc_pal.obj (.text:NwpPowerOn)
                  2000f244    00000034     driverlib.a : prcm.obj (.text:PRCMPeripheralStatusGet)
                  2000f278    00000034                 : spi.obj (.text:SPIFIFOLevelSet)
                  2000f2ac    00000034     rtsv7M4_T_le_eabi.lib : trgmsg.c.obj (.text:__TI_readmsg)
                  2000f2e0    00000034                           : rand.c.obj (.text:rand)
                  2000f314    00000030     driverlib.a : pin.obj (.text:PinTypeGPIO)
                  2000f344    00000030                 : uart.obj (.text:UARTDisable)
                  2000f374    00000030     rtsv7M4_T_le_eabi.lib : snprintf.c.obj (.text:_outs)
                  2000f3a4    00000030                           : vsnprintf.c.obj (.text:_outs)
                  2000f3d4    0000002e                           : i_tofd_t2.asm.obj (.text)
                  2000f402    00000002     --HOLE-- [fill = 0]
                  2000f404    0000002c     driverlib.a : prcm.obj (.text:PRCMSysResetCauseGet)
                  2000f430    0000002c     simplelink.a : driver.obj (.text:_SlDrvObjGlobalLockWaitForever)
                  2000f45c    0000002c                  : driver.obj (.text:_SlDrvProtectionObjLockWaitForever)
                  2000f488    0000002a     driverlib.a : timer.obj (.text:TimerLoadSet)
                  2000f4b2    0000002a                 : timer.obj (.text:TimerPrescaleSet)
                  2000f4dc    00000028                 : prcm.obj (.text:PRCMPeripheralClkDisable)
                  2000f504    00000028     simplelink.a : driver.obj (.text:_SlDrvGlobalObjUnLock)
                  2000f52c    00000028                  : driver.obj (.text:_SlDrvProtectionObjUnLock)
                  2000f554    00000028                  : driver.obj (.text:_SlDrvSyncObjWaitForever)
                  2000f57c    00000028     rtsv7M4_T_le_eabi.lib : memory.c.obj (.text:free_list_insert)
                  2000f5a4    00000028                           : memmov.c.obj (.text:memmove)
                  2000f5cc    00000026     simplelink.a : driver.obj (.text:_SlDrvObjLockWaitForever)
                  2000f5f2    00000026     network_common.obj (.text)
                  2000f618    00000024     simplelink.a : cc_pal.obj (.text:DmaSpiSwIntHandler)
                  2000f63c    00000024     driverlib.a : interrupt.obj (.text:IntUnregister)
                  2000f660    00000024                 : uart.obj (.text:UARTEnable)
                  2000f684    00000024     rtsv7M4_T_le_eabi.lib : boot_cortex_m.c.obj (.text:_c_int00_noargs:_c_int00_noargs)
                  2000f6a8    00000024                           : rand.c.obj (.text:srand)
                  2000f6cc    00000022     driverlib.a : gpio.obj (.text:GPIOIntStatus)
                  2000f6ee    00000022                 : spi.obj (.text:SPIReset)
                  2000f710    00000022                 : spi.obj (.text:SPIWordCountSet)
                  2000f732    00000020                 : gpio.obj (.text:GPIOPinWrite)
                  2000f752    00000002     --HOLE-- [fill = 0]
                  2000f754    00000020                 : interrupt.obj (.text:IntRegister)
                  2000f774    00000020     simplelink.a : cc_pal.obj (.text:NwpPrePowerOffTimout0)
                  2000f794    00000020     driverlib.a : spi.obj (.text:SPIDataGet)
                  2000f7b4    00000020     simplelink.a : cc_pal.obj (.text:TimerGetCurrentTimestamp)
                  2000f7d4    00000020                  : driver.obj (.text:_SlDrvObjUnLock)
                  2000f7f4    00000020                  : driver.obj (.text:_SlDrvSyncObjSignal)
                  2000f814    0000001e     driverlib.a : gpio.obj (.text:GPIOIntRegister)
                  2000f832    0000001e                 : spi.obj (.text:SPIDataPut)
                  2000f850    0000001e                 : timer.obj (.text:TimerEnable)
                  2000f86e    0000001e                 : uart.obj (.text:UARTCharPut)
                  2000f88c    0000001e                 : uart.obj (.text:UARTIntRegister)
                  2000f8aa    0000001e                 : uart.obj (.text:UARTIntStatus)
                  2000f8c8    0000001e     simplelink.a : cc_pal.obj (.text:cc_UDMAChannelSelect)
                  2000f8e6    0000001e     rtsv7M4_T_le_eabi.lib : strcat.c.obj (.text:strcat)
                  2000f904    0000001c     driverlib.a : systick.obj (.text:SysTickIntRegister)
                  2000f920    0000001c                 : timer.obj (.text:TimerValueGet)
                  2000f93c    0000001c                 : uart.obj (.text:UARTCharGetNonBlocking)
                  2000f958    0000001c     simplelink.a : driver.obj (.text:_SlDrvStartMeasureTimeout)
                  2000f974    0000001c     rtsv7M4_T_le_eabi.lib : memory.c.obj (.text:free_list_remove)
                  2000f990    0000001c                           : memccpy.c.obj (.text:memccpy)
                  2000f9ac    0000001c     driverlib.a : udma.obj (.text:uDMAChannelEnable)
                  2000f9c8    0000001a                 : gpio.obj (.text:GPIOIntEnable)
                  2000f9e2    0000001a                 : pin.obj (.text:PinTypeSPI)
                  2000f9fc    0000001a                 : pin.obj (.text:PinTypeUART)
                  2000fa16    0000001a                 : spi.obj (.text:SPIDmaDisable)
                  2000fa30    0000001a                 : spi.obj (.text:SPIDmaEnable)
                  2000fa4a    0000001a                 : spi.obj (.text:SPIFIFODisable)
                  2000fa64    0000001a                 : spi.obj (.text:SPIFIFOEnable)
                  2000fa7e    0000001a                 : spi.obj (.text:SPIIntUnregister)
                  2000fa98    00000018                 : gpio.obj (.text:GPIOPinRead)
                  2000fab0    00000018                 : spi.obj (.text:SPICSDisable)
                  2000fac8    00000018                 : spi.obj (.text:SPICSEnable)
                  2000fae0    00000018                 : spi.obj (.text:SPIDisable)
                  2000faf8    00000018                 : spi.obj (.text:SPIEnable)
                  2000fb10    00000018                 : systick.obj (.text:SysTickPeriodSet)
                  2000fb28    00000018                 : uart.obj (.text:UARTCharsAvail)
                  2000fb40    00000018                 : uart.obj (.text:UARTFIFOLevelSet)
                  2000fb58    00000018                 : uart.obj (.text:UARTIntDisable)
                  2000fb70    00000018                 : uart.obj (.text:UARTIntEnable)
                  2000fb88    00000018     simplelink.a : nonos.obj (.text:_SlNonOsSemSet)
                  2000fba0    00000018     rtsv7M4_T_le_eabi.lib : snprintf.c.obj (.text:_outc)
                  2000fbb8    00000018                           : vsnprintf.c.obj (.text:_outc)
                  2000fbd0    00000018                           : sprintf.c.obj (.text:_outs)
                  2000fbe8    00000018     simplelink.a : device.obj (.text:_sl_GetStartResponseConvert)
                  2000fc00    00000018     rtsv7M4_T_le_eabi.lib : ll_mul_t2.asm.obj (.text)
                  2000fc18    00000016     driverlib.a : prcm.obj (.text:PRCMHIBRegRead)
                  2000fc2e    00000016                 : prcm.obj (.text:PRCMHIBRegWrite)
                  2000fc44    00000016                 : uart.obj (.text:UARTFIFODisable)
                  2000fc5a    00000016     simplelink.a : driver.obj (.text:_SlDrvMemZero)
                  2000fc70    00000016     rtsv7M4_T_le_eabi.lib : strchr.c.obj (.text:strchr)
                  2000fc86    00000014     driverlib.a : cpu.obj (.text:CPUcpsie)
                  2000fc9a    00000014                 : gpio.obj (.text:GPIOIntClear)
                  2000fcae    00000002     --HOLE-- [fill = 0]
                  2000fcb0    00000014                 : interrupt.obj (.text:IntVTableBaseSet)
                  2000fcc4    00000014     rtsv7M4_T_le_eabi.lib : strcpy.c.obj (.text:strcpy)
                  2000fcd8    00000014                           : strlen.c.obj (.text:strlen)
                  2000fcec    00000012     driverlib.a : uart.obj (.text:UARTIntClear)
                  2000fcfe    00000012     rtsv7M4_T_le_eabi.lib : wcslen.c.obj (.text:wcslen)
                  2000fd10    00000010     driverlib.a : systick.obj (.text:SysTickEnable)
                  2000fd20    00000010                 : systick.obj (.text:SysTickIntEnable)
                  2000fd30    00000010     simplelink.a : driver.obj (.text:_SlDrvDispatchHttpServerEvents)
                  2000fd40    0000000e                  : driver.obj (.text:_SlDrvResetCmdExt)
                  2000fd4e    0000000e     rtsv7M4_T_le_eabi.lib : time.c.obj (.text:__time32)
                  2000fd5c    0000000e                           : copy_decompress_none.c.obj (.text:decompress:none:__TI_decompress_none)
                  2000fd6a    0000000e     startup_ccs.obj (.text)
                  2000fd78    0000000c     simplelink.a : cc_pal.obj (.text:NwpMaskInterrupt)
                  2000fd84    0000000c                  : cc_pal.obj (.text:NwpUnMaskInterrupt)
                  2000fd90    0000000c     driverlib.a : systick.obj (.text:SysTickValueGet)
                  2000fd9c    0000000c     rtsv7M4_T_le_eabi.lib : s_copysign.c.obj (.text:copysign)
                  2000fda8    0000000c                           : copy_zero_init.c.obj (.text:decompress:ZI:__TI_zero_init)
                  2000fdb4    0000000a     driverlib.a : interrupt.obj (.text:IntMasterEnable)
                  2000fdbe    0000000a     rtsv7M4_T_le_eabi.lib : sprintf.c.obj (.text:_outc)
                  2000fdc8    00000008                           : errno.c.obj (.text:__aeabi_errno_addr)
                  2000fdd0    00000008                           : memory.c.obj (.text:malloc)
                  2000fdd8    00000006     driverlib.a : utils.obj (.text:UtilsDelay)
                  2000fdde    00000006     rtsv7M4_T_le_eabi.lib : atof.c.obj (.text:atof)
                  2000fde4    00000004                           : pre_init.c.obj (.text:_system_pre_init)
                  2000fde8    00000004                           : exit.c.obj (.text:abort:abort)

.const     0    2000fdf0    0000219c     
                  2000fdf0    00001520     main.obj (.const:.string)
                  20011310    000004fb     Adafruit_GFX.obj (.const:.string:font)
                  2001180b    00000101     rtsv7M4_T_le_eabi.lib : ctype.c.obj (.const:.string:_ctypes_)
                  2001190c    00000100     driverlib.a : pin.obj (.const:g_ulPinToPadMap)
                  20011a0c    000000d4                 : interrupt.obj (.const:g_pulRegs)
                  20011ae0    000000c8     rtsv7M4_T_le_eabi.lib : strtod.c.obj (.const:$O1$$)
                  20011ba8    000000c8     main.obj (.const:.string:$P$T7$8)
                  20011c70    000000a8     driverlib.a : prcm.obj (.const:PRCM_PeriphRegsList)
                  20011d18    0000003c     simplelink.a : driver.obj (.const:OpcodeTranslateTable)
                  20011d54    00000038                  : driver.obj (.const:_SlActionLookupTable)
                  20011d8c    0000002c     main.obj (.const:$P$T1$2)
                  20011db8    00000024     driverlib.a : spi.obj (.const:g_ppulSPIIntMap)
                  20011ddc    00000022     main.obj (.const:.string:$P$T0$1)
                  20011dfe    00000002     --HOLE-- [fill = 0]
                  20011e00    00000020     simplelink.a : driver.obj (.const:RxMsgClassLUT)
                  20011e20    00000018     driverlib.a : interrupt.obj (.const:g_pulDisRegs)
                  20011e38    00000018                 : interrupt.obj (.const:g_pulEnRegs)
                  20011e50    00000018                 : interrupt.obj (.const:g_pulUnpendRegs)
                  20011e68    00000018                 : spi.obj (.const:g_ulSPIDmaMaskMap)
                  20011e80    00000015     main.obj (.const:.string:$P$T6$7)
                  20011e95    00000003     --HOLE-- [fill = 0]
                  20011e98    00000014     simplelink.a : driver.obj (.const:$P$T0$1)
                  20011eac    00000014                  : nonos.obj (.const:$P$T0$1)
                  20011ec0    00000014     main.obj (.const:$P$T2$3)
                  20011ed4    00000010     simplelink.a : socket.obj (.const:.string:_SlPayloadByProtocolLUT)
                  20011ee4    00000010     driverlib.a : uart.obj (.const:g_ppulUARTIntMap)
                  20011ef4    0000000c     main.obj (.const:$P$T4$5)
                  20011f00    0000000c     main.obj (.const:.string:$P$T3$4)
                  20011f0c    00000009     main.obj (.const:.string:$P$T5$6)
                  20011f15    00000008     simplelink.a : device.obj (.const:StartResponseLUT)
                  20011f1d    00000003     --HOLE-- [fill = 0]
                  20011f20    00000008                  : driver.obj (.const:g_H2NCnysPattern)
                  20011f28    00000008                  : driver.obj (.const:g_H2NSyncPattern)
                  20011f30    00000005     main.obj (.const:.string:$P$T8$9)
                  20011f35    00000001     --HOLE-- [fill = 0]
                  20011f36    00000004     simplelink.a : wlan.obj (.const:$P$T0$1)
                  20011f3a    00000004                  : socket.obj (.const:$P$T2$3)
                  20011f3e    00000004                  : device.obj (.const:_SlDeviceGetCmdCtrl)
                  20011f42    00000004                  : device.obj (.const:_SlDeviceSetCmdCtrl)
                  20011f46    00000004                  : netapp.obj (.const:_SlGetHostByNameCtrl)
                  20011f4a    00000004                  : netapp.obj (.const:_SlNetAppSendTokenValueCmdCtrl)
                  20011f4e    00000004                  : netcfg.obj (.const:_SlNetCfgSetCmdCtrl)
                  20011f52    00000004                  : wlan.obj (.const:_SlPolicySetCmdCtrl)
                  20011f56    00000004                  : wlan.obj (.const:_SlProfileDelCmdCtrl)
                  20011f5a    00000004                  : socket.obj (.const:_SlRecvCmdCtrl)
                  20011f5e    00000004                  : netapp.obj (.const:_SlRegisterServiceCtrl)
                  20011f62    00000004                  : wlan.obj (.const:_SlRxFilterSetCmdCtrl)
                  20011f66    00000004                  : socket.obj (.const:_SlSendCmdCtrl)
                  20011f6a    00000004                  : socket.obj (.const:_SlSetSockOptCmdCtrl)
                  20011f6e    00000004                  : socket.obj (.const:_SlSockCloseCmdCtrl)
                  20011f72    00000004                  : socket.obj (.const:_SlSockSocketCmdCtrl)
                  20011f76    00000004                  : device.obj (.const:_SlStopCmdCtrl)
                  20011f7a    00000004                  : wlan.obj (.const:_SlWlanCfgSetCmdCtrl)
                  20011f7e    00000004                  : wlan.obj (.const:_SlWlanSetModeCmdCtrl)
                  20011f82    00000002     --HOLE-- [fill = 0]
                  20011f84    00000004                  : driver.obj (.const:httpServer_callbacks)
                  20011f88    00000004                  : driver.obj (.const:netApp_callbacks)

.cinit     0    20011f90    00000368     
                  20011f90    00000340     (.cinit..data.load) [load image, compression = lzss]
                  200122d0    0000000c     (__TI_handler_table)
                  200122dc    00000004     --HOLE-- [fill = 0]
                  200122e0    00000008     (.cinit..bss.load) [load image, compression = zero_init]
                  200122e8    00000010     (__TI_cinit_table)

.sysmem    0    20017000    00008000     UNINITIALIZED
                  20017000    00000010     rtsv7M4_T_le_eabi.lib : memory.c.obj (.sysmem)
                  20017010    00007ff0     --HOLE--

.bss       0    2001f000    00000767     UNINITIALIZED
                  2001f000    00000168     simplelink.a : driver.obj (.bss:g_StatMem)
                  2001f168    00000120     rtsv7M4_T_le_eabi.lib : trgmsg.c.obj (.bss:_CIOBUF_)
                  2001f288    000000cc     (.common:Coordinates)
                  2001f354    000000cc     (.common:NMEA_Message)
                  2001f420    000000cc     (.common:TextRx)
                  2001f4ec    000000cc     (.common:TextTx)
                  2001f5b8    00000050     (.common:g_ucDinDout)
                  2001f608    00000034     (.common:Latitude_str)
                  2001f63c    00000034     (.common:Longitude_str)
                  2001f670    00000034     (.common:New_Latitude_str)
                  2001f6a4    00000034     (.common:New_Longitude_str)
                  2001f6d8    0000002c     (.common:g_time)
                  2001f704    00000024     (.common:g_ucConnectionSSID)
                  2001f728    00000008     (.common:g_ucConnectionBSSID)
                  2001f730    00000008     (.common:parmbuf)
                  2001f738    00000004     uart_if.obj (.bss)
                  2001f73c    00000004     (.common:Address)
                  2001f740    00000004     (.common:P2_intcount)
                  2001f744    00000004     (.common:P59_intcount)
                  2001f748    00000004     (.common:Restaurant)
                  2001f74c    00000004     (.common:message)
                  2001f750    00000004     (.common:prev_message)
                  2001f754    00000004     (.common:start_int)
                  2001f758    00000004     (.common:ulStatus)
                  2001f75c    00000001     (.common:Latitude_sign)
                  2001f75d    00000001     (.common:Longitude_sign)
                  2001f75e    00000001     (.common:P2_intstatus)
                  2001f75f    00000001     (.common:P59_intstatus)
                  2001f760    00000001     (.common:RxIrqCnt)
                  2001f761    00000001     (.common:g_bDeviceRestartIsRequired)
                  2001f762    00000001     (.common:g_cDummy)
                  2001f763    00000001     (.common:g_ucLED1Pin)
                  2001f764    00000001     (.common:g_ucLED2Pin)
                  2001f765    00000001     (.common:g_ucLED3Pin)
                  2001f766    00000001     (.common:prev_char)

.data      0    2001f768    000004ac     UNINITIALIZED
                  2001f768    00000098     main.obj (.data:Coffee_Shops)
                  2001f800    00000090     main.obj (.data:Italian_Restaurants)
                  2001f890    00000080     main.obj (.data:Chinese_Restaurants)
                  2001f910    00000074     main.obj (.data)
                  2001f984    00000068     main.obj (.data:Japanese_Restaurants)
                  2001f9ec    00000058     main.obj (.data:Mexican_Restaurants)
                  2001fa44    00000058     main.obj (.data:Sandwich_Shops)
                  2001fa9c    00000048     main.obj (.data:Burger_Restaurants)
                  2001fae4    00000040     main.obj (.data:Indian_Restaurants)
                  2001fb24    0000003c     simplelink.a : nonos.obj (.data:g__SlNonOsCB)
                  2001fb60    00000028     main.obj (.data:Thai_Restaurants)
                  2001fb88    00000015     Adafruit_GFX.obj (.data)
                  2001fb9d    00000003     --HOLE--
                  2001fba0    00000014     gpio_if.obj (.data:ulReg)
                  2001fbb4    00000012     main.obj (.data:letters3)
                  2001fbc6    00000002     --HOLE--
                  2001fbc8    0000000d     simplelink.a : driver.obj (.data)
                  2001fbd5    00000003     --HOLE--
                  2001fbd8    0000000c     gpio_if.obj (.data)
                  2001fbe4    00000009     simplelink.a : cc_pal.obj (.data)
                  2001fbed    00000003     --HOLE--
                  2001fbf0    00000008     rtsv7M4_T_le_eabi.lib : _lock.c.obj (.data:$O1$$)
                  2001fbf8    00000008                           : memory.c.obj (.data:$O1$$)
                  2001fc00    00000008     main.obj (.data:letters4)
                  2001fc08    00000004     rtsv7M4_T_le_eabi.lib : errno.c.obj (.data)
                  2001fc0c    00000004                           : rand.c.obj (.data)
                  2001fc10    00000004     simplelink.a : driver.obj (.data:wlan_callbacks)

.stack     0    2002f000    00001000     UNINITIALIZED
                  2002f000    00000004     rtsv7M4_T_le_eabi.lib : boot_cortex_m.c.obj (.stack)
                  2002f004    00000ffc     --HOLE--

__llvm_prf_cnts 
*          0    20017000    00000000     UNINITIALIZED

MODULE SUMMARY

       Module                       code    ro data   rw data
       ------                       ----    -------   -------
    .\
       main.obj                     9912    5765      2171   
       Adafruit_GFX.obj             2688    1275      21     
       Adafruit_OLED.obj            1190    0         0      
       startup_ccs.obj              14      1024      0      
       gpio_if.obj                  920     0         35     
       uart_if.obj                  636     0         4      
       pin_mux_config.obj           340     0         0      
       network_common.obj           38      0         0      
    +--+----------------------------+-------+---------+---------+
       Total:                       15738   8064      2231   
                                                             
    C:/ti/CC3200SDK_1.5.0/cc3200-sdk/driverlib/ccs/Release/driverlib.a
       prcm.obj                     852     168       0      
       spi.obj                      860     60        0      
       interrupt.obj                608     284       0      
       udma.obj                     604     0         0      
       pin.obj                      300     256       0      
       uart.obj                     524     16        0      
       gpio.obj                     422     0         0      
       timer.obj                    210     0         0      
       systick.obj                  96      0         0      
       cpu.obj                      20      0         0      
       utils.obj                    6       0         0      
    +--+----------------------------+-------+---------+---------+
       Total:                       4502    784       0      
                                                             
    C:/ti/CC3200SDK_1.5.0/cc3200-sdk/simplelink/ccs/NON_OS_debug/simplelink.a
       driver.obj                   7906    192       379    
       cc_pal.obj                   1960    0         90     
       socket.obj                   1830    40        0      
       netapp.obj                   1572    12        0      
       wlan.obj                     1316    24        0      
       device.obj                   1234    20        0      
       nonos.obj                    416     20        60     
       netcfg.obj                   152     4         0      
    +--+----------------------------+-------+---------+---------+
       Total:                       16386   312       529    
                                                             
    C:\ti\ccs1000\ccs\tools\compiler\ti-cgt-arm_20.2.0.LTS\lib\rtsv7M4_T_le_eabi.lib
       _printfi.c.obj               4835    0         0      
       strtod.c.obj                 1108    200       0      
       memory.c.obj                 908     0         8      
       fd_add_t2.asm.obj            438     0         0      
       trgmsg.c.obj                 108     0         288    
       fd_div_t2.asm.obj            310     0         0      
       fd_cmp_t2.asm.obj            268     0         0      
       ctype.c.obj                  0       257       0      
       fd_mul_t2.asm.obj            252     0         0      
       fs_add_t2.asm.obj            250     0         0      
       s_scalbn.c.obj               208     0         0      
       memcpy_t2.asm.obj            156     0         0      
       ull_div_t2.asm.obj           150     0         0      
       snprintf.c.obj               148     0         0      
       fs_div_t2.asm.obj            146     0         0      
       vsnprintf.c.obj              136     0         0      
       memset_t2.asm.obj            122     0         0      
       fd_tos_t2.asm.obj            110     0         0      
       copy_decompress_lzss.c.obj   104     0         0      
       sprintf.c.obj                98      0         0      
       rand.c.obj                   88      0         4      
       s_frexp.c.obj                92      0         0      
       _ltoa.c.obj                  84      0         0      
       atoi.c.obj                   76      0         0      
       fd_toi_t2.asm.obj            72      0         0      
       hosttime.c.obj               72      0         0      
       autoinit.c.obj               68      0         0      
       fs_tod_t2.asm.obj            56      0         0      
       fs_toi_t2.asm.obj            56      0         0      
       i_tofs_t2.asm.obj            56      0         0      
       i_tofd_t2.asm.obj            46      0         0      
       memmov.c.obj                 40      0         0      
       boot_cortex_m.c.obj          36      0         0      
       strcat.c.obj                 30      0         0      
       memccpy.c.obj                28      0         0      
       ll_mul_t2.asm.obj            24      0         0      
       strchr.c.obj                 22      0         0      
       strcpy.c.obj                 20      0         0      
       strlen.c.obj                 20      0         0      
       wcslen.c.obj                 18      0         0      
       copy_decompress_none.c.obj   14      0         0      
       time.c.obj                   14      0         0      
       copy_zero_init.c.obj         12      0         0      
       errno.c.obj                  8       0         4      
       s_copysign.c.obj             12      0         0      
       _lock.c.obj                  2       0         8      
       hostopen.c.obj               0       0         8      
       atof.c.obj                   6       0         0      
       exit.c.obj                   4       0         0      
       pre_init.c.obj               4       0         0      
       div0.asm.obj                 2       0         0      
    +--+----------------------------+-------+---------+---------+
       Total:                       10937   457       320    
                                                             
       Heap:                        0       0         32768  
       Stack:                       0       0         4096   
       Linker Generated:            0       868       0      
    +--+----------------------------+-------+---------+---------+
       Grand Total:                 47563   10485     39944  


LINKER GENERATED COPY TABLES

__TI_cinit_table @ 200122e8 records: 2, size/record: 8, table size: 16
	.data: load addr=20011f90, load size=00000340 bytes, run addr=2001f768, run size=000004ac bytes, compression=lzss
	.bss: load addr=200122e0, load size=00000008 bytes, run addr=2001f000, run size=00000767 bytes, compression=zero_init


LINKER GENERATED HANDLER TABLE

__TI_handler_table @ 200122d0 records: 3, size/record: 4, table size: 12
	index: 0, handler: __TI_decompress_lzss
	index: 1, handler: __TI_decompress_none
	index: 2, handler: __TI_zero_init


GLOBAL SYMBOLS: SORTED ALPHABETICALLY BY Name 

address   name                                  
-------   ----                                  
200085a5  Adafruit_Init                         
2001f73c  Address                               
2001fa9c  Burger_Restaurants                    
2000fde9  C$$EXIT                               
2000f0ef  C$$IO$$                               
2000fc87  CPUcpsie                              
2001f890  Chinese_Restaurants                   
2000946d  ClearTerm                             
2001f768  Coffee_Shops                          
2000871b  Color565                              
2001f944  Coordinate_check                      
2001f288  Coordinates                           
2000f619  DmaSpiSwIntHandler                    
20009477  Error                                 
2001f938  GPGGA                                 
2000f1d9  GPIODirModeSet                        
2000fc9b  GPIOIntClear                          
2000f9c9  GPIOIntEnable                         
2000f815  GPIOIntRegister                       
2000f6cd  GPIOIntStatus                         
2000dae9  GPIOIntTypeSet                        
2000fa99  GPIOPinRead                           
2000f733  GPIOPinWrite                          
200090d5  GPIO_IF_ConfigureNIntEnable           
20009161  GPIO_IF_Get                           
2000908f  GPIO_IF_GetPortNPin                   
20008e51  GPIO_IF_LedConfigure                  
20008f43  GPIO_IF_LedOff                        
20008e8f  GPIO_IF_LedOn                         
20008ff7  GPIO_IF_LedStatus                     
20009061  GPIO_IF_LedToggle                     
2000911d  GPIO_IF_Set                           
200094af  GetCmd                                
2000ea21  HOSTtime                              
2001fae4  Indian_Restaurants                    
2000942d  InitTerm                              
2000cabd  IntDisable                            
2000cb65  IntEnable                             
2000fdb5  IntMasterEnable                       
2000e4c9  IntPendClear                          
2000e5d1  IntPrioritySet                        
2000f755  IntRegister                           
2000f63d  IntUnregister                         
2000fcb1  IntVTableBaseSet                      
2001f800  Italian_Restaurants                   
2001f984  Japanese_Restaurants                  
2001f93c  Latitude_float                        
2001f75c  Latitude_sign                         
2001f608  Latitude_str                          
2001f940  Longitude_float                       
2001f75d  Longitude_sign                        
2001f63c  Longitude_str                         
2000944b  Message                               
2001f9ec  Mexican_Restaurants                   
2001f354  NMEA_Message                          
2001f94c  NMEA_Message_iterator                 
2001f670  New_Latitude_str                      
2001f6a4  New_Longitude_str                     
2000fd79  NwpMaskInterrupt                      
2000f089  NwpPowerOff                           
2000f211  NwpPowerOn                            
2000d9e1  NwpPowerOnPreamble                    
2000f775  NwpPrePowerOffTimout0                 
2000eee1  NwpRegisterInterruptHandler           
2000fd85  NwpUnMaskInterrupt                    
20011d18  OpcodeTranslateTable                  
20007463  Outstr                                
2001f740  P2_intcount                           
2001f75e  P2_intstatus                          
2001f744  P59_intcount                          
2001f75f  P59_intstatus                         
2000a8fd  PRCMCC3200MCUInit                     
2000fc19  PRCMHIBRegRead                        
2000fc2f  PRCMHIBRegWrite                       
2000f4dd  PRCMPeripheralClkDisable              
2000ef99  PRCMPeripheralClkEnable               
2000d2b9  PRCMPeripheralClockGet                
2000e521  PRCMPeripheralReset                   
2000f245  PRCMPeripheralStatusGet               
2000f405  PRCMSysResetCauseGet                  
2000d84d  PinConfigSet                          
2000ed61  PinModeSet                            
2000abe5  PinMuxConfig                          
2000f315  PinTypeGPIO                           
2000f9e3  PinTypeSPI                            
2000f9fd  PinTypeUART                           
200095ed  Report                                
2000fd6b  ResetISR                              
2001f748  Restaurant                            
2001f760  RxIrqCnt                              
2000fab1  SPICSDisable                          
2000fac9  SPICSEnable                           
2000ccb1  SPIConfigSetExpClk                    
2000f795  SPIDataGet                            
2000f833  SPIDataPut                            
2000fae1  SPIDisable                            
2000fa17  SPIDmaDisable                         
2000fa31  SPIDmaEnable                          
2000faf9  SPIEnable                             
2000fa4b  SPIFIFODisable                        
2000fa65  SPIFIFOEnable                         
2000f279  SPIFIFOLevelSet                       
2000ea69  SPIIntClear                           
2000e7c5  SPIIntEnable                          
2000fa7f  SPIIntUnregister                      
2000f6ef  SPIReset                              
2000f711  SPIWordCountSet                       
2001fa44  Sandwich_Shops                        
200045e9  SimpleLinkGeneralEventHandler         
200045c9  SimpleLinkHttpServerCallback          
20004525  SimpleLinkNetAppEventHandler          
20004609  SimpleLinkSockEventHandler            
2000440f  SimpleLinkWlanEventHandler            
2000fd11  SysTickEnable                         
2000fd21  SysTickIntEnable                      
2000f905  SysTickIntRegister                    
2000fb11  SysTickPeriodSet                      
2000fd91  SysTickValueGet                       
2001f420  TextRx                                
2001f914  TextRxLength                          
2001f4ec  TextTx                                
2001f918  TextTxLength                          
2001fb60  Thai_Restaurants                      
2000eb85  TimerConfigure                        
2000f851  TimerEnable                           
2000f7b5  TimerGetCurrentTimestamp              
2000f489  TimerLoadSet                          
2000f4b3  TimerPrescaleSet                      
2000f921  TimerValueGet                         
20009555  TrimSpace                             
2000f93d  UARTCharGetNonBlocking                
2000f86f  UARTCharPut                           
2000fb29  UARTCharsAvail                        
2000dde1  UARTConfigSetExpClk                   
2000f345  UARTDisable                           
2000f661  UARTEnable                            
2000fc45  UARTFIFODisable                       
2000fb41  UARTFIFOLevelSet                      
2000fced  UARTIntClear                          
2000fb59  UARTIntDisable                        
2000fb71  UARTIntEnable                         
2000f88d  UARTIntRegister                       
2000f8ab  UARTIntStatus                         
2000fdd9  UtilsDelay                            
20011d54  _SlActionLookupTable                  
2000cc0d  _SlDriverHandleError                  
2000eab1  _SlDrvBasicCmd                        
2000c899  _SlDrvCmdOp                           
2000e019  _SlDrvCmdSend                         
20009b59  _SlDrvDataReadOp                      
2000ad39  _SlDrvDataWriteOp                     
2000ce8d  _SlDrvDeviceEventHandler              
2000fd31  _SlDrvDispatchHttpServerEvents        
2000b601  _SlDrvDriverCBDeinit                  
2000a291  _SlDrvDriverCBInit                    
2000f505  _SlDrvGlobalObjUnLock                 
2000ec0d  _SlDrvHandleHttpServerEvents          
2000eda1  _SlDrvHandleNetAppEvents              
2000ede1  _SlDrvHandleWlanEvents                
2000d6a9  _SlDrvIsTimeoutExpired                
2000fc5b  _SlDrvMemZero                         
2000c0fd  _SlDrvMsgReadSpawnCtx                 
2000b959  _SlDrvNetAppEventHandler              
2000f5cd  _SlDrvObjLockWaitForever              
2000f7d5  _SlDrvObjUnLock                       
2000e85d  _SlDrvProtectAsyncRespSetting         
2000f45d  _SlDrvProtectionObjLockWaitForever    
2000f52d  _SlDrvProtectionObjUnLock             
20009d3d  _SlDrvReleasePoolObj                  
2000fd41  _SlDrvResetCmdExt                     
2000e625  _SlDrvRxIrqHandler                    
2000f959  _SlDrvStartMeasureTimeout             
2000f7f5  _SlDrvSyncObjSignal                   
2000f555  _SlDrvSyncObjWaitForever              
2000ec51  _SlDrvSyncObjWaitTimeout              
2000a5e1  _SlDrvWaitForPoolObj                  
20011f4a  _SlNetAppSendTokenValueCmdCtrl        
2000de59  _SlNonOsMainLoopTask                  
2000ca0d  _SlNonOsSemGet                        
2000fb89  _SlNonOsSemSet                        
2000e159  _SlNonOsSpawn                         
2001f168  __CIOBUF_                             
20030000  __STACK_END                           
00001000  __STACK_SIZE                          
00008000  __SYSMEM_SIZE                         
200122e8  __TI_CINIT_Base                       
200122f8  __TI_CINIT_Limit                      
200122d0  __TI_Handler_Table_Base               
200122dc  __TI_Handler_Table_Limit              
2000ec95  __TI_auto_init_nobinit_nopinit        
2000e0f1  __TI_decompress_lzss                  
2000fd5d  __TI_decompress_none                  
2000e679  __TI_ltoa                             
ffffffff  __TI_pprof_out_hndl                   
20007539  __TI_printfi                          
ffffffff  __TI_prof_data_size                   
ffffffff  __TI_prof_data_start                  
2000f2ad  __TI_readmsg                          
20011f90  __TI_static_base__                    
2000f0c1  __TI_writemsg                         
2000fda9  __TI_zero_init                        
2000d8d5  __aeabi_cdcmpeq                       
2000d8d5  __aeabi_cdcmple                       
2000d95b  __aeabi_cdrcmple                      
2000dfab  __aeabi_d2f                           
2000eaf9  __aeabi_d2iz                          
2000a0e3  __aeabi_dadd                          
2000b395  __aeabi_ddiv                          
2000ba5d  __aeabi_dmul                          
2000a0d9  __aeabi_dsub                          
2000fdc9  __aeabi_errno_addr                    
2000f0f9  __aeabi_f2d                           
2000f131  __aeabi_f2iz                          
2000bb5d  __aeabi_fadd                          
2000d34d  __aeabi_fdiv                          
2000bb59  __aeabi_fsub                          
2000f3d5  __aeabi_i2d                           
2000f169  __aeabi_i2f                           
2000a28f  __aeabi_idiv0                         
2000a28f  __aeabi_ldiv0                         
2000fc01  __aeabi_lmul                          
2000dced  __aeabi_memclr                        
2000dced  __aeabi_memclr4                       
2000dced  __aeabi_memclr8                       
2000cdf1  __aeabi_memcpy                        
2000cdf1  __aeabi_memcpy4                       
2000cdf1  __aeabi_memcpy8                       
2000dcef  __aeabi_memset                        
2000dcef  __aeabi_memset4                       
2000dcef  __aeabi_memset8                       
2000d221  __aeabi_uldivmod                      
ffffffff  __binit__                             
ffffffff  __c_args__                            
UNDEFED   __mpu_init                            
2002f000  __stack                               
20017000  __start___llvm_prf_cnts               
20017000  __stop___llvm_prf_cnts                
2000fd4f  __time32                              
2000f685  _c_int00_noargs                       
2001180b  _ctypes_                              
2001fbf0  _lock                                 
200089bf  _nop                                  
2000e1bd  _sl_HandleAsync_Accept                
2000db6d  _sl_HandleAsync_Connect               
2000d3e1  _sl_HandleAsync_DnsGetHostByName      
2000c63d  _sl_HandleAsync_DnsGetHostByService   
2000d735  _sl_HandleAsync_InitComplete          
2000d471  _sl_HandleAsync_PingResponse          
2000e6cd  _sl_HandleAsync_Select                
2000e775  _sl_HandleAsync_Stop                  
2000e085  _sl_NetAppSendTokenValue              
20017000  _sys_memory                           
UNDEFED   _system_post_cinit                    
2000fde5  _system_pre_init                      
2001fbf4  _unlock                               
2000fde9  abort                                 
2000b851  aligned_alloc                         
2000fddf  atof                                  
2000e8f5  atoi                                  
ffffffff  binit                                 
2001f96c  character                             
2000fd9d  copysign                              
2000fd9d  copysignl                             
2001fb88  cursor_x                              
2001fb8c  cursor_y                              
2001f958  delta                                 
2001f960  delta_us                              
20007317  drawChar                              
20006ab9  drawCircle                            
20006bed  drawCircleHelper                      
200088c9  drawFastHLine                         
20008829  drawFastVLine                         
20006e33  drawLine                              
20008965  drawPixel                             
20006f1f  drawRect                              
20006f6d  drawRoundRect                         
200070d5  drawTriangle                          
2001fc08  errno                                 
20006d0b  fillCircle                            
20006d45  fillCircleHelper                      
20008773  fillRect                              
2000705b  fillRoundRect                         
2000875d  fillScreen                            
20007117  fillTriangle                          
2001f924  first                                 
2001f970  font_count                            
2000c1e5  free                                  
2000e46d  frexp                                 
2000e46d  frexpl                                
2001f980  g_Host                                
2001fbc8  g_SlDeviceStatus                      
2001fbe4  g_SpiFd                               
2001fb24  g__SlNonOsCB                          
2001f761  g_bDeviceRestartIsRequired            
2001f762  g_cDummy                              
2001fbcc  g_pCB                                 
2001fbe8  g_pHostIntHdl                         
20004000  g_pfnVectors                          
2001f6d8  g_time                                
2001f728  g_ucConnectionBSSID                   
2001f704  g_ucConnectionSSID                    
2001fbec  g_ucDMAEnabled                        
2001f5b8  g_ucDinDout                           
2001f763  g_ucLED1Pin                           
2001f764  g_ucLED2Pin                           
2001f765  g_ucLED3Pin                           
2001fbd8  g_uiLED1Port                          
2001fbdc  g_uiLED2Port                          
2001fbe0  g_uiLED3Port                          
2001f97c  g_ulGatewayIP                         
2001f978  g_ulPingPacketsRecv                   
2001f974  g_ulStatus                            
200086d7  goTo                                  
20007517  height                                
2001f91c  i                                     
2001f934  incorrect                             
200089a3  invert                                
2001f930  lRetVal                               
2000c56d  ldexp                                 
2000c56d  ldexpl                                
2001fbb4  letters3                              
2001fc00  letters4                              
20005a0d  main                                  
2000fdd1  malloc                                
2001f920  match                                 
2000b851  memalign                              
2000f991  memccpy                               
2000cdf1  memcpy                                
2000f5a5  memmove                               
2000dcf5  memset                                
2001f74c  message                               
2001f950  no_coord                              
2001fbd0  pPingCallBackFunc                     
2001f730  parmbuf                               
2001f766  prev_char                             
2001f750  prev_message                          
200050ab  printErrConvenience                   
2000f2e1  rand                                  
2001f948  rand_restaurant                       
2000c2c9  realloc                               
2001f968  repetitions                           
2000c56d  scalbn                                
2000c56d  scalbnl                               
200074af  setCursor                             
200074e7  setTextColor                          
200074c7  setTextSize                           
200074ff  setTextWrap                           
2000efd5  simplelink_timerA2_start              
2000e34d  sl_Close                              
2000a771  sl_Connect                            
2000c709  sl_DevGet                             
2000cf29  sl_DevSet                             
2000ed1d  sl_Htonl                              
2000f011  sl_Htons                              
2000b115  sl_NetAppDnsGetHostByName             
2000c3ad  sl_NetAppMDNSRegisterUnregisterService
2000e221  sl_NetAppMDNSUnRegisterService        
2000cfc1  sl_NetCfgSet                          
2000f5f3  sl_Provisioning_HttpServerEventHdl    
2000f601  sl_Provisioning_NetAppEventHdl        
2000f60d  sl_Provisioning_WlanEventHdl          
2000cd51  sl_Recv                               
2000b4cd  sl_Send                               
2000d059  sl_SetSockOpt                         
2000d7c1  sl_Socket                             
2000bc55  sl_Start                              
2000bd45  sl_Stop                               
200091ad  sl_WlanConnect                        
2000f1a1  sl_WlanDisconnect                     
2000d501  sl_WlanPolicySet                      
2000e3ad  sl_WlanProfileDel                     
2000da65  sl_WlanRxFilterSet                    
2000d0f1  sl_WlanSet                            
2000e40d  sl_WlanSetMode                        
2000e941  snprintf                              
2000dd69  spi_Close                             
2000ae89  spi_Open                              
2000be35  spi_Read                              
2000d189  spi_Write                             
2000ee61  sprintf                               
2000f6a9  srand                                 
2001f754  start_int                             
2000f8e7  strcat                                
2000fc71  strchr                                
2000fcc5  strcpy                                
2000fcd9  strlen                                
200089c1  strtod                                
200089c1  strtold                               
2001f910  systick_cnt                           
2001fb98  textbgcolor                           
2001fb94  textcolor                             
2001fb90  textsize                              
2000fd4f  time                                  
2000e98d  uDMAChannelAssign                     
2000e285  uDMAChannelAttributeDisable           
2000e2e9  uDMAChannelAttributeEnable            
2000f04d  uDMAChannelControlSet                 
2000f9ad  uDMAChannelEnable                     
2000bf25  uDMAChannelTransferSet                
2001f758  ulStatus                              
2000eea1  vsnprintf                             
2000fcff  wcslen                                
20007513  width                                 
2001fb9c  wrap                                  
20008519  writeCommand                          
2000855f  writeData                             
2001f928  xTx                                   
2001f92c  yTx                                   


GLOBAL SYMBOLS: SORTED BY Symbol Address 

address   name                                  
-------   ----                                  
00001000  __STACK_SIZE                          
00008000  __SYSMEM_SIZE                         
20004000  g_pfnVectors                          
2000440f  SimpleLinkWlanEventHandler            
20004525  SimpleLinkNetAppEventHandler          
200045c9  SimpleLinkHttpServerCallback          
200045e9  SimpleLinkGeneralEventHandler         
20004609  SimpleLinkSockEventHandler            
200050ab  printErrConvenience                   
20005a0d  main                                  
20006ab9  drawCircle                            
20006bed  drawCircleHelper                      
20006d0b  fillCircle                            
20006d45  fillCircleHelper                      
20006e33  drawLine                              
20006f1f  drawRect                              
20006f6d  drawRoundRect                         
2000705b  fillRoundRect                         
200070d5  drawTriangle                          
20007117  fillTriangle                          
20007317  drawChar                              
20007463  Outstr                                
200074af  setCursor                             
200074c7  setTextSize                           
200074e7  setTextColor                          
200074ff  setTextWrap                           
20007513  width                                 
20007517  height                                
20007539  __TI_printfi                          
20008519  writeCommand                          
2000855f  writeData                             
200085a5  Adafruit_Init                         
200086d7  goTo                                  
2000871b  Color565                              
2000875d  fillScreen                            
20008773  fillRect                              
20008829  drawFastVLine                         
200088c9  drawFastHLine                         
20008965  drawPixel                             
200089a3  invert                                
200089bf  _nop                                  
200089c1  strtod                                
200089c1  strtold                               
20008e51  GPIO_IF_LedConfigure                  
20008e8f  GPIO_IF_LedOn                         
20008f43  GPIO_IF_LedOff                        
20008ff7  GPIO_IF_LedStatus                     
20009061  GPIO_IF_LedToggle                     
2000908f  GPIO_IF_GetPortNPin                   
200090d5  GPIO_IF_ConfigureNIntEnable           
2000911d  GPIO_IF_Set                           
20009161  GPIO_IF_Get                           
200091ad  sl_WlanConnect                        
2000942d  InitTerm                              
2000944b  Message                               
2000946d  ClearTerm                             
20009477  Error                                 
200094af  GetCmd                                
20009555  TrimSpace                             
200095ed  Report                                
20009b59  _SlDrvDataReadOp                      
20009d3d  _SlDrvReleasePoolObj                  
2000a0d9  __aeabi_dsub                          
2000a0e3  __aeabi_dadd                          
2000a28f  __aeabi_idiv0                         
2000a28f  __aeabi_ldiv0                         
2000a291  _SlDrvDriverCBInit                    
2000a5e1  _SlDrvWaitForPoolObj                  
2000a771  sl_Connect                            
2000a8fd  PRCMCC3200MCUInit                     
2000abe5  PinMuxConfig                          
2000ad39  _SlDrvDataWriteOp                     
2000ae89  spi_Open                              
2000b115  sl_NetAppDnsGetHostByName             
2000b395  __aeabi_ddiv                          
2000b4cd  sl_Send                               
2000b601  _SlDrvDriverCBDeinit                  
2000b851  aligned_alloc                         
2000b851  memalign                              
2000b959  _SlDrvNetAppEventHandler              
2000ba5d  __aeabi_dmul                          
2000bb59  __aeabi_fsub                          
2000bb5d  __aeabi_fadd                          
2000bc55  sl_Start                              
2000bd45  sl_Stop                               
2000be35  spi_Read                              
2000bf25  uDMAChannelTransferSet                
2000c0fd  _SlDrvMsgReadSpawnCtx                 
2000c1e5  free                                  
2000c2c9  realloc                               
2000c3ad  sl_NetAppMDNSRegisterUnregisterService
2000c56d  ldexp                                 
2000c56d  ldexpl                                
2000c56d  scalbn                                
2000c56d  scalbnl                               
2000c63d  _sl_HandleAsync_DnsGetHostByService   
2000c709  sl_DevGet                             
2000c899  _SlDrvCmdOp                           
2000ca0d  _SlNonOsSemGet                        
2000cabd  IntDisable                            
2000cb65  IntEnable                             
2000cc0d  _SlDriverHandleError                  
2000ccb1  SPIConfigSetExpClk                    
2000cd51  sl_Recv                               
2000cdf1  __aeabi_memcpy                        
2000cdf1  __aeabi_memcpy4                       
2000cdf1  __aeabi_memcpy8                       
2000cdf1  memcpy                                
2000ce8d  _SlDrvDeviceEventHandler              
2000cf29  sl_DevSet                             
2000cfc1  sl_NetCfgSet                          
2000d059  sl_SetSockOpt                         
2000d0f1  sl_WlanSet                            
2000d189  spi_Write                             
2000d221  __aeabi_uldivmod                      
2000d2b9  PRCMPeripheralClockGet                
2000d34d  __aeabi_fdiv                          
2000d3e1  _sl_HandleAsync_DnsGetHostByName      
2000d471  _sl_HandleAsync_PingResponse          
2000d501  sl_WlanPolicySet                      
2000d6a9  _SlDrvIsTimeoutExpired                
2000d735  _sl_HandleAsync_InitComplete          
2000d7c1  sl_Socket                             
2000d84d  PinConfigSet                          
2000d8d5  __aeabi_cdcmpeq                       
2000d8d5  __aeabi_cdcmple                       
2000d95b  __aeabi_cdrcmple                      
2000d9e1  NwpPowerOnPreamble                    
2000da65  sl_WlanRxFilterSet                    
2000dae9  GPIOIntTypeSet                        
2000db6d  _sl_HandleAsync_Connect               
2000dced  __aeabi_memclr                        
2000dced  __aeabi_memclr4                       
2000dced  __aeabi_memclr8                       
2000dcef  __aeabi_memset                        
2000dcef  __aeabi_memset4                       
2000dcef  __aeabi_memset8                       
2000dcf5  memset                                
2000dd69  spi_Close                             
2000dde1  UARTConfigSetExpClk                   
2000de59  _SlNonOsMainLoopTask                  
2000dfab  __aeabi_d2f                           
2000e019  _SlDrvCmdSend                         
2000e085  _sl_NetAppSendTokenValue              
2000e0f1  __TI_decompress_lzss                  
2000e159  _SlNonOsSpawn                         
2000e1bd  _sl_HandleAsync_Accept                
2000e221  sl_NetAppMDNSUnRegisterService        
2000e285  uDMAChannelAttributeDisable           
2000e2e9  uDMAChannelAttributeEnable            
2000e34d  sl_Close                              
2000e3ad  sl_WlanProfileDel                     
2000e40d  sl_WlanSetMode                        
2000e46d  frexp                                 
2000e46d  frexpl                                
2000e4c9  IntPendClear                          
2000e521  PRCMPeripheralReset                   
2000e5d1  IntPrioritySet                        
2000e625  _SlDrvRxIrqHandler                    
2000e679  __TI_ltoa                             
2000e6cd  _sl_HandleAsync_Select                
2000e775  _sl_HandleAsync_Stop                  
2000e7c5  SPIIntEnable                          
2000e85d  _SlDrvProtectAsyncRespSetting         
2000e8f5  atoi                                  
2000e941  snprintf                              
2000e98d  uDMAChannelAssign                     
2000ea21  HOSTtime                              
2000ea69  SPIIntClear                           
2000eab1  _SlDrvBasicCmd                        
2000eaf9  __aeabi_d2iz                          
2000eb85  TimerConfigure                        
2000ec0d  _SlDrvHandleHttpServerEvents          
2000ec51  _SlDrvSyncObjWaitTimeout              
2000ec95  __TI_auto_init_nobinit_nopinit        
2000ed1d  sl_Htonl                              
2000ed61  PinModeSet                            
2000eda1  _SlDrvHandleNetAppEvents              
2000ede1  _SlDrvHandleWlanEvents                
2000ee61  sprintf                               
2000eea1  vsnprintf                             
2000eee1  NwpRegisterInterruptHandler           
2000ef99  PRCMPeripheralClkEnable               
2000efd5  simplelink_timerA2_start              
2000f011  sl_Htons                              
2000f04d  uDMAChannelControlSet                 
2000f089  NwpPowerOff                           
2000f0c1  __TI_writemsg                         
2000f0ef  C$$IO$$                               
2000f0f9  __aeabi_f2d                           
2000f131  __aeabi_f2iz                          
2000f169  __aeabi_i2f                           
2000f1a1  sl_WlanDisconnect                     
2000f1d9  GPIODirModeSet                        
2000f211  NwpPowerOn                            
2000f245  PRCMPeripheralStatusGet               
2000f279  SPIFIFOLevelSet                       
2000f2ad  __TI_readmsg                          
2000f2e1  rand                                  
2000f315  PinTypeGPIO                           
2000f345  UARTDisable                           
2000f3d5  __aeabi_i2d                           
2000f405  PRCMSysResetCauseGet                  
2000f45d  _SlDrvProtectionObjLockWaitForever    
2000f489  TimerLoadSet                          
2000f4b3  TimerPrescaleSet                      
2000f4dd  PRCMPeripheralClkDisable              
2000f505  _SlDrvGlobalObjUnLock                 
2000f52d  _SlDrvProtectionObjUnLock             
2000f555  _SlDrvSyncObjWaitForever              
2000f5a5  memmove                               
2000f5cd  _SlDrvObjLockWaitForever              
2000f5f3  sl_Provisioning_HttpServerEventHdl    
2000f601  sl_Provisioning_NetAppEventHdl        
2000f60d  sl_Provisioning_WlanEventHdl          
2000f619  DmaSpiSwIntHandler                    
2000f63d  IntUnregister                         
2000f661  UARTEnable                            
2000f685  _c_int00_noargs                       
2000f6a9  srand                                 
2000f6cd  GPIOIntStatus                         
2000f6ef  SPIReset                              
2000f711  SPIWordCountSet                       
2000f733  GPIOPinWrite                          
2000f755  IntRegister                           
2000f775  NwpPrePowerOffTimout0                 
2000f795  SPIDataGet                            
2000f7b5  TimerGetCurrentTimestamp              
2000f7d5  _SlDrvObjUnLock                       
2000f7f5  _SlDrvSyncObjSignal                   
2000f815  GPIOIntRegister                       
2000f833  SPIDataPut                            
2000f851  TimerEnable                           
2000f86f  UARTCharPut                           
2000f88d  UARTIntRegister                       
2000f8ab  UARTIntStatus                         
2000f8e7  strcat                                
2000f905  SysTickIntRegister                    
2000f921  TimerValueGet                         
2000f93d  UARTCharGetNonBlocking                
2000f959  _SlDrvStartMeasureTimeout             
2000f991  memccpy                               
2000f9ad  uDMAChannelEnable                     
2000f9c9  GPIOIntEnable                         
2000f9e3  PinTypeSPI                            
2000f9fd  PinTypeUART                           
2000fa17  SPIDmaDisable                         
2000fa31  SPIDmaEnable                          
2000fa4b  SPIFIFODisable                        
2000fa65  SPIFIFOEnable                         
2000fa7f  SPIIntUnregister                      
2000fa99  GPIOPinRead                           
2000fab1  SPICSDisable                          
2000fac9  SPICSEnable                           
2000fae1  SPIDisable                            
2000faf9  SPIEnable                             
2000fb11  SysTickPeriodSet                      
2000fb29  UARTCharsAvail                        
2000fb41  UARTFIFOLevelSet                      
2000fb59  UARTIntDisable                        
2000fb71  UARTIntEnable                         
2000fb89  _SlNonOsSemSet                        
2000fc01  __aeabi_lmul                          
2000fc19  PRCMHIBRegRead                        
2000fc2f  PRCMHIBRegWrite                       
2000fc45  UARTFIFODisable                       
2000fc5b  _SlDrvMemZero                         
2000fc71  strchr                                
2000fc87  CPUcpsie                              
2000fc9b  GPIOIntClear                          
2000fcb1  IntVTableBaseSet                      
2000fcc5  strcpy                                
2000fcd9  strlen                                
2000fced  UARTIntClear                          
2000fcff  wcslen                                
2000fd11  SysTickEnable                         
2000fd21  SysTickIntEnable                      
2000fd31  _SlDrvDispatchHttpServerEvents        
2000fd41  _SlDrvResetCmdExt                     
2000fd4f  __time32                              
2000fd4f  time                                  
2000fd5d  __TI_decompress_none                  
2000fd6b  ResetISR                              
2000fd79  NwpMaskInterrupt                      
2000fd85  NwpUnMaskInterrupt                    
2000fd91  SysTickValueGet                       
2000fd9d  copysign                              
2000fd9d  copysignl                             
2000fda9  __TI_zero_init                        
2000fdb5  IntMasterEnable                       
2000fdc9  __aeabi_errno_addr                    
2000fdd1  malloc                                
2000fdd9  UtilsDelay                            
2000fddf  atof                                  
2000fde5  _system_pre_init                      
2000fde9  C$$EXIT                               
2000fde9  abort                                 
2001180b  _ctypes_                              
20011d18  OpcodeTranslateTable                  
20011d54  _SlActionLookupTable                  
20011f4a  _SlNetAppSendTokenValueCmdCtrl        
20011f90  __TI_static_base__                    
200122d0  __TI_Handler_Table_Base               
200122dc  __TI_Handler_Table_Limit              
200122e8  __TI_CINIT_Base                       
200122f8  __TI_CINIT_Limit                      
20017000  __start___llvm_prf_cnts               
20017000  __stop___llvm_prf_cnts                
20017000  _sys_memory                           
2001f168  __CIOBUF_                             
2001f288  Coordinates                           
2001f354  NMEA_Message                          
2001f420  TextRx                                
2001f4ec  TextTx                                
2001f5b8  g_ucDinDout                           
2001f608  Latitude_str                          
2001f63c  Longitude_str                         
2001f670  New_Latitude_str                      
2001f6a4  New_Longitude_str                     
2001f6d8  g_time                                
2001f704  g_ucConnectionSSID                    
2001f728  g_ucConnectionBSSID                   
2001f730  parmbuf                               
2001f73c  Address                               
2001f740  P2_intcount                           
2001f744  P59_intcount                          
2001f748  Restaurant                            
2001f74c  message                               
2001f750  prev_message                          
2001f754  start_int                             
2001f758  ulStatus                              
2001f75c  Latitude_sign                         
2001f75d  Longitude_sign                        
2001f75e  P2_intstatus                          
2001f75f  P59_intstatus                         
2001f760  RxIrqCnt                              
2001f761  g_bDeviceRestartIsRequired            
2001f762  g_cDummy                              
2001f763  g_ucLED1Pin                           
2001f764  g_ucLED2Pin                           
2001f765  g_ucLED3Pin                           
2001f766  prev_char                             
2001f768  Coffee_Shops                          
2001f800  Italian_Restaurants                   
2001f890  Chinese_Restaurants                   
2001f910  systick_cnt                           
2001f914  TextRxLength                          
2001f918  TextTxLength                          
2001f91c  i                                     
2001f920  match                                 
2001f924  first                                 
2001f928  xTx                                   
2001f92c  yTx                                   
2001f930  lRetVal                               
2001f934  incorrect                             
2001f938  GPGGA                                 
2001f93c  Latitude_float                        
2001f940  Longitude_float                       
2001f944  Coordinate_check                      
2001f948  rand_restaurant                       
2001f94c  NMEA_Message_iterator                 
2001f950  no_coord                              
2001f958  delta                                 
2001f960  delta_us                              
2001f968  repetitions                           
2001f96c  character                             
2001f970  font_count                            
2001f974  g_ulStatus                            
2001f978  g_ulPingPacketsRecv                   
2001f97c  g_ulGatewayIP                         
2001f980  g_Host                                
2001f984  Japanese_Restaurants                  
2001f9ec  Mexican_Restaurants                   
2001fa44  Sandwich_Shops                        
2001fa9c  Burger_Restaurants                    
2001fae4  Indian_Restaurants                    
2001fb24  g__SlNonOsCB                          
2001fb60  Thai_Restaurants                      
2001fb88  cursor_x                              
2001fb8c  cursor_y                              
2001fb90  textsize                              
2001fb94  textcolor                             
2001fb98  textbgcolor                           
2001fb9c  wrap                                  
2001fbb4  letters3                              
2001fbc8  g_SlDeviceStatus                      
2001fbcc  g_pCB                                 
2001fbd0  pPingCallBackFunc                     
2001fbd8  g_uiLED1Port                          
2001fbdc  g_uiLED2Port                          
2001fbe0  g_uiLED3Port                          
2001fbe4  g_SpiFd                               
2001fbe8  g_pHostIntHdl                         
2001fbec  g_ucDMAEnabled                        
2001fbf0  _lock                                 
2001fbf4  _unlock                               
2001fc00  letters4                              
2001fc08  errno                                 
2002f000  __stack                               
20030000  __STACK_END                           
ffffffff  __TI_pprof_out_hndl                   
ffffffff  __TI_prof_data_size                   
ffffffff  __TI_prof_data_start                  
ffffffff  __binit__                             
ffffffff  __c_args__                            
ffffffff  binit                                 
UNDEFED   __mpu_init                            
UNDEFED   _system_post_cinit                    

[408 symbols]
