<?xml version="1.0" encoding="ISO-8859-1" ?>
<link_info>
   <banner>TI ARM Linker PC v20.2.5.LTS</banner>
   <copyright>Copyright (c) 1996-2018 Texas Instruments Incorporated</copyright>
   <link_time>0x625ba8b3</link_time>
   <link_errors>0x0</link_errors>
   <output_file>lab3.out</output_file>
   <entry_point>
      <name>_c_int00_noargs</name>
      <address>0x2000717d</address>
   </entry_point>
   <input_file_list>
      <input_file id="fl-2">
         <path>.\</path>
         <kind>object</kind>
         <file>main.obj</file>
         <name>main.obj</name>
      </input_file>
      <input_file id="fl-3">
         <path>.\</path>
         <kind>object</kind>
         <file>pin_mux_config.obj</file>
         <name>pin_mux_config.obj</name>
      </input_file>
      <input_file id="fl-4">
         <path>.\</path>
         <kind>object</kind>
         <file>startup_ccs.obj</file>
         <name>startup_ccs.obj</name>
      </input_file>
      <input_file id="fl-5">
         <path>.\</path>
         <kind>object</kind>
         <file>uart_if.obj</file>
         <name>uart_if.obj</name>
      </input_file>
      <input_file id="fl-a">
         <kind>object</kind>
         <file>&lt;internal&gt;</file>
         <name>&lt;internal&gt;</name>
      </input_file>
      <input_file id="fl-c0">
         <path>C:\ti\ccs1110\ccs\tools\compiler\ti-cgt-arm_20.2.5.LTS\lib\</path>
         <kind>archive</kind>
         <file>rtsv7M4_T_le_eabi.lib</file>
         <name>vsnprintf.c.obj</name>
      </input_file>
      <input_file id="fl-c1">
         <path>C:\ti\ccs1110\ccs\tools\compiler\ti-cgt-arm_20.2.5.LTS\lib\</path>
         <kind>archive</kind>
         <file>rtsv7M4_T_le_eabi.lib</file>
         <name>ll_mul_t2.asm.obj</name>
      </input_file>
      <input_file id="fl-c2">
         <path>C:\ti\ccs1110\ccs\tools\compiler\ti-cgt-arm_20.2.5.LTS\lib\</path>
         <kind>archive</kind>
         <file>rtsv7M4_T_le_eabi.lib</file>
         <name>memcpy_t2.asm.obj</name>
      </input_file>
      <input_file id="fl-c3">
         <path>C:\ti\ccs1110\ccs\tools\compiler\ti-cgt-arm_20.2.5.LTS\lib\</path>
         <kind>archive</kind>
         <file>rtsv7M4_T_le_eabi.lib</file>
         <name>ull_div_t2.asm.obj</name>
      </input_file>
      <input_file id="fl-c4">
         <path>C:\ti\ccs1110\ccs\tools\compiler\ti-cgt-arm_20.2.5.LTS\lib\</path>
         <kind>archive</kind>
         <file>rtsv7M4_T_le_eabi.lib</file>
         <name>copy_zero_init.c.obj</name>
      </input_file>
      <input_file id="fl-c5">
         <path>C:\ti\ccs1110\ccs\tools\compiler\ti-cgt-arm_20.2.5.LTS\lib\</path>
         <kind>archive</kind>
         <file>rtsv7M4_T_le_eabi.lib</file>
         <name>copy_decompress_none.c.obj</name>
      </input_file>
      <input_file id="fl-c6">
         <path>C:\ti\ccs1110\ccs\tools\compiler\ti-cgt-arm_20.2.5.LTS\lib\</path>
         <kind>archive</kind>
         <file>rtsv7M4_T_le_eabi.lib</file>
         <name>copy_decompress_lzss.c.obj</name>
      </input_file>
      <input_file id="fl-c7">
         <path>C:\ti\ccs1110\ccs\tools\compiler\ti-cgt-arm_20.2.5.LTS\lib\</path>
         <kind>archive</kind>
         <file>rtsv7M4_T_le_eabi.lib</file>
         <name>memmov.c.obj</name>
      </input_file>
      <input_file id="fl-c8">
         <path>C:\ti\ccs1110\ccs\tools\compiler\ti-cgt-arm_20.2.5.LTS\lib\</path>
         <kind>archive</kind>
         <file>rtsv7M4_T_le_eabi.lib</file>
         <name>memory.c.obj</name>
      </input_file>
      <input_file id="fl-c9">
         <path>C:\ti\ccs1110\ccs\tools\compiler\ti-cgt-arm_20.2.5.LTS\lib\</path>
         <kind>archive</kind>
         <file>rtsv7M4_T_le_eabi.lib</file>
         <name>strlen.c.obj</name>
      </input_file>
      <input_file id="fl-ca">
         <path>C:\ti\ccs1110\ccs\tools\compiler\ti-cgt-arm_20.2.5.LTS\lib\</path>
         <kind>archive</kind>
         <file>rtsv7M4_T_le_eabi.lib</file>
         <name>boot_cortex_m.c.obj</name>
      </input_file>
      <input_file id="fl-cb">
         <path>C:\ti\ccs1110\ccs\tools\compiler\ti-cgt-arm_20.2.5.LTS\lib\</path>
         <kind>archive</kind>
         <file>rtsv7M4_T_le_eabi.lib</file>
         <name>_printfi.c.obj</name>
      </input_file>
      <input_file id="fl-cc">
         <path>C:\ti\ccs1110\ccs\tools\compiler\ti-cgt-arm_20.2.5.LTS\lib\</path>
         <kind>archive</kind>
         <file>rtsv7M4_T_le_eabi.lib</file>
         <name>s_frexp.c.obj</name>
      </input_file>
      <input_file id="fl-cd">
         <path>C:\ti\ccs1110\ccs\tools\compiler\ti-cgt-arm_20.2.5.LTS\lib\</path>
         <kind>archive</kind>
         <file>rtsv7M4_T_le_eabi.lib</file>
         <name>s_scalbn.c.obj</name>
      </input_file>
      <input_file id="fl-ce">
         <path>C:\ti\ccs1110\ccs\tools\compiler\ti-cgt-arm_20.2.5.LTS\lib\</path>
         <kind>archive</kind>
         <file>rtsv7M4_T_le_eabi.lib</file>
         <name>wcslen.c.obj</name>
      </input_file>
      <input_file id="fl-cf">
         <path>C:\ti\ccs1110\ccs\tools\compiler\ti-cgt-arm_20.2.5.LTS\lib\</path>
         <kind>archive</kind>
         <file>rtsv7M4_T_le_eabi.lib</file>
         <name>div0.asm.obj</name>
      </input_file>
      <input_file id="fl-d0">
         <path>C:\ti\ccs1110\ccs\tools\compiler\ti-cgt-arm_20.2.5.LTS\lib\</path>
         <kind>archive</kind>
         <file>rtsv7M4_T_le_eabi.lib</file>
         <name>fd_add_t2.asm.obj</name>
      </input_file>
      <input_file id="fl-d1">
         <path>C:\ti\ccs1110\ccs\tools\compiler\ti-cgt-arm_20.2.5.LTS\lib\</path>
         <kind>archive</kind>
         <file>rtsv7M4_T_le_eabi.lib</file>
         <name>fd_cmp_t2.asm.obj</name>
      </input_file>
      <input_file id="fl-d2">
         <path>C:\ti\ccs1110\ccs\tools\compiler\ti-cgt-arm_20.2.5.LTS\lib\</path>
         <kind>archive</kind>
         <file>rtsv7M4_T_le_eabi.lib</file>
         <name>fd_div_t2.asm.obj</name>
      </input_file>
      <input_file id="fl-d3">
         <path>C:\ti\ccs1110\ccs\tools\compiler\ti-cgt-arm_20.2.5.LTS\lib\</path>
         <kind>archive</kind>
         <file>rtsv7M4_T_le_eabi.lib</file>
         <name>fd_mul_t2.asm.obj</name>
      </input_file>
      <input_file id="fl-d4">
         <path>C:\ti\ccs1110\ccs\tools\compiler\ti-cgt-arm_20.2.5.LTS\lib\</path>
         <kind>archive</kind>
         <file>rtsv7M4_T_le_eabi.lib</file>
         <name>fd_toi_t2.asm.obj</name>
      </input_file>
      <input_file id="fl-d5">
         <path>C:\ti\ccs1110\ccs\tools\compiler\ti-cgt-arm_20.2.5.LTS\lib\</path>
         <kind>archive</kind>
         <file>rtsv7M4_T_le_eabi.lib</file>
         <name>i_tofd_t2.asm.obj</name>
      </input_file>
      <input_file id="fl-d6">
         <path>C:\ti\ccs1110\ccs\tools\compiler\ti-cgt-arm_20.2.5.LTS\lib\</path>
         <kind>archive</kind>
         <file>rtsv7M4_T_le_eabi.lib</file>
         <name>memset_t2.asm.obj</name>
      </input_file>
      <input_file id="fl-d7">
         <path>C:\ti\ccs1110\ccs\tools\compiler\ti-cgt-arm_20.2.5.LTS\lib\</path>
         <kind>archive</kind>
         <file>rtsv7M4_T_le_eabi.lib</file>
         <name>autoinit.c.obj</name>
      </input_file>
      <input_file id="fl-d8">
         <path>C:\ti\ccs1110\ccs\tools\compiler\ti-cgt-arm_20.2.5.LTS\lib\</path>
         <kind>archive</kind>
         <file>rtsv7M4_T_le_eabi.lib</file>
         <name>pre_init.c.obj</name>
      </input_file>
      <input_file id="fl-d9">
         <path>C:\ti\ccs1110\ccs\tools\compiler\ti-cgt-arm_20.2.5.LTS\lib\</path>
         <kind>archive</kind>
         <file>rtsv7M4_T_le_eabi.lib</file>
         <name>cpy_tbl.c.obj</name>
      </input_file>
      <input_file id="fl-da">
         <path>C:\ti\ccs1110\ccs\tools\compiler\ti-cgt-arm_20.2.5.LTS\lib\</path>
         <kind>archive</kind>
         <file>rtsv7M4_T_le_eabi.lib</file>
         <name>exit.c.obj</name>
      </input_file>
      <input_file id="fl-db">
         <path>C:\ti\ccs1110\ccs\tools\compiler\ti-cgt-arm_20.2.5.LTS\lib\</path>
         <kind>archive</kind>
         <file>rtsv7M4_T_le_eabi.lib</file>
         <name>_lock.c.obj</name>
      </input_file>
      <input_file id="fl-dc">
         <path>C:\ti\ccs1110\ccs\tools\compiler\ti-cgt-arm_20.2.5.LTS\lib\</path>
         <kind>archive</kind>
         <file>rtsv7M4_T_le_eabi.lib</file>
         <name>_ltoa.c.obj</name>
      </input_file>
      <input_file id="fl-dd">
         <path>C:\ti\ccs1110\ccs\tools\compiler\ti-cgt-arm_20.2.5.LTS\lib\</path>
         <kind>archive</kind>
         <file>rtsv7M4_T_le_eabi.lib</file>
         <name>args_main.c.obj</name>
      </input_file>
      <input_file id="fl-de">
         <path>C:\ti\ccs1110\ccs\tools\compiler\ti-cgt-arm_20.2.5.LTS\lib\</path>
         <kind>archive</kind>
         <file>rtsv7M4_T_le_eabi.lib</file>
         <name>atoi.c.obj</name>
      </input_file>
      <input_file id="fl-df">
         <path>C:\ti\ccs1110\ccs\tools\compiler\ti-cgt-arm_20.2.5.LTS\lib\</path>
         <kind>archive</kind>
         <file>rtsv7M4_T_le_eabi.lib</file>
         <name>ctype.c.obj</name>
      </input_file>
      <input_file id="fl-e0">
         <path>C:\ti\ccs1110\ccs\tools\compiler\ti-cgt-arm_20.2.5.LTS\lib\</path>
         <kind>archive</kind>
         <file>rtsv7M4_T_le_eabi.lib</file>
         <name>memccpy.c.obj</name>
      </input_file>
      <input_file id="fl-e1">
         <path>C:\ti\ccs1110\ccs\tools\compiler\ti-cgt-arm_20.2.5.LTS\lib\</path>
         <kind>archive</kind>
         <file>rtsv7M4_T_le_eabi.lib</file>
         <name>strchr.c.obj</name>
      </input_file>
      <input_file id="fl-e2">
         <path>C:\ti\ccs1110\ccs\tools\compiler\ti-cgt-arm_20.2.5.LTS\lib\</path>
         <kind>archive</kind>
         <file>rtsv7M4_T_le_eabi.lib</file>
         <name>errno.c.obj</name>
      </input_file>
      <input_file id="fl-e3">
         <path>C:\ti\ccs1110\ccs\tools\compiler\ti-cgt-arm_20.2.5.LTS\lib\</path>
         <kind>archive</kind>
         <file>rtsv7M4_T_le_eabi.lib</file>
         <name>s_copysign.c.obj</name>
      </input_file>
      <input_file id="fl-e4">
         <path>C:\ti\cc3200-sdk\driverlib\ccs\Release\</path>
         <kind>archive</kind>
         <file>driverlib.a</file>
         <name>gpio.obj</name>
      </input_file>
      <input_file id="fl-e5">
         <path>C:\ti\cc3200-sdk\driverlib\ccs\Release\</path>
         <kind>archive</kind>
         <file>driverlib.a</file>
         <name>interrupt.obj</name>
      </input_file>
      <input_file id="fl-e6">
         <path>C:\ti\cc3200-sdk\driverlib\ccs\Release\</path>
         <kind>archive</kind>
         <file>driverlib.a</file>
         <name>pin.obj</name>
      </input_file>
      <input_file id="fl-e7">
         <path>C:\ti\cc3200-sdk\driverlib\ccs\Release\</path>
         <kind>archive</kind>
         <file>driverlib.a</file>
         <name>prcm.obj</name>
      </input_file>
      <input_file id="fl-e8">
         <path>C:\ti\cc3200-sdk\driverlib\ccs\Release\</path>
         <kind>archive</kind>
         <file>driverlib.a</file>
         <name>systick.obj</name>
      </input_file>
      <input_file id="fl-e9">
         <path>C:\ti\cc3200-sdk\driverlib\ccs\Release\</path>
         <kind>archive</kind>
         <file>driverlib.a</file>
         <name>uart.obj</name>
      </input_file>
      <input_file id="fl-ea">
         <path>C:\ti\cc3200-sdk\driverlib\ccs\Release\</path>
         <kind>archive</kind>
         <file>driverlib.a</file>
         <name>utils.obj</name>
      </input_file>
      <input_file id="fl-eb">
         <path>C:\ti\cc3200-sdk\driverlib\ccs\Release\</path>
         <kind>archive</kind>
         <file>driverlib.a</file>
         <name>cpu.obj</name>
      </input_file>
      <input_file id="fl-ec">
         <path>C:\ti\cc3200-sdk\driverlib\ccs\Release\</path>
         <kind>archive</kind>
         <file>driverlib.a</file>
         <name>flash.obj</name>
      </input_file>
   </input_file_list>
   <object_component_list>
      <object_component id="oc-12">
         <name>.intvecs</name>
         <load_address>0x20004000</load_address>
         <run_address>0x20004000</run_address>
         <size>0x400</size>
         <input_file_ref idref="fl-4"/>
      </object_component>
      <object_component id="oc-27e">
         <name>.text:__TI_printfi</name>
         <load_address>0x20004400</load_address>
         <run_address>0x20004400</run_address>
         <size>0xa4e</size>
         <input_file_ref idref="fl-cb"/>
      </object_component>
      <object_component id="oc-2f1">
         <name>.text:_nop</name>
         <load_address>0x20004e4e</load_address>
         <run_address>0x20004e4e</run_address>
         <size>0x2</size>
         <input_file_ref idref="fl-db"/>
      </object_component>
      <object_component id="oc-97">
         <name>.text</name>
         <load_address>0x20004e50</load_address>
         <run_address>0x20004e50</run_address>
         <size>0x340</size>
         <input_file_ref idref="fl-2"/>
      </object_component>
      <object_component id="oc-e1">
         <name>.text</name>
         <load_address>0x20005190</load_address>
         <run_address>0x20005190</run_address>
         <size>0x27c</size>
         <input_file_ref idref="fl-5"/>
      </object_component>
      <object_component id="oc-335">
         <name>.text:_pconv_a</name>
         <load_address>0x2000540c</load_address>
         <run_address>0x2000540c</run_address>
         <size>0x268</size>
         <input_file_ref idref="fl-cb"/>
      </object_component>
      <object_component id="oc-323">
         <name>.text:_pconv_g</name>
         <load_address>0x20005674</load_address>
         <run_address>0x20005674</run_address>
         <size>0x1cc</size>
         <input_file_ref idref="fl-cb"/>
      </object_component>
      <object_component id="oc-3ac">
         <name>.text</name>
         <load_address>0x20005840</load_address>
         <run_address>0x20005840</run_address>
         <size>0x1b6</size>
         <input_file_ref idref="fl-d0"/>
      </object_component>
      <object_component id="oc-18a">
         <name>.text</name>
         <load_address>0x200059f6</load_address>
         <run_address>0x200059f6</run_address>
         <size>0x2</size>
         <input_file_ref idref="fl-cf"/>
      </object_component>
      <object_component id="oc-f9">
         <name>.text:PRCMCC3200MCUInit</name>
         <load_address>0x200059f8</load_address>
         <run_address>0x200059f8</run_address>
         <size>0x178</size>
         <input_file_ref idref="fl-e7"/>
      </object_component>
      <object_component id="oc-32f">
         <name>.text:_pconv_e</name>
         <load_address>0x20005b70</load_address>
         <run_address>0x20005b70</run_address>
         <size>0x13c</size>
         <input_file_ref idref="fl-cb"/>
      </object_component>
      <object_component id="oc-392">
         <name>.text</name>
         <load_address>0x20005cac</load_address>
         <run_address>0x20005cac</run_address>
         <size>0x136</size>
         <input_file_ref idref="fl-d2"/>
      </object_component>
      <object_component id="oc-3be">
         <name>.text:fcvt</name>
         <load_address>0x20005de4</load_address>
         <run_address>0x20005de4</run_address>
         <size>0x120</size>
         <input_file_ref idref="fl-cb"/>
      </object_component>
      <object_component id="oc-2a2">
         <name>.text:aligned_alloc</name>
         <load_address>0x20005f04</load_address>
         <run_address>0x20005f04</run_address>
         <size>0x100</size>
         <input_file_ref idref="fl-c8"/>
      </object_component>
      <object_component id="oc-38d">
         <name>.text</name>
         <load_address>0x20006004</load_address>
         <run_address>0x20006004</run_address>
         <size>0xfc</size>
         <input_file_ref idref="fl-d3"/>
      </object_component>
      <object_component id="oc-1cd">
         <name>.text:free</name>
         <load_address>0x20006100</load_address>
         <run_address>0x20006100</run_address>
         <size>0xe4</size>
         <input_file_ref idref="fl-c8"/>
      </object_component>
      <object_component id="oc-1c7">
         <name>.text:realloc</name>
         <load_address>0x200061e4</load_address>
         <run_address>0x200061e4</run_address>
         <size>0xe4</size>
         <input_file_ref idref="fl-c8"/>
      </object_component>
      <object_component id="oc-117">
         <name>.text</name>
         <load_address>0x200062c8</load_address>
         <run_address>0x200062c8</run_address>
         <size>0xe2</size>
         <input_file_ref idref="fl-3"/>
      </object_component>
      <object_component id="oc-3d2">
         <name>.text:scalbn</name>
         <load_address>0x200063ac</load_address>
         <run_address>0x200063ac</run_address>
         <size>0xd0</size>
         <input_file_ref idref="fl-cd"/>
      </object_component>
      <object_component id="oc-318">
         <name>.text:_ltostr</name>
         <load_address>0x2000647c</load_address>
         <run_address>0x2000647c</run_address>
         <size>0xb1</size>
         <input_file_ref idref="fl-cb"/>
      </object_component>
      <object_component id="oc-f3">
         <name>.text:IntEnable</name>
         <load_address>0x20006530</load_address>
         <run_address>0x20006530</run_address>
         <size>0xa8</size>
         <input_file_ref idref="fl-e5"/>
      </object_component>
      <object_component id="oc-3d">
         <name>.text</name>
         <load_address>0x200065d8</load_address>
         <run_address>0x200065d8</run_address>
         <size>0x9c</size>
         <input_file_ref idref="fl-c2"/>
      </object_component>
      <object_component id="oc-d7">
         <name>.text</name>
         <load_address>0x20006674</load_address>
         <run_address>0x20006674</run_address>
         <size>0x96</size>
         <input_file_ref idref="fl-c3"/>
      </object_component>
      <object_component id="oc-191">
         <name>.text:PRCMPeripheralClockGet</name>
         <load_address>0x2000670c</load_address>
         <run_address>0x2000670c</run_address>
         <size>0x94</size>
         <input_file_ref idref="fl-e7"/>
      </object_component>
      <object_component id="oc-2e1">
         <name>.text:PinConfigSet</name>
         <load_address>0x200067a0</load_address>
         <run_address>0x200067a0</run_address>
         <size>0x88</size>
         <input_file_ref idref="fl-e6"/>
      </object_component>
      <object_component id="oc-31e">
         <name>.text:__aeabi_cdcmple</name>
         <load_address>0x20006828</load_address>
         <run_address>0x20006828</run_address>
         <size>0x86</size>
         <input_file_ref idref="fl-d1"/>
      </object_component>
      <object_component id="oc-397">
         <name>.text:__aeabi_cdrcmple</name>
         <load_address>0x200068ae</load_address>
         <run_address>0x200068ae</run_address>
         <size>0x86</size>
         <input_file_ref idref="fl-d1"/>
      </object_component>
      <object_component id="oc-123">
         <name>.text:GPIOIntTypeSet</name>
         <load_address>0x20006934</load_address>
         <run_address>0x20006934</run_address>
         <size>0x82</size>
         <input_file_ref idref="fl-e4"/>
      </object_component>
      <object_component id="oc-8b">
         <name>.text</name>
         <load_address>0x200069b6</load_address>
         <run_address>0x200069b6</run_address>
         <size>0x7a</size>
         <input_file_ref idref="fl-d6"/>
      </object_component>
      <object_component id="oc-197">
         <name>.text:UARTConfigSetExpClk</name>
         <load_address>0x20006a30</load_address>
         <run_address>0x20006a30</run_address>
         <size>0x76</size>
         <input_file_ref idref="fl-e9"/>
      </object_component>
      <object_component id="oc-2af">
         <name>.text:split</name>
         <load_address>0x20006aa8</load_address>
         <run_address>0x20006aa8</run_address>
         <size>0x70</size>
         <input_file_ref idref="fl-c8"/>
      </object_component>
      <object_component id="oc-3b7">
         <name>.text:_mcpy</name>
         <load_address>0x20006b18</load_address>
         <run_address>0x20006b18</run_address>
         <size>0x6e</size>
         <input_file_ref idref="fl-cb"/>
      </object_component>
      <object_component id="oc-15">
         <name>.text:decompress:lzss:__TI_decompress_lzss</name>
         <load_address>0x20006b86</load_address>
         <run_address>0x20006b86</run_address>
         <size>0x68</size>
         <input_file_ref idref="fl-c6"/>
      </object_component>
      <object_component id="oc-3cc">
         <name>.text:frexp</name>
         <load_address>0x20006bf0</load_address>
         <run_address>0x20006bf0</run_address>
         <size>0x5c</size>
         <input_file_ref idref="fl-cc"/>
      </object_component>
      <object_component id="oc-206">
         <name>.text:PRCMPeripheralReset</name>
         <load_address>0x20006c4c</load_address>
         <run_address>0x20006c4c</run_address>
         <size>0x58</size>
         <input_file_ref idref="fl-e7"/>
      </object_component>
      <object_component id="oc-329">
         <name>.text:_pconv_f</name>
         <load_address>0x20006ca4</load_address>
         <run_address>0x20006ca4</run_address>
         <size>0x56</size>
         <input_file_ref idref="fl-cb"/>
      </object_component>
      <object_component id="oc-3a1">
         <name>.text:__TI_ltoa</name>
         <load_address>0x20006cfa</load_address>
         <run_address>0x20006cfa</run_address>
         <size>0x54</size>
         <input_file_ref idref="fl-dc"/>
      </object_component>
      <object_component id="oc-3b1">
         <name>.text:_ecpy</name>
         <load_address>0x20006d4e</load_address>
         <run_address>0x20006d4e</run_address>
         <size>0x52</size>
         <input_file_ref idref="fl-cb"/>
      </object_component>
      <object_component id="oc-312">
         <name>.text:atoi</name>
         <load_address>0x20006da0</load_address>
         <run_address>0x20006da0</run_address>
         <size>0x4c</size>
         <input_file_ref idref="fl-de"/>
      </object_component>
      <object_component id="oc-237">
         <name>.text:GPIOGetIntNumber</name>
         <load_address>0x20006dec</load_address>
         <run_address>0x20006dec</run_address>
         <size>0x48</size>
         <input_file_ref idref="fl-e4"/>
      </object_component>
      <object_component id="oc-39c">
         <name>.text</name>
         <load_address>0x20006e34</load_address>
         <run_address>0x20006e34</run_address>
         <size>0x48</size>
         <input_file_ref idref="fl-d4"/>
      </object_component>
      <object_component id="oc-150">
         <name>.text:__TI_auto_init_nobinit_nopinit:__TI_auto_init_nobinit_nopinit</name>
         <load_address>0x20006e7c</load_address>
         <run_address>0x20006e7c</run_address>
         <size>0x44</size>
         <input_file_ref idref="fl-d7"/>
      </object_component>
      <object_component id="oc-21e">
         <name>.text:PinModeSet</name>
         <load_address>0x20006ec0</load_address>
         <run_address>0x20006ec0</run_address>
         <size>0x40</size>
         <input_file_ref idref="fl-e6"/>
      </object_component>
      <object_component id="oc-1a3">
         <name>.text:vsnprintf</name>
         <load_address>0x20006f00</load_address>
         <run_address>0x20006f00</run_address>
         <size>0x40</size>
         <input_file_ref idref="fl-c0"/>
      </object_component>
      <object_component id="oc-3c4">
         <name>.text:_fcpy</name>
         <load_address>0x20006f40</load_address>
         <run_address>0x20006f40</run_address>
         <size>0x3e</size>
         <input_file_ref idref="fl-cb"/>
      </object_component>
      <object_component id="oc-200">
         <name>.text:PRCMPeripheralClkEnable</name>
         <load_address>0x20006f80</load_address>
         <run_address>0x20006f80</run_address>
         <size>0x3c</size>
         <input_file_ref idref="fl-e7"/>
      </object_component>
      <object_component id="oc-22a">
         <name>.text:GPIODirModeSet</name>
         <load_address>0x20006fbc</load_address>
         <run_address>0x20006fbc</run_address>
         <size>0x36</size>
         <input_file_ref idref="fl-e4"/>
      </object_component>
      <object_component id="oc-224">
         <name>.text:PinTypeGPIO</name>
         <load_address>0x20006ff2</load_address>
         <run_address>0x20006ff2</run_address>
         <size>0x30</size>
         <input_file_ref idref="fl-e6"/>
      </object_component>
      <object_component id="oc-270">
         <name>.text:UARTDisable</name>
         <load_address>0x20007024</load_address>
         <run_address>0x20007024</run_address>
         <size>0x30</size>
         <input_file_ref idref="fl-e9"/>
      </object_component>
      <object_component id="oc-284">
         <name>.text:_outs</name>
         <load_address>0x20007054</load_address>
         <run_address>0x20007054</run_address>
         <size>0x30</size>
         <input_file_ref idref="fl-c0"/>
      </object_component>
      <object_component id="oc-3a7">
         <name>.text</name>
         <load_address>0x20007084</load_address>
         <run_address>0x20007084</run_address>
         <size>0x2e</size>
         <input_file_ref idref="fl-d5"/>
      </object_component>
      <object_component id="oc-1ee">
         <name>.text:PRCMSysResetCauseGet</name>
         <load_address>0x200070b4</load_address>
         <run_address>0x200070b4</run_address>
         <size>0x2c</size>
         <input_file_ref idref="fl-e7"/>
      </object_component>
      <object_component id="oc-20c">
         <name>.text:PRCMPeripheralClkDisable</name>
         <load_address>0x200070e0</load_address>
         <run_address>0x200070e0</run_address>
         <size>0x28</size>
         <input_file_ref idref="fl-e7"/>
      </object_component>
      <object_component id="oc-2b6">
         <name>.text:free_list_insert</name>
         <load_address>0x20007108</load_address>
         <run_address>0x20007108</run_address>
         <size>0x28</size>
         <input_file_ref idref="fl-c8"/>
      </object_component>
      <object_component id="oc-1bb">
         <name>.text:memmove</name>
         <load_address>0x20007130</load_address>
         <run_address>0x20007130</run_address>
         <size>0x28</size>
         <input_file_ref idref="fl-c7"/>
      </object_component>
      <object_component id="oc-276">
         <name>.text:UARTEnable</name>
         <load_address>0x20007158</load_address>
         <run_address>0x20007158</run_address>
         <size>0x24</size>
         <input_file_ref idref="fl-e9"/>
      </object_component>
      <object_component id="oc-5b">
         <name>.text:_c_int00_noargs:_c_int00_noargs</name>
         <load_address>0x2000717c</load_address>
         <run_address>0x2000717c</run_address>
         <size>0x24</size>
         <input_file_ref idref="fl-ca"/>
      </object_component>
      <object_component id="oc-c5">
         <name>.text:GPIOIntStatus</name>
         <load_address>0x200071a0</load_address>
         <run_address>0x200071a0</run_address>
         <size>0x22</size>
         <input_file_ref idref="fl-e4"/>
      </object_component>
      <object_component id="oc-214">
         <name>.text:IntRegister</name>
         <load_address>0x200071c4</load_address>
         <run_address>0x200071c4</run_address>
         <size>0x20</size>
         <input_file_ref idref="fl-e5"/>
      </object_component>
      <object_component id="oc-11d">
         <name>.text:GPIOIntRegister</name>
         <load_address>0x200071e4</load_address>
         <run_address>0x200071e4</run_address>
         <size>0x1e</size>
         <input_file_ref idref="fl-e4"/>
      </object_component>
      <object_component id="oc-19d">
         <name>.text:UARTCharPut</name>
         <load_address>0x20007202</load_address>
         <run_address>0x20007202</run_address>
         <size>0x1e</size>
         <input_file_ref idref="fl-e9"/>
      </object_component>
      <object_component id="oc-105">
         <name>.text:SysTickIntRegister</name>
         <load_address>0x20007220</load_address>
         <run_address>0x20007220</run_address>
         <size>0x1c</size>
         <input_file_ref idref="fl-e8"/>
      </object_component>
      <object_component id="oc-1af">
         <name>.text:UARTCharGetNonBlocking</name>
         <load_address>0x2000723c</load_address>
         <run_address>0x2000723c</run_address>
         <size>0x1c</size>
         <input_file_ref idref="fl-e9"/>
      </object_component>
      <object_component id="oc-49">
         <name>.text:decompress:ZI:__TI_zero_init_nomemset:__TI_zero_init_nomemset</name>
         <load_address>0x20007258</load_address>
         <run_address>0x20007258</run_address>
         <size>0x1c</size>
         <input_file_ref idref="fl-c4"/>
      </object_component>
      <object_component id="oc-2a9">
         <name>.text:free_list_remove</name>
         <load_address>0x20007274</load_address>
         <run_address>0x20007274</run_address>
         <size>0x1c</size>
         <input_file_ref idref="fl-c8"/>
      </object_component>
      <object_component id="oc-33b">
         <name>.text:memccpy</name>
         <load_address>0x20007290</load_address>
         <run_address>0x20007290</run_address>
         <size>0x1c</size>
         <input_file_ref idref="fl-e0"/>
      </object_component>
      <object_component id="oc-129">
         <name>.text:GPIOIntEnable</name>
         <load_address>0x200072ac</load_address>
         <run_address>0x200072ac</run_address>
         <size>0x1a</size>
         <input_file_ref idref="fl-e4"/>
      </object_component>
      <object_component id="oc-230">
         <name>.text:PinTypeUART</name>
         <load_address>0x200072c6</load_address>
         <run_address>0x200072c6</run_address>
         <size>0x1a</size>
         <input_file_ref idref="fl-e6"/>
      </object_component>
      <object_component id="oc-ff">
         <name>.text:SysTickPeriodSet</name>
         <load_address>0x200072e0</load_address>
         <run_address>0x200072e0</run_address>
         <size>0x18</size>
         <input_file_ref idref="fl-e8"/>
      </object_component>
      <object_component id="oc-1a9">
         <name>.text:UARTCharsAvail</name>
         <load_address>0x200072f8</load_address>
         <run_address>0x200072f8</run_address>
         <size>0x18</size>
         <input_file_ref idref="fl-e9"/>
      </object_component>
      <object_component id="oc-28a">
         <name>.text:_outc</name>
         <load_address>0x20007310</load_address>
         <run_address>0x20007310</run_address>
         <size>0x18</size>
         <input_file_ref idref="fl-c0"/>
      </object_component>
      <object_component id="oc-dc">
         <name>.text</name>
         <load_address>0x20007328</load_address>
         <run_address>0x20007328</run_address>
         <size>0x18</size>
         <input_file_ref idref="fl-c1"/>
      </object_component>
      <object_component id="oc-1f4">
         <name>.text:PRCMHIBRegRead</name>
         <load_address>0x20007340</load_address>
         <run_address>0x20007340</run_address>
         <size>0x16</size>
         <input_file_ref idref="fl-e7"/>
      </object_component>
      <object_component id="oc-1fa">
         <name>.text:PRCMHIBRegWrite</name>
         <load_address>0x20007356</load_address>
         <run_address>0x20007356</run_address>
         <size>0x16</size>
         <input_file_ref idref="fl-e7"/>
      </object_component>
      <object_component id="oc-3d8">
         <name>.text:strchr</name>
         <load_address>0x2000736c</load_address>
         <run_address>0x2000736c</run_address>
         <size>0x16</size>
         <input_file_ref idref="fl-e1"/>
      </object_component>
      <object_component id="oc-1e3">
         <name>.text:CPUcpsie</name>
         <load_address>0x20007382</load_address>
         <run_address>0x20007382</run_address>
         <size>0x14</size>
         <input_file_ref idref="fl-eb"/>
      </object_component>
      <object_component id="oc-cb">
         <name>.text:GPIOIntClear</name>
         <load_address>0x20007396</load_address>
         <run_address>0x20007396</run_address>
         <size>0x14</size>
         <input_file_ref idref="fl-e4"/>
      </object_component>
      <object_component id="oc-e7">
         <name>.text:IntVTableBaseSet</name>
         <load_address>0x200073ac</load_address>
         <run_address>0x200073ac</run_address>
         <size>0x14</size>
         <input_file_ref idref="fl-e5"/>
      </object_component>
      <object_component id="oc-1b5">
         <name>.text:strlen</name>
         <load_address>0x200073c0</load_address>
         <run_address>0x200073c0</run_address>
         <size>0x14</size>
         <input_file_ref idref="fl-c9"/>
      </object_component>
      <object_component id="oc-341">
         <name>.text:wcslen</name>
         <load_address>0x200073d4</load_address>
         <run_address>0x200073d4</run_address>
         <size>0x12</size>
         <input_file_ref idref="fl-ce"/>
      </object_component>
      <object_component id="oc-111">
         <name>.text:SysTickEnable</name>
         <load_address>0x200073e8</load_address>
         <run_address>0x200073e8</run_address>
         <size>0x10</size>
         <input_file_ref idref="fl-e8"/>
      </object_component>
      <object_component id="oc-10b">
         <name>.text:SysTickIntEnable</name>
         <load_address>0x200073f8</load_address>
         <run_address>0x200073f8</run_address>
         <size>0x10</size>
         <input_file_ref idref="fl-e8"/>
      </object_component>
      <object_component id="oc-1b">
         <name>.text:decompress:none:__TI_decompress_none</name>
         <load_address>0x20007408</load_address>
         <run_address>0x20007408</run_address>
         <size>0xe</size>
         <input_file_ref idref="fl-c5"/>
      </object_component>
      <object_component id="oc-29">
         <name>.text</name>
         <load_address>0x20007416</load_address>
         <run_address>0x20007416</run_address>
         <size>0xe</size>
         <input_file_ref idref="fl-4"/>
      </object_component>
      <object_component id="oc-d1">
         <name>.text:SysTickValueGet</name>
         <load_address>0x20007424</load_address>
         <run_address>0x20007424</run_address>
         <size>0xc</size>
         <input_file_ref idref="fl-e8"/>
      </object_component>
      <object_component id="oc-415">
         <name>.text:copysign</name>
         <load_address>0x20007430</load_address>
         <run_address>0x20007430</run_address>
         <size>0xc</size>
         <input_file_ref idref="fl-e3"/>
      </object_component>
      <object_component id="oc-ed">
         <name>.text:IntMasterEnable</name>
         <load_address>0x2000743c</load_address>
         <run_address>0x2000743c</run_address>
         <size>0xa</size>
         <input_file_ref idref="fl-e5"/>
      </object_component>
      <object_component id="oc-347">
         <name>.text:__aeabi_errno_addr</name>
         <load_address>0x20007448</load_address>
         <run_address>0x20007448</run_address>
         <size>0x8</size>
         <input_file_ref idref="fl-e2"/>
      </object_component>
      <object_component id="oc-1c1">
         <name>.text:malloc</name>
         <load_address>0x20007450</load_address>
         <run_address>0x20007450</run_address>
         <size>0x8</size>
         <input_file_ref idref="fl-c8"/>
      </object_component>
      <object_component id="oc-2d0">
         <name>.text:UtilsDelay</name>
         <load_address>0x20007458</load_address>
         <run_address>0x20007458</run_address>
         <size>0x6</size>
         <input_file_ref idref="fl-ea"/>
      </object_component>
      <object_component id="oc-91">
         <name>.text:_system_pre_init</name>
         <load_address>0x2000745e</load_address>
         <run_address>0x2000745e</run_address>
         <size>0x4</size>
         <input_file_ref idref="fl-d8"/>
      </object_component>
      <object_component id="oc-144">
         <name>.text:abort:abort</name>
         <load_address>0x20007462</load_address>
         <run_address>0x20007462</run_address>
         <size>0x4</size>
         <input_file_ref idref="fl-da"/>
      </object_component>
      <object_component id="oc-386">
         <name>.const:.string:_ctypes_</name>
         <load_address>0x20007468</load_address>
         <run_address>0x20007468</run_address>
         <size>0x101</size>
         <input_file_ref idref="fl-df"/>
      </object_component>
      <object_component id="oc-2dd">
         <name>.const:g_ulPinToPadMap</name>
         <load_address>0x2000756c</load_address>
         <run_address>0x2000756c</run_address>
         <size>0x100</size>
         <input_file_ref idref="fl-e6"/>
      </object_component>
      <object_component id="oc-2d3">
         <name>.const:PRCM_PeriphRegsList</name>
         <load_address>0x2000766c</load_address>
         <run_address>0x2000766c</run_address>
         <size>0xa8</size>
         <input_file_ref idref="fl-e7"/>
      </object_component>
      <object_component id="oc-1ea">
         <name>.const:g_pulEnRegs</name>
         <load_address>0x20007714</load_address>
         <run_address>0x20007714</run_address>
         <size>0x18</size>
         <input_file_ref idref="fl-e5"/>
      </object_component>
      <object_component id="oc-46c">
         <name>.cinit..data.load</name>
         <load_address>0x20007730</load_address>
         <run_address>0x20007730</run_address>
         <size>0x29</size>
      </object_component>
      <object_component id="oc-46a">
         <name>__TI_handler_table</name>
         <load_address>0x2000775c</load_address>
         <run_address>0x2000775c</run_address>
         <size>0xc</size>
      </object_component>
      <object_component id="oc-46d">
         <name>.cinit..bss.load</name>
         <load_address>0x20007768</load_address>
         <run_address>0x20007768</run_address>
         <size>0x8</size>
      </object_component>
      <object_component id="oc-46b">
         <name>__TI_cinit_table</name>
         <load_address>0x20007770</load_address>
         <run_address>0x20007770</run_address>
         <size>0x10</size>
      </object_component>
      <object_component id="oc-12f">
         <name>.data</name>
         <load_address>0x20017800</load_address>
         <run_address>0x20017800</run_address>
         <size>0x1c</size>
         <input_file_ref idref="fl-2"/>
      </object_component>
      <object_component id="oc-136">
         <name>.data:ir_code</name>
         <load_address>0x2001783c</load_address>
         <run_address>0x2001783c</run_address>
         <size>0x4</size>
         <input_file_ref idref="fl-2"/>
      </object_component>
      <object_component id="oc-132">
         <name>.data:ir_out</name>
         <load_address>0x2001781c</load_address>
         <run_address>0x2001781c</run_address>
         <size>0xc</size>
         <input_file_ref idref="fl-2"/>
      </object_component>
      <object_component id="oc-135">
         <name>.data:data$3</name>
         <load_address>0x20017838</load_address>
         <run_address>0x20017838</run_address>
         <size>0x4</size>
         <input_file_ref idref="fl-2"/>
      </object_component>
      <object_component id="oc-361">
         <name>.data:$O1$$</name>
         <load_address>0x20017830</load_address>
         <run_address>0x20017830</run_address>
         <size>0x8</size>
         <input_file_ref idref="fl-c8"/>
      </object_component>
      <object_component id="oc-252">
         <name>.data:$O1$$</name>
         <load_address>0x20017828</load_address>
         <run_address>0x20017828</run_address>
         <size>0x8</size>
         <input_file_ref idref="fl-db"/>
      </object_component>
      <object_component id="oc-3e8">
         <name>.data</name>
         <load_address>0x20017840</load_address>
         <run_address>0x20017840</run_address>
         <size>0x4</size>
         <input_file_ref idref="fl-e2"/>
      </object_component>
      <object_component id="oc-1d3">
         <name>.bss</name>
         <uninitialized>true</uninitialized>
         <run_address>0x20017844</run_address>
         <size>0x4</size>
         <input_file_ref idref="fl-5"/>
      </object_component>
      <object_component id="oc-23">
         <name>.sysmem</name>
         <uninitialized>true</uninitialized>
         <run_address>0x20017000</run_address>
         <size>0x10</size>
         <input_file_ref idref="fl-c8"/>
      </object_component>
      <object_component id="oc-470">
         <name>.sysmem</name>
         <uninitialized>true</uninitialized>
         <run_address>0x20017000</run_address>
         <size>0x0</size>
      </object_component>
      <object_component id="oc-26">
         <name>.stack</name>
         <uninitialized>true</uninitialized>
         <run_address>0x2002f800</run_address>
         <size>0x4</size>
         <input_file_ref idref="fl-ca"/>
      </object_component>
      <object_component id="oc-46f">
         <name>.stack</name>
         <uninitialized>true</uninitialized>
         <run_address>0x2002f800</run_address>
         <size>0x0</size>
      </object_component>
      <object_component id="oc-243">
         <name>.debug_info</name>
         <load_address>0x0</load_address>
         <run_address>0x0</run_address>
         <size>0x4de</size>
         <input_file_ref idref="fl-2"/>
      </object_component>
      <object_component id="oc-130">
         <name>.debug_info</name>
         <load_address>0x4de</load_address>
         <run_address>0x4de</run_address>
         <size>0x126</size>
         <input_file_ref idref="fl-2"/>
      </object_component>
      <object_component id="oc-137">
         <name>.debug_info</name>
         <load_address>0x604</load_address>
         <run_address>0x604</run_address>
         <size>0xe7</size>
         <input_file_ref idref="fl-2"/>
      </object_component>
      <object_component id="oc-133">
         <name>.debug_info</name>
         <load_address>0x6eb</load_address>
         <run_address>0x6eb</run_address>
         <size>0xe4</size>
         <input_file_ref idref="fl-2"/>
      </object_component>
      <object_component id="oc-9b">
         <name>.debug_info</name>
         <load_address>0x7cf</load_address>
         <run_address>0x7cf</run_address>
         <size>0x639</size>
         <input_file_ref idref="fl-2"/>
      </object_component>
      <object_component id="oc-2c1">
         <name>.debug_info</name>
         <load_address>0xe08</load_address>
         <run_address>0xe08</run_address>
         <size>0x26b</size>
         <input_file_ref idref="fl-2"/>
      </object_component>
      <object_component id="oc-13f">
         <name>.debug_info</name>
         <load_address>0x1073</load_address>
         <run_address>0x1073</run_address>
         <size>0x117</size>
         <input_file_ref idref="fl-2"/>
      </object_component>
      <object_component id="oc-36e">
         <name>.debug_info</name>
         <load_address>0x118a</load_address>
         <run_address>0x118a</run_address>
         <size>0x62</size>
         <input_file_ref idref="fl-2"/>
      </object_component>
      <object_component id="oc-38">
         <name>.debug_info</name>
         <load_address>0x11ec</load_address>
         <run_address>0x11ec</run_address>
         <size>0x84</size>
         <input_file_ref idref="fl-2"/>
      </object_component>
      <object_component id="oc-249">
         <name>.debug_info</name>
         <load_address>0x1270</load_address>
         <run_address>0x1270</run_address>
         <size>0x2a4</size>
         <input_file_ref idref="fl-2"/>
      </object_component>
      <object_component id="oc-13a">
         <name>.debug_info</name>
         <load_address>0x1514</load_address>
         <run_address>0x1514</run_address>
         <size>0xbb</size>
         <input_file_ref idref="fl-2"/>
      </object_component>
      <object_component id="oc-183">
         <name>.debug_info</name>
         <load_address>0x15cf</load_address>
         <run_address>0x15cf</run_address>
         <size>0x2c</size>
         <input_file_ref idref="fl-2"/>
      </object_component>
      <object_component id="oc-1d8">
         <name>.debug_info</name>
         <load_address>0x15fb</load_address>
         <run_address>0x15fb</run_address>
         <size>0x2c</size>
         <input_file_ref idref="fl-2"/>
      </object_component>
      <object_component id="oc-11b">
         <name>.debug_info</name>
         <load_address>0x1627</load_address>
         <run_address>0x1627</run_address>
         <size>0x325</size>
         <input_file_ref idref="fl-3"/>
      </object_component>
      <object_component id="oc-31">
         <name>.debug_info</name>
         <load_address>0x194c</load_address>
         <run_address>0x194c</run_address>
         <size>0x196</size>
         <input_file_ref idref="fl-4"/>
      </object_component>
      <object_component id="oc-13">
         <name>.debug_info</name>
         <load_address>0x1ae2</load_address>
         <run_address>0x1ae2</run_address>
         <size>0x115</size>
         <input_file_ref idref="fl-4"/>
      </object_component>
      <object_component id="oc-2c">
         <name>.debug_info</name>
         <load_address>0x1bf7</load_address>
         <run_address>0x1bf7</run_address>
         <size>0x396</size>
         <input_file_ref idref="fl-4"/>
      </object_component>
      <object_component id="oc-1d7">
         <name>.debug_info</name>
         <load_address>0x1f8d</load_address>
         <run_address>0x1f8d</run_address>
         <size>0x3c4</size>
         <input_file_ref idref="fl-5"/>
      </object_component>
      <object_component id="oc-1d4">
         <name>.debug_info</name>
         <load_address>0x2351</load_address>
         <run_address>0x2351</run_address>
         <size>0xef</size>
         <input_file_ref idref="fl-5"/>
      </object_component>
      <object_component id="oc-e4">
         <name>.debug_info</name>
         <load_address>0x2440</load_address>
         <run_address>0x2440</run_address>
         <size>0x655</size>
         <input_file_ref idref="fl-5"/>
      </object_component>
      <object_component id="oc-1dd">
         <name>.debug_info</name>
         <load_address>0x2a95</load_address>
         <run_address>0x2a95</run_address>
         <size>0x110</size>
         <input_file_ref idref="fl-5"/>
      </object_component>
      <object_component id="oc-2c6">
         <name>.debug_info</name>
         <load_address>0x2ba5</load_address>
         <run_address>0x2ba5</run_address>
         <size>0x35</size>
         <input_file_ref idref="fl-5"/>
      </object_component>
      <object_component id="oc-291">
         <name>.debug_info</name>
         <load_address>0x2bda</load_address>
         <run_address>0x2bda</run_address>
         <size>0x212</size>
         <input_file_ref idref="fl-c0"/>
      </object_component>
      <object_component id="oc-1a7">
         <name>.debug_info</name>
         <load_address>0x2dec</load_address>
         <run_address>0x2dec</run_address>
         <size>0x208</size>
         <input_file_ref idref="fl-c0"/>
      </object_component>
      <object_component id="oc-288">
         <name>.debug_info</name>
         <load_address>0x2ff4</load_address>
         <run_address>0x2ff4</run_address>
         <size>0x1c6</size>
         <input_file_ref idref="fl-c0"/>
      </object_component>
      <object_component id="oc-28d">
         <name>.debug_info</name>
         <load_address>0x31ba</load_address>
         <run_address>0x31ba</run_address>
         <size>0x179</size>
         <input_file_ref idref="fl-c0"/>
      </object_component>
      <object_component id="oc-292">
         <name>.debug_info</name>
         <load_address>0x3333</load_address>
         <run_address>0x3333</run_address>
         <size>0x2c</size>
         <input_file_ref idref="fl-c0"/>
      </object_component>
      <object_component id="oc-297">
         <name>.debug_info</name>
         <load_address>0x335f</load_address>
         <run_address>0x335f</run_address>
         <size>0x69</size>
         <input_file_ref idref="fl-c0"/>
      </object_component>
      <object_component id="oc-de">
         <name>.debug_info</name>
         <load_address>0x33c8</load_address>
         <run_address>0x33c8</run_address>
         <size>0x122</size>
         <input_file_ref idref="fl-c1"/>
      </object_component>
      <object_component id="oc-40">
         <name>.debug_info</name>
         <load_address>0x34ea</load_address>
         <run_address>0x34ea</run_address>
         <size>0x119</size>
         <input_file_ref idref="fl-c2"/>
      </object_component>
      <object_component id="oc-da">
         <name>.debug_info</name>
         <load_address>0x3603</load_address>
         <run_address>0x3603</run_address>
         <size>0x134</size>
         <input_file_ref idref="fl-c3"/>
      </object_component>
      <object_component id="oc-8a">
         <name>.debug_info</name>
         <load_address>0x3737</load_address>
         <run_address>0x3737</run_address>
         <size>0x1a6</size>
         <input_file_ref idref="fl-c4"/>
      </object_component>
      <object_component id="oc-4a">
         <name>.debug_info</name>
         <load_address>0x38dd</load_address>
         <run_address>0x38dd</run_address>
         <size>0x1d2</size>
         <input_file_ref idref="fl-c4"/>
      </object_component>
      <object_component id="oc-85">
         <name>.debug_info</name>
         <load_address>0x3aaf</load_address>
         <run_address>0x3aaf</run_address>
         <size>0x46</size>
         <input_file_ref idref="fl-c4"/>
      </object_component>
      <object_component id="oc-bc">
         <name>.debug_info</name>
         <load_address>0x3af5</load_address>
         <run_address>0x3af5</run_address>
         <size>0x2c</size>
         <input_file_ref idref="fl-c4"/>
      </object_component>
      <object_component id="oc-48">
         <name>.debug_info</name>
         <load_address>0x3b21</load_address>
         <run_address>0x3b21</run_address>
         <size>0x17a</size>
         <input_file_ref idref="fl-c5"/>
      </object_component>
      <object_component id="oc-1c">
         <name>.debug_info</name>
         <load_address>0x3c9b</load_address>
         <run_address>0x3c9b</run_address>
         <size>0x1ea</size>
         <input_file_ref idref="fl-c5"/>
      </object_component>
      <object_component id="oc-43">
         <name>.debug_info</name>
         <load_address>0x3e85</load_address>
         <run_address>0x3e85</run_address>
         <size>0x46</size>
         <input_file_ref idref="fl-c5"/>
      </object_component>
      <object_component id="oc-7d">
         <name>.debug_info</name>
         <load_address>0x3ecb</load_address>
         <run_address>0x3ecb</run_address>
         <size>0x2c</size>
         <input_file_ref idref="fl-c5"/>
      </object_component>
      <object_component id="oc-7b">
         <name>.debug_info</name>
         <load_address>0x3ef7</load_address>
         <run_address>0x3ef7</run_address>
         <size>0x170</size>
         <input_file_ref idref="fl-c6"/>
      </object_component>
      <object_component id="oc-18">
         <name>.debug_info</name>
         <load_address>0x4067</load_address>
         <run_address>0x4067</run_address>
         <size>0x250</size>
         <input_file_ref idref="fl-c6"/>
      </object_component>
      <object_component id="oc-33">
         <name>.debug_info</name>
         <load_address>0x42b7</load_address>
         <run_address>0x42b7</run_address>
         <size>0x60</size>
         <input_file_ref idref="fl-c6"/>
      </object_component>
      <object_component id="oc-b5">
         <name>.debug_info</name>
         <load_address>0x4317</load_address>
         <run_address>0x4317</run_address>
         <size>0x46</size>
         <input_file_ref idref="fl-c6"/>
      </object_component>
      <object_component id="oc-76">
         <name>.debug_info</name>
         <load_address>0x435d</load_address>
         <run_address>0x435d</run_address>
         <size>0x39</size>
         <input_file_ref idref="fl-c6"/>
      </object_component>
      <object_component id="oc-2a1">
         <name>.debug_info</name>
         <load_address>0x4396</load_address>
         <run_address>0x4396</run_address>
         <size>0x172</size>
         <input_file_ref idref="fl-c7"/>
      </object_component>
      <object_component id="oc-1bd">
         <name>.debug_info</name>
         <load_address>0x4508</load_address>
         <run_address>0x4508</run_address>
         <size>0x1a9</size>
         <input_file_ref idref="fl-c7"/>
      </object_component>
      <object_component id="oc-6f">
         <name>.debug_info</name>
         <load_address>0x46b1</load_address>
         <run_address>0x46b1</run_address>
         <size>0x284</size>
         <input_file_ref idref="fl-c8"/>
      </object_component>
      <object_component id="oc-24">
         <name>.debug_info</name>
         <load_address>0x4935</load_address>
         <run_address>0x4935</run_address>
         <size>0x10c</size>
         <input_file_ref idref="fl-c8"/>
      </object_component>
      <object_component id="oc-362">
         <name>.debug_info</name>
         <load_address>0x4a41</load_address>
         <run_address>0x4a41</run_address>
         <size>0x13f</size>
         <input_file_ref idref="fl-c8"/>
      </object_component>
      <object_component id="oc-1c4">
         <name>.debug_info</name>
         <load_address>0x4b80</load_address>
         <run_address>0x4b80</run_address>
         <size>0x168</size>
         <input_file_ref idref="fl-c8"/>
      </object_component>
      <object_component id="oc-2aa">
         <name>.debug_info</name>
         <load_address>0x4ce8</load_address>
         <run_address>0x4ce8</run_address>
         <size>0x18e</size>
         <input_file_ref idref="fl-c8"/>
      </object_component>
      <object_component id="oc-2b9">
         <name>.debug_info</name>
         <load_address>0x4e76</load_address>
         <run_address>0x4e76</run_address>
         <size>0x19f</size>
         <input_file_ref idref="fl-c8"/>
      </object_component>
      <object_component id="oc-1ce">
         <name>.debug_info</name>
         <load_address>0x5015</load_address>
         <run_address>0x5015</run_address>
         <size>0x203</size>
         <input_file_ref idref="fl-c8"/>
      </object_component>
      <object_component id="oc-2b2">
         <name>.debug_info</name>
         <load_address>0x5218</load_address>
         <run_address>0x5218</run_address>
         <size>0x1db</size>
         <input_file_ref idref="fl-c8"/>
      </object_component>
      <object_component id="oc-1c8">
         <name>.debug_info</name>
         <load_address>0x53f3</load_address>
         <run_address>0x53f3</run_address>
         <size>0x26e</size>
         <input_file_ref idref="fl-c8"/>
      </object_component>
      <object_component id="oc-2a5">
         <name>.debug_info</name>
         <load_address>0x5661</load_address>
         <run_address>0x5661</run_address>
         <size>0x299</size>
         <input_file_ref idref="fl-c8"/>
      </object_component>
      <object_component id="oc-b0">
         <name>.debug_info</name>
         <load_address>0x58fa</load_address>
         <run_address>0x58fa</run_address>
         <size>0xb2</size>
         <input_file_ref idref="fl-c8"/>
      </object_component>
      <object_component id="oc-ab">
         <name>.debug_info</name>
         <load_address>0x59ac</load_address>
         <run_address>0x59ac</run_address>
         <size>0x2c</size>
         <input_file_ref idref="fl-c8"/>
      </object_component>
      <object_component id="oc-29f">
         <name>.debug_info</name>
         <load_address>0x59d8</load_address>
         <run_address>0x59d8</run_address>
         <size>0x161</size>
         <input_file_ref idref="fl-c9"/>
      </object_component>
      <object_component id="oc-1b6">
         <name>.debug_info</name>
         <load_address>0x5b39</load_address>
         <run_address>0x5b39</run_address>
         <size>0x245</size>
         <input_file_ref idref="fl-c9"/>
      </object_component>
      <object_component id="oc-27">
         <name>.debug_info</name>
         <load_address>0x5d7e</load_address>
         <run_address>0x5d7e</run_address>
         <size>0x10b</size>
         <input_file_ref idref="fl-ca"/>
      </object_component>
      <object_component id="oc-5c">
         <name>.debug_info</name>
         <load_address>0x5e89</load_address>
         <run_address>0x5e89</run_address>
         <size>0x1a9</size>
         <input_file_ref idref="fl-ca"/>
      </object_component>
      <object_component id="oc-34e">
         <name>.debug_info</name>
         <load_address>0x6032</load_address>
         <run_address>0x6032</run_address>
         <size>0x462</size>
         <input_file_ref idref="fl-cb"/>
      </object_component>
      <object_component id="oc-31b">
         <name>.debug_info</name>
         <load_address>0x6494</load_address>
         <run_address>0x6494</run_address>
         <size>0x21e</size>
         <input_file_ref idref="fl-cb"/>
      </object_component>
      <object_component id="oc-3b4">
         <name>.debug_info</name>
         <load_address>0x66b2</load_address>
         <run_address>0x66b2</run_address>
         <size>0x1b3</size>
         <input_file_ref idref="fl-cb"/>
      </object_component>
      <object_component id="oc-3ba">
         <name>.debug_info</name>
         <load_address>0x6865</load_address>
         <run_address>0x6865</run_address>
         <size>0x21b</size>
         <input_file_ref idref="fl-cb"/>
      </object_component>
      <object_component id="oc-326">
         <name>.debug_info</name>
         <load_address>0x6a80</load_address>
         <run_address>0x6a80</run_address>
         <size>0x3bf</size>
         <input_file_ref idref="fl-cb"/>
      </object_component>
      <object_component id="oc-3c1">
         <name>.debug_info</name>
         <load_address>0x6e3f</load_address>
         <run_address>0x6e3f</run_address>
         <size>0x30b</size>
         <input_file_ref idref="fl-cb"/>
      </object_component>
      <object_component id="oc-3c7">
         <name>.debug_info</name>
         <load_address>0x714a</load_address>
         <run_address>0x714a</run_address>
         <size>0x215</size>
         <input_file_ref idref="fl-cb"/>
      </object_component>
      <object_component id="oc-32b">
         <name>.debug_info</name>
         <load_address>0x735f</load_address>
         <run_address>0x735f</run_address>
         <size>0x228</size>
         <input_file_ref idref="fl-cb"/>
      </object_component>
      <object_component id="oc-331">
         <name>.debug_info</name>
         <load_address>0x7587</load_address>
         <run_address>0x7587</run_address>
         <size>0x303</size>
         <input_file_ref idref="fl-cb"/>
      </object_component>
      <object_component id="oc-337">
         <name>.debug_info</name>
         <load_address>0x788a</load_address>
         <run_address>0x788a</run_address>
         <size>0x4b4</size>
         <input_file_ref idref="fl-cb"/>
      </object_component>
      <object_component id="oc-27f">
         <name>.debug_info</name>
         <load_address>0x7d3e</load_address>
         <run_address>0x7d3e</run_address>
         <size>0x5f4</size>
         <input_file_ref idref="fl-cb"/>
      </object_component>
      <object_component id="oc-34f">
         <name>.debug_info</name>
         <load_address>0x8332</load_address>
         <run_address>0x8332</run_address>
         <size>0x86</size>
         <input_file_ref idref="fl-cb"/>
      </object_component>
      <object_component id="oc-3ef">
         <name>.debug_info</name>
         <load_address>0x83b8</load_address>
         <run_address>0x83b8</run_address>
         <size>0x39</size>
         <input_file_ref idref="fl-cb"/>
      </object_component>
      <object_component id="oc-42c">
         <name>.debug_info</name>
         <load_address>0x83f1</load_address>
         <run_address>0x83f1</run_address>
         <size>0xb6</size>
         <input_file_ref idref="fl-cb"/>
      </object_component>
      <object_component id="oc-3f4">
         <name>.debug_info</name>
         <load_address>0x84a7</load_address>
         <run_address>0x84a7</run_address>
         <size>0x46</size>
         <input_file_ref idref="fl-cb"/>
      </object_component>
      <object_component id="oc-354">
         <name>.debug_info</name>
         <load_address>0x84ed</load_address>
         <run_address>0x84ed</run_address>
         <size>0x46</size>
         <input_file_ref idref="fl-cb"/>
      </object_component>
      <object_component id="oc-40f">
         <name>.debug_info</name>
         <load_address>0x8533</load_address>
         <run_address>0x8533</run_address>
         <size>0x167</size>
         <input_file_ref idref="fl-cc"/>
      </object_component>
      <object_component id="oc-3cd">
         <name>.debug_info</name>
         <load_address>0x869a</load_address>
         <run_address>0x869a</run_address>
         <size>0x194</size>
         <input_file_ref idref="fl-cc"/>
      </object_component>
      <object_component id="oc-437">
         <name>.debug_info</name>
         <load_address>0x882e</load_address>
         <run_address>0x882e</run_address>
         <size>0x39</size>
         <input_file_ref idref="fl-cc"/>
      </object_component>
      <object_component id="oc-410">
         <name>.debug_info</name>
         <load_address>0x8867</load_address>
         <run_address>0x8867</run_address>
         <size>0x2c</size>
         <input_file_ref idref="fl-cc"/>
      </object_component>
      <object_component id="oc-41c">
         <name>.debug_info</name>
         <load_address>0x8893</load_address>
         <run_address>0x8893</run_address>
         <size>0x1ca</size>
         <input_file_ref idref="fl-cd"/>
      </object_component>
      <object_component id="oc-3d3">
         <name>.debug_info</name>
         <load_address>0x8a5d</load_address>
         <run_address>0x8a5d</run_address>
         <size>0x1fb</size>
         <input_file_ref idref="fl-cd"/>
      </object_component>
      <object_component id="oc-3e7">
         <name>.debug_info</name>
         <load_address>0x8c58</load_address>
         <run_address>0x8c58</run_address>
         <size>0x161</size>
         <input_file_ref idref="fl-ce"/>
      </object_component>
      <object_component id="oc-345">
         <name>.debug_info</name>
         <load_address>0x8db9</load_address>
         <run_address>0x8db9</run_address>
         <size>0x15a</size>
         <input_file_ref idref="fl-ce"/>
      </object_component>
      <object_component id="oc-421">
         <name>.debug_info</name>
         <load_address>0x8f13</load_address>
         <run_address>0x8f13</run_address>
         <size>0x46</size>
         <input_file_ref idref="fl-ce"/>
      </object_component>
      <object_component id="oc-3e2">
         <name>.debug_info</name>
         <load_address>0x8f59</load_address>
         <run_address>0x8f59</run_address>
         <size>0x39</size>
         <input_file_ref idref="fl-ce"/>
      </object_component>
      <object_component id="oc-18b">
         <name>.debug_info</name>
         <load_address>0x8f92</load_address>
         <run_address>0x8f92</run_address>
         <size>0x115</size>
         <input_file_ref idref="fl-cf"/>
      </object_component>
      <object_component id="oc-3af">
         <name>.debug_info</name>
         <load_address>0x90a7</load_address>
         <run_address>0x90a7</run_address>
         <size>0x14c</size>
         <input_file_ref idref="fl-d0"/>
      </object_component>
      <object_component id="oc-320">
         <name>.debug_info</name>
         <load_address>0x91f3</load_address>
         <run_address>0x91f3</run_address>
         <size>0x128</size>
         <input_file_ref idref="fl-d1"/>
      </object_component>
      <object_component id="oc-398">
         <name>.debug_info</name>
         <load_address>0x931b</load_address>
         <run_address>0x931b</run_address>
         <size>0x12a</size>
         <input_file_ref idref="fl-d1"/>
      </object_component>
      <object_component id="oc-393">
         <name>.debug_info</name>
         <load_address>0x9445</load_address>
         <run_address>0x9445</run_address>
         <size>0x13a</size>
         <input_file_ref idref="fl-d2"/>
      </object_component>
      <object_component id="oc-38f">
         <name>.debug_info</name>
         <load_address>0x957f</load_address>
         <run_address>0x957f</run_address>
         <size>0x13a</size>
         <input_file_ref idref="fl-d3"/>
      </object_component>
      <object_component id="oc-39d">
         <name>.debug_info</name>
         <load_address>0x96b9</load_address>
         <run_address>0x96b9</run_address>
         <size>0x12e</size>
         <input_file_ref idref="fl-d4"/>
      </object_component>
      <object_component id="oc-3aa">
         <name>.debug_info</name>
         <load_address>0x97e7</load_address>
         <run_address>0x97e7</run_address>
         <size>0x12c</size>
         <input_file_ref idref="fl-d5"/>
      </object_component>
      <object_component id="oc-8e">
         <name>.debug_info</name>
         <load_address>0x9913</load_address>
         <run_address>0x9913</run_address>
         <size>0x147</size>
         <input_file_ref idref="fl-d6"/>
      </object_component>
      <object_component id="oc-259">
         <name>.debug_info</name>
         <load_address>0x9a5a</load_address>
         <run_address>0x9a5a</run_address>
         <size>0x385</size>
         <input_file_ref idref="fl-d7"/>
      </object_component>
      <object_component id="oc-151">
         <name>.debug_info</name>
         <load_address>0x9ddf</load_address>
         <run_address>0x9ddf</run_address>
         <size>0x1a6</size>
         <input_file_ref idref="fl-d7"/>
      </object_component>
      <object_component id="oc-2ff">
         <name>.debug_info</name>
         <load_address>0x9f85</load_address>
         <run_address>0x9f85</run_address>
         <size>0x39</size>
         <input_file_ref idref="fl-d7"/>
      </object_component>
      <object_component id="oc-37a">
         <name>.debug_info</name>
         <load_address>0x9fbe</load_address>
         <run_address>0x9fbe</run_address>
         <size>0x39</size>
         <input_file_ref idref="fl-d7"/>
      </object_component>
      <object_component id="oc-304">
         <name>.debug_info</name>
         <load_address>0x9ff7</load_address>
         <run_address>0x9ff7</run_address>
         <size>0x39</size>
         <input_file_ref idref="fl-d7"/>
      </object_component>
      <object_component id="oc-309">
         <name>.debug_info</name>
         <load_address>0xa030</load_address>
         <run_address>0xa030</run_address>
         <size>0xcd</size>
         <input_file_ref idref="fl-d7"/>
      </object_component>
      <object_component id="oc-95">
         <name>.debug_info</name>
         <load_address>0xa0fd</load_address>
         <run_address>0xa0fd</run_address>
         <size>0x153</size>
         <input_file_ref idref="fl-d8"/>
      </object_component>
      <object_component id="oc-145">
         <name>.debug_info</name>
         <load_address>0xa250</load_address>
         <run_address>0xa250</run_address>
         <size>0x122</size>
         <input_file_ref idref="fl-da"/>
      </object_component>
      <object_component id="oc-2f9">
         <name>.debug_info</name>
         <load_address>0xa372</load_address>
         <run_address>0xa372</run_address>
         <size>0x19b</size>
         <input_file_ref idref="fl-db"/>
      </object_component>
      <object_component id="oc-253">
         <name>.debug_info</name>
         <load_address>0xa50d</load_address>
         <run_address>0xa50d</run_address>
         <size>0x11e</size>
         <input_file_ref idref="fl-db"/>
      </object_component>
      <object_component id="oc-2f2">
         <name>.debug_info</name>
         <load_address>0xa62b</load_address>
         <run_address>0xa62b</run_address>
         <size>0x12e</size>
         <input_file_ref idref="fl-db"/>
      </object_component>
      <object_component id="oc-407">
         <name>.debug_info</name>
         <load_address>0xa759</load_address>
         <run_address>0xa759</run_address>
         <size>0x16e</size>
         <input_file_ref idref="fl-dc"/>
      </object_component>
      <object_component id="oc-3a5">
         <name>.debug_info</name>
         <load_address>0xa8c7</load_address>
         <run_address>0xa8c7</run_address>
         <size>0x1da</size>
         <input_file_ref idref="fl-dc"/>
      </object_component>
      <object_component id="oc-38a">
         <name>.debug_info</name>
         <load_address>0xaaa1</load_address>
         <run_address>0xaaa1</run_address>
         <size>0x18b</size>
         <input_file_ref idref="fl-de"/>
      </object_component>
      <object_component id="oc-314">
         <name>.debug_info</name>
         <load_address>0xac2c</load_address>
         <run_address>0xac2c</run_address>
         <size>0x17c</size>
         <input_file_ref idref="fl-de"/>
      </object_component>
      <object_component id="oc-3ff">
         <name>.debug_info</name>
         <load_address>0xada8</load_address>
         <run_address>0xada8</run_address>
         <size>0xf9</size>
         <input_file_ref idref="fl-df"/>
      </object_component>
      <object_component id="oc-387">
         <name>.debug_info</name>
         <load_address>0xaea1</load_address>
         <run_address>0xaea1</run_address>
         <size>0x105</size>
         <input_file_ref idref="fl-df"/>
      </object_component>
      <object_component id="oc-3e0">
         <name>.debug_info</name>
         <load_address>0xafa6</load_address>
         <run_address>0xafa6</run_address>
         <size>0x179</size>
         <input_file_ref idref="fl-e0"/>
      </object_component>
      <object_component id="oc-33d">
         <name>.debug_info</name>
         <load_address>0xb11f</load_address>
         <run_address>0xb11f</run_address>
         <size>0x1b8</size>
         <input_file_ref idref="fl-e0"/>
      </object_component>
      <object_component id="oc-41e">
         <name>.debug_info</name>
         <load_address>0xb2d7</load_address>
         <run_address>0xb2d7</run_address>
         <size>0x16c</size>
         <input_file_ref idref="fl-e1"/>
      </object_component>
      <object_component id="oc-3db">
         <name>.debug_info</name>
         <load_address>0xb443</load_address>
         <run_address>0xb443</run_address>
         <size>0x262</size>
         <input_file_ref idref="fl-e1"/>
      </object_component>
      <object_component id="oc-3ec">
         <name>.debug_info</name>
         <load_address>0xb6a5</load_address>
         <run_address>0xb6a5</run_address>
         <size>0x15b</size>
         <input_file_ref idref="fl-e2"/>
      </object_component>
      <object_component id="oc-3e9">
         <name>.debug_info</name>
         <load_address>0xb800</load_address>
         <run_address>0xb800</run_address>
         <size>0x10e</size>
         <input_file_ref idref="fl-e2"/>
      </object_component>
      <object_component id="oc-34a">
         <name>.debug_info</name>
         <load_address>0xb90e</load_address>
         <run_address>0xb90e</run_address>
         <size>0x14e</size>
         <input_file_ref idref="fl-e2"/>
      </object_component>
      <object_component id="oc-416">
         <name>.debug_info</name>
         <load_address>0xba5c</load_address>
         <run_address>0xba5c</run_address>
         <size>0x15f</size>
         <input_file_ref idref="fl-e3"/>
      </object_component>
      <object_component id="oc-23e">
         <name>.debug_info</name>
         <load_address>0xbbbb</load_address>
         <run_address>0xbbbb</run_address>
         <size>0x1e0</size>
         <input_file_ref idref="fl-e4"/>
      </object_component>
      <object_component id="oc-238">
         <name>.debug_info</name>
         <load_address>0xbd9b</load_address>
         <run_address>0xbd9b</run_address>
         <size>0x19e</size>
         <input_file_ref idref="fl-e4"/>
      </object_component>
      <object_component id="oc-22b">
         <name>.debug_info</name>
         <load_address>0xbf39</load_address>
         <run_address>0xbf39</run_address>
         <size>0x1dd</size>
         <input_file_ref idref="fl-e4"/>
      </object_component>
      <object_component id="oc-124">
         <name>.debug_info</name>
         <load_address>0xc116</load_address>
         <run_address>0xc116</run_address>
         <size>0x1e8</size>
         <input_file_ref idref="fl-e4"/>
      </object_component>
      <object_component id="oc-12b">
         <name>.debug_info</name>
         <load_address>0xc2fe</load_address>
         <run_address>0xc2fe</run_address>
         <size>0x1bf</size>
         <input_file_ref idref="fl-e4"/>
      </object_component>
      <object_component id="oc-c6">
         <name>.debug_info</name>
         <load_address>0xc4bd</load_address>
         <run_address>0xc4bd</run_address>
         <size>0x1b7</size>
         <input_file_ref idref="fl-e4"/>
      </object_component>
      <object_component id="oc-cc">
         <name>.debug_info</name>
         <load_address>0xc674</load_address>
         <run_address>0xc674</run_address>
         <size>0x1bd</size>
         <input_file_ref idref="fl-e4"/>
      </object_component>
      <object_component id="oc-11e">
         <name>.debug_info</name>
         <load_address>0xc831</load_address>
         <run_address>0xc831</run_address>
         <size>0x208</size>
         <input_file_ref idref="fl-e4"/>
      </object_component>
      <object_component id="oc-2ce">
         <name>.debug_info</name>
         <load_address>0xca39</load_address>
         <run_address>0xca39</run_address>
         <size>0x201</size>
         <input_file_ref idref="fl-e5"/>
      </object_component>
      <object_component id="oc-1eb">
         <name>.debug_info</name>
         <load_address>0xcc3a</load_address>
         <run_address>0xcc3a</run_address>
         <size>0xf4</size>
         <input_file_ref idref="fl-e5"/>
      </object_component>
      <object_component id="oc-ee">
         <name>.debug_info</name>
         <load_address>0xcd2e</load_address>
         <run_address>0xcd2e</run_address>
         <size>0x17c</size>
         <input_file_ref idref="fl-e5"/>
      </object_component>
      <object_component id="oc-e8">
         <name>.debug_info</name>
         <load_address>0xceaa</load_address>
         <run_address>0xceaa</run_address>
         <size>0x1ae</size>
         <input_file_ref idref="fl-e5"/>
      </object_component>
      <object_component id="oc-215">
         <name>.debug_info</name>
         <load_address>0xd058</load_address>
         <run_address>0xd058</run_address>
         <size>0x1f8</size>
         <input_file_ref idref="fl-e5"/>
      </object_component>
      <object_component id="oc-f4">
         <name>.debug_info</name>
         <load_address>0xd250</load_address>
         <run_address>0xd250</run_address>
         <size>0x19f</size>
         <input_file_ref idref="fl-e5"/>
      </object_component>
      <object_component id="oc-375">
         <name>.debug_info</name>
         <load_address>0xd3ef</load_address>
         <run_address>0xd3ef</run_address>
         <size>0x14e</size>
         <input_file_ref idref="fl-e6"/>
      </object_component>
      <object_component id="oc-2de">
         <name>.debug_info</name>
         <load_address>0xd53d</load_address>
         <run_address>0xd53d</run_address>
         <size>0xf6</size>
         <input_file_ref idref="fl-e6"/>
      </object_component>
      <object_component id="oc-21f">
         <name>.debug_info</name>
         <load_address>0xd633</load_address>
         <run_address>0xd633</run_address>
         <size>0x1bf</size>
         <input_file_ref idref="fl-e6"/>
      </object_component>
      <object_component id="oc-2e2">
         <name>.debug_info</name>
         <load_address>0xd7f2</load_address>
         <run_address>0xd7f2</run_address>
         <size>0x20d</size>
         <input_file_ref idref="fl-e6"/>
      </object_component>
      <object_component id="oc-231">
         <name>.debug_info</name>
         <load_address>0xd9ff</load_address>
         <run_address>0xd9ff</run_address>
         <size>0x1d4</size>
         <input_file_ref idref="fl-e6"/>
      </object_component>
      <object_component id="oc-225">
         <name>.debug_info</name>
         <load_address>0xdbd3</load_address>
         <run_address>0xdbd3</run_address>
         <size>0x222</size>
         <input_file_ref idref="fl-e6"/>
      </object_component>
      <object_component id="oc-2d8">
         <name>.debug_info</name>
         <load_address>0xddf5</load_address>
         <run_address>0xddf5</run_address>
         <size>0x25e</size>
         <input_file_ref idref="fl-e7"/>
      </object_component>
      <object_component id="oc-2d4">
         <name>.debug_info</name>
         <load_address>0xe053</load_address>
         <run_address>0xe053</run_address>
         <size>0xff</size>
         <input_file_ref idref="fl-e7"/>
      </object_component>
      <object_component id="oc-1f0">
         <name>.debug_info</name>
         <load_address>0xe152</load_address>
         <run_address>0xe152</run_address>
         <size>0x1a6</size>
         <input_file_ref idref="fl-e7"/>
      </object_component>
      <object_component id="oc-202">
         <name>.debug_info</name>
         <load_address>0xe2f8</load_address>
         <run_address>0xe2f8</run_address>
         <size>0x1eb</size>
         <input_file_ref idref="fl-e7"/>
      </object_component>
      <object_component id="oc-20e">
         <name>.debug_info</name>
         <load_address>0xe4e3</load_address>
         <run_address>0xe4e3</run_address>
         <size>0x1ed</size>
         <input_file_ref idref="fl-e7"/>
      </object_component>
      <object_component id="oc-193">
         <name>.debug_info</name>
         <load_address>0xe6d0</load_address>
         <run_address>0xe6d0</run_address>
         <size>0x216</size>
         <input_file_ref idref="fl-e7"/>
      </object_component>
      <object_component id="oc-208">
         <name>.debug_info</name>
         <load_address>0xe8e6</load_address>
         <run_address>0xe8e6</run_address>
         <size>0x1c0</size>
         <input_file_ref idref="fl-e7"/>
      </object_component>
      <object_component id="oc-fc">
         <name>.debug_info</name>
         <load_address>0xeaa6</load_address>
         <run_address>0xeaa6</run_address>
         <size>0x283</size>
         <input_file_ref idref="fl-e7"/>
      </object_component>
      <object_component id="oc-1f7">
         <name>.debug_info</name>
         <load_address>0xed29</load_address>
         <run_address>0xed29</run_address>
         <size>0x1bf</size>
         <input_file_ref idref="fl-e7"/>
      </object_component>
      <object_component id="oc-1fd">
         <name>.debug_info</name>
         <load_address>0xeee8</load_address>
         <run_address>0xeee8</run_address>
         <size>0x1d4</size>
         <input_file_ref idref="fl-e7"/>
[...]
      </handler>
   </handler_table>
   <symbol_table>
      <symbol id="sm-1">
         <name>__start___llvm_prf_cnts</name>
         <value>0x20017000</value>
      </symbol>
      <symbol id="sm-2">
         <name>__stop___llvm_prf_cnts</name>
         <value>0x20017000</value>
      </symbol>
      <symbol id="sm-3">
         <name>__TI_CINIT_Base</name>
         <value>0x20007770</value>
      </symbol>
      <symbol id="sm-4">
         <name>__TI_CINIT_Limit</name>
         <value>0x20007780</value>
      </symbol>
      <symbol id="sm-5">
         <name>__TI_Handler_Table_Base</name>
         <value>0x2000775c</value>
      </symbol>
      <symbol id="sm-6">
         <name>__TI_Handler_Table_Limit</name>
         <value>0x20007768</value>
      </symbol>
      <symbol id="sm-7">
         <name>binit</name>
         <value>0xffffffff</value>
      </symbol>
      <symbol id="sm-8">
         <name>__binit__</name>
         <value>0xffffffff</value>
      </symbol>
      <symbol id="sm-9">
         <name>__STACK_SIZE</name>
         <value>0x800</value>
      </symbol>
      <symbol id="sm-a">
         <name>__STACK_END</name>
         <value>0x20030000</value>
      </symbol>
      <symbol id="sm-b">
         <name>__SYSMEM_SIZE</name>
         <value>0x800</value>
      </symbol>
      <symbol id="sm-c">
         <name>__c_args__</name>
         <value>0xffffffff</value>
      </symbol>
      <symbol id="sm-d">
         <name>__TI_pprof_out_hndl</name>
         <value>0xffffffff</value>
      </symbol>
      <symbol id="sm-e">
         <name>__TI_prof_data_start</name>
         <value>0xffffffff</value>
      </symbol>
      <symbol id="sm-f">
         <name>__TI_prof_data_size</name>
         <value>0xffffffff</value>
      </symbol>
      <symbol id="sm-a8">
         <name>ir_code</name>
         <value>0x2001783c</value>
         <object_component_ref idref="oc-136"/>
      </symbol>
      <symbol id="sm-a9">
         <name>main</name>
         <value>0x20004fdf</value>
         <object_component_ref idref="oc-97"/>
      </symbol>
      <symbol id="sm-aa">
         <name>systick_wrapped</name>
         <value>0x20017800</value>
         <object_component_ref idref="oc-12f"/>
      </symbol>
      <symbol id="sm-ab">
         <name>pending_ir_code</name>
         <value>0x20017804</value>
         <object_component_ref idref="oc-12f"/>
      </symbol>
      <symbol id="sm-b5">
         <name>PinMuxConfig</name>
         <value>0x200062c9</value>
         <object_component_ref idref="oc-117"/>
      </symbol>
      <symbol id="sm-d4">
         <name>ResetISR</name>
         <value>0x20007417</value>
         <object_component_ref idref="oc-29"/>
      </symbol>
      <symbol id="sm-d5">
         <name>g_pfnVectors</name>
         <value>0x20004000</value>
         <object_component_ref idref="oc-12"/>
      </symbol>
      <symbol id="sm-11c">
         <name>GetCmd</name>
         <value>0x20005213</value>
         <object_component_ref idref="oc-e1"/>
      </symbol>
      <symbol id="sm-11d">
         <name>Message</name>
         <value>0x200051af</value>
         <object_component_ref idref="oc-e1"/>
      </symbol>
      <symbol id="sm-11e">
         <name>Report</name>
         <value>0x20005351</value>
         <object_component_ref idref="oc-e1"/>
      </symbol>
      <symbol id="sm-11f">
         <name>Error</name>
         <value>0x200051db</value>
         <object_component_ref idref="oc-e1"/>
      </symbol>
      <symbol id="sm-120">
         <name>InitTerm</name>
         <value>0x20005191</value>
         <object_component_ref idref="oc-e1"/>
      </symbol>
      <symbol id="sm-121">
         <name>ClearTerm</name>
         <value>0x200051d1</value>
         <object_component_ref idref="oc-e1"/>
      </symbol>
      <symbol id="sm-122">
         <name>TrimSpace</name>
         <value>0x200052b9</value>
         <object_component_ref idref="oc-e1"/>
      </symbol>
      <symbol id="sm-151">
         <name>vsnprintf</name>
         <value>0x20006f01</value>
         <object_component_ref idref="oc-1a3"/>
      </symbol>
      <symbol id="sm-15a">
         <name>__aeabi_lmul</name>
         <value>0x20007329</value>
         <object_component_ref idref="oc-dc"/>
      </symbol>
      <symbol id="sm-175">
         <name>memcpy</name>
         <value>0x200065d9</value>
         <object_component_ref idref="oc-3d"/>
      </symbol>
      <symbol id="sm-176">
         <name>__aeabi_memcpy</name>
         <value>0x200065d9</value>
         <object_component_ref idref="oc-3d"/>
      </symbol>
      <symbol id="sm-177">
         <name>__aeabi_memcpy8</name>
         <value>0x200065d9</value>
         <object_component_ref idref="oc-3d"/>
      </symbol>
      <symbol id="sm-178">
         <name>__aeabi_memcpy4</name>
         <value>0x200065d9</value>
         <object_component_ref idref="oc-3d"/>
      </symbol>
      <symbol id="sm-185">
         <name>__aeabi_uldivmod</name>
         <value>0x20006675</value>
         <object_component_ref idref="oc-d7"/>
      </symbol>
      <symbol id="sm-19e">
         <name>__TI_zero_init_nomemset</name>
         <value>0x20007259</value>
         <object_component_ref idref="oc-49"/>
      </symbol>
      <symbol id="sm-1b5">
         <name>__TI_decompress_none</name>
         <value>0x20007409</value>
         <object_component_ref idref="oc-1b"/>
      </symbol>
      <symbol id="sm-1d8">
         <name>__TI_decompress_lzss</name>
         <value>0x20006b87</value>
         <object_component_ref idref="oc-15"/>
      </symbol>
      <symbol id="sm-1e9">
         <name>memmove</name>
         <value>0x20007131</value>
         <object_component_ref idref="oc-1bb"/>
      </symbol>
      <symbol id="sm-287">
         <name>_sys_memory</name>
         <value>0x20017000</value>
         <object_component_ref idref="oc-23"/>
      </symbol>
      <symbol id="sm-288">
         <name>free</name>
         <value>0x20006101</value>
         <object_component_ref idref="oc-1cd"/>
      </symbol>
      <symbol id="sm-289">
         <name>realloc</name>
         <value>0x200061e5</value>
         <object_component_ref idref="oc-1c7"/>
      </symbol>
      <symbol id="sm-28a">
         <name>memalign</name>
         <value>0x20005f05</value>
         <object_component_ref idref="oc-2a2"/>
      </symbol>
      <symbol id="sm-28b">
         <name>malloc</name>
         <value>0x20007451</value>
         <object_component_ref idref="oc-1c1"/>
      </symbol>
      <symbol id="sm-28c">
         <name>aligned_alloc</name>
         <value>0x20005f05</value>
         <object_component_ref idref="oc-2a2"/>
      </symbol>
      <symbol id="sm-29a">
         <name>strlen</name>
         <value>0x200073c1</value>
         <object_component_ref idref="oc-1b5"/>
      </symbol>
      <symbol id="sm-2ac">
         <name>__stack</name>
         <value>0x2002f800</value>
         <object_component_ref idref="oc-26"/>
      </symbol>
      <symbol id="sm-2ad">
         <name>_c_int00_noargs</name>
         <value>0x2000717d</value>
         <object_component_ref idref="oc-5b"/>
      </symbol>
      <symbol id="sm-412">
         <name>__TI_printfi</name>
         <value>0x20004401</value>
         <object_component_ref idref="oc-27e"/>
      </symbol>
      <symbol id="sm-432">
         <name>frexpl</name>
         <value>0x20006bf1</value>
         <object_component_ref idref="oc-3cc"/>
      </symbol>
      <symbol id="sm-433">
         <name>frexp</name>
         <value>0x20006bf1</value>
         <object_component_ref idref="oc-3cc"/>
      </symbol>
      <symbol id="sm-451">
         <name>scalbn</name>
         <value>0x200063ad</value>
         <object_component_ref idref="oc-3d2"/>
      </symbol>
      <symbol id="sm-452">
         <name>scalbnl</name>
         <value>0x200063ad</value>
         <object_component_ref idref="oc-3d2"/>
      </symbol>
      <symbol id="sm-453">
         <name>ldexpl</name>
         <value>0x200063ad</value>
         <object_component_ref idref="oc-3d2"/>
      </symbol>
      <symbol id="sm-454">
         <name>ldexp</name>
         <value>0x200063ad</value>
         <object_component_ref idref="oc-3d2"/>
      </symbol>
      <symbol id="sm-46d">
         <name>wcslen</name>
         <value>0x200073d5</value>
         <object_component_ref idref="oc-341"/>
      </symbol>
      <symbol id="sm-477">
         <name>__aeabi_idiv0</name>
         <value>0x200059f7</value>
         <object_component_ref idref="oc-18a"/>
      </symbol>
      <symbol id="sm-478">
         <name>__aeabi_ldiv0</name>
         <value>0x200059f7</value>
         <object_component_ref idref="oc-18a"/>
      </symbol>
      <symbol id="sm-48f">
         <name>__aeabi_dsub</name>
         <value>0x20005841</value>
         <object_component_ref idref="oc-3ac"/>
      </symbol>
      <symbol id="sm-490">
         <name>__aeabi_dadd</name>
         <value>0x2000584b</value>
         <object_component_ref idref="oc-3ac"/>
      </symbol>
      <symbol id="sm-4b2">
         <name>__aeabi_cdcmpeq</name>
         <value>0x20006829</value>
         <object_component_ref idref="oc-31e"/>
      </symbol>
      <symbol id="sm-4b3">
         <name>__aeabi_cdcmple</name>
         <value>0x20006829</value>
         <object_component_ref idref="oc-31e"/>
      </symbol>
      <symbol id="sm-4b4">
         <name>__aeabi_cdrcmple</name>
         <value>0x200068af</value>
         <object_component_ref idref="oc-397"/>
      </symbol>
      <symbol id="sm-4c8">
         <name>__aeabi_ddiv</name>
         <value>0x20005cad</value>
         <object_component_ref idref="oc-392"/>
      </symbol>
      <symbol id="sm-4d3">
         <name>__aeabi_dmul</name>
         <value>0x20006005</value>
         <object_component_ref idref="oc-38d"/>
      </symbol>
      <symbol id="sm-4dd">
         <name>__aeabi_d2iz</name>
         <value>0x20006e35</value>
         <object_component_ref idref="oc-39c"/>
      </symbol>
      <symbol id="sm-4e7">
         <name>__aeabi_i2d</name>
         <value>0x20007085</value>
         <object_component_ref idref="oc-3a7"/>
      </symbol>
      <symbol id="sm-4f6">
         <name>__aeabi_memset</name>
         <value>0x200069b9</value>
         <object_component_ref idref="oc-8b"/>
      </symbol>
      <symbol id="sm-4f7">
         <name>memset</name>
         <value>0x200069bf</value>
         <object_component_ref idref="oc-8b"/>
      </symbol>
      <symbol id="sm-4f8">
         <name>__aeabi_memset8</name>
         <value>0x200069b9</value>
         <object_component_ref idref="oc-8b"/>
      </symbol>
      <symbol id="sm-4f9">
         <name>__aeabi_memset4</name>
         <value>0x200069b9</value>
         <object_component_ref idref="oc-8b"/>
      </symbol>
      <symbol id="sm-4fa">
         <name>__aeabi_memclr8</name>
         <value>0x200069b7</value>
         <object_component_ref idref="oc-8b"/>
      </symbol>
      <symbol id="sm-4fb">
         <name>__aeabi_memclr4</name>
         <value>0x200069b7</value>
         <object_component_ref idref="oc-8b"/>
      </symbol>
      <symbol id="sm-4fc">
         <name>__aeabi_memclr</name>
         <value>0x200069b7</value>
         <object_component_ref idref="oc-8b"/>
      </symbol>
      <symbol id="sm-524">
         <name>__TI_auto_init_nobinit_nopinit</name>
         <value>0x20006e7d</value>
         <object_component_ref idref="oc-150"/>
      </symbol>
      <symbol id="sm-52e">
         <name>_system_pre_init</name>
         <value>0x2000745f</value>
         <object_component_ref idref="oc-91"/>
      </symbol>
      <symbol id="sm-53a">
         <name>C$$EXIT</name>
         <value>0x20007463</value>
         <object_component_ref idref="oc-144"/>
      </symbol>
      <symbol id="sm-53b">
         <name>abort</name>
         <value>0x20007463</value>
         <object_component_ref idref="oc-144"/>
      </symbol>
      <symbol id="sm-550">
         <name>_nop</name>
         <value>0x20004e4f</value>
         <object_component_ref idref="oc-2f1"/>
      </symbol>
      <symbol id="sm-551">
         <name>_lock</name>
         <value>0x20017828</value>
         <object_component_ref idref="oc-252"/>
      </symbol>
      <symbol id="sm-552">
         <name>_unlock</name>
         <value>0x2001782c</value>
         <object_component_ref idref="oc-252"/>
      </symbol>
      <symbol id="sm-561">
         <name>__TI_ltoa</name>
         <value>0x20006cfb</value>
         <object_component_ref idref="oc-3a1"/>
      </symbol>
      <symbol id="sm-578">
         <name>atoi</name>
         <value>0x20006da1</value>
         <object_component_ref idref="oc-312"/>
      </symbol>
      <symbol id="sm-583">
         <name>_ctypes_</name>
         <value>0x20007468</value>
         <object_component_ref idref="oc-386"/>
      </symbol>
      <symbol id="sm-593">
         <name>memccpy</name>
         <value>0x20007291</value>
         <object_component_ref idref="oc-33b"/>
      </symbol>
      <symbol id="sm-5a3">
         <name>strchr</name>
         <value>0x2000736d</value>
         <object_component_ref idref="oc-3d8"/>
      </symbol>
      <symbol id="sm-5b9">
         <name>__aeabi_errno_addr</name>
         <value>0x20007449</value>
         <object_component_ref idref="oc-347"/>
      </symbol>
      <symbol id="sm-5ba">
         <name>errno</name>
         <value>0x20017840</value>
         <object_component_ref idref="oc-3e8"/>
      </symbol>
      <symbol id="sm-5c4">
         <name>copysign</name>
         <value>0x20007431</value>
         <object_component_ref idref="oc-415"/>
      </symbol>
      <symbol id="sm-5c5">
         <name>copysignl</name>
         <value>0x20007431</value>
         <object_component_ref idref="oc-415"/>
      </symbol>
      <symbol id="sm-615">
         <name>GPIOIntRegister</name>
         <value>0x200071e5</value>
         <object_component_ref idref="oc-11d"/>
      </symbol>
      <symbol id="sm-616">
         <name>GPIOIntEnable</name>
         <value>0x200072ad</value>
         <object_component_ref idref="oc-129"/>
      </symbol>
      <symbol id="sm-617">
         <name>GPIOIntTypeSet</name>
         <value>0x20006935</value>
         <object_component_ref idref="oc-123"/>
      </symbol>
      <symbol id="sm-618">
         <name>GPIOIntClear</name>
         <value>0x20007397</value>
         <object_component_ref idref="oc-cb"/>
      </symbol>
      <symbol id="sm-619">
         <name>GPIOIntStatus</name>
         <value>0x200071a1</value>
         <object_component_ref idref="oc-c5"/>
      </symbol>
      <symbol id="sm-61a">
         <name>GPIODirModeSet</name>
         <value>0x20006fbd</value>
         <object_component_ref idref="oc-22a"/>
      </symbol>
      <symbol id="sm-653">
         <name>IntVTableBaseSet</name>
         <value>0x200073ad</value>
         <object_component_ref idref="oc-e7"/>
      </symbol>
      <symbol id="sm-654">
         <name>IntEnable</name>
         <value>0x20006531</value>
         <object_component_ref idref="oc-f3"/>
      </symbol>
      <symbol id="sm-655">
         <name>IntRegister</name>
         <value>0x200071c5</value>
         <object_component_ref idref="oc-214"/>
      </symbol>
      <symbol id="sm-656">
         <name>IntMasterEnable</name>
         <value>0x2000743d</value>
         <object_component_ref idref="oc-ed"/>
      </symbol>
      <symbol id="sm-68d">
         <name>PinTypeUART</name>
         <value>0x200072c7</value>
         <object_component_ref idref="oc-230"/>
      </symbol>
      <symbol id="sm-68e">
         <name>PinTypeGPIO</name>
         <value>0x20006ff3</value>
         <object_component_ref idref="oc-224"/>
      </symbol>
      <symbol id="sm-68f">
         <name>PinConfigSet</name>
         <value>0x200067a1</value>
         <object_component_ref idref="oc-2e1"/>
      </symbol>
      <symbol id="sm-690">
         <name>PinModeSet</name>
         <value>0x20006ec1</value>
         <object_component_ref idref="oc-21e"/>
      </symbol>
      <symbol id="sm-716">
         <name>PRCMPeripheralReset</name>
         <value>0x20006c4d</value>
         <object_component_ref idref="oc-206"/>
      </symbol>
      <symbol id="sm-717">
         <name>PRCMPeripheralClkEnable</name>
         <value>0x20006f81</value>
         <object_component_ref idref="oc-200"/>
      </symbol>
      <symbol id="sm-718">
         <name>PRCMPeripheralClockGet</name>
         <value>0x2000670d</value>
         <object_component_ref idref="oc-191"/>
      </symbol>
      <symbol id="sm-719">
         <name>PRCMCC3200MCUInit</name>
         <value>0x200059f9</value>
         <object_component_ref idref="oc-f9"/>
      </symbol>
      <symbol id="sm-71a">
         <name>PRCMHIBRegWrite</name>
         <value>0x20007357</value>
         <object_component_ref idref="oc-1fa"/>
      </symbol>
      <symbol id="sm-71b">
         <name>PRCMSysResetCauseGet</name>
         <value>0x200070b5</value>
         <object_component_ref idref="oc-1ee"/>
      </symbol>
      <symbol id="sm-71c">
         <name>PRCMPeripheralClkDisable</name>
         <value>0x200070e1</value>
         <object_component_ref idref="oc-20c"/>
      </symbol>
      <symbol id="sm-71d">
         <name>PRCMHIBRegRead</name>
         <value>0x20007341</value>
         <object_component_ref idref="oc-1f4"/>
      </symbol>
      <symbol id="sm-754">
         <name>SysTickEnable</name>
         <value>0x200073e9</value>
         <object_component_ref idref="oc-111"/>
      </symbol>
      <symbol id="sm-755">
         <name>SysTickIntRegister</name>
         <value>0x20007221</value>
         <object_component_ref idref="oc-105"/>
      </symbol>
      <symbol id="sm-756">
         <name>SysTickIntEnable</name>
         <value>0x200073f9</value>
         <object_component_ref idref="oc-10b"/>
      </symbol>
      <symbol id="sm-757">
         <name>SysTickValueGet</name>
         <value>0x20007425</value>
         <object_component_ref idref="oc-d1"/>
      </symbol>
      <symbol id="sm-758">
         <name>SysTickPeriodSet</name>
         <value>0x200072e1</value>
         <object_component_ref idref="oc-ff"/>
      </symbol>
      <symbol id="sm-794">
         <name>UARTConfigSetExpClk</name>
         <value>0x20006a31</value>
         <object_component_ref idref="oc-197"/>
      </symbol>
      <symbol id="sm-795">
         <name>UARTDisable</name>
         <value>0x20007025</value>
         <object_component_ref idref="oc-270"/>
      </symbol>
      <symbol id="sm-796">
         <name>UARTCharsAvail</name>
         <value>0x200072f9</value>
         <object_component_ref idref="oc-1a9"/>
      </symbol>
      <symbol id="sm-797">
         <name>UARTCharGetNonBlocking</name>
         <value>0x2000723d</value>
         <object_component_ref idref="oc-1af"/>
      </symbol>
      <symbol id="sm-798">
         <name>UARTCharPut</name>
         <value>0x20007203</value>
         <object_component_ref idref="oc-19d"/>
      </symbol>
      <symbol id="sm-799">
         <name>UARTEnable</name>
         <value>0x20007159</value>
         <object_component_ref idref="oc-276"/>
      </symbol>
      <symbol id="sm-79d">
         <name>UtilsDelay</name>
         <value>0x20007459</value>
         <object_component_ref idref="oc-2d0"/>
      </symbol>
      <symbol id="sm-7a7">
         <name>CPUcpsie</name>
         <value>0x20007383</value>
         <object_component_ref idref="oc-1e3"/>
      </symbol>
      <symbol id="sm-7a9">
         <name>__TI_static_base__</name>
         <value>0x20007730</value>
      </symbol>
      <symbol id="sm-7ac">
         <name>__mpu_init</name>
         <value>0x0</value>
      </symbol>
      <symbol id="sm-7ad">
         <name>_system_post_cinit</name>
         <value>0x0</value>
      </symbol>
   </symbol_table>
   <title>Link successful</title>
</link_info>
