******************************************************************************
                  TI ARM Linker PC v20.2.0                     
******************************************************************************
>> Linked Thu May  4 15:14:22 2023

OUTPUT FILE NAME:   <IR_Decode.out>
ENTRY POINT SYMBOL: "_c_int00_noargs"  address: 20007355


MEMORY CONFIGURATION

         name            origin    length      used     unused   attr    fill
----------------------  --------  ---------  --------  --------  ----  --------
  SRAM_CODE             20004000   00019000  00003942  000156be  RW X
  SRAM_DATA             2001d000   00023000  00001046  00021fba  RW X


SEGMENT ALLOCATION MAP

run origin  load origin   length   init length attrs members
----------  ----------- ---------- ----------- ----- -------
20004000    20004000    00003948   00003948    r-x
  20004000    20004000    00000400   00000400    r-- .intvecs
  20004400    20004400    0000323e   0000323e    r-x .text
  20007640    20007640    000002c4   000002c4    r-- .const
  20007908    20007908    00000040   00000040    r-- .cinit
2001d000    2001d000    00000846   00000000    rw-
  2001d000    2001d000    00000800   00000000    rw- .sysmem
  2001d800    2001d800    00000030   00000000    rw- .data
  2001d830    2001d830    00000016   00000000    rw- .bss
2003f800    2003f800    00000800   00000000    rw-
  2003f800    2003f800    00000800   00000000    rw- .stack


SECTION ALLOCATION MAP

 output                                  attributes/
section   page    origin      length       input sections
--------  ----  ----------  ----------   ----------------
.intvecs   0    20004000    00000400     
                  20004000    00000400     startup_ccs.obj (.intvecs)

.init_array 
*          0    20004000    00000000     UNINITIALIZED

.text      0    20004400    0000323e     
                  20004400    00000a4e     rtsv7M4_T_le_eabi.lib : _printfi.c.obj (.text:__TI_printfi)
                  20004e4e    00000002                           : _lock.c.obj (.text:_nop)
                  20004e50    00000510     main.obj (.text)
                  20005360    0000027c     uart_if.obj (.text)
                  200055dc    00000268     rtsv7M4_T_le_eabi.lib : _printfi.c.obj (.text:_pconv_a)
                  20005844    000001cc                           : _printfi.c.obj (.text:_pconv_g)
                  20005a10    000001b6                           : fd_add_t2.asm.obj (.text)
                  20005bc6    00000002                           : div0.asm.obj (.text)
                  20005bc8    00000178     driverlib.a : prcm.obj (.text:PRCMCC3200MCUInit)
                  20005d40    0000013c     rtsv7M4_T_le_eabi.lib : _printfi.c.obj (.text:_pconv_e)
                  20005e7c    00000136                           : fd_div_t2.asm.obj (.text)
                  20005fb2    00000002     --HOLE-- [fill = 0]
                  20005fb4    00000120                           : _printfi.c.obj (.text:fcvt)
                  200060d4    00000108                           : memory.c.obj (.text:aligned_alloc)
                  200061dc    000000fc                           : fd_mul_t2.asm.obj (.text)
                  200062d8    000000e4                           : memory.c.obj (.text:free)
                  200063bc    000000e4                           : memory.c.obj (.text:realloc)
                  200064a0    000000e2     pin_mux_config.obj (.text)
                  20006582    00000002     --HOLE-- [fill = 0]
                  20006584    000000d0     rtsv7M4_T_le_eabi.lib : s_scalbn.c.obj (.text:scalbn)
                  20006654    000000b1                           : _printfi.c.obj (.text:_ltostr)
                  20006705    00000003     --HOLE-- [fill = 0]
                  20006708    000000a8     driverlib.a : interrupt.obj (.text:IntEnable)
                  200067b0    0000009c     rtsv7M4_T_le_eabi.lib : memcpy_t2.asm.obj (.text)
                  2000684c    00000096                           : ull_div_t2.asm.obj (.text)
                  200068e2    00000002     --HOLE-- [fill = 0]
                  200068e4    00000094     driverlib.a : prcm.obj (.text:PRCMPeripheralClockGet)
                  20006978    00000088                 : pin.obj (.text:PinConfigSet)
                  20006a00    00000086     rtsv7M4_T_le_eabi.lib : fd_cmp_t2.asm.obj (.text:__aeabi_cdcmple)
                  20006a86    00000086                           : fd_cmp_t2.asm.obj (.text:__aeabi_cdrcmple)
                  20006b0c    00000082     driverlib.a : gpio.obj (.text:GPIOIntTypeSet)
                  20006b8e    0000007a     rtsv7M4_T_le_eabi.lib : memset_t2.asm.obj (.text)
                  20006c08    00000076     driverlib.a : uart.obj (.text:UARTConfigSetExpClk)
                  20006c7e    00000002     --HOLE-- [fill = 0]
                  20006c80    00000070     rtsv7M4_T_le_eabi.lib : memory.c.obj (.text:split)
                  20006cf0    0000006e                           : _printfi.c.obj (.text:_mcpy)
                  20006d5e    00000068                           : copy_decompress_lzss.c.obj (.text:decompress:lzss:__TI_decompress_lzss)
                  20006dc6    00000002     --HOLE-- [fill = 0]
                  20006dc8    0000005c                           : s_frexp.c.obj (.text:frexp)
                  20006e24    00000058     driverlib.a : prcm.obj (.text:PRCMPeripheralReset)
                  20006e7c    00000056     rtsv7M4_T_le_eabi.lib : _printfi.c.obj (.text:_pconv_f)
                  20006ed2    00000054                           : _ltoa.c.obj (.text:__TI_ltoa)
                  20006f26    00000052                           : _printfi.c.obj (.text:_ecpy)
                  20006f78    0000004c                           : atoi.c.obj (.text:atoi)
                  20006fc4    00000048     driverlib.a : gpio.obj (.text:GPIOGetIntNumber)
                  2000700c    00000048     rtsv7M4_T_le_eabi.lib : fd_toi_t2.asm.obj (.text)
                  20007054    00000044                           : autoinit.c.obj (.text:__TI_auto_init_nobinit_nopinit:__TI_auto_init_nobinit_nopinit)
                  20007098    00000040     driverlib.a : pin.obj (.text:PinModeSet)
                  200070d8    00000040     rtsv7M4_T_le_eabi.lib : vsnprintf.c.obj (.text:vsnprintf)
                  20007118    0000003e                           : _printfi.c.obj (.text:_fcpy)
                  20007156    00000002     --HOLE-- [fill = 0]
                  20007158    0000003c     driverlib.a : prcm.obj (.text:PRCMPeripheralClkEnable)
                  20007194    00000036                 : gpio.obj (.text:GPIODirModeSet)
                  200071ca    00000030                 : pin.obj (.text:PinTypeGPIO)
                  200071fa    00000002     --HOLE-- [fill = 0]
                  200071fc    00000030                 : uart.obj (.text:UARTDisable)
                  2000722c    00000030     rtsv7M4_T_le_eabi.lib : vsnprintf.c.obj (.text:_outs)
                  2000725c    0000002e                           : i_tofd_t2.asm.obj (.text)
                  2000728a    00000002     --HOLE-- [fill = 0]
                  2000728c    0000002c     driverlib.a : prcm.obj (.text:PRCMSysResetCauseGet)
                  200072b8    00000028                 : prcm.obj (.text:PRCMPeripheralClkDisable)
                  200072e0    00000028     rtsv7M4_T_le_eabi.lib : memory.c.obj (.text:free_list_insert)
                  20007308    00000028                           : memmov.c.obj (.text:memmove)
                  20007330    00000024     driverlib.a : uart.obj (.text:UARTEnable)
                  20007354    00000024     rtsv7M4_T_le_eabi.lib : boot_cortex_m.c.obj (.text:_c_int00_noargs:_c_int00_noargs)
                  20007378    00000022     driverlib.a : gpio.obj (.text:GPIOIntStatus)
                  2000739a    00000002     --HOLE-- [fill = 0]
                  2000739c    00000020                 : interrupt.obj (.text:IntRegister)
                  200073bc    0000001e                 : gpio.obj (.text:GPIOIntRegister)
                  200073da    0000001e                 : uart.obj (.text:UARTCharPut)
                  200073f8    0000001c                 : systick.obj (.text:SysTickIntRegister)
                  20007414    0000001c                 : uart.obj (.text:UARTCharGetNonBlocking)
                  20007430    0000001c     rtsv7M4_T_le_eabi.lib : copy_zero_init.c.obj (.text:decompress:ZI:__TI_zero_init_nomemset:__TI_zero_init_nomemset)
                  2000744c    0000001c                           : memory.c.obj (.text:free_list_remove)
                  20007468    0000001c                           : memccpy.c.obj (.text:memccpy)
                  20007484    0000001a     driverlib.a : gpio.obj (.text:GPIOIntEnable)
                  2000749e    0000001a                 : pin.obj (.text:PinTypeUART)
                  200074b8    00000018                 : systick.obj (.text:SysTickPeriodSet)
                  200074d0    00000018                 : uart.obj (.text:UARTCharsAvail)
                  200074e8    00000018     rtsv7M4_T_le_eabi.lib : vsnprintf.c.obj (.text:_outc)
                  20007500    00000018                           : ll_mul_t2.asm.obj (.text)
                  20007518    00000016     driverlib.a : prcm.obj (.text:PRCMHIBRegRead)
                  2000752e    00000016                 : prcm.obj (.text:PRCMHIBRegWrite)
                  20007544    00000016     rtsv7M4_T_le_eabi.lib : strchr.c.obj (.text:strchr)
                  2000755a    00000014     driverlib.a : cpu.obj (.text:CPUcpsie)
                  2000756e    00000014                 : gpio.obj (.text:GPIOIntClear)
                  20007582    00000002     --HOLE-- [fill = 0]
                  20007584    00000014                 : interrupt.obj (.text:IntVTableBaseSet)
                  20007598    00000014     rtsv7M4_T_le_eabi.lib : strlen.c.obj (.text:strlen)
                  200075ac    00000012                           : wcslen.c.obj (.text:wcslen)
                  200075be    00000002     --HOLE-- [fill = 0]
                  200075c0    00000010     driverlib.a : systick.obj (.text:SysTickEnable)
                  200075d0    00000010                 : systick.obj (.text:SysTickIntEnable)
                  200075e0    0000000e     rtsv7M4_T_le_eabi.lib : copy_decompress_none.c.obj (.text:decompress:none:__TI_decompress_none)
                  200075ee    0000000e     startup_ccs.obj (.text)
                  200075fc    0000000c     driverlib.a : systick.obj (.text:SysTickValueGet)
                  20007608    0000000c     rtsv7M4_T_le_eabi.lib : s_copysign.c.obj (.text:copysign)
                  20007614    0000000a     driverlib.a : interrupt.obj (.text:IntMasterEnable)
                  2000761e    00000002     --HOLE-- [fill = 0]
                  20007620    00000008     rtsv7M4_T_le_eabi.lib : errno.c.obj (.text:__aeabi_errno_addr)
                  20007628    00000008                           : memory.c.obj (.text:malloc)
                  20007630    00000006     driverlib.a : utils.obj (.text:UtilsDelay)
                  20007636    00000004     rtsv7M4_T_le_eabi.lib : pre_init.c.obj (.text:_system_pre_init)
                  2000763a    00000004                           : exit.c.obj (.text:abort:abort)

.const     0    20007640    000002c4     
                  20007640    00000101     rtsv7M4_T_le_eabi.lib : ctype.c.obj (.const:.string:_ctypes_)
                  20007741    00000003     --HOLE-- [fill = 0]
                  20007744    00000100     driverlib.a : pin.obj (.const:g_ulPinToPadMap)
                  20007844    000000a8                 : prcm.obj (.const:PRCM_PeriphRegsList)
                  200078ec    00000018                 : interrupt.obj (.const:g_pulEnRegs)

.cinit     0    20007908    00000040     
                  20007908    0000001a     (.cinit..data.load) [load image, compression = lzss]
                  20007922    00000002     --HOLE-- [fill = 0]
                  20007924    0000000c     (__TI_handler_table)
                  20007930    00000008     (.cinit..bss.load) [load image, compression = zero_init]
                  20007938    00000010     (__TI_cinit_table)

.sysmem    0    2001d000    00000800     UNINITIALIZED
                  2001d000    00000010     rtsv7M4_T_le_eabi.lib : memory.c.obj (.sysmem)
                  2001d010    000007f0     --HOLE--

.data      0    2001d800    00000030     UNINITIALIZED
                  2001d800    0000001c     main.obj (.data)
                  2001d81c    00000008     rtsv7M4_T_le_eabi.lib : _lock.c.obj (.data:$O1$$)
                  2001d824    00000008                           : memory.c.obj (.data:$O1$$)
                  2001d82c    00000004                           : errno.c.obj (.data)

.bss       0    2001d830    00000016     UNINITIALIZED
                  2001d830    00000004     uart_if.obj (.bss)
                  2001d834    00000004     (.common:P59_intcount)
                  2001d838    00000004     (.common:message)
                  2001d83c    00000004     (.common:prev_message)
                  2001d840    00000004     (.common:start_int)
                  2001d844    00000001     (.common:P59_intstatus)
                  2001d845    00000001     (.common:character)

.stack     0    2003f800    00000800     UNINITIALIZED
                  2003f800    00000004     rtsv7M4_T_le_eabi.lib : boot_cortex_m.c.obj (.stack)
                  2003f804    000007fc     --HOLE--

__llvm_prf_cnts 
*          0    2001d000    00000000     UNINITIALIZED

MODULE SUMMARY

       Module                       code    ro data   rw data
       ------                       ----    -------   -------
    .\
       main.obj                     1296    0         46     
       startup_ccs.obj              14      1024      0      
       uart_if.obj                  636     0         4      
       pin_mux_config.obj           226     0         0      
    +--+----------------------------+-------+---------+---------+
       Total:                       2172    1024      50     
                                                             
    C:/ti/CC3200SDK_1.5.0/cc3200-sdk/driverlib/ccs/Release/driverlib.a
       prcm.obj                     800     168       0      
       pin.obj                      274     256       0      
       gpio.obj                     366     0         0      
       uart.obj                     284     0         0      
       interrupt.obj                230     24        0      
       systick.obj                  96      0         0      
       cpu.obj                      20      0         0      
       utils.obj                    6       0         0      
    +--+----------------------------+-------+---------+---------+
       Total:                       2076    448       0      
                                                             
    C:\ti\ccs1000\ccs\tools\compiler\ti-cgt-arm_20.2.0.LTS\lib\rtsv7M4_T_le_eabi.lib
       _printfi.c.obj               4835    0         0      
       memory.c.obj                 908     0         8      
       fd_add_t2.asm.obj            438     0         0      
       fd_div_t2.asm.obj            310     0         0      
       fd_cmp_t2.asm.obj            268     0         0      
       ctype.c.obj                  0       257       0      
       fd_mul_t2.asm.obj            252     0         0      
       s_scalbn.c.obj               208     0         0      
       memcpy_t2.asm.obj            156     0         0      
       ull_div_t2.asm.obj           150     0         0      
       vsnprintf.c.obj              136     0         0      
       memset_t2.asm.obj            122     0         0      
       copy_decompress_lzss.c.obj   104     0         0      
       s_frexp.c.obj                92      0         0      
       _ltoa.c.obj                  84      0         0      
       atoi.c.obj                   76      0         0      
       fd_toi_t2.asm.obj            72      0         0      
       autoinit.c.obj               68      0         0      
       i_tofd_t2.asm.obj            46      0         0      
       memmov.c.obj                 40      0         0      
       boot_cortex_m.c.obj          36      0         0      
       copy_zero_init.c.obj         28      0         0      
       memccpy.c.obj                28      0         0      
       ll_mul_t2.asm.obj            24      0         0      
       strchr.c.obj                 22      0         0      
       strlen.c.obj                 20      0         0      
       wcslen.c.obj                 18      0         0      
       copy_decompress_none.c.obj   14      0         0      
       errno.c.obj                  8       0         4      
       s_copysign.c.obj             12      0         0      
       _lock.c.obj                  2       0         8      
       exit.c.obj                   4       0         0      
       pre_init.c.obj               4       0         0      
       div0.asm.obj                 2       0         0      
    +--+----------------------------+-------+---------+---------+
       Total:                       8587    257       20     
                                                             
       Heap:                        0       0         2048   
       Stack:                       0       0         2048   
       Linker Generated:            0       62        0      
    +--+----------------------------+-------+---------+---------+
       Grand Total:                 12835   1791      4166   


LINKER GENERATED COPY TABLES

__TI_cinit_table @ 20007938 records: 2, size/record: 8, table size: 16
	.data: load addr=20007908, load size=0000001a bytes, run addr=2001d800, run size=00000030 bytes, compression=lzss
	.bss: load addr=20007930, load size=00000008 bytes, run addr=2001d830, run size=00000016 bytes, compression=zero_init


LINKER GENERATED HANDLER TABLE

__TI_handler_table @ 20007924 records: 3, size/record: 4, table size: 12
	index: 0, handler: __TI_decompress_lzss
	index: 1, handler: __TI_decompress_none
	index: 2, handler: __TI_zero_init


GLOBAL SYMBOLS: SORTED ALPHABETICALLY BY Name 

address   name                          
-------   ----                          
2000763b  C$$EXIT                       
2000755b  CPUcpsie                      
200053a1  ClearTerm                     
200053ab  Error                         
20007195  GPIODirModeSet                
2000756f  GPIOIntClear                  
20007485  GPIOIntEnable                 
200073bd  GPIOIntRegister               
20007379  GPIOIntStatus                 
20006b0d  GPIOIntTypeSet                
200053e3  GetCmd                        
20005361  InitTerm                      
20006709  IntEnable                     
20007615  IntMasterEnable               
2000739d  IntRegister                   
20007585  IntVTableBaseSet              
2000537f  Message                       
2001d834  P59_intcount                  
2001d844  P59_intstatus                 
20005bc9  PRCMCC3200MCUInit             
20007519  PRCMHIBRegRead                
2000752f  PRCMHIBRegWrite               
200072b9  PRCMPeripheralClkDisable      
20007159  PRCMPeripheralClkEnable       
200068e5  PRCMPeripheralClockGet        
20006e25  PRCMPeripheralReset           
2000728d  PRCMSysResetCauseGet          
20006979  PinConfigSet                  
20007099  PinModeSet                    
200064a1  PinMuxConfig                  
200071cb  PinTypeGPIO                   
2000749f  PinTypeUART                   
20005521  Report                        
200075ef  ResetISR                      
200075c1  SysTickEnable                 
200075d1  SysTickIntEnable              
200073f9  SysTickIntRegister            
200074b9  SysTickPeriodSet              
200075fd  SysTickValueGet               
20005489  TrimSpace                     
20007415  UARTCharGetNonBlocking        
200073db  UARTCharPut                   
200074d1  UARTCharsAvail                
20006c09  UARTConfigSetExpClk           
200071fd  UARTDisable                   
20007331  UARTEnable                    
20007631  UtilsDelay                    
20040000  __STACK_END                   
00000800  __STACK_SIZE                  
00000800  __SYSMEM_SIZE                 
20007938  __TI_CINIT_Base               
20007948  __TI_CINIT_Limit              
20007924  __TI_Handler_Table_Base       
20007930  __TI_Handler_Table_Limit      
20007055  __TI_auto_init_nobinit_nopinit
20006d5f  __TI_decompress_lzss          
200075e1  __TI_decompress_none          
20006ed3  __TI_ltoa                     
ffffffff  __TI_pprof_out_hndl           
20004401  __TI_printfi                  
ffffffff  __TI_prof_data_size           
ffffffff  __TI_prof_data_start          
20007908  __TI_static_base__            
20007431  __TI_zero_init_nomemset       
20006a01  __aeabi_cdcmpeq               
20006a01  __aeabi_cdcmple               
20006a87  __aeabi_cdrcmple              
2000700d  __aeabi_d2iz                  
20005a1b  __aeabi_dadd                  
20005e7d  __aeabi_ddiv                  
200061dd  __aeabi_dmul                  
20005a11  __aeabi_dsub                  
20007621  __aeabi_errno_addr            
2000725d  __aeabi_i2d                   
20005bc7  __aeabi_idiv0                 
20005bc7  __aeabi_ldiv0                 
20007501  __aeabi_lmul                  
20006b8f  __aeabi_memclr                
20006b8f  __aeabi_memclr4               
20006b8f  __aeabi_memclr8               
200067b1  __aeabi_memcpy                
200067b1  __aeabi_memcpy4               
200067b1  __aeabi_memcpy8               
20006b91  __aeabi_memset                
20006b91  __aeabi_memset4               
20006b91  __aeabi_memset8               
2000684d  __aeabi_uldivmod              
ffffffff  __binit__                     
ffffffff  __c_args__                    
UNDEFED   __mpu_init                    
2003f800  __stack                       
2001d000  __start___llvm_prf_cnts       
2001d000  __stop___llvm_prf_cnts        
20007355  _c_int00_noargs               
20007640  _ctypes_                      
2001d81c  _lock                         
20004e4f  _nop                          
2001d000  _sys_memory                   
UNDEFED   _system_post_cinit            
20007637  _system_pre_init              
2001d820  _unlock                       
2000763b  abort                         
200060d5  aligned_alloc                 
20006f79  atoi                          
ffffffff  binit                         
2001d845  character                     
20007609  copysign                      
20007609  copysignl                     
2001d808  delta                         
2001d810  delta_us                      
2001d82c  errno                         
200062d9  free                          
20006dc9  frexp                         
20006dc9  frexpl                        
20004000  g_pfnVectors                  
20006585  ldexp                         
20006585  ldexpl                        
20004f41  main                          
20007629  malloc                        
200060d5  memalign                      
20007469  memccpy                       
200067b1  memcpy                        
20007309  memmove                       
20006b97  memset                        
2001d838  message                       
2001d83c  prev_message                  
200063bd  realloc                       
2001d818  repetitions                   
20006585  scalbn                        
20006585  scalbnl                       
2001d840  start_int                     
20007545  strchr                        
20007599  strlen                        
2001d800  systick_cnt                   
200070d9  vsnprintf                     
200075ad  wcslen                        


GLOBAL SYMBOLS: SORTED BY Symbol Address 

address   name                          
-------   ----                          
00000800  __STACK_SIZE                  
00000800  __SYSMEM_SIZE                 
20004000  g_pfnVectors                  
20004401  __TI_printfi                  
20004e4f  _nop                          
20004f41  main                          
20005361  InitTerm                      
2000537f  Message                       
200053a1  ClearTerm                     
200053ab  Error                         
200053e3  GetCmd                        
20005489  TrimSpace                     
20005521  Report                        
20005a11  __aeabi_dsub                  
20005a1b  __aeabi_dadd                  
20005bc7  __aeabi_idiv0                 
20005bc7  __aeabi_ldiv0                 
20005bc9  PRCMCC3200MCUInit             
20005e7d  __aeabi_ddiv                  
200060d5  aligned_alloc                 
200060d5  memalign                      
200061dd  __aeabi_dmul                  
200062d9  free                          
200063bd  realloc                       
200064a1  PinMuxConfig                  
20006585  ldexp                         
20006585  ldexpl                        
20006585  scalbn                        
20006585  scalbnl                       
20006709  IntEnable                     
200067b1  __aeabi_memcpy                
200067b1  __aeabi_memcpy4               
200067b1  __aeabi_memcpy8               
200067b1  memcpy                        
2000684d  __aeabi_uldivmod              
200068e5  PRCMPeripheralClockGet        
20006979  PinConfigSet                  
20006a01  __aeabi_cdcmpeq               
20006a01  __aeabi_cdcmple               
20006a87  __aeabi_cdrcmple              
20006b0d  GPIOIntTypeSet                
20006b8f  __aeabi_memclr                
20006b8f  __aeabi_memclr4               
20006b8f  __aeabi_memclr8               
20006b91  __aeabi_memset                
20006b91  __aeabi_memset4               
20006b91  __aeabi_memset8               
20006b97  memset                        
20006c09  UARTConfigSetExpClk           
20006d5f  __TI_decompress_lzss          
20006dc9  frexp                         
20006dc9  frexpl                        
20006e25  PRCMPeripheralReset           
20006ed3  __TI_ltoa                     
20006f79  atoi                          
2000700d  __aeabi_d2iz                  
20007055  __TI_auto_init_nobinit_nopinit
20007099  PinModeSet                    
200070d9  vsnprintf                     
20007159  PRCMPeripheralClkEnable       
20007195  GPIODirModeSet                
200071cb  PinTypeGPIO                   
200071fd  UARTDisable                   
2000725d  __aeabi_i2d                   
2000728d  PRCMSysResetCauseGet          
200072b9  PRCMPeripheralClkDisable      
20007309  memmove                       
20007331  UARTEnable                    
20007355  _c_int00_noargs               
20007379  GPIOIntStatus                 
2000739d  IntRegister                   
200073bd  GPIOIntRegister               
200073db  UARTCharPut                   
200073f9  SysTickIntRegister            
20007415  UARTCharGetNonBlocking        
20007431  __TI_zero_init_nomemset       
20007469  memccpy                       
20007485  GPIOIntEnable                 
2000749f  PinTypeUART                   
200074b9  SysTickPeriodSet              
200074d1  UARTCharsAvail                
20007501  __aeabi_lmul                  
20007519  PRCMHIBRegRead                
2000752f  PRCMHIBRegWrite               
20007545  strchr                        
2000755b  CPUcpsie                      
2000756f  GPIOIntClear                  
20007585  IntVTableBaseSet              
20007599  strlen                        
200075ad  wcslen                        
200075c1  SysTickEnable                 
200075d1  SysTickIntEnable              
200075e1  __TI_decompress_none          
200075ef  ResetISR                      
200075fd  SysTickValueGet               
20007609  copysign                      
20007609  copysignl                     
20007615  IntMasterEnable               
20007621  __aeabi_errno_addr            
20007629  malloc                        
20007631  UtilsDelay                    
20007637  _system_pre_init              
2000763b  C$$EXIT                       
2000763b  abort                         
20007640  _ctypes_                      
20007908  __TI_static_base__            
20007924  __TI_Handler_Table_Base       
20007930  __TI_Handler_Table_Limit      
20007938  __TI_CINIT_Base               
20007948  __TI_CINIT_Limit              
2001d000  __start___llvm_prf_cnts       
2001d000  __stop___llvm_prf_cnts        
2001d000  _sys_memory                   
2001d800  systick_cnt                   
2001d808  delta                         
2001d810  delta_us                      
2001d818  repetitions                   
2001d81c  _lock                         
2001d820  _unlock                       
2001d82c  errno                         
2001d834  P59_intcount                  
2001d838  message                       
2001d83c  prev_message                  
2001d840  start_int                     
2001d844  P59_intstatus                 
2001d845  character                     
2003f800  __stack                       
20040000  __STACK_END                   
ffffffff  __TI_pprof_out_hndl           
ffffffff  __TI_prof_data_size           
ffffffff  __TI_prof_data_start          
ffffffff  __binit__                     
ffffffff  __c_args__                    
ffffffff  binit                         
UNDEFED   __mpu_init                    
UNDEFED   _system_post_cinit            

[136 symbols]
