******************************************************************************
                  TI ARM Linker PC v20.2.0                     
******************************************************************************
>> Linked Mon May  8 14:48:28 2023

OUTPUT FILE NAME:   <IR_Decode.out>
ENTRY POINT SYMBOL: "_c_int00_noargs"  address: 20008965


MEMORY CONFIGURATION

         name            origin    length      used     unused   attr    fill
----------------------  --------  ---------  --------  --------  ----  --------
  SRAM_CODE             20004000   00019000  0000560e  000139f2  RW X
  SRAM_DATA             2001d000   00023000  0000114c  00021eb4  RW X


SEGMENT ALLOCATION MAP

run origin  load origin   length   init length attrs members
----------  ----------- ---------- ----------- ----- -------
20004000    20004000    00005610   00005610    r-x
  20004000    20004000    00000400   00000400    r-- .intvecs
  20004400    20004400    000049c2   000049c2    r-x .text
  20008dc4    20008dc4    000007cc   000007cc    r-- .const
  20009590    20009590    00000080   00000080    r-- .cinit
2001d000    2001d000    00000950   00000000    rw-
  2001d000    2001d000    00000800   00000000    rw- .sysmem
  2001d800    2001d800    000000c4   00000000    rw- .bss
  2001d8c8    2001d8c8    00000088   00000000    rw- .data
2003f800    2003f800    00000800   00000000    rw-
  2003f800    2003f800    00000800   00000000    rw- .stack


SECTION ALLOCATION MAP

 output                                  attributes/
section   page    origin      length       input sections
--------  ----  ----------  ----------   ----------------
.intvecs   0    20004000    00000400     
                  20004000    00000400     startup_ccs.obj (.intvecs)

.init_array 
*          0    20004000    00000000     UNINITIALIZED

.text      0    20004400    000049c2     
                  20004400    00000ac4     main.obj (.text)
                  20004ec4    00000a80     Adafruit_GFX.obj (.text)
                  20005944    00000a4e     rtsv7M4_T_le_eabi.lib : _printfi.c.obj (.text:__TI_printfi)
                  20006392    00000002                           : _lock.c.obj (.text:_nop)
                  20006394    000004a6     Adafruit_OLED.obj (.text)
                  2000683a    00000002     rtsv7M4_T_le_eabi.lib : div0.asm.obj (.text)
                  2000683c    0000027c     uart_if.obj (.text)
                  20006ab8    00000268     rtsv7M4_T_le_eabi.lib : _printfi.c.obj (.text:_pconv_a)
                  20006d20    000001cc                           : _printfi.c.obj (.text:_pconv_g)
                  20006eec    000001b6                           : fd_add_t2.asm.obj (.text)
                  200070a2    00000002     --HOLE-- [fill = 0]
                  200070a4    00000178     driverlib.a : prcm.obj (.text:PRCMCC3200MCUInit)
                  2000721c    0000013c     rtsv7M4_T_le_eabi.lib : _printfi.c.obj (.text:_pconv_e)
                  20007358    00000136                           : fd_div_t2.asm.obj (.text)
                  2000748e    00000002     --HOLE-- [fill = 0]
                  20007490    00000134     pin_mux_config.obj (.text)
                  200075c4    00000120     rtsv7M4_T_le_eabi.lib : _printfi.c.obj (.text:fcvt)
                  200076e4    00000108                           : memory.c.obj (.text:aligned_alloc)
                  200077ec    000000fc                           : fd_mul_t2.asm.obj (.text)
                  200078e8    000000e4                           : memory.c.obj (.text:free)
                  200079cc    000000e4                           : memory.c.obj (.text:realloc)
                  20007ab0    000000d0                           : s_scalbn.c.obj (.text:scalbn)
                  20007b80    000000b1                           : _printfi.c.obj (.text:_ltostr)
                  20007c31    00000003     --HOLE-- [fill = 0]
                  20007c34    000000a8     driverlib.a : interrupt.obj (.text:IntEnable)
                  20007cdc    000000a0                 : spi.obj (.text:SPIConfigSetExpClk)
                  20007d7c    0000009c     rtsv7M4_T_le_eabi.lib : memcpy_t2.asm.obj (.text)
                  20007e18    00000096                           : ull_div_t2.asm.obj (.text)
                  20007eae    00000002     --HOLE-- [fill = 0]
                  20007eb0    00000094     driverlib.a : prcm.obj (.text:PRCMPeripheralClockGet)
                  20007f44    00000088                 : pin.obj (.text:PinConfigSet)
                  20007fcc    00000086     rtsv7M4_T_le_eabi.lib : fd_cmp_t2.asm.obj (.text:__aeabi_cdcmple)
                  20008052    00000086                           : fd_cmp_t2.asm.obj (.text:__aeabi_cdrcmple)
                  200080d8    00000082     driverlib.a : gpio.obj (.text:GPIOIntTypeSet)
                  2000815a    0000007a     rtsv7M4_T_le_eabi.lib : memset_t2.asm.obj (.text)
                  200081d4    00000076     driverlib.a : uart.obj (.text:UARTConfigSetExpClk)
                  2000824a    00000002     --HOLE-- [fill = 0]
                  2000824c    00000070     rtsv7M4_T_le_eabi.lib : memory.c.obj (.text:split)
                  200082bc    0000006e                           : _printfi.c.obj (.text:_mcpy)
                  2000832a    00000068                           : copy_decompress_lzss.c.obj (.text:decompress:lzss:__TI_decompress_lzss)
                  20008392    00000002     --HOLE-- [fill = 0]
                  20008394    0000005c                           : s_frexp.c.obj (.text:frexp)
                  200083f0    00000058     driverlib.a : prcm.obj (.text:PRCMPeripheralReset)
                  20008448    00000056     rtsv7M4_T_le_eabi.lib : _printfi.c.obj (.text:_pconv_f)
                  2000849e    00000054                           : _ltoa.c.obj (.text:__TI_ltoa)
                  200084f2    00000052                           : _printfi.c.obj (.text:_ecpy)
                  20008544    0000004c                           : atoi.c.obj (.text:atoi)
                  20008590    00000048     driverlib.a : gpio.obj (.text:GPIOGetIntNumber)
                  200085d8    00000048     rtsv7M4_T_le_eabi.lib : fd_toi_t2.asm.obj (.text)
                  20008620    00000044     driverlib.a : uart.obj (.text:UARTIntNumberGet)
                  20008664    00000044     rtsv7M4_T_le_eabi.lib : autoinit.c.obj (.text:__TI_auto_init_nobinit_nopinit:__TI_auto_init_nobinit_nopinit)
                  200086a8    00000040     driverlib.a : pin.obj (.text:PinModeSet)
                  200086e8    00000040     rtsv7M4_T_le_eabi.lib : vsnprintf.c.obj (.text:vsnprintf)
                  20008728    0000003e                           : _printfi.c.obj (.text:_fcpy)
                  20008766    00000002     --HOLE-- [fill = 0]
                  20008768    0000003c     driverlib.a : prcm.obj (.text:PRCMPeripheralClkEnable)
                  200087a4    00000036                 : gpio.obj (.text:GPIODirModeSet)
                  200087da    00000030                 : pin.obj (.text:PinTypeGPIO)
                  2000880a    00000002     --HOLE-- [fill = 0]
                  2000880c    00000030                 : uart.obj (.text:UARTDisable)
                  2000883c    00000030     rtsv7M4_T_le_eabi.lib : vsnprintf.c.obj (.text:_outs)
                  2000886c    0000002e                           : i_tofd_t2.asm.obj (.text)
                  2000889a    00000002     --HOLE-- [fill = 0]
                  2000889c    0000002c     driverlib.a : prcm.obj (.text:PRCMSysResetCauseGet)
                  200088c8    00000028                 : prcm.obj (.text:PRCMPeripheralClkDisable)
                  200088f0    00000028     rtsv7M4_T_le_eabi.lib : memory.c.obj (.text:free_list_insert)
                  20008918    00000028                           : memmov.c.obj (.text:memmove)
                  20008940    00000024     driverlib.a : uart.obj (.text:UARTEnable)
                  20008964    00000024     rtsv7M4_T_le_eabi.lib : boot_cortex_m.c.obj (.text:_c_int00_noargs:_c_int00_noargs)
                  20008988    00000022     driverlib.a : gpio.obj (.text:GPIOIntStatus)
                  200089aa    00000022                 : spi.obj (.text:SPIReset)
                  200089cc    00000020                 : gpio.obj (.text:GPIOPinWrite)
                  200089ec    00000020                 : interrupt.obj (.text:IntRegister)
                  20008a0c    00000020                 : spi.obj (.text:SPIDataGet)
                  20008a2c    0000001e                 : gpio.obj (.text:GPIOIntRegister)
                  20008a4a    0000001e                 : spi.obj (.text:SPIDataPut)
                  20008a68    0000001e                 : uart.obj (.text:UARTCharPut)
                  20008a86    0000001e                 : uart.obj (.text:UARTIntRegister)
                  20008aa4    0000001e                 : uart.obj (.text:UARTIntStatus)
                  20008ac2    00000002     --HOLE-- [fill = 0]
                  20008ac4    0000001c                 : systick.obj (.text:SysTickIntRegister)
                  20008ae0    0000001c                 : uart.obj (.text:UARTCharGetNonBlocking)
                  20008afc    0000001c     rtsv7M4_T_le_eabi.lib : copy_zero_init.c.obj (.text:decompress:ZI:__TI_zero_init_nomemset:__TI_zero_init_nomemset)
                  20008b18    0000001c                           : memory.c.obj (.text:free_list_remove)
                  20008b34    0000001c                           : memccpy.c.obj (.text:memccpy)
                  20008b50    0000001a     driverlib.a : gpio.obj (.text:GPIOIntEnable)
                  20008b6a    0000001a                 : pin.obj (.text:PinTypeSPI)
                  20008b84    0000001a                 : pin.obj (.text:PinTypeUART)
                  20008b9e    00000018                 : spi.obj (.text:SPICSDisable)
                  20008bb6    00000018                 : spi.obj (.text:SPICSEnable)
                  20008bce    00000018                 : spi.obj (.text:SPIEnable)
                  20008be6    00000002     --HOLE-- [fill = 0]
                  20008be8    00000018                 : systick.obj (.text:SysTickPeriodSet)
                  20008c00    00000018                 : uart.obj (.text:UARTCharsAvail)
                  20008c18    00000018                 : uart.obj (.text:UARTFIFOLevelSet)
                  20008c30    00000018                 : uart.obj (.text:UARTIntEnable)
                  20008c48    00000018     rtsv7M4_T_le_eabi.lib : vsnprintf.c.obj (.text:_outc)
                  20008c60    00000018                           : ll_mul_t2.asm.obj (.text)
                  20008c78    00000016     driverlib.a : prcm.obj (.text:PRCMHIBRegRead)
                  20008c8e    00000016                 : prcm.obj (.text:PRCMHIBRegWrite)
                  20008ca4    00000016                 : uart.obj (.text:UARTFIFODisable)
                  20008cba    00000016     rtsv7M4_T_le_eabi.lib : strchr.c.obj (.text:strchr)
                  20008cd0    00000014     driverlib.a : cpu.obj (.text:CPUcpsie)
                  20008ce4    00000014                 : gpio.obj (.text:GPIOIntClear)
                  20008cf8    00000014                 : interrupt.obj (.text:IntVTableBaseSet)
                  20008d0c    00000014     rtsv7M4_T_le_eabi.lib : strlen.c.obj (.text:strlen)
                  20008d20    00000012     driverlib.a : uart.obj (.text:UARTIntClear)
                  20008d32    00000012     rtsv7M4_T_le_eabi.lib : wcslen.c.obj (.text:wcslen)
                  20008d44    00000010     driverlib.a : systick.obj (.text:SysTickEnable)
                  20008d54    00000010                 : systick.obj (.text:SysTickIntEnable)
                  20008d64    0000000e     rtsv7M4_T_le_eabi.lib : copy_decompress_none.c.obj (.text:decompress:none:__TI_decompress_none)
                  20008d72    0000000e     startup_ccs.obj (.text)
                  20008d80    0000000c     driverlib.a : systick.obj (.text:SysTickValueGet)
                  20008d8c    0000000c     rtsv7M4_T_le_eabi.lib : s_copysign.c.obj (.text:copysign)
                  20008d98    0000000a     driverlib.a : interrupt.obj (.text:IntMasterEnable)
                  20008da2    00000002     --HOLE-- [fill = 0]
                  20008da4    00000008     rtsv7M4_T_le_eabi.lib : errno.c.obj (.text:__aeabi_errno_addr)
                  20008dac    00000008                           : memory.c.obj (.text:malloc)
                  20008db4    00000006     driverlib.a : utils.obj (.text:UtilsDelay)
                  20008dba    00000004     rtsv7M4_T_le_eabi.lib : pre_init.c.obj (.text:_system_pre_init)
                  20008dbe    00000004                           : exit.c.obj (.text:abort:abort)

.const     0    20008dc4    000007cc     
                  20008dc4    000004fb     Adafruit_GFX.obj (.const:.string:font)
                  200092bf    00000101     rtsv7M4_T_le_eabi.lib : ctype.c.obj (.const:.string:_ctypes_)
                  200093c0    00000100     driverlib.a : pin.obj (.const:g_ulPinToPadMap)
                  200094c0    000000a8                 : prcm.obj (.const:PRCM_PeriphRegsList)
                  20009568    00000018                 : interrupt.obj (.const:g_pulEnRegs)
                  20009580    00000010                 : uart.obj (.const:g_ppulUARTIntMap)

.cinit     0    20009590    00000080     
                  20009590    00000056     (.cinit..data.load) [load image, compression = lzss]
                  200095e6    00000002     --HOLE-- [fill = 0]
                  200095e8    0000000c     (__TI_handler_table)
                  200095f4    00000004     --HOLE-- [fill = 0]
                  200095f8    00000008     (.cinit..bss.load) [load image, compression = zero_init]
                  20009600    00000010     (__TI_cinit_table)

.sysmem    0    2001d000    00000800     UNINITIALIZED
                  2001d000    00000010     rtsv7M4_T_le_eabi.lib : memory.c.obj (.sysmem)
                  2001d010    000007f0     --HOLE--

.bss       0    2001d800    000000c4     UNINITIALIZED
                  2001d800    00000054     (.common:TextRx)
                  2001d854    00000054     (.common:TextTx)
                  2001d8a8    00000004     uart_if.obj (.bss)
                  2001d8ac    00000004     (.common:P2_intcount)
                  2001d8b0    00000004     (.common:P59_intcount)
                  2001d8b4    00000004     (.common:message)
                  2001d8b8    00000004     (.common:prev_message)
                  2001d8bc    00000004     (.common:start_int)
                  2001d8c0    00000001     (.common:P2_intstatus)
                  2001d8c1    00000001     (.common:P59_intstatus)
                  2001d8c2    00000001     (.common:character)
                  2001d8c3    00000001     (.common:prev_char)

.data      0    2001d8c8    00000088     UNINITIALIZED
                  2001d8c8    00000028     main.obj (.data)
                  2001d8f0    0000001c     main.obj (.data:colors)
                  2001d90c    00000015     Adafruit_GFX.obj (.data)
                  2001d921    00000012     main.obj (.data:letters3)
                  2001d933    00000001     --HOLE--
                  2001d934    00000008     rtsv7M4_T_le_eabi.lib : _lock.c.obj (.data:$O1$$)
                  2001d93c    00000008                           : memory.c.obj (.data:$O1$$)
                  2001d944    00000008     main.obj (.data:letters4)
                  2001d94c    00000004     rtsv7M4_T_le_eabi.lib : errno.c.obj (.data)

.stack     0    2003f800    00000800     UNINITIALIZED
                  2003f800    00000004     rtsv7M4_T_le_eabi.lib : boot_cortex_m.c.obj (.stack)
                  2003f804    000007fc     --HOLE--

__llvm_prf_cnts 
*          0    2001d000    00000000     UNINITIALIZED

MODULE SUMMARY

       Module                       code    ro data   rw data
       ------                       ----    -------   -------
    .\
       Adafruit_GFX.obj             2688    1275      21     
       main.obj                     2756    0         286    
       Adafruit_OLED.obj            1190    0         0      
       startup_ccs.obj              14      1024      0      
       uart_if.obj                  636     0         4      
       pin_mux_config.obj           308     0         0      
    +--+----------------------------+-------+---------+---------+
       Total:                       7592    2299      311    
                                                             
    C:/ti/CC3200SDK_1.5.0/cc3200-sdk/driverlib/ccs/Release/driverlib.a
       prcm.obj                     800     168       0      
       pin.obj                      300     256       0      
       uart.obj                     500     16        0      
       gpio.obj                     398     0         0      
       spi.obj                      328     0         0      
       interrupt.obj                230     24        0      
       systick.obj                  96      0         0      
       cpu.obj                      20      0         0      
       utils.obj                    6       0         0      
    +--+----------------------------+-------+---------+---------+
       Total:                       2678    464       0      
                                                             
    C:\ti\ccs1000\ccs\tools\compiler\ti-cgt-arm_20.2.0.LTS\lib\rtsv7M4_T_le_eabi.lib
       _printfi.c.obj               4835    0         0      
       memory.c.obj                 908     0         8      
       fd_add_t2.asm.obj            438     0         0      
       fd_div_t2.asm.obj            310     0         0      
       fd_cmp_t2.asm.obj            268     0         0      
       ctype.c.obj                  0       257       0      
       fd_mul_t2.asm.obj            252     0         0      
       s_scalbn.c.obj               208     0         0      
       memcpy_t2.asm.obj            156     0         0      
       ull_div_t2.asm.obj           150     0         0      
       vsnprintf.c.obj              136     0         0      
       memset_t2.asm.obj            122     0         0      
       copy_decompress_lzss.c.obj   104     0         0      
       s_frexp.c.obj                92      0         0      
       _ltoa.c.obj                  84      0         0      
       atoi.c.obj                   76      0         0      
       fd_toi_t2.asm.obj            72      0         0      
       autoinit.c.obj               68      0         0      
       i_tofd_t2.asm.obj            46      0         0      
       memmov.c.obj                 40      0         0      
       boot_cortex_m.c.obj          36      0         0      
       copy_zero_init.c.obj         28      0         0      
       memccpy.c.obj                28      0         0      
       ll_mul_t2.asm.obj            24      0         0      
       strchr.c.obj                 22      0         0      
       strlen.c.obj                 20      0         0      
       wcslen.c.obj                 18      0         0      
       copy_decompress_none.c.obj   14      0         0      
       errno.c.obj                  8       0         4      
       s_copysign.c.obj             12      0         0      
       _lock.c.obj                  2       0         8      
       exit.c.obj                   4       0         0      
       pre_init.c.obj               4       0         0      
       div0.asm.obj                 2       0         0      
    +--+----------------------------+-------+---------+---------+
       Total:                       8587    257       20     
                                                             
       Heap:                        0       0         2048   
       Stack:                       0       0         2048   
       Linker Generated:            0       122       0      
    +--+----------------------------+-------+---------+---------+
       Grand Total:                 18857   3142      4427   


LINKER GENERATED COPY TABLES

__TI_cinit_table @ 20009600 records: 2, size/record: 8, table size: 16
	.data: load addr=20009590, load size=00000056 bytes, run addr=2001d8c8, run size=00000088 bytes, compression=lzss
	.bss: load addr=200095f8, load size=00000008 bytes, run addr=2001d800, run size=000000c4 bytes, compression=zero_init


LINKER GENERATED HANDLER TABLE

__TI_handler_table @ 200095e8 records: 3, size/record: 4, table size: 12
	index: 0, handler: __TI_decompress_lzss
	index: 1, handler: __TI_decompress_none
	index: 2, handler: __TI_zero_init


GLOBAL SYMBOLS: SORTED ALPHABETICALLY BY Name 

address   name                          
-------   ----                          
2000641d  Adafruit_Init                 
20008dbf  C$$EXIT                       
20008cd1  CPUcpsie                      
2000687d  ClearTerm                     
20006593  Color565                      
20006887  Error                         
200087a5  GPIODirModeSet                
20008ce5  GPIOIntClear                  
20008b51  GPIOIntEnable                 
20008a2d  GPIOIntRegister               
20008989  GPIOIntStatus                 
200080d9  GPIOIntTypeSet                
200089cd  GPIOPinWrite                  
200068bf  GetCmd                        
2000683d  InitTerm                      
20007c35  IntEnable                     
20008d99  IntMasterEnable               
200089ed  IntRegister                   
20008cf9  IntVTableBaseSet              
2000685b  Message                       
2000586f  Outstr                        
2001d8ac  P2_intcount                   
2001d8c0  P2_intstatus                  
2001d8b0  P59_intcount                  
2001d8c1  P59_intstatus                 
200070a5  PRCMCC3200MCUInit             
20008c79  PRCMHIBRegRead                
20008c8f  PRCMHIBRegWrite               
200088c9  PRCMPeripheralClkDisable      
20008769  PRCMPeripheralClkEnable       
20007eb1  PRCMPeripheralClockGet        
200083f1  PRCMPeripheralReset           
2000889d  PRCMSysResetCauseGet          
20007f45  PinConfigSet                  
200086a9  PinModeSet                    
20007491  PinMuxConfig                  
200087db  PinTypeGPIO                   
20008b6b  PinTypeSPI                    
20008b85  PinTypeUART                   
200069fd  Report                        
20008d73  ResetISR                      
20008b9f  SPICSDisable                  
20008bb7  SPICSEnable                   
20007cdd  SPIConfigSetExpClk            
20008a0d  SPIDataGet                    
20008a4b  SPIDataPut                    
20008bcf  SPIEnable                     
200089ab  SPIReset                      
20008d45  SysTickEnable                 
20008d55  SysTickIntEnable              
20008ac5  SysTickIntRegister            
20008be9  SysTickPeriodSet              
20008d81  SysTickValueGet               
2001d800  TextRx                        
2001d8cc  TextRxLength                  
2001d854  TextTx                        
2001d8d0  TextTxLength                  
20006965  TrimSpace                     
20008ae1  UARTCharGetNonBlocking        
20008a69  UARTCharPut                   
20008c01  UARTCharsAvail                
200081d5  UARTConfigSetExpClk           
2000880d  UARTDisable                   
20008941  UARTEnable                    
20008ca5  UARTFIFODisable               
20008c19  UARTFIFOLevelSet              
20008d21  UARTIntClear                  
20008c31  UARTIntEnable                 
20008a87  UARTIntRegister               
20008aa5  UARTIntStatus                 
20008db5  UtilsDelay                    
20040000  __STACK_END                   
00000800  __STACK_SIZE                  
00000800  __SYSMEM_SIZE                 
20009600  __TI_CINIT_Base               
20009610  __TI_CINIT_Limit              
200095e8  __TI_Handler_Table_Base       
200095f4  __TI_Handler_Table_Limit      
20008665  __TI_auto_init_nobinit_nopinit
2000832b  __TI_decompress_lzss          
20008d65  __TI_decompress_none          
2000849f  __TI_ltoa                     
ffffffff  __TI_pprof_out_hndl           
20005945  __TI_printfi                  
ffffffff  __TI_prof_data_size           
ffffffff  __TI_prof_data_start          
20009590  __TI_static_base__            
20008afd  __TI_zero_init_nomemset       
20007fcd  __aeabi_cdcmpeq               
20007fcd  __aeabi_cdcmple               
20008053  __aeabi_cdrcmple              
200085d9  __aeabi_d2iz                  
20006ef7  __aeabi_dadd                  
20007359  __aeabi_ddiv                  
200077ed  __aeabi_dmul                  
20006eed  __aeabi_dsub                  
20008da5  __aeabi_errno_addr            
2000886d  __aeabi_i2d                   
2000683b  __aeabi_idiv0                 
2000683b  __aeabi_ldiv0                 
20008c61  __aeabi_lmul                  
2000815b  __aeabi_memclr                
2000815b  __aeabi_memclr4               
2000815b  __aeabi_memclr8               
20007d7d  __aeabi_memcpy                
20007d7d  __aeabi_memcpy4               
20007d7d  __aeabi_memcpy8               
2000815d  __aeabi_memset                
2000815d  __aeabi_memset4               
2000815d  __aeabi_memset8               
20007e19  __aeabi_uldivmod              
ffffffff  __binit__                     
ffffffff  __c_args__                    
UNDEFED   __mpu_init                    
2003f800  __stack                       
2001d000  __start___llvm_prf_cnts       
2001d000  __stop___llvm_prf_cnts        
20008965  _c_int00_noargs               
200092bf  _ctypes_                      
2001d934  _lock                         
20006393  _nop                          
2001d000  _sys_memory                   
UNDEFED   _system_post_cinit            
20008dbb  _system_pre_init              
2001d938  _unlock                       
20008dbf  abort                         
200076e5  aligned_alloc                 
20008545  atoi                          
ffffffff  binit                         
2001d8c2  character                     
2001d8f0  colors                        
20008d8d  copysign                      
20008d8d  copysignl                     
2001d90c  cursor_x                      
2001d910  cursor_y                      
2001d8d8  delta                         
2001d8e0  delta_us                      
20005723  drawChar                      
20004ec5  drawCircle                    
20004ff9  drawCircleHelper              
20006745  drawFastHLine                 
200066a9  drawFastVLine                 
2000523f  drawLine                      
200067e1  drawPixel                     
2000532b  drawRect                      
20005379  drawRoundRect                 
200054e1  drawTriangle                  
2001d94c  errno                         
20005117  fillCircle                    
20005151  fillCircleHelper              
200065eb  fillRect                      
20005467  fillRoundRect                 
200065d5  fillScreen                    
20005523  fillTriangle                  
2001d8ec  font_count                    
200078e9  free                          
20008395  frexp                         
20008395  frexpl                        
20004000  g_pfnVectors                  
2000654f  goTo                          
20005923  height                        
2001d8d4  i                             
2000681f  invert                        
20007ab1  ldexp                         
20007ab1  ldexpl                        
2001d921  letters3                      
2001d944  letters4                      
20004541  main                          
20008dad  malloc                        
200076e5  memalign                      
20008b35  memccpy                       
20007d7d  memcpy                        
20008919  memmove                       
20008163  memset                        
2001d8b4  message                       
2001d8c3  prev_char                     
2001d8b8  prev_message                  
200079cd  realloc                       
2001d8e8  repetitions                   
20007ab1  scalbn                        
20007ab1  scalbnl                       
200058bb  setCursor                     
200058f3  setTextColor                  
200058d3  setTextSize                   
2000590b  setTextWrap                   
2001d8bc  start_int                     
20008cbb  strchr                        
20008d0d  strlen                        
2001d8c8  systick_cnt                   
2001d91c  textbgcolor                   
2001d918  textcolor                     
2001d914  textsize                      
200086e9  vsnprintf                     
20008d33  wcslen                        
2000591f  width                         
2001d920  wrap                          
20006395  writeCommand                  
200063d9  writeData                     


GLOBAL SYMBOLS: SORTED BY Symbol Address 

address   name                          
-------   ----                          
00000800  __STACK_SIZE                  
00000800  __SYSMEM_SIZE                 
20004000  g_pfnVectors                  
20004541  main                          
20004ec5  drawCircle                    
20004ff9  drawCircleHelper              
20005117  fillCircle                    
20005151  fillCircleHelper              
2000523f  drawLine                      
2000532b  drawRect                      
20005379  drawRoundRect                 
20005467  fillRoundRect                 
200054e1  drawTriangle                  
20005523  fillTriangle                  
20005723  drawChar                      
2000586f  Outstr                        
200058bb  setCursor                     
200058d3  setTextSize                   
200058f3  setTextColor                  
2000590b  setTextWrap                   
2000591f  width                         
20005923  height                        
20005945  __TI_printfi                  
20006393  _nop                          
20006395  writeCommand                  
200063d9  writeData                     
2000641d  Adafruit_Init                 
2000654f  goTo                          
20006593  Color565                      
200065d5  fillScreen                    
200065eb  fillRect                      
200066a9  drawFastVLine                 
20006745  drawFastHLine                 
200067e1  drawPixel                     
2000681f  invert                        
2000683b  __aeabi_idiv0                 
2000683b  __aeabi_ldiv0                 
2000683d  InitTerm                      
2000685b  Message                       
2000687d  ClearTerm                     
20006887  Error                         
200068bf  GetCmd                        
20006965  TrimSpace                     
200069fd  Report                        
20006eed  __aeabi_dsub                  
20006ef7  __aeabi_dadd                  
200070a5  PRCMCC3200MCUInit             
20007359  __aeabi_ddiv                  
20007491  PinMuxConfig                  
200076e5  aligned_alloc                 
200076e5  memalign                      
200077ed  __aeabi_dmul                  
200078e9  free                          
200079cd  realloc                       
20007ab1  ldexp                         
20007ab1  ldexpl                        
20007ab1  scalbn                        
20007ab1  scalbnl                       
20007c35  IntEnable                     
20007cdd  SPIConfigSetExpClk            
20007d7d  __aeabi_memcpy                
20007d7d  __aeabi_memcpy4               
20007d7d  __aeabi_memcpy8               
20007d7d  memcpy                        
20007e19  __aeabi_uldivmod              
20007eb1  PRCMPeripheralClockGet        
20007f45  PinConfigSet                  
20007fcd  __aeabi_cdcmpeq               
20007fcd  __aeabi_cdcmple               
20008053  __aeabi_cdrcmple              
200080d9  GPIOIntTypeSet                
2000815b  __aeabi_memclr                
2000815b  __aeabi_memclr4               
2000815b  __aeabi_memclr8               
2000815d  __aeabi_memset                
2000815d  __aeabi_memset4               
2000815d  __aeabi_memset8               
20008163  memset                        
200081d5  UARTConfigSetExpClk           
2000832b  __TI_decompress_lzss          
20008395  frexp                         
20008395  frexpl                        
200083f1  PRCMPeripheralReset           
2000849f  __TI_ltoa                     
20008545  atoi                          
200085d9  __aeabi_d2iz                  
20008665  __TI_auto_init_nobinit_nopinit
200086a9  PinModeSet                    
200086e9  vsnprintf                     
20008769  PRCMPeripheralClkEnable       
200087a5  GPIODirModeSet                
200087db  PinTypeGPIO                   
2000880d  UARTDisable                   
2000886d  __aeabi_i2d                   
2000889d  PRCMSysResetCauseGet          
200088c9  PRCMPeripheralClkDisable      
20008919  memmove                       
20008941  UARTEnable                    
20008965  _c_int00_noargs               
20008989  GPIOIntStatus                 
200089ab  SPIReset                      
200089cd  GPIOPinWrite                  
200089ed  IntRegister                   
20008a0d  SPIDataGet                    
20008a2d  GPIOIntRegister               
20008a4b  SPIDataPut                    
20008a69  UARTCharPut                   
20008a87  UARTIntRegister               
20008aa5  UARTIntStatus                 
20008ac5  SysTickIntRegister            
20008ae1  UARTCharGetNonBlocking        
20008afd  __TI_zero_init_nomemset       
20008b35  memccpy                       
20008b51  GPIOIntEnable                 
20008b6b  PinTypeSPI                    
20008b85  PinTypeUART                   
20008b9f  SPICSDisable                  
20008bb7  SPICSEnable                   
20008bcf  SPIEnable                     
20008be9  SysTickPeriodSet              
20008c01  UARTCharsAvail                
20008c19  UARTFIFOLevelSet              
20008c31  UARTIntEnable                 
20008c61  __aeabi_lmul                  
20008c79  PRCMHIBRegRead                
20008c8f  PRCMHIBRegWrite               
20008ca5  UARTFIFODisable               
20008cbb  strchr                        
20008cd1  CPUcpsie                      
20008ce5  GPIOIntClear                  
20008cf9  IntVTableBaseSet              
20008d0d  strlen                        
20008d21  UARTIntClear                  
20008d33  wcslen                        
20008d45  SysTickEnable                 
20008d55  SysTickIntEnable              
20008d65  __TI_decompress_none          
20008d73  ResetISR                      
20008d81  SysTickValueGet               
20008d8d  copysign                      
20008d8d  copysignl                     
20008d99  IntMasterEnable               
20008da5  __aeabi_errno_addr            
20008dad  malloc                        
20008db5  UtilsDelay                    
20008dbb  _system_pre_init              
20008dbf  C$$EXIT                       
20008dbf  abort                         
200092bf  _ctypes_                      
20009590  __TI_static_base__            
200095e8  __TI_Handler_Table_Base       
200095f4  __TI_Handler_Table_Limit      
20009600  __TI_CINIT_Base               
20009610  __TI_CINIT_Limit              
2001d000  __start___llvm_prf_cnts       
2001d000  __stop___llvm_prf_cnts        
2001d000  _sys_memory                   
2001d800  TextRx                        
2001d854  TextTx                        
2001d8ac  P2_intcount                   
2001d8b0  P59_intcount                  
2001d8b4  message                       
2001d8b8  prev_message                  
2001d8bc  start_int                     
2001d8c0  P2_intstatus                  
2001d8c1  P59_intstatus                 
2001d8c2  character                     
2001d8c3  prev_char                     
2001d8c8  systick_cnt                   
2001d8cc  TextRxLength                  
2001d8d0  TextTxLength                  
2001d8d4  i                             
2001d8d8  delta                         
2001d8e0  delta_us                      
2001d8e8  repetitions                   
2001d8ec  font_count                    
2001d8f0  colors                        
2001d90c  cursor_x                      
2001d910  cursor_y                      
2001d914  textsize                      
2001d918  textcolor                     
2001d91c  textbgcolor                   
2001d920  wrap                          
2001d921  letters3                      
2001d934  _lock                         
2001d938  _unlock                       
2001d944  letters4                      
2001d94c  errno                         
2003f800  __stack                       
20040000  __STACK_END                   
ffffffff  __TI_pprof_out_hndl           
ffffffff  __TI_prof_data_size           
ffffffff  __TI_prof_data_start          
ffffffff  __binit__                     
ffffffff  __c_args__                    
ffffffff  binit                         
UNDEFED   __mpu_init                    
UNDEFED   _system_post_cinit            

[198 symbols]
