******************************************************************************
                  TI ARM Linker PC v20.2.0                     
******************************************************************************
>> Linked Mon May  1 15:24:58 2023

OUTPUT FILE NAME:   <blinky.out>
ENTRY POINT SYMBOL: "_c_int00_noargs"  address: 20004de1


MEMORY CONFIGURATION

         name            origin    length      used     unused   attr    fill
----------------------  --------  ---------  --------  --------  ----  --------
  SRAM_CODE             20004000   00019000  00001188  00017e78  RW X
  SRAM_DATA             2001d000   00023000  00000808  000227f8  RW X


SEGMENT ALLOCATION MAP

run origin  load origin   length   init length attrs members
----------  ----------- ---------- ----------- ----- -------
20004000    20004000    00001188   00001188    r-x
  20004000    20004000    00000400   00000400    r-- .intvecs
  20004400    20004400    00000bb0   00000bb0    r-x .text
  20004fb0    20004fb0    000001c0   000001c0    r-- .const
  20005170    20005170    00000018   00000018    r-- .cinit
2001d000    2001d000    00000008   00000000    rw-
  2001d000    2001d000    00000008   00000000    rw- .data
2003f800    2003f800    00000800   00000000    rw-
  2003f800    2003f800    00000800   00000000    rw- .stack


SECTION ALLOCATION MAP

 output                                  attributes/
section   page    origin      length       input sections
--------  ----  ----------  ----------   ----------------
.intvecs   0    20004000    00000400     
                  20004000    00000400     startup_ccs.obj (.intvecs)

.init_array 
*          0    20004000    00000000     UNINITIALIZED

.text      0    20004400    00000bb0     
                  20004400    00000218     main.obj (.text)
                  20004618    00000178     driverlib.a : prcm.obj (.text:PRCMCC3200MCUInit)
                  20004790    000000e2     pin_mux_config.obj (.text)
                  20004872    00000002     rtsv7M4_T_le_eabi.lib : div0.asm.obj (.text)
                  20004874    000000a8     driverlib.a : interrupt.obj (.text:IntEnable)
                  2000491c    0000009c     rtsv7M4_T_le_eabi.lib : memcpy_t2.asm.obj (.text)
                  200049b8    00000096                           : ull_div_t2.asm.obj (.text)
                  20004a4e    00000002     --HOLE-- [fill = 0]
                  20004a50    00000088     driverlib.a : pin.obj (.text:PinConfigSet)
                  20004ad8    00000082                 : gpio.obj (.text:GPIOIntTypeSet)
                  20004b5a    00000068     rtsv7M4_T_le_eabi.lib : copy_decompress_lzss.c.obj (.text:decompress:lzss:__TI_decompress_lzss)
                  20004bc2    00000002     --HOLE-- [fill = 0]
                  20004bc4    00000058     driverlib.a : prcm.obj (.text:PRCMPeripheralReset)
                  20004c1c    00000048                 : gpio.obj (.text:GPIOGetIntNumber)
                  20004c64    00000044     rtsv7M4_T_le_eabi.lib : autoinit.c.obj (.text:__TI_auto_init_nobinit_nopinit:__TI_auto_init_nobinit_nopinit)
                  20004ca8    00000040     driverlib.a : pin.obj (.text:PinModeSet)
                  20004ce8    0000003c                 : prcm.obj (.text:PRCMPeripheralClkEnable)
                  20004d24    00000036                 : gpio.obj (.text:GPIODirModeSet)
                  20004d5a    00000030                 : pin.obj (.text:PinTypeGPIO)
                  20004d8a    00000002     --HOLE-- [fill = 0]
                  20004d8c    0000002c                 : prcm.obj (.text:PRCMSysResetCauseGet)
                  20004db8    00000028                 : prcm.obj (.text:PRCMPeripheralClkDisable)
                  20004de0    00000024     rtsv7M4_T_le_eabi.lib : boot_cortex_m.c.obj (.text:_c_int00_noargs:_c_int00_noargs)
                  20004e04    00000022     driverlib.a : gpio.obj (.text:GPIOIntStatus)
                  20004e26    00000002     --HOLE-- [fill = 0]
                  20004e28    00000020                 : interrupt.obj (.text:IntRegister)
                  20004e48    0000001e                 : gpio.obj (.text:GPIOIntRegister)
                  20004e66    00000002     --HOLE-- [fill = 0]
                  20004e68    0000001c                 : systick.obj (.text:SysTickIntRegister)
                  20004e84    0000001a                 : gpio.obj (.text:GPIOIntEnable)
                  20004e9e    0000001a                 : pin.obj (.text:PinTypeUART)
                  20004eb8    00000018                 : systick.obj (.text:SysTickPeriodSet)
                  20004ed0    00000018     rtsv7M4_T_le_eabi.lib : ll_mul_t2.asm.obj (.text)
                  20004ee8    00000016     driverlib.a : prcm.obj (.text:PRCMHIBRegRead)
                  20004efe    00000016                 : prcm.obj (.text:PRCMHIBRegWrite)
                  20004f14    00000014                 : cpu.obj (.text:CPUcpsie)
                  20004f28    00000014                 : gpio.obj (.text:GPIOIntClear)
                  20004f3c    00000014                 : interrupt.obj (.text:IntVTableBaseSet)
                  20004f50    00000010                 : systick.obj (.text:SysTickEnable)
                  20004f60    00000010                 : systick.obj (.text:SysTickIntEnable)
                  20004f70    0000000e     rtsv7M4_T_le_eabi.lib : copy_decompress_none.c.obj (.text:decompress:none:__TI_decompress_none)
                  20004f7e    0000000e     startup_ccs.obj (.text)
                  20004f8c    0000000c     driverlib.a : systick.obj (.text:SysTickValueGet)
                  20004f98    0000000a                 : interrupt.obj (.text:IntMasterEnable)
                  20004fa2    00000006                 : utils.obj (.text:UtilsDelay)
                  20004fa8    00000004     rtsv7M4_T_le_eabi.lib : pre_init.c.obj (.text:_system_pre_init)
                  20004fac    00000004                           : exit.c.obj (.text:abort:abort)

.const     0    20004fb0    000001c0     
                  20004fb0    00000100     driverlib.a : pin.obj (.const:g_ulPinToPadMap)
                  200050b0    000000a8                 : prcm.obj (.const:PRCM_PeriphRegsList)
                  20005158    00000018                 : interrupt.obj (.const:g_pulEnRegs)

.cinit     0    20005170    00000018     
                  20005170    00000008     (__TI_handler_table)
                  20005178    00000007     (.cinit..data.load) [load image, compression = lzss]
                  2000517f    00000001     --HOLE-- [fill = 0]
                  20005180    00000008     (__TI_cinit_table)

.data      0    2001d000    00000008     UNINITIALIZED
                  2001d000    00000008     main.obj (.data)

.stack     0    2003f800    00000800     UNINITIALIZED
                  2003f800    00000004     rtsv7M4_T_le_eabi.lib : boot_cortex_m.c.obj (.stack)
                  2003f804    000007fc     --HOLE--

__llvm_prf_cnts 
*          0    2001d000    00000000     UNINITIALIZED

MODULE SUMMARY

       Module                       code   ro data   rw data
       ------                       ----   -------   -------
    .\
       startup_ccs.obj              14     1024      0      
       main.obj                     536    0         8      
       pin_mux_config.obj           226    0         0      
    +--+----------------------------+------+---------+---------+
       Total:                       776    1024      8      
                                                            
    C:/ti/CC3200SDK_1.5.0/cc3200-sdk/driverlib/ccs/Release/driverlib.a
       prcm.obj                     652    168       0      
       pin.obj                      274    256       0      
       gpio.obj                     366    0         0      
       interrupt.obj                230    24        0      
       systick.obj                  96     0         0      
       cpu.obj                      20     0         0      
       utils.obj                    6      0         0      
    +--+----------------------------+------+---------+---------+
       Total:                       1644   448       0      
                                                            
    C:\ti\ccs1000\ccs\tools\compiler\ti-cgt-arm_20.2.0.LTS\lib\rtsv7M4_T_le_eabi.lib
       memcpy_t2.asm.obj            156    0         0      
       ull_div_t2.asm.obj           150    0         0      
       copy_decompress_lzss.c.obj   104    0         0      
       autoinit.c.obj               68     0         0      
       boot_cortex_m.c.obj          36     0         0      
       ll_mul_t2.asm.obj            24     0         0      
       copy_decompress_none.c.obj   14     0         0      
       exit.c.obj                   4      0         0      
       pre_init.c.obj               4      0         0      
       div0.asm.obj                 2      0         0      
    +--+----------------------------+------+---------+---------+
       Total:                       562    0         0      
                                                            
       Stack:                       0      0         2048   
       Linker Generated:            0      23        0      
    +--+----------------------------+------+---------+---------+
       Grand Total:                 2982   1495      2056   


LINKER GENERATED COPY TABLES

__TI_cinit_table @ 20005180 records: 1, size/record: 8, table size: 8
	.data: load addr=20005178, load size=00000007 bytes, run addr=2001d000, run size=00000008 bytes, compression=lzss


LINKER GENERATED HANDLER TABLE

__TI_handler_table @ 20005170 records: 2, size/record: 4, table size: 8
	index: 0, handler: __TI_decompress_lzss
	index: 1, handler: __TI_decompress_none


GLOBAL SYMBOLS: SORTED ALPHABETICALLY BY Name 

address   name                          
-------   ----                          
20004fad  C$$EXIT                       
20004f15  CPUcpsie                      
UNDEFED   ClearTerm                     
20004d25  GPIODirModeSet                
20004f29  GPIOIntClear                  
20004e85  GPIOIntEnable                 
20004e49  GPIOIntRegister               
20004e05  GPIOIntStatus                 
20004ad9  GPIOIntTypeSet                
UNDEFED   InitTerm                      
20004875  IntEnable                     
20004f99  IntMasterEnable               
20004e29  IntRegister                   
20004f3d  IntVTableBaseSet              
UNDEFED   Message                       
20004619  PRCMCC3200MCUInit             
20004ee9  PRCMHIBRegRead                
20004eff  PRCMHIBRegWrite               
20004db9  PRCMPeripheralClkDisable      
20004ce9  PRCMPeripheralClkEnable       
20004bc5  PRCMPeripheralReset           
20004d8d  PRCMSysResetCauseGet          
20004a51  PinConfigSet                  
20004ca9  PinModeSet                    
20004791  PinMuxConfig                  
20004d5b  PinTypeGPIO                   
20004e9f  PinTypeUART                   
UNDEFED   Report                        
20004f7f  ResetISR                      
20004f51  SysTickEnable                 
20004f61  SysTickIntEnable              
20004e69  SysTickIntRegister            
20004eb9  SysTickPeriodSet              
20004f8d  SysTickValueGet               
20004fa3  UtilsDelay                    
20040000  __STACK_END                   
00000800  __STACK_SIZE                  
20005180  __TI_CINIT_Base               
20005188  __TI_CINIT_Limit              
20005170  __TI_Handler_Table_Base       
20005178  __TI_Handler_Table_Limit      
20004c65  __TI_auto_init_nobinit_nopinit
20004b5b  __TI_decompress_lzss          
20004f71  __TI_decompress_none          
ffffffff  __TI_pprof_out_hndl           
ffffffff  __TI_prof_data_size           
ffffffff  __TI_prof_data_start          
20005170  __TI_static_base__            
20004873  __aeabi_idiv0                 
20004873  __aeabi_ldiv0                 
20004ed1  __aeabi_lmul                  
2000491d  __aeabi_memcpy                
2000491d  __aeabi_memcpy4               
2000491d  __aeabi_memcpy8               
200049b9  __aeabi_uldivmod              
ffffffff  __binit__                     
ffffffff  __c_args__                    
UNDEFED   __mpu_init                    
2003f800  __stack                       
2001d000  __start___llvm_prf_cnts       
2001d000  __stop___llvm_prf_cnts        
20004de1  _c_int00_noargs               
UNDEFED   _system_post_cinit            
20004fa9  _system_pre_init              
20004fad  abort                         
ffffffff  binit                         
20004000  g_pfnVectors                  
20004463  main                          
2000491d  memcpy                        
2001d000  systick_cnt                   
2001d004  ulStatus                      


GLOBAL SYMBOLS: SORTED BY Symbol Address 

address   name                          
-------   ----                          
00000800  __STACK_SIZE                  
20004000  g_pfnVectors                  
20004463  main                          
20004619  PRCMCC3200MCUInit             
20004791  PinMuxConfig                  
20004873  __aeabi_idiv0                 
20004873  __aeabi_ldiv0                 
20004875  IntEnable                     
2000491d  __aeabi_memcpy                
2000491d  __aeabi_memcpy4               
2000491d  __aeabi_memcpy8               
2000491d  memcpy                        
200049b9  __aeabi_uldivmod              
20004a51  PinConfigSet                  
20004ad9  GPIOIntTypeSet                
20004b5b  __TI_decompress_lzss          
20004bc5  PRCMPeripheralReset           
20004c65  __TI_auto_init_nobinit_nopinit
20004ca9  PinModeSet                    
20004ce9  PRCMPeripheralClkEnable       
20004d25  GPIODirModeSet                
20004d5b  PinTypeGPIO                   
20004d8d  PRCMSysResetCauseGet          
20004db9  PRCMPeripheralClkDisable      
20004de1  _c_int00_noargs               
20004e05  GPIOIntStatus                 
20004e29  IntRegister                   
20004e49  GPIOIntRegister               
20004e69  SysTickIntRegister            
20004e85  GPIOIntEnable                 
20004e9f  PinTypeUART                   
20004eb9  SysTickPeriodSet              
20004ed1  __aeabi_lmul                  
20004ee9  PRCMHIBRegRead                
20004eff  PRCMHIBRegWrite               
20004f15  CPUcpsie                      
20004f29  GPIOIntClear                  
20004f3d  IntVTableBaseSet              
20004f51  SysTickEnable                 
20004f61  SysTickIntEnable              
20004f71  __TI_decompress_none          
20004f7f  ResetISR                      
20004f8d  SysTickValueGet               
20004f99  IntMasterEnable               
20004fa3  UtilsDelay                    
20004fa9  _system_pre_init              
20004fad  C$$EXIT                       
20004fad  abort                         
20005170  __TI_Handler_Table_Base       
20005170  __TI_static_base__            
20005178  __TI_Handler_Table_Limit      
20005180  __TI_CINIT_Base               
20005188  __TI_CINIT_Limit              
2001d000  __start___llvm_prf_cnts       
2001d000  __stop___llvm_prf_cnts        
2001d000  systick_cnt                   
2001d004  ulStatus                      
2003f800  __stack                       
20040000  __STACK_END                   
ffffffff  __TI_pprof_out_hndl           
ffffffff  __TI_prof_data_size           
ffffffff  __TI_prof_data_start          
ffffffff  __binit__                     
ffffffff  __c_args__                    
ffffffff  binit                         
UNDEFED   ClearTerm                     
UNDEFED   InitTerm                      
UNDEFED   Message                       
UNDEFED   Report                        
UNDEFED   __mpu_init                    
UNDEFED   _system_post_cinit            

[71 symbols]
