******************************************************************************
                  TI ARM Linker PC v20.2.0                     
******************************************************************************
>> Linked Fri May 26 13:59:25 2023

OUTPUT FILE NAME:   <SSL_REST_API_AWS.out>
ENTRY POINT SYMBOL: "_c_int00_noargs"  address: 2000e015


MEMORY CONFIGURATION

         name            origin    length      used     unused   attr    fill
----------------------  --------  ---------  --------  --------  ----  --------
  SRAM_CODE             20004000   00013000  0000b26e  00007d92  RW X
  SRAM_DATA             20017000   00019000  000093a8  0000fc58  RW X


SEGMENT ALLOCATION MAP

run origin  load origin   length   init length attrs members
----------  ----------- ---------- ----------- ----- -------
20004000    20004000    0000b270   0000b270    r-x
  20004000    20004000    00000400   00000400    r-- .intvecs
  20004400    20004400    0000a276   0000a276    r-x .text
  2000e678    2000e678    00000b48   00000b48    r-- .const
  2000f1c0    2000f1c0    000000b0   000000b0    r-- .cinit
20017000    20017000    000083ac   00000000    rw-
  20017000    20017000    00008000   00000000    rw- .sysmem
  2001f000    2001f000    00000284   00000000    rw- .bss
  2001f288    2001f288    00000124   00000000    rw- .data
2002f000    2002f000    00001000   00000000    rw-
  2002f000    2002f000    00001000   00000000    rw- .stack


SECTION ALLOCATION MAP

 output                                  attributes/
section   page    origin      length       input sections
--------  ----  ----------  ----------   ----------------
.intvecs   0    20004000    00000400     
                  20004000    00000400     startup_ccs.obj (.intvecs)

.init_array 
*          0    20004000    00000000     UNINITIALIZED

.text      0    20004400    0000a276     
                  20004400    00001980     main.obj (.text)
                  20005d80    00000a80     Adafruit_GFX.obj (.text)
                  20006800    00000a4e     rtsv7M4_T_le_eabi.lib : _printfi.c.obj (.text:__TI_printfi)
                  2000724e    00000002     driverlib.a : interrupt.obj (.text:IntDefaultHandler)
                  20007250    00000590     simplelink.a : driver.obj (.text:_SlDrvMsgRead)
                  200077e0    000004a6     Adafruit_OLED.obj (.text)
                  20007c86    00000002     rtsv7M4_T_le_eabi.lib : _lock.c.obj (.text:_nop)
                  20007c88    00000398     gpio_if.obj (.text)
                  20008020    00000280     simplelink.a : wlan.obj (.text:sl_WlanConnect)
                  200082a0    0000027c     uart_if.obj (.text)
                  2000851c    00000268     rtsv7M4_T_le_eabi.lib : _printfi.c.obj (.text:_pconv_a)
                  20008784    00000248     simplelink.a : driver.obj (.text:_SlDrvRxHdrRead)
                  200089cc    000001e4                  : driver.obj (.text:_SlDrvDataReadOp)
                  20008bb0    000001d0                  : driver.obj (.text:_SlDrvReleasePoolObj)
                  20008d80    000001cc     rtsv7M4_T_le_eabi.lib : _printfi.c.obj (.text:_pconv_g)
                  20008f4c    000001b6                           : fd_add_t2.asm.obj (.text)
                  20009102    00000002                           : div0.asm.obj (.text)
                  20009104    000001b4     simplelink.a : driver.obj (.text:_SlDrvDriverCBInit)
                  200092b8    0000019c                  : driver.obj (.text:_SlDrvMsgWrite)
                  20009454    00000190                  : driver.obj (.text:_SlDrvWaitForPoolObj)
                  200095e4    0000018c                  : socket.obj (.text:sl_Connect)
                  20009770    00000178     driverlib.a : prcm.obj (.text:PRCMCC3200MCUInit)
                  200098e8    00000170     simplelink.a : driver.obj (.text:_SlFindAndSetActiveObj)
                  20009a58    00000150                  : driver.obj (.text:_SlDrvDataWriteOp)
                  20009ba8    0000014c     pin_mux_config.obj (.text)
                  20009cf4    00000148     simplelink.a : cc_pal.obj (.text:spi_Open)
                  20009e3c    00000144                  : driver.obj (.text:_SlDrvMsgReadCmdCtx)
                  20009f80    00000144                  : netapp.obj (.text:sl_NetAppDnsGetHostByName)
                  2000a0c4    0000013c     rtsv7M4_T_le_eabi.lib : _printfi.c.obj (.text:_pconv_e)
                  2000a200    00000136                           : fd_div_t2.asm.obj (.text)
                  2000a336    00000002     --HOLE-- [fill = 0]
                  2000a338    00000134     simplelink.a : socket.obj (.text:sl_Send)
                  2000a46c    00000130                  : driver.obj (.text:_SlDrvDriverCBDeinit)
                  2000a59c    00000120     rtsv7M4_T_le_eabi.lib : _printfi.c.obj (.text:fcvt)
                  2000a6bc    00000108                           : memory.c.obj (.text:aligned_alloc)
                  2000a7c4    00000104     simplelink.a : netapp.obj (.text:_SlDrvNetAppEventHandler)
                  2000a8c8    000000fc     rtsv7M4_T_le_eabi.lib : fd_mul_t2.asm.obj (.text)
                  2000a9c4    000000f0     simplelink.a : device.obj (.text:sl_Stop)
                  2000aab4    000000f0                  : cc_pal.obj (.text:spi_Read)
                  2000aba4    000000f0     driverlib.a : udma.obj (.text:uDMAChannelTransferSet)
                  2000ac94    000000ec     simplelink.a : device.obj (.text:sl_Start)
                  2000ad80    000000e8                  : driver.obj (.text:_SlAsyncEventGenericHandler)
                  2000ae68    000000e8                  : driver.obj (.text:_SlDrvMsgReadSpawnCtx)
                  2000af50    000000e4     rtsv7M4_T_le_eabi.lib : memory.c.obj (.text:free)
                  2000b034    000000e4                           : memory.c.obj (.text:realloc)
                  2000b118    000000e4     simplelink.a : netapp.obj (.text:sl_NetAppMDNSRegisterUnregisterService)
                  2000b1fc    000000dc                  : driver.obj (.text:_SlDrvClassifyRxMsg)
                  2000b2d8    000000d0     rtsv7M4_T_le_eabi.lib : s_scalbn.c.obj (.text:scalbn)
                  2000b3a8    000000cc     simplelink.a : netapp.obj (.text:_sl_HandleAsync_DnsGetHostByService)
                  2000b474    000000cc                  : device.obj (.text:sl_DevGet)
                  2000b540    000000c4                  : driver.obj (.text:_SlRemoveFromList)
                  2000b604    000000c0                  : driver.obj (.text:_SlDrvCmdOp)
                  2000b6c4    000000b1     rtsv7M4_T_le_eabi.lib : _printfi.c.obj (.text:_ltostr)
                  2000b775    00000003     --HOLE-- [fill = 0]
                  2000b778    000000b0     simplelink.a : nonos.obj (.text:_SlNonOsSemGet)
                  2000b828    000000a8     driverlib.a : interrupt.obj (.text:IntDisable)
                  2000b8d0    000000a8                 : interrupt.obj (.text:IntEnable)
                  2000b978    000000a4     simplelink.a : driver.obj (.text:_SlDriverHandleError)
                  2000ba1c    000000a0     driverlib.a : spi.obj (.text:SPIConfigSetExpClk)
                  2000babc    000000a0     simplelink.a : socket.obj (.text:sl_Recv)
                  2000bb5c    0000009c     rtsv7M4_T_le_eabi.lib : memcpy_t2.asm.obj (.text)
                  2000bbf8    0000009a     simplelink.a : device.obj (.text:_SlDrvDeviceEventHandler)
                  2000bc92    00000002     --HOLE-- [fill = 0]
                  2000bc94    00000098                  : device.obj (.text:sl_DevSet)
                  2000bd2c    00000098                  : netcfg.obj (.text:sl_NetCfgSet)
                  2000bdc4    00000098                  : socket.obj (.text:sl_SetSockOpt)
                  2000be5c    00000098                  : wlan.obj (.text:sl_WlanSet)
                  2000bef4    00000098                  : cc_pal.obj (.text:spi_Write)
                  2000bf8c    00000096     rtsv7M4_T_le_eabi.lib : ull_div_t2.asm.obj (.text)
                  2000c022    00000002     --HOLE-- [fill = 0]
                  2000c024    00000094     driverlib.a : prcm.obj (.text:PRCMPeripheralClockGet)
                  2000c0b8    00000090     simplelink.a : netapp.obj (.text:_sl_HandleAsync_DnsGetHostByName)
                  2000c148    00000090                  : netapp.obj (.text:_sl_HandleAsync_PingResponse)
                  2000c1d8    00000090                  : wlan.obj (.text:sl_WlanPolicySet)
                  2000c268    0000008c                  : cc_pal.obj (.text:SetupDMAReceive)
                  2000c2f4    0000008c                  : cc_pal.obj (.text:SetupDMASend)
                  2000c380    0000008c                  : driver.obj (.text:_SlDrvIsTimeoutExpired)
                  2000c40c    0000008c                  : device.obj (.text:_sl_HandleAsync_InitComplete)
                  2000c498    0000008c                  : socket.obj (.text:sl_Socket)
                  2000c524    00000088     driverlib.a : pin.obj (.text:PinConfigSet)
                  2000c5ac    00000086     rtsv7M4_T_le_eabi.lib : fd_cmp_t2.asm.obj (.text:__aeabi_cdcmple)
                  2000c632    00000086                           : fd_cmp_t2.asm.obj (.text:__aeabi_cdrcmple)
                  2000c6b8    00000084     simplelink.a : wlan.obj (.text:sl_WlanRxFilterSet)
                  2000c73c    00000082     driverlib.a : gpio.obj (.text:GPIOIntTypeSet)
                  2000c7be    00000002     --HOLE-- [fill = 0]
                  2000c7c0    00000080     simplelink.a : socket.obj (.text:_sl_HandleAsync_Connect)
                  2000c840    00000080                  : cc_pal.obj (.text:spi_Read_CPU)
                  2000c8c0    00000080                  : cc_pal.obj (.text:spi_Write_CPU)
                  2000c940    0000007a     rtsv7M4_T_le_eabi.lib : memset_t2.asm.obj (.text)
                  2000c9ba    00000002     --HOLE-- [fill = 0]
                  2000c9bc    00000078     simplelink.a : cc_pal.obj (.text:spi_Close)
                  2000ca34    00000076     driverlib.a : uart.obj (.text:UARTConfigSetExpClk)
                  2000caaa    00000002     --HOLE-- [fill = 0]
                  2000caac    00000074     simplelink.a : nonos.obj (.text:_SlNonOsMainLoopTask)
                  2000cb20    00000070     rtsv7M4_T_le_eabi.lib : memory.c.obj (.text:split)
                  2000cb90    0000006e                           : _printfi.c.obj (.text:_mcpy)
                  2000cbfe    00000002     --HOLE-- [fill = 0]
                  2000cc00    0000006c     simplelink.a : driver.obj (.text:_SlDrvCmdSend)
                  2000cc6c    0000006c                  : netapp.obj (.text:_sl_NetAppSendTokenValue)
                  2000ccd8    00000068     rtsv7M4_T_le_eabi.lib : copy_decompress_lzss.c.obj (.text:decompress:lzss:__TI_decompress_lzss)
                  2000cd40    00000064     simplelink.a : nonos.obj (.text:_SlNonOsSpawn)
                  2000cda4    00000064                  : socket.obj (.text:_sl_HandleAsync_Accept)
                  2000ce08    00000064                  : netapp.obj (.text:sl_NetAppMDNSUnRegisterService)
                  2000ce6c    00000064     driverlib.a : udma.obj (.text:uDMAChannelAttributeDisable)
                  2000ced0    00000064                 : udma.obj (.text:uDMAChannelAttributeEnable)
                  2000cf34    00000060     simplelink.a : socket.obj (.text:sl_Close)
                  2000cf94    00000060                  : wlan.obj (.text:sl_WlanProfileDel)
                  2000cff4    00000060                  : wlan.obj (.text:sl_WlanSetMode)
                  2000d054    0000005c     rtsv7M4_T_le_eabi.lib : s_frexp.c.obj (.text:frexp)
                  2000d0b0    00000058     driverlib.a : interrupt.obj (.text:IntPendClear)
                  2000d108    00000058                 : prcm.obj (.text:PRCMPeripheralReset)
                  2000d160    00000056     rtsv7M4_T_le_eabi.lib : _printfi.c.obj (.text:_pconv_f)
                  2000d1b6    00000002     --HOLE-- [fill = 0]
                  2000d1b8    00000054     driverlib.a : interrupt.obj (.text:IntPrioritySet)
                  2000d20c    00000054     simplelink.a : driver.obj (.text:_SlDrvRxIrqHandler)
                  2000d260    00000054     rtsv7M4_T_le_eabi.lib : _ltoa.c.obj (.text:__TI_ltoa)
                  2000d2b4    00000054     simplelink.a : socket.obj (.text:_sl_HandleAsync_Select)
                  2000d308    00000052     rtsv7M4_T_le_eabi.lib : _printfi.c.obj (.text:_ecpy)
                  2000d35a    00000002     --HOLE-- [fill = 0]
                  2000d35c    00000050     simplelink.a : device.obj (.text:_sl_HandleAsync_Stop)
                  2000d3ac    0000004c     driverlib.a : spi.obj (.text:SPIIntEnable)
                  2000d3f8    0000004c                 : spi.obj (.text:SPIIntNumberGet)
                  2000d444    0000004c     simplelink.a : driver.obj (.text:_SlDrvProtectAsyncRespSetting)
                  2000d490    0000004c                  : socket.obj (.text:_sl_BuildAddress)
                  2000d4dc    0000004c     rtsv7M4_T_le_eabi.lib : atoi.c.obj (.text:atoi)
                  2000d528    0000004c     driverlib.a : udma.obj (.text:uDMAChannelAssign)
                  2000d574    00000048                 : gpio.obj (.text:GPIOGetIntNumber)
                  2000d5bc    00000048                 : spi.obj (.text:SPIIntClear)
                  2000d604    00000048     simplelink.a : driver.obj (.text:_SlDrvBasicCmd)
                  2000d64c    00000048     rtsv7M4_T_le_eabi.lib : fd_toi_t2.asm.obj (.text)
                  2000d694    00000044     driverlib.a : spi.obj (.text:SPIDmaMaskGet)
                  2000d6d8    00000044                 : timer.obj (.text:TimerConfigure)
                  2000d71c    00000044     simplelink.a : driver.obj (.text:_SlDrvHandleHttpServerEvents)
                  2000d760    00000044                  : driver.obj (.text:_SlDrvSyncObjWaitTimeout)
                  2000d7a4    00000044     rtsv7M4_T_le_eabi.lib : autoinit.c.obj (.text:__TI_auto_init_nobinit_nopinit:__TI_auto_init_nobinit_nopinit)
                  2000d7e8    00000044     simplelink.a : cc_pal.obj (.text:cc_SetupTransfer)
                  2000d82c    00000042                  : socket.obj (.text:sl_Htonl)
                  2000d86e    00000002     --HOLE-- [fill = 0]
                  2000d870    00000040     driverlib.a : pin.obj (.text:PinModeSet)
                  2000d8b0    00000040     simplelink.a : driver.obj (.text:_SlDrvHandleNetAppEvents)
                  2000d8f0    00000040                  : driver.obj (.text:_SlDrvHandleWlanEvents)
                  2000d930    00000040                  : socket.obj (.text:_sl_TruncatePayloadByProtocol)
                  2000d970    00000040     rtsv7M4_T_le_eabi.lib : sprintf.c.obj (.text:sprintf)
                  2000d9b0    00000040                           : vsnprintf.c.obj (.text:vsnprintf)
                  2000d9f0    0000003e     simplelink.a : cc_pal.obj (.text:NwpRegisterInterruptHandler)
                  2000da2e    0000003e     rtsv7M4_T_le_eabi.lib : _printfi.c.obj (.text:_fcpy)
                  2000da6c    0000003c     simplelink.a : netapp.obj (.text:CopyPingResultsToReport)
                  2000daa8    0000003c     driverlib.a : prcm.obj (.text:PRCMPeripheralClkEnable)
                  2000dae4    0000003c     simplelink.a : cc_pal.obj (.text:simplelink_timerA2_start)
                  2000db20    0000003c                  : socket.obj (.text:sl_Htons)
                  2000db5c    0000003c     driverlib.a : udma.obj (.text:uDMAChannelControlSet)
                  2000db98    00000038     simplelink.a : cc_pal.obj (.text:NwpPowerOff)
                  2000dbd0    00000038                  : wlan.obj (.text:sl_WlanDisconnect)
                  2000dc08    00000036     driverlib.a : gpio.obj (.text:GPIODirModeSet)
                  2000dc3e    00000002     --HOLE-- [fill = 0]
                  2000dc40    00000034                 : prcm.obj (.text:PRCMPeripheralStatusGet)
                  2000dc74    00000034                 : spi.obj (.text:SPIFIFOLevelSet)
                  2000dca8    00000030                 : pin.obj (.text:PinTypeGPIO)
                  2000dcd8    00000030                 : uart.obj (.text:UARTDisable)
                  2000dd08    00000030     rtsv7M4_T_le_eabi.lib : vsnprintf.c.obj (.text:_outs)
                  2000dd38    0000002e                           : i_tofd_t2.asm.obj (.text)
                  2000dd66    00000002     --HOLE-- [fill = 0]
                  2000dd68    0000002c     simplelink.a : cc_pal.obj (.text:NwpPowerOn)
                  2000dd94    0000002c     driverlib.a : prcm.obj (.text:PRCMSysResetCauseGet)
                  2000ddc0    0000002c     simplelink.a : driver.obj (.text:_SlDrvObjGlobalLockWaitForever)
                  2000ddec    0000002c                  : driver.obj (.text:_SlDrvProtectionObjLockWaitForever)
                  2000de18    0000002a     driverlib.a : timer.obj (.text:TimerLoadSet)
                  2000de42    0000002a                 : timer.obj (.text:TimerPrescaleSet)
                  2000de6c    00000028                 : prcm.obj (.text:PRCMPeripheralClkDisable)
                  2000de94    00000028     simplelink.a : driver.obj (.text:_SlDrvGlobalObjUnLock)
                  2000debc    00000028                  : driver.obj (.text:_SlDrvProtectionObjUnLock)
                  2000dee4    00000028                  : driver.obj (.text:_SlDrvSyncObjWaitForever)
                  2000df0c    00000028     rtsv7M4_T_le_eabi.lib : memory.c.obj (.text:free_list_insert)
                  2000df34    00000028                           : memmov.c.obj (.text:memmove)
                  2000df5c    00000026     simplelink.a : driver.obj (.text:_SlDrvObjLockWaitForever)
                  2000df82    00000026     network_common.obj (.text)
                  2000dfa8    00000024     simplelink.a : cc_pal.obj (.text:DmaSpiSwIntHandler)
                  2000dfcc    00000024     driverlib.a : interrupt.obj (.text:IntUnregister)
                  2000dff0    00000024                 : uart.obj (.text:UARTEnable)
                  2000e014    00000024     rtsv7M4_T_le_eabi.lib : boot_cortex_m.c.obj (.text:_c_int00_noargs:_c_int00_noargs)
                  2000e038    00000022     driverlib.a : gpio.obj (.text:GPIOIntStatus)
                  2000e05a    00000022                 : spi.obj (.text:SPIReset)
                  2000e07c    00000022                 : spi.obj (.text:SPIWordCountSet)
                  2000e09e    00000020                 : gpio.obj (.text:GPIOPinWrite)
                  2000e0be    00000002     --HOLE-- [fill = 0]
                  2000e0c0    00000020                 : interrupt.obj (.text:IntRegister)
                  2000e0e0    00000020     simplelink.a : cc_pal.obj (.text:NwpPrePowerOffTimout0)
                  2000e100    00000020     driverlib.a : spi.obj (.text:SPIDataGet)
                  2000e120    00000020     simplelink.a : cc_pal.obj (.text:TimerGetCurrentTimestamp)
                  2000e140    00000020                  : driver.obj (.text:_SlDrvObjUnLock)
                  2000e160    00000020                  : driver.obj (.text:_SlDrvSyncObjSignal)
                  2000e180    0000001e     driverlib.a : gpio.obj (.text:GPIOIntRegister)
                  2000e19e    0000001e                 : spi.obj (.text:SPIDataPut)
                  2000e1bc    0000001e                 : timer.obj (.text:TimerEnable)
                  2000e1da    0000001e                 : uart.obj (.text:UARTCharPut)
                  2000e1f8    0000001e     simplelink.a : cc_pal.obj (.text:cc_UDMAChannelSelect)
                  2000e216    00000002     --HOLE-- [fill = 0]
                  2000e218    0000001c     driverlib.a : systick.obj (.text:SysTickIntRegister)
                  2000e234    0000001c                 : timer.obj (.text:TimerValueGet)
                  2000e250    0000001c                 : uart.obj (.text:UARTCharGetNonBlocking)
                  2000e26c    0000001c     simplelink.a : driver.obj (.text:_SlDrvStartMeasureTimeout)
                  2000e288    0000001c     rtsv7M4_T_le_eabi.lib : copy_zero_init.c.obj (.text:decompress:ZI:__TI_zero_init_nomemset:__TI_zero_init_nomemset)
                  2000e2a4    0000001c                           : memory.c.obj (.text:free_list_remove)
                  2000e2c0    0000001c                           : memccpy.c.obj (.text:memccpy)
                  2000e2dc    0000001c     driverlib.a : udma.obj (.text:uDMAChannelEnable)
                  2000e2f8    0000001a                 : gpio.obj (.text:GPIOIntEnable)
                  2000e312    0000001a                 : pin.obj (.text:PinTypeSPI)
                  2000e32c    0000001a                 : pin.obj (.text:PinTypeUART)
                  2000e346    0000001a                 : spi.obj (.text:SPIDmaDisable)
                  2000e360    0000001a                 : spi.obj (.text:SPIDmaEnable)
                  2000e37a    0000001a                 : spi.obj (.text:SPIFIFODisable)
                  2000e394    0000001a                 : spi.obj (.text:SPIFIFOEnable)
                  2000e3ae    0000001a                 : spi.obj (.text:SPIIntUnregister)
                  2000e3c8    00000018                 : gpio.obj (.text:GPIOPinRead)
                  2000e3e0    00000018                 : spi.obj (.text:SPICSDisable)
                  2000e3f8    00000018                 : spi.obj (.text:SPICSEnable)
                  2000e410    00000018                 : spi.obj (.text:SPIDisable)
                  2000e428    00000018                 : spi.obj (.text:SPIEnable)
                  2000e440    00000018                 : systick.obj (.text:SysTickPeriodSet)
                  2000e458    00000018                 : uart.obj (.text:UARTCharsAvail)
                  2000e470    00000018     simplelink.a : nonos.obj (.text:_SlNonOsSemSet)
                  2000e488    00000018     rtsv7M4_T_le_eabi.lib : vsnprintf.c.obj (.text:_outc)
                  2000e4a0    00000018                           : sprintf.c.obj (.text:_outs)
                  2000e4b8    00000018     simplelink.a : device.obj (.text:_sl_GetStartResponseConvert)
                  2000e4d0    00000018     rtsv7M4_T_le_eabi.lib : ll_mul_t2.asm.obj (.text)
                  2000e4e8    00000016     driverlib.a : prcm.obj (.text:PRCMHIBRegRead)
                  2000e4fe    00000016                 : prcm.obj (.text:PRCMHIBRegWrite)
                  2000e514    00000016     simplelink.a : driver.obj (.text:_SlDrvMemZero)
                  2000e52a    00000016     rtsv7M4_T_le_eabi.lib : strchr.c.obj (.text:strchr)
                  2000e540    00000014     driverlib.a : cpu.obj (.text:CPUcpsie)
                  2000e554    00000014                 : gpio.obj (.text:GPIOIntClear)
                  2000e568    00000014                 : interrupt.obj (.text:IntVTableBaseSet)
                  2000e57c    00000014     rtsv7M4_T_le_eabi.lib : strcpy.c.obj (.text:strcpy)
                  2000e590    00000014                           : strlen.c.obj (.text:strlen)
                  2000e5a4    00000012                           : wcslen.c.obj (.text:wcslen)
                  2000e5b6    00000002     --HOLE-- [fill = 0]
                  2000e5b8    00000010     driverlib.a : systick.obj (.text:SysTickEnable)
                  2000e5c8    00000010                 : systick.obj (.text:SysTickIntEnable)
                  2000e5d8    00000010     simplelink.a : driver.obj (.text:_SlDrvDispatchHttpServerEvents)
                  2000e5e8    0000000e                  : driver.obj (.text:_SlDrvResetCmdExt)
                  2000e5f6    0000000e     rtsv7M4_T_le_eabi.lib : copy_decompress_none.c.obj (.text:decompress:none:__TI_decompress_none)
                  2000e604    0000000e     startup_ccs.obj (.text)
                  2000e612    00000002     --HOLE-- [fill = 0]
                  2000e614    0000000c     simplelink.a : cc_pal.obj (.text:NwpMaskInterrupt)
                  2000e620    0000000c                  : cc_pal.obj (.text:NwpUnMaskInterrupt)
                  2000e62c    0000000c     driverlib.a : systick.obj (.text:SysTickValueGet)
                  2000e638    0000000c     rtsv7M4_T_le_eabi.lib : s_copysign.c.obj (.text:copysign)
                  2000e644    0000000a     driverlib.a : interrupt.obj (.text:IntMasterEnable)
                  2000e64e    0000000a     rtsv7M4_T_le_eabi.lib : sprintf.c.obj (.text:_outc)
                  2000e658    00000008                           : errno.c.obj (.text:__aeabi_errno_addr)
                  2000e660    00000008                           : memory.c.obj (.text:malloc)
                  2000e668    00000006     driverlib.a : utils.obj (.text:UtilsDelay)
                  2000e66e    00000004     rtsv7M4_T_le_eabi.lib : pre_init.c.obj (.text:_system_pre_init)
                  2000e672    00000004                           : exit.c.obj (.text:abort:abort)

.const     0    2000e678    00000b48     
                  2000e678    000004fb     Adafruit_GFX.obj (.const:.string:font)
                  2000eb73    00000101     rtsv7M4_T_le_eabi.lib : ctype.c.obj (.const:.string:_ctypes_)
                  2000ec74    00000100     driverlib.a : pin.obj (.const:g_ulPinToPadMap)
                  2000ed74    000000d4                 : interrupt.obj (.const:g_pulRegs)
                  2000ee48    000000a8                 : prcm.obj (.const:PRCM_PeriphRegsList)
                  2000eef0    0000006c     main.obj (.const:.string)
                  2000ef5c    0000003c     simplelink.a : driver.obj (.const:OpcodeTranslateTable)
                  2000ef98    00000038                  : driver.obj (.const:_SlActionLookupTable)
                  2000efd0    0000002c     main.obj (.const:$P$T1$2)
                  2000effc    00000024     driverlib.a : spi.obj (.const:g_ppulSPIIntMap)
                  2000f020    00000022     main.obj (.const:.string:$P$T0$1)
                  2000f042    00000002     --HOLE-- [fill = 0]
                  2000f044    00000020     simplelink.a : driver.obj (.const:RxMsgClassLUT)
                  2000f064    00000018     driverlib.a : interrupt.obj (.const:g_pulDisRegs)
                  2000f07c    00000018                 : interrupt.obj (.const:g_pulEnRegs)
                  2000f094    00000018                 : interrupt.obj (.const:g_pulUnpendRegs)
                  2000f0ac    00000018                 : spi.obj (.const:g_ulSPIDmaMaskMap)
                  2000f0c4    00000015     main.obj (.const:.string:$P$T6$7)
                  2000f0d9    00000003     --HOLE-- [fill = 0]
                  2000f0dc    00000014     simplelink.a : driver.obj (.const:$P$T0$1)
                  2000f0f0    00000014                  : nonos.obj (.const:$P$T0$1)
                  2000f104    00000014     main.obj (.const:$P$T2$3)
                  2000f118    00000010     simplelink.a : socket.obj (.const:.string:_SlPayloadByProtocolLUT)
                  2000f128    0000000c     main.obj (.const:$P$T4$5)
                  2000f134    0000000c     main.obj (.const:.string:$P$T3$4)
                  2000f140    00000009     main.obj (.const:.string:$P$T5$6)
                  2000f149    00000008     simplelink.a : device.obj (.const:StartResponseLUT)
                  2000f151    00000003     --HOLE-- [fill = 0]
                  2000f154    00000008                  : driver.obj (.const:g_H2NCnysPattern)
                  2000f15c    00000008                  : driver.obj (.const:g_H2NSyncPattern)
                  2000f164    00000005     main.obj (.const:.string:$P$T7$8)
                  2000f169    00000001     --HOLE-- [fill = 0]
                  2000f16a    00000004     simplelink.a : wlan.obj (.const:$P$T0$1)
                  2000f16e    00000004                  : socket.obj (.const:$P$T2$3)
                  2000f172    00000004                  : device.obj (.const:_SlDeviceGetCmdCtrl)
                  2000f176    00000004                  : device.obj (.const:_SlDeviceSetCmdCtrl)
                  2000f17a    00000004                  : netapp.obj (.const:_SlGetHostByNameCtrl)
                  2000f17e    00000004                  : netapp.obj (.const:_SlNetAppSendTokenValueCmdCtrl)
                  2000f182    00000004                  : netcfg.obj (.const:_SlNetCfgSetCmdCtrl)
                  2000f186    00000004                  : wlan.obj (.const:_SlPolicySetCmdCtrl)
                  2000f18a    00000004                  : wlan.obj (.const:_SlProfileDelCmdCtrl)
                  2000f18e    00000004                  : socket.obj (.const:_SlRecvCmdCtrl)
                  2000f192    00000004                  : netapp.obj (.const:_SlRegisterServiceCtrl)
                  2000f196    00000004                  : wlan.obj (.const:_SlRxFilterSetCmdCtrl)
                  2000f19a    00000004                  : socket.obj (.const:_SlSendCmdCtrl)
                  2000f19e    00000004                  : socket.obj (.const:_SlSetSockOptCmdCtrl)
                  2000f1a2    00000004                  : socket.obj (.const:_SlSockCloseCmdCtrl)
                  2000f1a6    00000004                  : socket.obj (.const:_SlSockSocketCmdCtrl)
                  2000f1aa    00000004                  : device.obj (.const:_SlStopCmdCtrl)
                  2000f1ae    00000004                  : wlan.obj (.const:_SlWlanCfgSetCmdCtrl)
                  2000f1b2    00000004                  : wlan.obj (.const:_SlWlanSetModeCmdCtrl)
                  2000f1b6    00000002     --HOLE-- [fill = 0]
                  2000f1b8    00000004                  : driver.obj (.const:httpServer_callbacks)
                  2000f1bc    00000004                  : driver.obj (.const:netApp_callbacks)

.cinit     0    2000f1c0    000000b0     
                  2000f1c0    00000086     (.cinit..data.load) [load image, compression = lzss]
                  2000f246    00000002     --HOLE-- [fill = 0]
                  2000f248    0000000c     (__TI_handler_table)
                  2000f254    00000004     --HOLE-- [fill = 0]
                  2000f258    00000008     (.cinit..bss.load) [load image, compression = zero_init]
                  2000f260    00000010     (__TI_cinit_table)

.sysmem    0    20017000    00008000     UNINITIALIZED
                  20017000    00000010     rtsv7M4_T_le_eabi.lib : memory.c.obj (.sysmem)
                  20017010    00007ff0     --HOLE--

.bss       0    2001f000    00000284     UNINITIALIZED
                  2001f000    00000168     simplelink.a : driver.obj (.bss:g_StatMem)
                  2001f168    00000054     (.common:TextTx)
                  2001f1bc    00000050     (.common:g_ucDinDout)
                  2001f20c    0000002c     (.common:g_time)
                  2001f238    00000024     (.common:g_ucConnectionSSID)
                  2001f25c    00000008     (.common:g_ucConnectionBSSID)
                  2001f264    00000004     uart_if.obj (.bss)
                  2001f268    00000004     (.common:DATAWORD)
                  2001f26c    00000004     (.common:P59_intcount)
                  2001f270    00000004     (.common:message)
                  2001f274    00000004     (.common:prev_message)
                  2001f278    00000004     (.common:start_int)
                  2001f27c    00000001     (.common:P59_intstatus)
                  2001f27d    00000001     (.common:RxIrqCnt)
                  2001f27e    00000001     (.common:g_bDeviceRestartIsRequired)
                  2001f27f    00000001     (.common:g_cDummy)
                  2001f280    00000001     (.common:g_ucLED1Pin)
                  2001f281    00000001     (.common:g_ucLED2Pin)
                  2001f282    00000001     (.common:g_ucLED3Pin)
                  2001f283    00000001     (.common:prev_char)

.data      0    2001f288    00000124     UNINITIALIZED
                  2001f288    00000044     main.obj (.data)
                  2001f2cc    0000003c     simplelink.a : nonos.obj (.data:g__SlNonOsCB)
                  2001f308    0000001c     main.obj (.data:colors)
                  2001f324    00000015     Adafruit_GFX.obj (.data)
                  2001f339    00000003     --HOLE--
                  2001f33c    00000014     gpio_if.obj (.data:ulReg)
                  2001f350    00000012     main.obj (.data:letters3)
                  2001f362    00000002     --HOLE--
                  2001f364    0000000d     simplelink.a : driver.obj (.data)
                  2001f371    00000003     --HOLE--
                  2001f374    0000000c     gpio_if.obj (.data)
                  2001f380    00000009     simplelink.a : cc_pal.obj (.data)
                  2001f389    00000003     --HOLE--
                  2001f38c    00000008     rtsv7M4_T_le_eabi.lib : _lock.c.obj (.data:$O1$$)
                  2001f394    00000008                           : memory.c.obj (.data:$O1$$)
                  2001f39c    00000008     main.obj (.data:letters4)
                  2001f3a4    00000004     rtsv7M4_T_le_eabi.lib : errno.c.obj (.data)
                  2001f3a8    00000004     simplelink.a : driver.obj (.data:wlan_callbacks)

.stack     0    2002f000    00001000     UNINITIALIZED
                  2002f000    00000004     rtsv7M4_T_le_eabi.lib : boot_cortex_m.c.obj (.stack)
                  2002f004    00000ffc     --HOLE--

__llvm_prf_cnts 
*          0    20017000    00000000     UNINITIALIZED

MODULE SUMMARY

       Module                       code    ro data   rw data
       ------                       ----    -------   -------
    .\
       main.obj                     6528    265       316    
       Adafruit_GFX.obj             2688    1275      21     
       Adafruit_OLED.obj            1190    0         0      
       startup_ccs.obj              14      1024      0      
       gpio_if.obj                  920     0         35     
       uart_if.obj                  636     0         4      
       pin_mux_config.obj           332     0         0      
       network_common.obj           38      0         0      
    +--+----------------------------+-------+---------+---------+
       Total:                       12346   2564      376    
                                                             
    C:/ti/CC3200SDK_1.5.0/cc3200-sdk/driverlib/ccs/Release/driverlib.a
       prcm.obj                     852     168       0      
       spi.obj                      860     60        0      
       interrupt.obj                608     284       0      
       udma.obj                     604     0         0      
       pin.obj                      300     256       0      
       gpio.obj                     422     0         0      
       uart.obj                     284     0         0      
       timer.obj                    210     0         0      
       systick.obj                  96      0         0      
       cpu.obj                      20      0         0      
       utils.obj                    6       0         0      
    +--+----------------------------+-------+---------+---------+
       Total:                       4262    768       0      
                                                             
    C:/ti/CC3200SDK_1.5.0/cc3200-sdk/simplelink/ccs/NON_OS/simplelink.a
       driver.obj                   7906    192       379    
       cc_pal.obj                   1820    0         90     
       socket.obj                   1830    40        0      
       netapp.obj                   1572    12        0      
       wlan.obj                     1316    24        0      
       device.obj                   1230    20        0      
       nonos.obj                    416     20        60     
       netcfg.obj                   152     4         0      
    +--+----------------------------+-------+---------+---------+
       Total:                       16242   312       529    
                                                             
    C:\ti\ccs1000\ccs\tools\compiler\ti-cgt-arm_20.2.0.LTS\lib\rtsv7M4_T_le_eabi.lib
       _printfi.c.obj               4835    0         0      
       memory.c.obj                 908     0         8      
       fd_add_t2.asm.obj            438     0         0      
       fd_div_t2.asm.obj            310     0         0      
       fd_cmp_t2.asm.obj            268     0         0      
       ctype.c.obj                  0       257       0      
       fd_mul_t2.asm.obj            252     0         0      
       s_scalbn.c.obj               208     0         0      
       memcpy_t2.asm.obj            156     0         0      
       ull_div_t2.asm.obj           150     0         0      
       vsnprintf.c.obj              136     0         0      
       memset_t2.asm.obj            122     0         0      
       copy_decompress_lzss.c.obj   104     0         0      
       sprintf.c.obj                98      0         0      
       s_frexp.c.obj                92      0         0      
       _ltoa.c.obj                  84      0         0      
       atoi.c.obj                   76      0         0      
       fd_toi_t2.asm.obj            72      0         0      
       autoinit.c.obj               68      0         0      
       i_tofd_t2.asm.obj            46      0         0      
       memmov.c.obj                 40      0         0      
       boot_cortex_m.c.obj          36      0         0      
       copy_zero_init.c.obj         28      0         0      
       memccpy.c.obj                28      0         0      
       ll_mul_t2.asm.obj            24      0         0      
       strchr.c.obj                 22      0         0      
       strcpy.c.obj                 20      0         0      
       strlen.c.obj                 20      0         0      
       wcslen.c.obj                 18      0         0      
       copy_decompress_none.c.obj   14      0         0      
       errno.c.obj                  8       0         4      
       s_copysign.c.obj             12      0         0      
       _lock.c.obj                  2       0         8      
       exit.c.obj                   4       0         0      
       pre_init.c.obj               4       0         0      
       div0.asm.obj                 2       0         0      
    +--+----------------------------+-------+---------+---------+
       Total:                       8705    257       20     
                                                             
       Heap:                        0       0         32768  
       Stack:                       0       0         4096   
       Linker Generated:            0       170       0      
    +--+----------------------------+-------+---------+---------+
       Grand Total:                 41555   4071      37789  


LINKER GENERATED COPY TABLES

__TI_cinit_table @ 2000f260 records: 2, size/record: 8, table size: 16
	.data: load addr=2000f1c0, load size=00000086 bytes, run addr=2001f288, run size=00000124 bytes, compression=lzss
	.bss: load addr=2000f258, load size=00000008 bytes, run addr=2001f000, run size=00000284 bytes, compression=zero_init


LINKER GENERATED HANDLER TABLE

__TI_handler_table @ 2000f248 records: 3, size/record: 4, table size: 12
	index: 0, handler: __TI_decompress_lzss
	index: 1, handler: __TI_decompress_none
	index: 2, handler: __TI_zero_init


GLOBAL SYMBOLS: SORTED ALPHABETICALLY BY Name 

address   name                                  
-------   ----                                  
2000786d  Adafruit_Init                         
2000e673  C$$EXIT                               
2000e541  CPUcpsie                              
200082e1  ClearTerm                             
200079e3  Color565                              
2001f28c  DATAEND                               
2001f288  DATASTART                             
2001f268  DATAWORD                              
2000dfa9  DmaSpiSwIntHandler                    
200082eb  Error                                 
2000dc09  GPIODirModeSet                        
2000e555  GPIOIntClear                          
2000e2f9  GPIOIntEnable                         
2000e181  GPIOIntRegister                       
2000e039  GPIOIntStatus                         
2000c73d  GPIOIntTypeSet                        
2000e3c9  GPIOPinRead                           
2000e09f  GPIOPinWrite                          
20007f49  GPIO_IF_ConfigureNIntEnable           
20007fd5  GPIO_IF_Get                           
20007f03  GPIO_IF_GetPortNPin                   
20007cc5  GPIO_IF_LedConfigure                  
20007db7  GPIO_IF_LedOff                        
20007d03  GPIO_IF_LedOn                         
20007e6b  GPIO_IF_LedStatus                     
20007ed5  GPIO_IF_LedToggle                     
20007f91  GPIO_IF_Set                           
20008323  GetCmd                                
200082a1  InitTerm                              
2000b829  IntDisable                            
2000b8d1  IntEnable                             
2000e645  IntMasterEnable                       
2000d0b1  IntPendClear                          
2000d1b9  IntPrioritySet                        
2000e0c1  IntRegister                           
2000dfcd  IntUnregister                         
2000e569  IntVTableBaseSet                      
200082bf  Message                               
2000e615  NwpMaskInterrupt                      
2000db99  NwpPowerOff                           
2000dd69  NwpPowerOn                            
2000e0e1  NwpPrePowerOffTimout0                 
2000d9f1  NwpRegisterInterruptHandler           
2000e621  NwpUnMaskInterrupt                    
2000ef5c  OpcodeTranslateTable                  
2000672b  Outstr                                
2001f26c  P59_intcount                          
2001f27c  P59_intstatus                         
20009771  PRCMCC3200MCUInit                     
2000e4e9  PRCMHIBRegRead                        
2000e4ff  PRCMHIBRegWrite                       
2000de6d  PRCMPeripheralClkDisable              
2000daa9  PRCMPeripheralClkEnable               
2000c025  PRCMPeripheralClockGet                
2000d109  PRCMPeripheralReset                   
2000dc41  PRCMPeripheralStatusGet               
2000dd95  PRCMSysResetCauseGet                  
2000c525  PinConfigSet                          
2000d871  PinModeSet                            
20009ba9  PinMuxConfig                          
2000dca9  PinTypeGPIO                           
2000e313  PinTypeSPI                            
2000e32d  PinTypeUART                           
20008461  Report                                
2000e605  ResetISR                              
2001f27d  RxIrqCnt                              
2000e3e1  SPICSDisable                          
2000e3f9  SPICSEnable                           
2000ba1d  SPIConfigSetExpClk                    
2000e101  SPIDataGet                            
2000e19f  SPIDataPut                            
2000e411  SPIDisable                            
2000e347  SPIDmaDisable                         
2000e361  SPIDmaEnable                          
2000e429  SPIEnable                             
2000e37b  SPIFIFODisable                        
2000e395  SPIFIFOEnable                         
2000dc75  SPIFIFOLevelSet                       
2000d5bd  SPIIntClear                           
2000d3ad  SPIIntEnable                          
2000e3af  SPIIntUnregister                      
2000e05b  SPIReset                              
2000e07d  SPIWordCountSet                       
200045e9  SimpleLinkGeneralEventHandler         
200045c9  SimpleLinkHttpServerCallback          
20004525  SimpleLinkNetAppEventHandler          
20004609  SimpleLinkSockEventHandler            
2000440f  SimpleLinkWlanEventHandler            
2000e5b9  SysTickEnable                         
2000e5c9  SysTickIntEnable                      
2000e219  SysTickIntRegister                    
2000e441  SysTickPeriodSet                      
2000e62d  SysTickValueGet                       
2001f294  TextRxLength                          
2001f168  TextTx                                
2001f298  TextTxLength                          
2000d6d9  TimerConfigure                        
2000e1bd  TimerEnable                           
2000e121  TimerGetCurrentTimestamp              
2000de19  TimerLoadSet                          
2000de43  TimerPrescaleSet                      
2000e235  TimerValueGet                         
200083c9  TrimSpace                             
2000e251  UARTCharGetNonBlocking                
2000e1db  UARTCharPut                           
2000e459  UARTCharsAvail                        
2000ca35  UARTConfigSetExpClk                   
2000dcd9  UARTDisable                           
2000dff1  UARTEnable                            
2000e669  UtilsDelay                            
2000ef98  _SlActionLookupTable                  
2000b979  _SlDriverHandleError                  
2000d605  _SlDrvBasicCmd                        
2000b605  _SlDrvCmdOp                           
2000cc01  _SlDrvCmdSend                         
200089cd  _SlDrvDataReadOp                      
20009a59  _SlDrvDataWriteOp                     
2000bbf9  _SlDrvDeviceEventHandler              
2000e5d9  _SlDrvDispatchHttpServerEvents        
2000a46d  _SlDrvDriverCBDeinit                  
20009105  _SlDrvDriverCBInit                    
2000de95  _SlDrvGlobalObjUnLock                 
2000d71d  _SlDrvHandleHttpServerEvents          
2000d8b1  _SlDrvHandleNetAppEvents              
2000d8f1  _SlDrvHandleWlanEvents                
2000c381  _SlDrvIsTimeoutExpired                
2000e515  _SlDrvMemZero                         
2000ae69  _SlDrvMsgReadSpawnCtx                 
2000a7c5  _SlDrvNetAppEventHandler              
2000df5d  _SlDrvObjLockWaitForever              
2000e141  _SlDrvObjUnLock                       
2000d445  _SlDrvProtectAsyncRespSetting         
2000dded  _SlDrvProtectionObjLockWaitForever    
2000debd  _SlDrvProtectionObjUnLock             
20008bb1  _SlDrvReleasePoolObj                  
2000e5e9  _SlDrvResetCmdExt                     
2000d20d  _SlDrvRxIrqHandler                    
2000e26d  _SlDrvStartMeasureTimeout             
2000e161  _SlDrvSyncObjSignal                   
2000dee5  _SlDrvSyncObjWaitForever              
2000d761  _SlDrvSyncObjWaitTimeout              
20009455  _SlDrvWaitForPoolObj                  
2000f17e  _SlNetAppSendTokenValueCmdCtrl        
2000caad  _SlNonOsMainLoopTask                  
2000b779  _SlNonOsSemGet                        
2000e471  _SlNonOsSemSet                        
2000cd41  _SlNonOsSpawn                         
20030000  __STACK_END                           
00001000  __STACK_SIZE                          
00008000  __SYSMEM_SIZE                         
2000f260  __TI_CINIT_Base                       
2000f270  __TI_CINIT_Limit                      
2000f248  __TI_Handler_Table_Base               
2000f254  __TI_Handler_Table_Limit              
2000d7a5  __TI_auto_init_nobinit_nopinit        
2000ccd9  __TI_decompress_lzss                  
2000e5f7  __TI_decompress_none                  
2000d261  __TI_ltoa                             
ffffffff  __TI_pprof_out_hndl                   
20006801  __TI_printfi                          
ffffffff  __TI_prof_data_size                   
ffffffff  __TI_prof_data_start                  
2000f1c0  __TI_static_base__                    
2000e289  __TI_zero_init_nomemset               
2000c5ad  __aeabi_cdcmpeq                       
2000c5ad  __aeabi_cdcmple                       
2000c633  __aeabi_cdrcmple                      
2000d64d  __aeabi_d2iz                          
20008f57  __aeabi_dadd                          
2000a201  __aeabi_ddiv                          
2000a8c9  __aeabi_dmul                          
20008f4d  __aeabi_dsub                          
2000e659  __aeabi_errno_addr                    
2000dd39  __aeabi_i2d                           
20009103  __aeabi_idiv0                         
20009103  __aeabi_ldiv0                         
2000e4d1  __aeabi_lmul                          
2000c941  __aeabi_memclr                        
2000c941  __aeabi_memclr4                       
2000c941  __aeabi_memclr8                       
2000bb5d  __aeabi_memcpy                        
2000bb5d  __aeabi_memcpy4                       
2000bb5d  __aeabi_memcpy8                       
2000c943  __aeabi_memset                        
2000c943  __aeabi_memset4                       
2000c943  __aeabi_memset8                       
2000bf8d  __aeabi_uldivmod                      
ffffffff  __binit__                             
ffffffff  __c_args__                            
UNDEFED   __mpu_init                            
2002f000  __stack                               
20017000  __start___llvm_prf_cnts               
20017000  __stop___llvm_prf_cnts                
2000e015  _c_int00_noargs                       
2000eb73  _ctypes_                              
2001f38c  _lock                                 
20007c87  _nop                                  
2000cda5  _sl_HandleAsync_Accept                
2000c7c1  _sl_HandleAsync_Connect               
2000c0b9  _sl_HandleAsync_DnsGetHostByName      
2000b3a9  _sl_HandleAsync_DnsGetHostByService   
2000c40d  _sl_HandleAsync_InitComplete          
2000c149  _sl_HandleAsync_PingResponse          
2000d2b5  _sl_HandleAsync_Select                
2000d35d  _sl_HandleAsync_Stop                  
2000cc6d  _sl_NetAppSendTokenValue              
20017000  _sys_memory                           
UNDEFED   _system_post_cinit                    
2000e66f  _system_pre_init                      
2001f390  _unlock                               
2000e673  abort                                 
2000a6bd  aligned_alloc                         
2000d4dd  atoi                                  
ffffffff  binit                                 
2001f2b4  character                             
2001f308  colors                                
2000e639  copysign                              
2000e639  copysignl                             
2001f324  cursor_x                              
2001f328  cursor_y                              
2001f2a0  delta                                 
2001f2a8  delta_us                              
200065df  drawChar                              
20005d81  drawCircle                            
20005eb5  drawCircleHelper                      
20007b91  drawFastHLine                         
20007af1  drawFastVLine                         
200060fb  drawLine                              
20007c2d  drawPixel                             
200061e7  drawRect                              
20006235  drawRoundRect                         
2000639d  drawTriangle                          
2001f3a4  errno                                 
20005fd3  fillCircle                            
2000600d  fillCircleHelper                      
20007a3b  fillRect                              
20006323  fillRoundRect                         
20007a25  fillScreen                            
200063df  fillTriangle                          
2001f2b8  font_count                            
2000af51  free                                  
2000d055  frexp                                 
2000d055  frexpl                                
2001f2c8  g_Host                                
2001f364  g_SlDeviceStatus                      
2001f380  g_SpiFd                               
2001f2cc  g__SlNonOsCB                          
2001f27e  g_bDeviceRestartIsRequired            
2001f27f  g_cDummy                              
2001f368  g_pCB                                 
2001f384  g_pHostIntHdl                         
20004000  g_pfnVectors                          
2001f20c  g_time                                
2001f25c  g_ucConnectionBSSID                   
2001f238  g_ucConnectionSSID                    
2001f388  g_ucDMAEnabled                        
2001f1bc  g_ucDinDout                           
2001f280  g_ucLED1Pin                           
2001f281  g_ucLED2Pin                           
2001f282  g_ucLED3Pin                           
2001f374  g_uiLED1Port                          
2001f378  g_uiLED2Port                          
2001f37c  g_uiLED3Port                          
2001f2c4  g_ulGatewayIP                         
2001f2c0  g_ulPingPacketsRecv                   
2001f2bc  g_ulStatus                            
2000799f  goTo                                  
200067df  height                                
2001f29c  i                                     
20007c6b  invert                                
2000b2d9  ldexp                                 
2000b2d9  ldexpl                                
2001f350  letters3                              
2001f39c  letters4                              
200056cd  main                                  
2000e661  malloc                                
2000a6bd  memalign                              
2000e2c1  memccpy                               
2000bb5d  memcpy                                
2000df35  memmove                               
2000c949  memset                                
2001f270  message                               
2001f36c  pPingCallBackFunc                     
2001f283  prev_char                             
2001f274  prev_message                          
20004e97  printErrConvenience                   
2000b035  realloc                               
2001f2b0  repetitions                           
2000b2d9  scalbn                                
2000b2d9  scalbnl                               
20006777  setCursor                             
200067af  setTextColor                          
2000678f  setTextSize                           
200067c7  setTextWrap                           
2000dae5  simplelink_timerA2_start              
2000cf35  sl_Close                              
200095e5  sl_Connect                            
2000b475  sl_DevGet                             
2000bc95  sl_DevSet                             
2000d82d  sl_Htonl                              
2000db21  sl_Htons                              
20009f81  sl_NetAppDnsGetHostByName             
2000b119  sl_NetAppMDNSRegisterUnregisterService
2000ce09  sl_NetAppMDNSUnRegisterService        
2000bd2d  sl_NetCfgSet                          
2000df83  sl_Provisioning_HttpServerEventHdl    
2000df91  sl_Provisioning_NetAppEventHdl        
2000df9d  sl_Provisioning_WlanEventHdl          
2000babd  sl_Recv                               
2000a339  sl_Send                               
2000bdc5  sl_SetSockOpt                         
2000c499  sl_Socket                             
2000ac95  sl_Start                              
2000a9c5  sl_Stop                               
20008021  sl_WlanConnect                        
2000dbd1  sl_WlanDisconnect                     
2000c1d9  sl_WlanPolicySet                      
2000cf95  sl_WlanProfileDel                     
2000c6b9  sl_WlanRxFilterSet                    
2000be5d  sl_WlanSet                            
2000cff5  sl_WlanSetMode                        
2000c9bd  spi_Close                             
20009cf5  spi_Open                              
2000aab5  spi_Read                              
2000bef5  spi_Write                             
2000d971  sprintf                               
2001f278  start_int                             
2000e52b  strchr                                
2000e57d  strcpy                                
2000e591  strlen                                
2001f290  systick_cnt                           
2001f334  textbgcolor                           
2001f330  textcolor                             
2001f32c  textsize                              
2000d529  uDMAChannelAssign                     
2000ce6d  uDMAChannelAttributeDisable           
2000ced1  uDMAChannelAttributeEnable            
2000db5d  uDMAChannelControlSet                 
2000e2dd  uDMAChannelEnable                     
2000aba5  uDMAChannelTransferSet                
2000d9b1  vsnprintf                             
2000e5a5  wcslen                                
200067db  width                                 
2001f338  wrap                                  
200077e1  writeCommand                          
20007827  writeData                             


GLOBAL SYMBOLS: SORTED BY Symbol Address 

address   name                                  
-------   ----                                  
00001000  __STACK_SIZE                          
00008000  __SYSMEM_SIZE                         
20004000  g_pfnVectors                          
2000440f  SimpleLinkWlanEventHandler            
20004525  SimpleLinkNetAppEventHandler          
200045c9  SimpleLinkHttpServerCallback          
200045e9  SimpleLinkGeneralEventHandler         
20004609  SimpleLinkSockEventHandler            
20004e97  printErrConvenience                   
200056cd  main                                  
20005d81  drawCircle                            
20005eb5  drawCircleHelper                      
20005fd3  fillCircle                            
2000600d  fillCircleHelper                      
200060fb  drawLine                              
200061e7  drawRect                              
20006235  drawRoundRect                         
20006323  fillRoundRect                         
2000639d  drawTriangle                          
200063df  fillTriangle                          
200065df  drawChar                              
2000672b  Outstr                                
20006777  setCursor                             
2000678f  setTextSize                           
200067af  setTextColor                          
200067c7  setTextWrap                           
200067db  width                                 
200067df  height                                
20006801  __TI_printfi                          
200077e1  writeCommand                          
20007827  writeData                             
2000786d  Adafruit_Init                         
2000799f  goTo                                  
200079e3  Color565                              
20007a25  fillScreen                            
20007a3b  fillRect                              
20007af1  drawFastVLine                         
20007b91  drawFastHLine                         
20007c2d  drawPixel                             
20007c6b  invert                                
20007c87  _nop                                  
20007cc5  GPIO_IF_LedConfigure                  
20007d03  GPIO_IF_LedOn                         
20007db7  GPIO_IF_LedOff                        
20007e6b  GPIO_IF_LedStatus                     
20007ed5  GPIO_IF_LedToggle                     
20007f03  GPIO_IF_GetPortNPin                   
20007f49  GPIO_IF_ConfigureNIntEnable           
20007f91  GPIO_IF_Set                           
20007fd5  GPIO_IF_Get                           
20008021  sl_WlanConnect                        
200082a1  InitTerm                              
200082bf  Message                               
200082e1  ClearTerm                             
200082eb  Error                                 
20008323  GetCmd                                
200083c9  TrimSpace                             
20008461  Report                                
200089cd  _SlDrvDataReadOp                      
20008bb1  _SlDrvReleasePoolObj                  
20008f4d  __aeabi_dsub                          
20008f57  __aeabi_dadd                          
20009103  __aeabi_idiv0                         
20009103  __aeabi_ldiv0                         
20009105  _SlDrvDriverCBInit                    
20009455  _SlDrvWaitForPoolObj                  
200095e5  sl_Connect                            
20009771  PRCMCC3200MCUInit                     
20009a59  _SlDrvDataWriteOp                     
20009ba9  PinMuxConfig                          
20009cf5  spi_Open                              
20009f81  sl_NetAppDnsGetHostByName             
2000a201  __aeabi_ddiv                          
2000a339  sl_Send                               
2000a46d  _SlDrvDriverCBDeinit                  
2000a6bd  aligned_alloc                         
2000a6bd  memalign                              
2000a7c5  _SlDrvNetAppEventHandler              
2000a8c9  __aeabi_dmul                          
2000a9c5  sl_Stop                               
2000aab5  spi_Read                              
2000aba5  uDMAChannelTransferSet                
2000ac95  sl_Start                              
2000ae69  _SlDrvMsgReadSpawnCtx                 
2000af51  free                                  
2000b035  realloc                               
2000b119  sl_NetAppMDNSRegisterUnregisterService
2000b2d9  ldexp                                 
2000b2d9  ldexpl                                
2000b2d9  scalbn                                
2000b2d9  scalbnl                               
2000b3a9  _sl_HandleAsync_DnsGetHostByService   
2000b475  sl_DevGet                             
2000b605  _SlDrvCmdOp                           
2000b779  _SlNonOsSemGet                        
2000b829  IntDisable                            
2000b8d1  IntEnable                             
2000b979  _SlDriverHandleError                  
2000ba1d  SPIConfigSetExpClk                    
2000babd  sl_Recv                               
2000bb5d  __aeabi_memcpy                        
2000bb5d  __aeabi_memcpy4                       
2000bb5d  __aeabi_memcpy8                       
2000bb5d  memcpy                                
2000bbf9  _SlDrvDeviceEventHandler              
2000bc95  sl_DevSet                             
2000bd2d  sl_NetCfgSet                          
2000bdc5  sl_SetSockOpt                         
2000be5d  sl_WlanSet                            
2000bef5  spi_Write                             
2000bf8d  __aeabi_uldivmod                      
2000c025  PRCMPeripheralClockGet                
2000c0b9  _sl_HandleAsync_DnsGetHostByName      
2000c149  _sl_HandleAsync_PingResponse          
2000c1d9  sl_WlanPolicySet                      
2000c381  _SlDrvIsTimeoutExpired                
2000c40d  _sl_HandleAsync_InitComplete          
2000c499  sl_Socket                             
2000c525  PinConfigSet                          
2000c5ad  __aeabi_cdcmpeq                       
2000c5ad  __aeabi_cdcmple                       
2000c633  __aeabi_cdrcmple                      
2000c6b9  sl_WlanRxFilterSet                    
2000c73d  GPIOIntTypeSet                        
2000c7c1  _sl_HandleAsync_Connect               
2000c941  __aeabi_memclr                        
2000c941  __aeabi_memclr4                       
2000c941  __aeabi_memclr8                       
2000c943  __aeabi_memset                        
2000c943  __aeabi_memset4                       
2000c943  __aeabi_memset8                       
2000c949  memset                                
2000c9bd  spi_Close                             
2000ca35  UARTConfigSetExpClk                   
2000caad  _SlNonOsMainLoopTask                  
2000cc01  _SlDrvCmdSend                         
2000cc6d  _sl_NetAppSendTokenValue              
2000ccd9  __TI_decompress_lzss                  
2000cd41  _SlNonOsSpawn                         
2000cda5  _sl_HandleAsync_Accept                
2000ce09  sl_NetAppMDNSUnRegisterService        
2000ce6d  uDMAChannelAttributeDisable           
2000ced1  uDMAChannelAttributeEnable            
2000cf35  sl_Close                              
2000cf95  sl_WlanProfileDel                     
2000cff5  sl_WlanSetMode                        
2000d055  frexp                                 
2000d055  frexpl                                
2000d0b1  IntPendClear                          
2000d109  PRCMPeripheralReset                   
2000d1b9  IntPrioritySet                        
2000d20d  _SlDrvRxIrqHandler                    
2000d261  __TI_ltoa                             
2000d2b5  _sl_HandleAsync_Select                
2000d35d  _sl_HandleAsync_Stop                  
2000d3ad  SPIIntEnable                          
2000d445  _SlDrvProtectAsyncRespSetting         
2000d4dd  atoi                                  
2000d529  uDMAChannelAssign                     
2000d5bd  SPIIntClear                           
2000d605  _SlDrvBasicCmd                        
2000d64d  __aeabi_d2iz                          
2000d6d9  TimerConfigure                        
2000d71d  _SlDrvHandleHttpServerEvents          
2000d761  _SlDrvSyncObjWaitTimeout              
2000d7a5  __TI_auto_init_nobinit_nopinit        
2000d82d  sl_Htonl                              
2000d871  PinModeSet                            
2000d8b1  _SlDrvHandleNetAppEvents              
2000d8f1  _SlDrvHandleWlanEvents                
2000d971  sprintf                               
2000d9b1  vsnprintf                             
2000d9f1  NwpRegisterInterruptHandler           
2000daa9  PRCMPeripheralClkEnable               
2000dae5  simplelink_timerA2_start              
2000db21  sl_Htons                              
2000db5d  uDMAChannelControlSet                 
2000db99  NwpPowerOff                           
2000dbd1  sl_WlanDisconnect                     
2000dc09  GPIODirModeSet                        
2000dc41  PRCMPeripheralStatusGet               
2000dc75  SPIFIFOLevelSet                       
2000dca9  PinTypeGPIO                           
2000dcd9  UARTDisable                           
2000dd39  __aeabi_i2d                           
2000dd69  NwpPowerOn                            
2000dd95  PRCMSysResetCauseGet                  
2000dded  _SlDrvProtectionObjLockWaitForever    
2000de19  TimerLoadSet                          
2000de43  TimerPrescaleSet                      
2000de6d  PRCMPeripheralClkDisable              
2000de95  _SlDrvGlobalObjUnLock                 
2000debd  _SlDrvProtectionObjUnLock             
2000dee5  _SlDrvSyncObjWaitForever              
2000df35  memmove                               
2000df5d  _SlDrvObjLockWaitForever              
2000df83  sl_Provisioning_HttpServerEventHdl    
2000df91  sl_Provisioning_NetAppEventHdl        
2000df9d  sl_Provisioning_WlanEventHdl          
2000dfa9  DmaSpiSwIntHandler                    
2000dfcd  IntUnregister                         
2000dff1  UARTEnable                            
2000e015  _c_int00_noargs                       
2000e039  GPIOIntStatus                         
2000e05b  SPIReset                              
2000e07d  SPIWordCountSet                       
2000e09f  GPIOPinWrite                          
2000e0c1  IntRegister                           
2000e0e1  NwpPrePowerOffTimout0                 
2000e101  SPIDataGet                            
2000e121  TimerGetCurrentTimestamp              
2000e141  _SlDrvObjUnLock                       
2000e161  _SlDrvSyncObjSignal                   
2000e181  GPIOIntRegister                       
2000e19f  SPIDataPut                            
2000e1bd  TimerEnable                           
2000e1db  UARTCharPut                           
2000e219  SysTickIntRegister                    
2000e235  TimerValueGet                         
2000e251  UARTCharGetNonBlocking                
2000e26d  _SlDrvStartMeasureTimeout             
2000e289  __TI_zero_init_nomemset               
2000e2c1  memccpy                               
2000e2dd  uDMAChannelEnable                     
2000e2f9  GPIOIntEnable                         
2000e313  PinTypeSPI                            
2000e32d  PinTypeUART                           
2000e347  SPIDmaDisable                         
2000e361  SPIDmaEnable                          
2000e37b  SPIFIFODisable                        
2000e395  SPIFIFOEnable                         
2000e3af  SPIIntUnregister                      
2000e3c9  GPIOPinRead                           
2000e3e1  SPICSDisable                          
2000e3f9  SPICSEnable                           
2000e411  SPIDisable                            
2000e429  SPIEnable                             
2000e441  SysTickPeriodSet                      
2000e459  UARTCharsAvail                        
2000e471  _SlNonOsSemSet                        
2000e4d1  __aeabi_lmul                          
2000e4e9  PRCMHIBRegRead                        
2000e4ff  PRCMHIBRegWrite                       
2000e515  _SlDrvMemZero                         
2000e52b  strchr                                
2000e541  CPUcpsie                              
2000e555  GPIOIntClear                          
2000e569  IntVTableBaseSet                      
2000e57d  strcpy                                
2000e591  strlen                                
2000e5a5  wcslen                                
2000e5b9  SysTickEnable                         
2000e5c9  SysTickIntEnable                      
2000e5d9  _SlDrvDispatchHttpServerEvents        
2000e5e9  _SlDrvResetCmdExt                     
2000e5f7  __TI_decompress_none                  
2000e605  ResetISR                              
2000e615  NwpMaskInterrupt                      
2000e621  NwpUnMaskInterrupt                    
2000e62d  SysTickValueGet                       
2000e639  copysign                              
2000e639  copysignl                             
2000e645  IntMasterEnable                       
2000e659  __aeabi_errno_addr                    
2000e661  malloc                                
2000e669  UtilsDelay                            
2000e66f  _system_pre_init                      
2000e673  C$$EXIT                               
2000e673  abort                                 
2000eb73  _ctypes_                              
2000ef5c  OpcodeTranslateTable                  
2000ef98  _SlActionLookupTable                  
2000f17e  _SlNetAppSendTokenValueCmdCtrl        
2000f1c0  __TI_static_base__                    
2000f248  __TI_Handler_Table_Base               
2000f254  __TI_Handler_Table_Limit              
2000f260  __TI_CINIT_Base                       
2000f270  __TI_CINIT_Limit                      
20017000  __start___llvm_prf_cnts               
20017000  __stop___llvm_prf_cnts                
20017000  _sys_memory                           
2001f168  TextTx                                
2001f1bc  g_ucDinDout                           
2001f20c  g_time                                
2001f238  g_ucConnectionSSID                    
2001f25c  g_ucConnectionBSSID                   
2001f268  DATAWORD                              
2001f26c  P59_intcount                          
2001f270  message                               
2001f274  prev_message                          
2001f278  start_int                             
2001f27c  P59_intstatus                         
2001f27d  RxIrqCnt                              
2001f27e  g_bDeviceRestartIsRequired            
2001f27f  g_cDummy                              
2001f280  g_ucLED1Pin                           
2001f281  g_ucLED2Pin                           
2001f282  g_ucLED3Pin                           
2001f283  prev_char                             
2001f288  DATASTART                             
2001f28c  DATAEND                               
2001f290  systick_cnt                           
2001f294  TextRxLength                          
2001f298  TextTxLength                          
2001f29c  i                                     
2001f2a0  delta                                 
2001f2a8  delta_us                              
2001f2b0  repetitions                           
2001f2b4  character                             
2001f2b8  font_count                            
2001f2bc  g_ulStatus                            
2001f2c0  g_ulPingPacketsRecv                   
2001f2c4  g_ulGatewayIP                         
2001f2c8  g_Host                                
2001f2cc  g__SlNonOsCB                          
2001f308  colors                                
2001f324  cursor_x                              
2001f328  cursor_y                              
2001f32c  textsize                              
2001f330  textcolor                             
2001f334  textbgcolor                           
2001f338  wrap                                  
2001f350  letters3                              
2001f364  g_SlDeviceStatus                      
2001f368  g_pCB                                 
2001f36c  pPingCallBackFunc                     
2001f374  g_uiLED1Port                          
2001f378  g_uiLED2Port                          
2001f37c  g_uiLED3Port                          
2001f380  g_SpiFd                               
2001f384  g_pHostIntHdl                         
2001f388  g_ucDMAEnabled                        
2001f38c  _lock                                 
2001f390  _unlock                               
2001f39c  letters4                              
2001f3a4  errno                                 
2002f000  __stack                               
20030000  __STACK_END                           
ffffffff  __TI_pprof_out_hndl                   
ffffffff  __TI_prof_data_size                   
ffffffff  __TI_prof_data_start                  
ffffffff  __binit__                             
ffffffff  __c_args__                            
ffffffff  binit                                 
UNDEFED   __mpu_init                            
UNDEFED   _system_post_cinit                    

[346 symbols]
