******************************************************************************
                  TI ARM Linker PC v20.2.0                     
******************************************************************************
>> Linked Mon Apr 17 14:34:11 2023

OUTPUT FILE NAME:   <OLED.out>
ENTRY POINT SYMBOL: "_c_int00_noargs"  address: 20006441


MEMORY CONFIGURATION

         name            origin    length      used     unused   attr    fill
----------------------  --------  ---------  --------  --------  ----  --------
  SRAM_CODE             20004000   00013000  00002cd0  00010330  RW X
  SRAM_DATA             20017000   00019000  00001015  00017feb  RW X


SEGMENT ALLOCATION MAP

run origin  load origin   length   init length attrs members
----------  ----------- ---------- ----------- ----- -------
20004000    20004000    00002cd4   00002cd4    r-x
  20004000    20004000    00000400   00000400    r-- .intvecs
  20004400    20004400    000021d0   000021d0    r-x .text
  200065d0    200065d0    000006dc   000006dc    r-- .const
  20006cb0    20006cb0    00000024   00000024    r-- .cinit
20017000    20017000    00000815   00000000    rw-
  20017000    20017000    00000800   00000000    rw- .sysmem
  20017800    20017800    00000015   00000000    rw- .data
2002f800    2002f800    00000800   00000000    rw-
  2002f800    2002f800    00000800   00000000    rw- .stack


SECTION ALLOCATION MAP

 output                                  attributes/
section   page    origin      length       input sections
--------  ----  ----------  ----------   ----------------
.intvecs   0    20004000    00000400     
                  20004000    00000400     startup_ccs.obj (.intvecs)

.init_array 
*          0    20004000    00000000     UNINITIALIZED

.text      0    20004400    000021d0     
                  20004400    00000a80     Adafruit_GFX.obj (.text)
                  20004e80    00000712     test.obj (.text)
                  20005592    00000002     --HOLE-- [fill = 0]
                  20005594    000004a6     Adafruit_OLED.obj (.text)
                  20005a3a    00000002     --HOLE-- [fill = 0]
                  20005a3c    0000023c     main.obj (.text)
                  20005c78    00000178     driverlib.a : prcm.obj (.text:PRCMCC3200MCUInit)
                  20005df0    00000114     pinmux.obj (.text)
                  20005f04    000000a8     driverlib.a : interrupt.obj (.text:IntEnable)
                  20005fac    000000a0                 : spi.obj (.text:SPIConfigSetExpClk)
                  2000604c    0000009c     rtsv7M4_T_le_eabi.lib : memcpy_t2.asm.obj (.text)
                  200060e8    00000094     driverlib.a : prcm.obj (.text:PRCMPeripheralClockGet)
                  2000617c    00000088                 : pin.obj (.text:PinConfigSet)
                  20006204    00000068     rtsv7M4_T_le_eabi.lib : copy_decompress_lzss.c.obj (.text:decompress:lzss:__TI_decompress_lzss)
                  2000626c    00000058     driverlib.a : prcm.obj (.text:PRCMPeripheralReset)
                  200062c4    00000044     rtsv7M4_T_le_eabi.lib : autoinit.c.obj (.text:__TI_auto_init_nobinit_nopinit:__TI_auto_init_nobinit_nopinit)
                  20006308    00000040     driverlib.a : pin.obj (.text:PinModeSet)
                  20006348    0000003c                 : prcm.obj (.text:PRCMPeripheralClkEnable)
                  20006384    00000036                 : gpio.obj (.text:GPIODirModeSet)
                  200063ba    00000030                 : pin.obj (.text:PinTypeGPIO)
                  200063ea    00000002     --HOLE-- [fill = 0]
                  200063ec    0000002c                 : prcm.obj (.text:PRCMSysResetCauseGet)
                  20006418    00000028                 : prcm.obj (.text:PRCMPeripheralClkDisable)
                  20006440    00000024     rtsv7M4_T_le_eabi.lib : boot_cortex_m.c.obj (.text:_c_int00_noargs:_c_int00_noargs)
                  20006464    00000022     driverlib.a : spi.obj (.text:SPIReset)
                  20006486    00000020                 : gpio.obj (.text:GPIOPinWrite)
                  200064a6    00000020                 : spi.obj (.text:SPIDataGet)
                  200064c6    0000001e                 : spi.obj (.text:SPIDataPut)
                  200064e4    0000001a                 : pin.obj (.text:PinTypeSPI)
                  200064fe    00000018                 : spi.obj (.text:SPICSDisable)
                  20006516    00000018                 : spi.obj (.text:SPICSEnable)
                  2000652e    00000018                 : spi.obj (.text:SPIEnable)
                  20006546    00000016                 : prcm.obj (.text:PRCMHIBRegRead)
                  2000655c    00000016                 : prcm.obj (.text:PRCMHIBRegWrite)
                  20006572    00000014                 : cpu.obj (.text:CPUcpsie)
                  20006586    00000002     --HOLE-- [fill = 0]
                  20006588    00000014                 : interrupt.obj (.text:IntVTableBaseSet)
                  2000659c    0000000e     rtsv7M4_T_le_eabi.lib : copy_decompress_none.c.obj (.text:decompress:none:__TI_decompress_none)
                  200065aa    0000000e     startup_ccs.obj (.text)
                  200065b8    0000000a     driverlib.a : interrupt.obj (.text:IntMasterEnable)
                  200065c2    00000006                 : utils.obj (.text:UtilsDelay)
                  200065c8    00000004     rtsv7M4_T_le_eabi.lib : pre_init.c.obj (.text:_system_pre_init)
                  200065cc    00000004                           : exit.c.obj (.text:abort:abort)

.const     0    200065d0    000006dc     
                  200065d0    000004fb     Adafruit_GFX.obj (.const:.string:font)
                  20006acb    00000001     --HOLE-- [fill = 0]
                  20006acc    00000100     driverlib.a : pin.obj (.const:g_ulPinToPadMap)
                  20006bcc    000000a8                 : prcm.obj (.const:PRCM_PeriphRegsList)
                  20006c74    00000020     main.obj (.const:$P$T0$1)
                  20006c94    00000018     driverlib.a : interrupt.obj (.const:g_pulEnRegs)

.cinit     0    20006cb0    00000024     
                  20006cb0    00000013     (.cinit..data.load) [load image, compression = lzss]
                  20006cc3    00000001     --HOLE-- [fill = 0]
                  20006cc4    00000008     (__TI_handler_table)
                  20006ccc    00000008     (__TI_cinit_table)

.data      0    20017800    00000015     UNINITIALIZED
                  20017800    00000015     Adafruit_GFX.obj (.data)

.sysmem    0    20017000    00000800     UNINITIALIZED
                  20017000    00000010     rtsv7M4_T_le_eabi.lib : memory.c.obj (.sysmem)
                  20017010    000007f0     --HOLE--

.stack     0    2002f800    00000800     UNINITIALIZED
                  2002f800    00000004     rtsv7M4_T_le_eabi.lib : boot_cortex_m.c.obj (.stack)
                  2002f804    000007fc     --HOLE--

__llvm_prf_cnts 
*          0    20017000    00000000     UNINITIALIZED

MODULE SUMMARY

       Module                       code   ro data   rw data
       ------                       ----   -------   -------
    .\
       Adafruit_GFX.obj             2688   1275      21     
       test.obj                     1810   0         0      
       Adafruit_OLED.obj            1190   0         0      
       startup_ccs.obj              14     1024      0      
       main.obj                     572    32        0      
       pinmux.obj                   276    0         0      
    +--+----------------------------+------+---------+---------+
       Total:                       6550   2331      21     
                                                            
    C:/ti/CC3200SDK_1.5.0/cc3200-sdk/driverlib/ccs/Release/driverlib.a
       prcm.obj                     800    168       0      
       pin.obj                      274    256       0      
       spi.obj                      328    0         0      
       interrupt.obj                198    24        0      
       gpio.obj                     86     0         0      
       cpu.obj                      20     0         0      
       utils.obj                    6      0         0      
    +--+----------------------------+------+---------+---------+
       Total:                       1712   448       0      
                                                            
    C:\ti\ccs1000\ccs\tools\compiler\ti-cgt-arm_20.2.0.LTS\lib\rtsv7M4_T_le_eabi.lib
       memcpy_t2.asm.obj            156    0         0      
       copy_decompress_lzss.c.obj   104    0         0      
       autoinit.c.obj               68     0         0      
       boot_cortex_m.c.obj          36     0         0      
       copy_decompress_none.c.obj   14     0         0      
       exit.c.obj                   4      0         0      
       pre_init.c.obj               4      0         0      
    +--+----------------------------+------+---------+---------+
       Total:                       386    0         0      
                                                            
       Heap:                        0      0         2048   
       Stack:                       0      0         2048   
       Linker Generated:            0      35        0      
    +--+----------------------------+------+---------+---------+
       Grand Total:                 8648   2814      4117   


LINKER GENERATED COPY TABLES

__TI_cinit_table @ 20006ccc records: 1, size/record: 8, table size: 8
	.data: load addr=20006cb0, load size=00000013 bytes, run addr=20017800, run size=00000015 bytes, compression=lzss


LINKER GENERATED HANDLER TABLE

__TI_handler_table @ 20006cc4 records: 2, size/record: 4, table size: 8
	index: 0, handler: __TI_decompress_lzss
	index: 1, handler: __TI_decompress_none


GLOBAL SYMBOLS: SORTED ALPHABETICALLY BY Name 

address   name                          
-------   ----                          
2000561d  Adafruit_Init                 
200065cd  C$$EXIT                       
20006573  CPUcpsie                      
20005793  Color565                      
20006385  GPIODirModeSet                
20006487  GPIOPinWrite                  
20005f05  IntEnable                     
200065b9  IntMasterEnable               
20006589  IntVTableBaseSet              
20004dab  Outstr                        
20005c79  PRCMCC3200MCUInit             
20006547  PRCMHIBRegRead                
2000655d  PRCMHIBRegWrite               
20006419  PRCMPeripheralClkDisable      
20006349  PRCMPeripheralClkEnable       
200060e9  PRCMPeripheralClockGet        
2000626d  PRCMPeripheralReset           
200063ed  PRCMSysResetCauseGet          
2000617d  PinConfigSet                  
20006309  PinModeSet                    
20005df1  PinMuxConfig                  
200063bb  PinTypeGPIO                   
200064e5  PinTypeSPI                    
200065ab  ResetISR                      
200064ff  SPICSDisable                  
20006517  SPICSEnable                   
20005fad  SPIConfigSetExpClk            
200064a7  SPIDataGet                    
200064c7  SPIDataPut                    
2000652f  SPIEnable                     
20006465  SPIReset                      
200065c3  UtilsDelay                    
20030000  __STACK_END                   
00000800  __STACK_SIZE                  
00000800  __SYSMEM_SIZE                 
20006ccc  __TI_CINIT_Base               
20006cd4  __TI_CINIT_Limit              
20006cc4  __TI_Handler_Table_Base       
20006ccc  __TI_Handler_Table_Limit      
200062c5  __TI_auto_init_nobinit_nopinit
20006205  __TI_decompress_lzss          
2000659d  __TI_decompress_none          
ffffffff  __TI_pprof_out_hndl           
ffffffff  __TI_prof_data_size           
ffffffff  __TI_prof_data_start          
20006cb0  __TI_static_base__            
2000604d  __aeabi_memcpy                
2000604d  __aeabi_memcpy4               
2000604d  __aeabi_memcpy8               
ffffffff  __binit__                     
ffffffff  __c_args__                    
UNDEFED   __mpu_init                    
2002f800  __stack                       
20017000  __start___llvm_prf_cnts       
20017000  __stop___llvm_prf_cnts        
20006441  _c_int00_noargs               
20017000  _sys_memory                   
UNDEFED   _system_post_cinit            
200065c9  _system_pre_init              
200065cd  abort                         
ffffffff  binit                         
20017800  cursor_x                      
20017804  cursor_y                      
20004e81  delay                         
20004c5f  drawChar                      
20004401  drawCircle                    
20004535  drawCircleHelper              
20005945  drawFastHLine                 
200058a9  drawFastVLine                 
2000477b  drawLine                      
200059e1  drawPixel                     
20004867  drawRect                      
200048b5  drawRoundRect                 
20004a1d  drawTriangle                  
20004653  fillCircle                    
2000468d  fillCircleHelper              
200057eb  fillRect                      
200049a3  fillRoundRect                 
200057d5  fillScreen                    
20004a5f  fillTriangle                  
20004000  g_pfnVectors                  
2000574f  goTo                          
20004e5f  height                        
20005a1f  invert                        
200053f3  lcdTestPattern                
200054c3  lcdTestPattern2               
20005a55  main                          
2000604d  memcpy                        
20004df7  setCursor                     
20004e2f  setTextColor                  
20004e0f  setTextSize                   
20004e47  setTextWrap                   
200050b7  testdrawcircles               
20004f27  testdrawrects                 
20004eb5  testfastlines                 
20005045  testfillcircles               
20004f87  testfillrects                 
20005225  testlines                     
200051b3  testroundrects                
20005131  testtriangles                 
20017810  textbgcolor                   
2001780c  textcolor                     
20017808  textsize                      
20004e5b  width                         
20017814  wrap                          
20005595  writeCommand                  
200055d9  writeData                     


GLOBAL SYMBOLS: SORTED BY Symbol Address 

address   name                          
-------   ----                          
00000800  __STACK_SIZE                  
00000800  __SYSMEM_SIZE                 
20004000  g_pfnVectors                  
20004401  drawCircle                    
20004535  drawCircleHelper              
20004653  fillCircle                    
2000468d  fillCircleHelper              
2000477b  drawLine                      
20004867  drawRect                      
200048b5  drawRoundRect                 
200049a3  fillRoundRect                 
20004a1d  drawTriangle                  
20004a5f  fillTriangle                  
20004c5f  drawChar                      
20004dab  Outstr                        
20004df7  setCursor                     
20004e0f  setTextSize                   
20004e2f  setTextColor                  
20004e47  setTextWrap                   
20004e5b  width                         
20004e5f  height                        
20004e81  delay                         
20004eb5  testfastlines                 
20004f27  testdrawrects                 
20004f87  testfillrects                 
20005045  testfillcircles               
200050b7  testdrawcircles               
20005131  testtriangles                 
200051b3  testroundrects                
20005225  testlines                     
200053f3  lcdTestPattern                
200054c3  lcdTestPattern2               
20005595  writeCommand                  
200055d9  writeData                     
2000561d  Adafruit_Init                 
2000574f  goTo                          
20005793  Color565                      
200057d5  fillScreen                    
200057eb  fillRect                      
200058a9  drawFastVLine                 
20005945  drawFastHLine                 
200059e1  drawPixel                     
20005a1f  invert                        
20005a55  main                          
20005c79  PRCMCC3200MCUInit             
20005df1  PinMuxConfig                  
20005f05  IntEnable                     
20005fad  SPIConfigSetExpClk            
2000604d  __aeabi_memcpy                
2000604d  __aeabi_memcpy4               
2000604d  __aeabi_memcpy8               
2000604d  memcpy                        
200060e9  PRCMPeripheralClockGet        
2000617d  PinConfigSet                  
20006205  __TI_decompress_lzss          
2000626d  PRCMPeripheralReset           
200062c5  __TI_auto_init_nobinit_nopinit
20006309  PinModeSet                    
20006349  PRCMPeripheralClkEnable       
20006385  GPIODirModeSet                
200063bb  PinTypeGPIO                   
200063ed  PRCMSysResetCauseGet          
20006419  PRCMPeripheralClkDisable      
20006441  _c_int00_noargs               
20006465  SPIReset                      
20006487  GPIOPinWrite                  
200064a7  SPIDataGet                    
200064c7  SPIDataPut                    
200064e5  PinTypeSPI                    
200064ff  SPICSDisable                  
20006517  SPICSEnable                   
2000652f  SPIEnable                     
20006547  PRCMHIBRegRead                
2000655d  PRCMHIBRegWrite               
20006573  CPUcpsie                      
20006589  IntVTableBaseSet              
2000659d  __TI_decompress_none          
200065ab  ResetISR                      
200065b9  IntMasterEnable               
200065c3  UtilsDelay                    
200065c9  _system_pre_init              
200065cd  C$$EXIT                       
200065cd  abort                         
20006cb0  __TI_static_base__            
20006cc4  __TI_Handler_Table_Base       
20006ccc  __TI_CINIT_Base               
20006ccc  __TI_Handler_Table_Limit      
20006cd4  __TI_CINIT_Limit              
20017000  __start___llvm_prf_cnts       
20017000  __stop___llvm_prf_cnts        
20017000  _sys_memory                   
20017800  cursor_x                      
20017804  cursor_y                      
20017808  textsize                      
2001780c  textcolor                     
20017810  textbgcolor                   
20017814  wrap                          
2002f800  __stack                       
20030000  __STACK_END                   
ffffffff  __TI_pprof_out_hndl           
ffffffff  __TI_prof_data_size           
ffffffff  __TI_prof_data_start          
ffffffff  __binit__                     
ffffffff  __c_args__                    
ffffffff  binit                         
UNDEFED   __mpu_init                    
UNDEFED   _system_post_cinit            

[107 symbols]
