******************************************************************************
                  TI ARM Linker PC v20.2.0                     
******************************************************************************
>> Linked Thu Apr  6 15:13:43 2023

OUTPUT FILE NAME:   <SPI_Boss.out>
ENTRY POINT SYMBOL: "_c_int00_noargs"  address: 20007549


MEMORY CONFIGURATION

         name            origin    length      used     unused   attr    fill
----------------------  --------  ---------  --------  --------  ----  --------
  SRAM_CODE             20004000   00013000  00003b76  0000f48a  RW X
  SRAM_DATA             20017000   00019000  000010e2  00017f1e  RW X


SEGMENT ALLOCATION MAP

run origin  load origin   length   init length attrs members
----------  ----------- ---------- ----------- ----- -------
20004000    20004000    00003b78   00003b78    r-x
  20004000    20004000    00000400   00000400    r-- .intvecs
  20004400    20004400    0000343e   0000343e    r-x .text
  20007840    20007840    00000300   00000300    r-- .const
  20007b40    20007b40    00000038   00000038    r-- .cinit
20017000    20017000    000008e4   00000000    rw-
  20017000    20017000    00000800   00000000    rw- .sysmem
  20017800    20017800    000000ce   00000000    rw- .bss
  200178d0    200178d0    00000014   00000000    rw- .data
2002f800    2002f800    00000800   00000000    rw-
  2002f800    2002f800    00000800   00000000    rw- .stack


SECTION ALLOCATION MAP

 output                                  attributes/
section   page    origin      length       input sections
--------  ----  ----------  ----------   ----------------
.intvecs   0    20004000    00000400     
                  20004000    00000400     startup_ccs.obj (.intvecs)

.init_array 
*          0    20004000    00000000     UNINITIALIZED

.text      0    20004400    0000343e     
                  20004400    00000a4e     rtsv7M4_T_le_eabi.lib : _printfi.c.obj (.text:__TI_printfi)
                  20004e4e    00000002                           : _lock.c.obj (.text:_nop)
                  20004e50    0000038c     main.obj (.text)
                  200051dc    0000027c     uart_if.obj (.text)
                  20005458    00000268     rtsv7M4_T_le_eabi.lib : _printfi.c.obj (.text:_pconv_a)
                  200056c0    000001cc                           : _printfi.c.obj (.text:_pconv_g)
                  2000588c    000001b6                           : fd_add_t2.asm.obj (.text)
                  20005a42    00000002                           : div0.asm.obj (.text)
                  20005a44    00000178     driverlib.a : prcm.obj (.text:PRCMCC3200MCUInit)
                  20005bbc    0000013c     rtsv7M4_T_le_eabi.lib : _printfi.c.obj (.text:_pconv_e)
                  20005cf8    00000136                           : fd_div_t2.asm.obj (.text)
                  20005e2e    00000002     --HOLE-- [fill = 0]
                  20005e30    00000120                           : _printfi.c.obj (.text:fcvt)
                  20005f50    00000108                           : memory.c.obj (.text:aligned_alloc)
                  20006058    000000fc                           : fd_mul_t2.asm.obj (.text)
                  20006154    000000e4                           : memory.c.obj (.text:free)
                  20006238    000000e4                           : memory.c.obj (.text:realloc)
                  2000631c    000000d0     driverlib.a : spi.obj (.text:SPITransfer32)
                  200063ec    000000d0     rtsv7M4_T_le_eabi.lib : s_scalbn.c.obj (.text:scalbn)
                  200064bc    000000ce     driverlib.a : spi.obj (.text:SPITransfer16)
                  2000658a    000000b8                 : spi.obj (.text:SPITransfer8)
                  20006642    00000002     --HOLE-- [fill = 0]
                  20006644    000000b1     rtsv7M4_T_le_eabi.lib : _printfi.c.obj (.text:_ltostr)
                  200066f5    00000003     --HOLE-- [fill = 0]
                  200066f8    000000a8     driverlib.a : interrupt.obj (.text:IntEnable)
                  200067a0    000000a0                 : spi.obj (.text:SPIConfigSetExpClk)
                  20006840    0000009c     rtsv7M4_T_le_eabi.lib : memcpy_t2.asm.obj (.text)
                  200068dc    00000096                           : ull_div_t2.asm.obj (.text)
                  20006972    00000002     --HOLE-- [fill = 0]
                  20006974    00000094     driverlib.a : prcm.obj (.text:PRCMPeripheralClockGet)
                  20006a08    00000088                 : pin.obj (.text:PinConfigSet)
                  20006a90    00000088                 : spi.obj (.text:SPITransfer)
                  20006b18    00000086     rtsv7M4_T_le_eabi.lib : fd_cmp_t2.asm.obj (.text:__aeabi_cdcmple)
                  20006b9e    00000086                           : fd_cmp_t2.asm.obj (.text:__aeabi_cdrcmple)
                  20006c24    0000007c     driverlib.a : spi.obj (.text:SPIIntStatus)
                  20006ca0    0000007a     rtsv7M4_T_le_eabi.lib : memset_t2.asm.obj (.text)
                  20006d1a    00000076     driverlib.a : uart.obj (.text:UARTConfigSetExpClk)
                  20006d90    00000070     rtsv7M4_T_le_eabi.lib : memory.c.obj (.text:split)
                  20006e00    0000006e                           : _printfi.c.obj (.text:_mcpy)
                  20006e6e    00000068                           : copy_decompress_lzss.c.obj (.text:decompress:lzss:__TI_decompress_lzss)
                  20006ed6    00000002     --HOLE-- [fill = 0]
                  20006ed8    0000005c                           : s_frexp.c.obj (.text:frexp)
                  20006f34    00000058     driverlib.a : prcm.obj (.text:PRCMPeripheralReset)
                  20006f8c    00000056     rtsv7M4_T_le_eabi.lib : _printfi.c.obj (.text:_pconv_f)
                  20006fe2    00000054                           : _ltoa.c.obj (.text:__TI_ltoa)
                  20007036    00000052                           : _printfi.c.obj (.text:_ecpy)
                  20007088    0000004c     driverlib.a : spi.obj (.text:SPIIntEnable)
                  200070d4    0000004c                 : spi.obj (.text:SPIIntNumberGet)
                  20007120    0000004c     rtsv7M4_T_le_eabi.lib : atoi.c.obj (.text:atoi)
                  2000716c    00000048     driverlib.a : spi.obj (.text:SPIIntClear)
                  200071b4    00000048     rtsv7M4_T_le_eabi.lib : fd_toi_t2.asm.obj (.text)
                  200071fc    00000044     driverlib.a : spi.obj (.text:SPIDmaMaskGet)
                  20007240    00000044     rtsv7M4_T_le_eabi.lib : autoinit.c.obj (.text:__TI_auto_init_nobinit_nopinit:__TI_auto_init_nobinit_nopinit)
                  20007284    00000044     pinmux.obj (.text)
                  200072c8    00000040     driverlib.a : pin.obj (.text:PinModeSet)
                  20007308    00000040     rtsv7M4_T_le_eabi.lib : vsnprintf.c.obj (.text:vsnprintf)
                  20007348    0000003e                           : _printfi.c.obj (.text:_fcpy)
                  20007386    00000002     --HOLE-- [fill = 0]
                  20007388    0000003c     driverlib.a : prcm.obj (.text:PRCMPeripheralClkEnable)
                  200073c4    00000030                 : uart.obj (.text:UARTDisable)
                  200073f4    00000030     rtsv7M4_T_le_eabi.lib : vsnprintf.c.obj (.text:_outs)
                  20007424    0000002e                           : i_tofd_t2.asm.obj (.text)
                  20007452    00000002     --HOLE-- [fill = 0]
                  20007454    0000002c     driverlib.a : prcm.obj (.text:PRCMSysResetCauseGet)
                  20007480    0000002a                 : spi.obj (.text:SPIDataGetNonBlocking)
                  200074aa    00000002     --HOLE-- [fill = 0]
                  200074ac    00000028                 : prcm.obj (.text:PRCMPeripheralClkDisable)
                  200074d4    00000028     rtsv7M4_T_le_eabi.lib : memory.c.obj (.text:free_list_insert)
                  200074fc    00000028                           : memmov.c.obj (.text:memmove)
                  20007524    00000024     driverlib.a : uart.obj (.text:UARTEnable)
                  20007548    00000024     rtsv7M4_T_le_eabi.lib : boot_cortex_m.c.obj (.text:_c_int00_noargs:_c_int00_noargs)
                  2000756c    00000022     driverlib.a : spi.obj (.text:SPIReset)
                  2000758e    00000002     --HOLE-- [fill = 0]
                  20007590    00000020                 : interrupt.obj (.text:IntRegister)
                  200075b0    00000020                 : spi.obj (.text:SPIDataGet)
                  200075d0    0000001e                 : spi.obj (.text:SPIDataPut)
                  200075ee    0000001e                 : spi.obj (.text:SPIIntRegister)
                  2000760c    0000001e                 : uart.obj (.text:UARTCharPut)
                  2000762a    0000001c                 : uart.obj (.text:UARTCharGetNonBlocking)
                  20007646    0000001c     rtsv7M4_T_le_eabi.lib : copy_zero_init.c.obj (.text:decompress:ZI:__TI_zero_init_nomemset:__TI_zero_init_nomemset)
                  20007662    00000002     --HOLE-- [fill = 0]
                  20007664    0000001c                           : memory.c.obj (.text:free_list_remove)
                  20007680    0000001c                           : memccpy.c.obj (.text:memccpy)
                  2000769c    0000001a     driverlib.a : pin.obj (.text:PinTypeSPI)
                  200076b6    0000001a                 : pin.obj (.text:PinTypeUART)
                  200076d0    00000018                 : spi.obj (.text:SPICSDisable)
                  200076e8    00000018                 : spi.obj (.text:SPICSEnable)
                  20007700    00000018                 : spi.obj (.text:SPIEnable)
                  20007718    00000018                 : uart.obj (.text:UARTCharsAvail)
                  20007730    00000018     rtsv7M4_T_le_eabi.lib : vsnprintf.c.obj (.text:_outc)
                  20007748    00000016     driverlib.a : prcm.obj (.text:PRCMHIBRegRead)
                  2000775e    00000016                 : prcm.obj (.text:PRCMHIBRegWrite)
                  20007774    00000016                 : uart.obj (.text:UARTCharGet)
                  2000778a    00000016     rtsv7M4_T_le_eabi.lib : strchr.c.obj (.text:strchr)
                  200077a0    00000014     driverlib.a : cpu.obj (.text:CPUcpsie)
                  200077b4    00000014                 : interrupt.obj (.text:IntVTableBaseSet)
                  200077c8    00000014     rtsv7M4_T_le_eabi.lib : strlen.c.obj (.text:strlen)
                  200077dc    00000012                           : wcslen.c.obj (.text:wcslen)
                  200077ee    0000000e                           : copy_decompress_none.c.obj (.text:decompress:none:__TI_decompress_none)
                  200077fc    0000000e     startup_ccs.obj (.text)
                  2000780a    0000000c     rtsv7M4_T_le_eabi.lib : s_copysign.c.obj (.text:copysign)
                  20007816    0000000a     driverlib.a : interrupt.obj (.text:IntMasterEnable)
                  20007820    00000008     rtsv7M4_T_le_eabi.lib : errno.c.obj (.text:__aeabi_errno_addr)
                  20007828    00000008                           : memory.c.obj (.text:malloc)
                  20007830    00000006     driverlib.a : utils.obj (.text:UtilsDelay)
                  20007836    00000004     rtsv7M4_T_le_eabi.lib : pre_init.c.obj (.text:_system_pre_init)
                  2000783a    00000004                           : exit.c.obj (.text:abort:abort)

.const     0    20007840    00000300     
                  20007840    00000101     rtsv7M4_T_le_eabi.lib : ctype.c.obj (.const:.string:_ctypes_)
                  20007941    00000003     --HOLE-- [fill = 0]
                  20007944    00000100     driverlib.a : pin.obj (.const:g_ulPinToPadMap)
                  20007a44    000000a8                 : prcm.obj (.const:PRCM_PeriphRegsList)
                  20007aec    00000024                 : spi.obj (.const:g_ppulSPIIntMap)
                  20007b10    00000018                 : interrupt.obj (.const:g_pulEnRegs)
                  20007b28    00000018                 : spi.obj (.const:g_ulSPIDmaMaskMap)

.cinit     0    20007b40    00000038     
                  20007b40    0000000d     (.cinit..data.load) [load image, compression = lzss]
                  20007b4d    00000003     --HOLE-- [fill = 0]
                  20007b50    0000000c     (__TI_handler_table)
                  20007b5c    00000004     --HOLE-- [fill = 0]
                  20007b60    00000008     (.cinit..bss.load) [load image, compression = zero_init]
                  20007b68    00000010     (__TI_cinit_table)

.sysmem    0    20017000    00000800     UNINITIALIZED
                  20017000    00000010     rtsv7M4_T_le_eabi.lib : memory.c.obj (.sysmem)
                  20017010    000007f0     --HOLE--

.bss       0    20017800    000000ce     UNINITIALIZED
                  20017800    00000064     main.obj (.bss:g_ucRxBuff)
                  20017864    00000064     main.obj (.bss:g_ucTxBuff)
                  200178c8    00000004     uart_if.obj (.bss)
                  200178cc    00000002     main.obj (.bss)

.data      0    200178d0    00000014     UNINITIALIZED
                  200178d0    00000008     rtsv7M4_T_le_eabi.lib : _lock.c.obj (.data:$O1$$)
                  200178d8    00000008                           : memory.c.obj (.data:$O1$$)
                  200178e0    00000004                           : errno.c.obj (.data)

.stack     0    2002f800    00000800     UNINITIALIZED
                  2002f800    00000004     rtsv7M4_T_le_eabi.lib : boot_cortex_m.c.obj (.stack)
                  2002f804    000007fc     --HOLE--

__llvm_prf_cnts 
*          0    20017000    00000000     UNINITIALIZED

MODULE SUMMARY

       Module                       code    ro data   rw data
       ------                       ----    -------   -------
    .\
       main.obj                     908     0         202    
       startup_ccs.obj              14      1024      0      
       uart_if.obj                  636     0         4      
       pinmux.obj                   68      0         0      
    +--+----------------------------+-------+---------+---------+
       Total:                       1626    1024      206    
                                                             
    C:/ti/CC3200SDK_1.5.0/cc3200-sdk/driverlib/ccs/Release/driverlib.a
       spi.obj                      1550    60        0      
       prcm.obj                     800     168       0      
       pin.obj                      252     256       0      
       uart.obj                     306     0         0      
       interrupt.obj                230     24        0      
       cpu.obj                      20      0         0      
       utils.obj                    6       0         0      
    +--+----------------------------+-------+---------+---------+
       Total:                       3164    508       0      
                                                             
    C:\ti\ccs1000\ccs\tools\compiler\ti-cgt-arm_20.2.0.LTS\lib\rtsv7M4_T_le_eabi.lib
       _printfi.c.obj               4835    0         0      
       memory.c.obj                 908     0         8      
       fd_add_t2.asm.obj            438     0         0      
       fd_div_t2.asm.obj            310     0         0      
       fd_cmp_t2.asm.obj            268     0         0      
       ctype.c.obj                  0       257       0      
       fd_mul_t2.asm.obj            252     0         0      
       s_scalbn.c.obj               208     0         0      
       memcpy_t2.asm.obj            156     0         0      
       ull_div_t2.asm.obj           150     0         0      
       vsnprintf.c.obj              136     0         0      
       memset_t2.asm.obj            122     0         0      
       copy_decompress_lzss.c.obj   104     0         0      
       s_frexp.c.obj                92      0         0      
       _ltoa.c.obj                  84      0         0      
       atoi.c.obj                   76      0         0      
       fd_toi_t2.asm.obj            72      0         0      
       autoinit.c.obj               68      0         0      
       i_tofd_t2.asm.obj            46      0         0      
       memmov.c.obj                 40      0         0      
       boot_cortex_m.c.obj          36      0         0      
       copy_zero_init.c.obj         28      0         0      
       memccpy.c.obj                28      0         0      
       strchr.c.obj                 22      0         0      
       strlen.c.obj                 20      0         0      
       wcslen.c.obj                 18      0         0      
       copy_decompress_none.c.obj   14      0         0      
       errno.c.obj                  8       0         4      
       s_copysign.c.obj             12      0         0      
       _lock.c.obj                  2       0         8      
       exit.c.obj                   4       0         0      
       pre_init.c.obj               4       0         0      
       div0.asm.obj                 2       0         0      
    +--+----------------------------+-------+---------+---------+
       Total:                       8563    257       20     
                                                             
       Heap:                        0       0         2048   
       Stack:                       0       0         2048   
       Linker Generated:            0       49        0      
    +--+----------------------------+-------+---------+---------+
       Grand Total:                 13353   1838      4322   


LINKER GENERATED COPY TABLES

__TI_cinit_table @ 20007b68 records: 2, size/record: 8, table size: 16
	.data: load addr=20007b40, load size=0000000d bytes, run addr=200178d0, run size=00000014 bytes, compression=lzss
	.bss: load addr=20007b60, load size=00000008 bytes, run addr=20017800, run size=000000ce bytes, compression=zero_init


LINKER GENERATED HANDLER TABLE

__TI_handler_table @ 20007b50 records: 3, size/record: 4, table size: 12
	index: 0, handler: __TI_decompress_lzss
	index: 1, handler: __TI_decompress_none
	index: 2, handler: __TI_zero_init


GLOBAL SYMBOLS: SORTED ALPHABETICALLY BY Name 

address   name                          
-------   ----                          
2000783b  C$$EXIT                       
200077a1  CPUcpsie                      
2000521d  ClearTerm                     
20005227  Error                         
2000525f  GetCmd                        
200051dd  InitTerm                      
200066f9  IntEnable                     
20007817  IntMasterEnable               
20007591  IntRegister                   
200077b5  IntVTableBaseSet              
20004ec1  MasterMain                    
200051fb  Message                       
20005a45  PRCMCC3200MCUInit             
20007749  PRCMHIBRegRead                
2000775f  PRCMHIBRegWrite               
200074ad  PRCMPeripheralClkDisable      
20007389  PRCMPeripheralClkEnable       
20006975  PRCMPeripheralClockGet        
20006f35  PRCMPeripheralReset           
20007455  PRCMSysResetCauseGet          
20006a09  PinConfigSet                  
200072c9  PinModeSet                    
20007285  PinMuxConfig                  
2000769d  PinTypeSPI                    
200076b7  PinTypeUART                   
2000539d  Report                        
200077fd  ResetISR                      
200076d1  SPICSDisable                  
200076e9  SPICSEnable                   
200067a1  SPIConfigSetExpClk            
200075b1  SPIDataGet                    
20007481  SPIDataGetNonBlocking         
200075d1  SPIDataPut                    
20007701  SPIEnable                     
2000716d  SPIIntClear                   
20007089  SPIIntEnable                  
200075ef  SPIIntRegister                
20006c25  SPIIntStatus                  
2000756d  SPIReset                      
20006a91  SPITransfer                   
20004f7f  SlaveMain                     
20005305  TrimSpace                     
20007775  UARTCharGet                   
2000762b  UARTCharGetNonBlocking        
2000760d  UARTCharPut                   
20007719  UARTCharsAvail                
20006d1b  UARTConfigSetExpClk           
200073c5  UARTDisable                   
20007525  UARTEnable                    
20007831  UtilsDelay                    
20030000  __STACK_END                   
00000800  __STACK_SIZE                  
00000800  __SYSMEM_SIZE                 
20007b68  __TI_CINIT_Base               
20007b78  __TI_CINIT_Limit              
20007b50  __TI_Handler_Table_Base       
20007b5c  __TI_Handler_Table_Limit      
20007241  __TI_auto_init_nobinit_nopinit
20006e6f  __TI_decompress_lzss          
200077ef  __TI_decompress_none          
20006fe3  __TI_ltoa                     
ffffffff  __TI_pprof_out_hndl           
20004401  __TI_printfi                  
ffffffff  __TI_prof_data_size           
ffffffff  __TI_prof_data_start          
20007b40  __TI_static_base__            
20007647  __TI_zero_init_nomemset       
20006b19  __aeabi_cdcmpeq               
20006b19  __aeabi_cdcmple               
20006b9f  __aeabi_cdrcmple              
200071b5  __aeabi_d2iz                  
20005897  __aeabi_dadd                  
20005cf9  __aeabi_ddiv                  
20006059  __aeabi_dmul                  
2000588d  __aeabi_dsub                  
20007821  __aeabi_errno_addr            
20007425  __aeabi_i2d                   
20005a43  __aeabi_idiv0                 
20005a43  __aeabi_ldiv0                 
20006ca1  __aeabi_memclr                
20006ca1  __aeabi_memclr4               
20006ca1  __aeabi_memclr8               
20006841  __aeabi_memcpy                
20006841  __aeabi_memcpy4               
20006841  __aeabi_memcpy8               
20006ca3  __aeabi_memset                
20006ca3  __aeabi_memset4               
20006ca3  __aeabi_memset8               
200068dd  __aeabi_uldivmod              
ffffffff  __binit__                     
ffffffff  __c_args__                    
UNDEFED   __mpu_init                    
2002f800  __stack                       
20017000  __start___llvm_prf_cnts       
20017000  __stop___llvm_prf_cnts        
20007549  _c_int00_noargs               
20007840  _ctypes_                      
200178d0  _lock                         
20004e4f  _nop                          
20017000  _sys_memory                   
UNDEFED   _system_post_cinit            
20007837  _system_pre_init              
200178d4  _unlock                       
2000783b  abort                         
20005f51  aligned_alloc                 
20007121  atoi                          
ffffffff  binit                         
2000780b  copysign                      
2000780b  copysignl                     
200178e0  errno                         
20006155  free                          
20006ed9  frexp                         
20006ed9  frexpl                        
20004000  g_pfnVectors                  
200063ed  ldexp                         
200063ed  ldexpl                        
20004fef  main                          
20007829  malloc                        
20005f51  memalign                      
20007681  memccpy                       
20006841  memcpy                        
200074fd  memmove                       
20006ca9  memset                        
20006239  realloc                       
200063ed  scalbn                        
200063ed  scalbnl                       
2000778b  strchr                        
200077c9  strlen                        
20007309  vsnprintf                     
200077dd  wcslen                        


GLOBAL SYMBOLS: SORTED BY Symbol Address 

address   name                          
-------   ----                          
00000800  __STACK_SIZE                  
00000800  __SYSMEM_SIZE                 
20004000  g_pfnVectors                  
20004401  __TI_printfi                  
20004e4f  _nop                          
20004ec1  MasterMain                    
20004f7f  SlaveMain                     
20004fef  main                          
200051dd  InitTerm                      
200051fb  Message                       
2000521d  ClearTerm                     
20005227  Error                         
2000525f  GetCmd                        
20005305  TrimSpace                     
2000539d  Report                        
2000588d  __aeabi_dsub                  
20005897  __aeabi_dadd                  
20005a43  __aeabi_idiv0                 
20005a43  __aeabi_ldiv0                 
20005a45  PRCMCC3200MCUInit             
20005cf9  __aeabi_ddiv                  
20005f51  aligned_alloc                 
20005f51  memalign                      
20006059  __aeabi_dmul                  
20006155  free                          
20006239  realloc                       
200063ed  ldexp                         
200063ed  ldexpl                        
200063ed  scalbn                        
200063ed  scalbnl                       
200066f9  IntEnable                     
200067a1  SPIConfigSetExpClk            
20006841  __aeabi_memcpy                
20006841  __aeabi_memcpy4               
20006841  __aeabi_memcpy8               
20006841  memcpy                        
200068dd  __aeabi_uldivmod              
20006975  PRCMPeripheralClockGet        
20006a09  PinConfigSet                  
20006a91  SPITransfer                   
20006b19  __aeabi_cdcmpeq               
20006b19  __aeabi_cdcmple               
20006b9f  __aeabi_cdrcmple              
20006c25  SPIIntStatus                  
20006ca1  __aeabi_memclr                
20006ca1  __aeabi_memclr4               
20006ca1  __aeabi_memclr8               
20006ca3  __aeabi_memset                
20006ca3  __aeabi_memset4               
20006ca3  __aeabi_memset8               
20006ca9  memset                        
20006d1b  UARTConfigSetExpClk           
20006e6f  __TI_decompress_lzss          
20006ed9  frexp                         
20006ed9  frexpl                        
20006f35  PRCMPeripheralReset           
20006fe3  __TI_ltoa                     
20007089  SPIIntEnable                  
20007121  atoi                          
2000716d  SPIIntClear                   
200071b5  __aeabi_d2iz                  
20007241  __TI_auto_init_nobinit_nopinit
20007285  PinMuxConfig                  
200072c9  PinModeSet                    
20007309  vsnprintf                     
20007389  PRCMPeripheralClkEnable       
200073c5  UARTDisable                   
20007425  __aeabi_i2d                   
20007455  PRCMSysResetCauseGet          
20007481  SPIDataGetNonBlocking         
200074ad  PRCMPeripheralClkDisable      
200074fd  memmove                       
20007525  UARTEnable                    
20007549  _c_int00_noargs               
2000756d  SPIReset                      
20007591  IntRegister                   
200075b1  SPIDataGet                    
200075d1  SPIDataPut                    
200075ef  SPIIntRegister                
2000760d  UARTCharPut                   
2000762b  UARTCharGetNonBlocking        
20007647  __TI_zero_init_nomemset       
20007681  memccpy                       
2000769d  PinTypeSPI                    
200076b7  PinTypeUART                   
200076d1  SPICSDisable                  
200076e9  SPICSEnable                   
20007701  SPIEnable                     
20007719  UARTCharsAvail                
20007749  PRCMHIBRegRead                
2000775f  PRCMHIBRegWrite               
20007775  UARTCharGet                   
2000778b  strchr                        
200077a1  CPUcpsie                      
200077b5  IntVTableBaseSet              
200077c9  strlen                        
200077dd  wcslen                        
200077ef  __TI_decompress_none          
200077fd  ResetISR                      
2000780b  copysign                      
2000780b  copysignl                     
20007817  IntMasterEnable               
20007821  __aeabi_errno_addr            
20007829  malloc                        
20007831  UtilsDelay                    
20007837  _system_pre_init              
2000783b  C$$EXIT                       
2000783b  abort                         
20007840  _ctypes_                      
20007b40  __TI_static_base__            
20007b50  __TI_Handler_Table_Base       
20007b5c  __TI_Handler_Table_Limit      
20007b68  __TI_CINIT_Base               
20007b78  __TI_CINIT_Limit              
20017000  __start___llvm_prf_cnts       
20017000  __stop___llvm_prf_cnts        
20017000  _sys_memory                   
200178d0  _lock                         
200178d4  _unlock                       
200178e0  errno                         
2002f800  __stack                       
20030000  __STACK_END                   
ffffffff  __TI_pprof_out_hndl           
ffffffff  __TI_prof_data_size           
ffffffff  __TI_prof_data_start          
ffffffff  __binit__                     
ffffffff  __c_args__                    
ffffffff  binit                         
UNDEFED   __mpu_init                    
UNDEFED   _system_post_cinit            

[130 symbols]
