******************************************************************************
                  TI ARM Linker PC v20.2.0                     
******************************************************************************
>> Linked Tue May 23 15:46:53 2023

OUTPUT FILE NAME:   <IR_Decode.out>
ENTRY POINT SYMBOL: "_c_int00_noargs"  address: 20008771


MEMORY CONFIGURATION

         name            origin    length      used     unused   attr    fill
----------------------  --------  ---------  --------  --------  ----  --------
  SRAM_CODE             20004000   00019000  0000541a  00013be6  RW X
  SRAM_DATA             2001d000   00023000  0000114c  00021eb4  RW X


SEGMENT ALLOCATION MAP

run origin  load origin   length   init length attrs members
----------  ----------- ---------- ----------- ----- -------
20004000    20004000    00005420   00005420    r-x
  20004000    20004000    00000400   00000400    r-- .intvecs
  20004400    20004400    000047ce   000047ce    r-x .text
  20008bd0    20008bd0    000007cc   000007cc    r-- .const
  200093a0    200093a0    00000080   00000080    r-- .cinit
2001d000    2001d000    00000950   00000000    rw-
  2001d000    2001d000    00000800   00000000    rw- .sysmem
  2001d800    2001d800    000000c4   00000000    rw- .bss
  2001d8c8    2001d8c8    00000088   00000000    rw- .data
2003f800    2003f800    00000800   00000000    rw-
  2003f800    2003f800    00000800   00000000    rw- .stack


SECTION ALLOCATION MAP

 output                                  attributes/
section   page    origin      length       input sections
--------  ----  ----------  ----------   ----------------
.intvecs   0    20004000    00000400     
                  20004000    00000400     startup_ccs.obj (.intvecs)

.init_array 
*          0    20004000    00000000     UNINITIALIZED

.text      0    20004400    000047ce     
                  20004400    00000a80     Adafruit_GFX.obj (.text)
                  20004e80    00000a4e     rtsv7M4_T_le_eabi.lib : _printfi.c.obj (.text:__TI_printfi)
                  200058ce    00000002                           : _lock.c.obj (.text:_nop)
                  200058d0    000008d0     main.obj (.text)
                  200061a0    000004a6     Adafruit_OLED.obj (.text)
                  20006646    00000002     rtsv7M4_T_le_eabi.lib : div0.asm.obj (.text)
                  20006648    0000027c     uart_if.obj (.text)
                  200068c4    00000268     rtsv7M4_T_le_eabi.lib : _printfi.c.obj (.text:_pconv_a)
                  20006b2c    000001cc                           : _printfi.c.obj (.text:_pconv_g)
                  20006cf8    000001b6                           : fd_add_t2.asm.obj (.text)
                  20006eae    00000002     --HOLE-- [fill = 0]
                  20006eb0    00000178     driverlib.a : prcm.obj (.text:PRCMCC3200MCUInit)
                  20007028    0000013c     rtsv7M4_T_le_eabi.lib : _printfi.c.obj (.text:_pconv_e)
                  20007164    00000136                           : fd_div_t2.asm.obj (.text)
                  2000729a    00000002     --HOLE-- [fill = 0]
                  2000729c    00000134     pin_mux_config.obj (.text)
                  200073d0    00000120     rtsv7M4_T_le_eabi.lib : _printfi.c.obj (.text:fcvt)
                  200074f0    00000108                           : memory.c.obj (.text:aligned_alloc)
                  200075f8    000000fc                           : fd_mul_t2.asm.obj (.text)
                  200076f4    000000e4                           : memory.c.obj (.text:free)
                  200077d8    000000e4                           : memory.c.obj (.text:realloc)
                  200078bc    000000d0                           : s_scalbn.c.obj (.text:scalbn)
                  2000798c    000000b1                           : _printfi.c.obj (.text:_ltostr)
                  20007a3d    00000003     --HOLE-- [fill = 0]
                  20007a40    000000a8     driverlib.a : interrupt.obj (.text:IntEnable)
                  20007ae8    000000a0                 : spi.obj (.text:SPIConfigSetExpClk)
                  20007b88    0000009c     rtsv7M4_T_le_eabi.lib : memcpy_t2.asm.obj (.text)
                  20007c24    00000096                           : ull_div_t2.asm.obj (.text)
                  20007cba    00000002     --HOLE-- [fill = 0]
                  20007cbc    00000094     driverlib.a : prcm.obj (.text:PRCMPeripheralClockGet)
                  20007d50    00000088                 : pin.obj (.text:PinConfigSet)
                  20007dd8    00000086     rtsv7M4_T_le_eabi.lib : fd_cmp_t2.asm.obj (.text:__aeabi_cdcmple)
                  20007e5e    00000086                           : fd_cmp_t2.asm.obj (.text:__aeabi_cdrcmple)
                  20007ee4    00000082     driverlib.a : gpio.obj (.text:GPIOIntTypeSet)
                  20007f66    0000007a     rtsv7M4_T_le_eabi.lib : memset_t2.asm.obj (.text)
                  20007fe0    00000076     driverlib.a : uart.obj (.text:UARTConfigSetExpClk)
                  20008056    00000002     --HOLE-- [fill = 0]
                  20008058    00000070     rtsv7M4_T_le_eabi.lib : memory.c.obj (.text:split)
                  200080c8    0000006e                           : _printfi.c.obj (.text:_mcpy)
                  20008136    00000068                           : copy_decompress_lzss.c.obj (.text:decompress:lzss:__TI_decompress_lzss)
                  2000819e    00000002     --HOLE-- [fill = 0]
                  200081a0    0000005c                           : s_frexp.c.obj (.text:frexp)
                  200081fc    00000058     driverlib.a : prcm.obj (.text:PRCMPeripheralReset)
                  20008254    00000056     rtsv7M4_T_le_eabi.lib : _printfi.c.obj (.text:_pconv_f)
                  200082aa    00000054                           : _ltoa.c.obj (.text:__TI_ltoa)
                  200082fe    00000052                           : _printfi.c.obj (.text:_ecpy)
                  20008350    0000004c                           : atoi.c.obj (.text:atoi)
                  2000839c    00000048     driverlib.a : gpio.obj (.text:GPIOGetIntNumber)
                  200083e4    00000048     rtsv7M4_T_le_eabi.lib : fd_toi_t2.asm.obj (.text)
                  2000842c    00000044     driverlib.a : uart.obj (.text:UARTIntNumberGet)
                  20008470    00000044     rtsv7M4_T_le_eabi.lib : autoinit.c.obj (.text:__TI_auto_init_nobinit_nopinit:__TI_auto_init_nobinit_nopinit)
                  200084b4    00000040     driverlib.a : pin.obj (.text:PinModeSet)
                  200084f4    00000040     rtsv7M4_T_le_eabi.lib : vsnprintf.c.obj (.text:vsnprintf)
                  20008534    0000003e                           : _printfi.c.obj (.text:_fcpy)
                  20008572    00000002     --HOLE-- [fill = 0]
                  20008574    0000003c     driverlib.a : prcm.obj (.text:PRCMPeripheralClkEnable)
                  200085b0    00000036                 : gpio.obj (.text:GPIODirModeSet)
                  200085e6    00000030                 : pin.obj (.text:PinTypeGPIO)
                  20008616    00000002     --HOLE-- [fill = 0]
                  20008618    00000030                 : uart.obj (.text:UARTDisable)
                  20008648    00000030     rtsv7M4_T_le_eabi.lib : vsnprintf.c.obj (.text:_outs)
                  20008678    0000002e                           : i_tofd_t2.asm.obj (.text)
                  200086a6    00000002     --HOLE-- [fill = 0]
                  200086a8    0000002c     driverlib.a : prcm.obj (.text:PRCMSysResetCauseGet)
                  200086d4    00000028                 : prcm.obj (.text:PRCMPeripheralClkDisable)
                  200086fc    00000028     rtsv7M4_T_le_eabi.lib : memory.c.obj (.text:free_list_insert)
                  20008724    00000028                           : memmov.c.obj (.text:memmove)
                  2000874c    00000024     driverlib.a : uart.obj (.text:UARTEnable)
                  20008770    00000024     rtsv7M4_T_le_eabi.lib : boot_cortex_m.c.obj (.text:_c_int00_noargs:_c_int00_noargs)
                  20008794    00000022     driverlib.a : gpio.obj (.text:GPIOIntStatus)
                  200087b6    00000022                 : spi.obj (.text:SPIReset)
                  200087d8    00000020                 : gpio.obj (.text:GPIOPinWrite)
                  200087f8    00000020                 : interrupt.obj (.text:IntRegister)
                  20008818    00000020                 : spi.obj (.text:SPIDataGet)
                  20008838    0000001e                 : gpio.obj (.text:GPIOIntRegister)
                  20008856    0000001e                 : spi.obj (.text:SPIDataPut)
                  20008874    0000001e                 : uart.obj (.text:UARTCharPut)
                  20008892    0000001e                 : uart.obj (.text:UARTIntRegister)
                  200088b0    0000001e                 : uart.obj (.text:UARTIntStatus)
                  200088ce    00000002     --HOLE-- [fill = 0]
                  200088d0    0000001c                 : systick.obj (.text:SysTickIntRegister)
                  200088ec    0000001c                 : uart.obj (.text:UARTCharGetNonBlocking)
                  20008908    0000001c     rtsv7M4_T_le_eabi.lib : copy_zero_init.c.obj (.text:decompress:ZI:__TI_zero_init_nomemset:__TI_zero_init_nomemset)
                  20008924    0000001c                           : memory.c.obj (.text:free_list_remove)
                  20008940    0000001c                           : memccpy.c.obj (.text:memccpy)
                  2000895c    0000001a     driverlib.a : gpio.obj (.text:GPIOIntEnable)
                  20008976    0000001a                 : pin.obj (.text:PinTypeSPI)
                  20008990    0000001a                 : pin.obj (.text:PinTypeUART)
                  200089aa    00000018                 : spi.obj (.text:SPICSDisable)
                  200089c2    00000018                 : spi.obj (.text:SPICSEnable)
                  200089da    00000018                 : spi.obj (.text:SPIEnable)
                  200089f2    00000002     --HOLE-- [fill = 0]
                  200089f4    00000018                 : systick.obj (.text:SysTickPeriodSet)
                  20008a0c    00000018                 : uart.obj (.text:UARTCharsAvail)
                  20008a24    00000018                 : uart.obj (.text:UARTFIFOLevelSet)
                  20008a3c    00000018                 : uart.obj (.text:UARTIntEnable)
                  20008a54    00000018     rtsv7M4_T_le_eabi.lib : vsnprintf.c.obj (.text:_outc)
                  20008a6c    00000018                           : ll_mul_t2.asm.obj (.text)
                  20008a84    00000016     driverlib.a : prcm.obj (.text:PRCMHIBRegRead)
                  20008a9a    00000016                 : prcm.obj (.text:PRCMHIBRegWrite)
                  20008ab0    00000016                 : uart.obj (.text:UARTFIFODisable)
                  20008ac6    00000016     rtsv7M4_T_le_eabi.lib : strchr.c.obj (.text:strchr)
                  20008adc    00000014     driverlib.a : cpu.obj (.text:CPUcpsie)
                  20008af0    00000014                 : gpio.obj (.text:GPIOIntClear)
                  20008b04    00000014                 : interrupt.obj (.text:IntVTableBaseSet)
                  20008b18    00000014     rtsv7M4_T_le_eabi.lib : strlen.c.obj (.text:strlen)
                  20008b2c    00000012     driverlib.a : uart.obj (.text:UARTIntClear)
                  20008b3e    00000012     rtsv7M4_T_le_eabi.lib : wcslen.c.obj (.text:wcslen)
                  20008b50    00000010     driverlib.a : systick.obj (.text:SysTickEnable)
                  20008b60    00000010                 : systick.obj (.text:SysTickIntEnable)
                  20008b70    0000000e     rtsv7M4_T_le_eabi.lib : copy_decompress_none.c.obj (.text:decompress:none:__TI_decompress_none)
                  20008b7e    0000000e     startup_ccs.obj (.text)
                  20008b8c    0000000c     driverlib.a : systick.obj (.text:SysTickValueGet)
                  20008b98    0000000c     rtsv7M4_T_le_eabi.lib : s_copysign.c.obj (.text:copysign)
                  20008ba4    0000000a     driverlib.a : interrupt.obj (.text:IntMasterEnable)
                  20008bae    00000002     --HOLE-- [fill = 0]
                  20008bb0    00000008     rtsv7M4_T_le_eabi.lib : errno.c.obj (.text:__aeabi_errno_addr)
                  20008bb8    00000008                           : memory.c.obj (.text:malloc)
                  20008bc0    00000006     driverlib.a : utils.obj (.text:UtilsDelay)
                  20008bc6    00000004     rtsv7M4_T_le_eabi.lib : pre_init.c.obj (.text:_system_pre_init)
                  20008bca    00000004                           : exit.c.obj (.text:abort:abort)

.const     0    20008bd0    000007cc     
                  20008bd0    000004fb     Adafruit_GFX.obj (.const:.string:font)
                  200090cb    00000101     rtsv7M4_T_le_eabi.lib : ctype.c.obj (.const:.string:_ctypes_)
                  200091cc    00000100     driverlib.a : pin.obj (.const:g_ulPinToPadMap)
                  200092cc    000000a8                 : prcm.obj (.const:PRCM_PeriphRegsList)
                  20009374    00000018                 : interrupt.obj (.const:g_pulEnRegs)
                  2000938c    00000010                 : uart.obj (.const:g_ppulUARTIntMap)

.cinit     0    200093a0    00000080     
                  200093a0    00000056     (.cinit..data.load) [load image, compression = lzss]
                  200093f6    00000002     --HOLE-- [fill = 0]
                  200093f8    0000000c     (__TI_handler_table)
                  20009404    00000004     --HOLE-- [fill = 0]
                  20009408    00000008     (.cinit..bss.load) [load image, compression = zero_init]
                  20009410    00000010     (__TI_cinit_table)

.sysmem    0    2001d000    00000800     UNINITIALIZED
                  2001d000    00000010     rtsv7M4_T_le_eabi.lib : memory.c.obj (.sysmem)
                  2001d010    000007f0     --HOLE--

.bss       0    2001d800    000000c4     UNINITIALIZED
                  2001d800    00000054     (.common:TextRx)
                  2001d854    00000054     (.common:TextTx)
                  2001d8a8    00000004     uart_if.obj (.bss)
                  2001d8ac    00000004     (.common:P2_intcount)
                  2001d8b0    00000004     (.common:P59_intcount)
                  2001d8b4    00000004     (.common:message)
                  2001d8b8    00000004     (.common:prev_message)
                  2001d8bc    00000004     (.common:start_int)
                  2001d8c0    00000001     (.common:P2_intstatus)
                  2001d8c1    00000001     (.common:P59_intstatus)
                  2001d8c2    00000001     (.common:character)
                  2001d8c3    00000001     (.common:prev_char)

.data      0    2001d8c8    00000088     UNINITIALIZED
                  2001d8c8    00000028     main.obj (.data)
                  2001d8f0    0000001c     main.obj (.data:colors)
                  2001d90c    00000015     Adafruit_GFX.obj (.data)
                  2001d921    00000012     main.obj (.data:letters3)
                  2001d933    00000001     --HOLE--
                  2001d934    00000008     rtsv7M4_T_le_eabi.lib : _lock.c.obj (.data:$O1$$)
                  2001d93c    00000008                           : memory.c.obj (.data:$O1$$)
                  2001d944    00000008     main.obj (.data:letters4)
                  2001d94c    00000004     rtsv7M4_T_le_eabi.lib : errno.c.obj (.data)

.stack     0    2003f800    00000800     UNINITIALIZED
                  2003f800    00000004     rtsv7M4_T_le_eabi.lib : boot_cortex_m.c.obj (.stack)
                  2003f804    000007fc     --HOLE--

__llvm_prf_cnts 
*          0    2001d000    00000000     UNINITIALIZED

MODULE SUMMARY

       Module                       code    ro data   rw data
       ------                       ----    -------   -------
    .\
       Adafruit_GFX.obj             2688    1275      21     
       main.obj                     2256    0         286    
       Adafruit_OLED.obj            1190    0         0      
       startup_ccs.obj              14      1024      0      
       uart_if.obj                  636     0         4      
       pin_mux_config.obj           308     0         0      
    +--+----------------------------+-------+---------+---------+
       Total:                       7092    2299      311    
                                                             
    C:/ti/CC3200SDK_1.5.0/cc3200-sdk/driverlib/ccs/Release/driverlib.a
       prcm.obj                     800     168       0      
       pin.obj                      300     256       0      
       uart.obj                     500     16        0      
       gpio.obj                     398     0         0      
       spi.obj                      328     0         0      
       interrupt.obj                230     24        0      
       systick.obj                  96      0         0      
       cpu.obj                      20      0         0      
       utils.obj                    6       0         0      
    +--+----------------------------+-------+---------+---------+
       Total:                       2678    464       0      
                                                             
    C:\ti\ccs1000\ccs\tools\compiler\ti-cgt-arm_20.2.0.LTS\lib\rtsv7M4_T_le_eabi.lib
       _printfi.c.obj               4835    0         0      
       memory.c.obj                 908     0         8      
       fd_add_t2.asm.obj            438     0         0      
       fd_div_t2.asm.obj            310     0         0      
       fd_cmp_t2.asm.obj            268     0         0      
       ctype.c.obj                  0       257       0      
       fd_mul_t2.asm.obj            252     0         0      
       s_scalbn.c.obj               208     0         0      
       memcpy_t2.asm.obj            156     0         0      
       ull_div_t2.asm.obj           150     0         0      
       vsnprintf.c.obj              136     0         0      
       memset_t2.asm.obj            122     0         0      
       copy_decompress_lzss.c.obj   104     0         0      
       s_frexp.c.obj                92      0         0      
       _ltoa.c.obj                  84      0         0      
       atoi.c.obj                   76      0         0      
       fd_toi_t2.asm.obj            72      0         0      
       autoinit.c.obj               68      0         0      
       i_tofd_t2.asm.obj            46      0         0      
       memmov.c.obj                 40      0         0      
       boot_cortex_m.c.obj          36      0         0      
       copy_zero_init.c.obj         28      0         0      
       memccpy.c.obj                28      0         0      
       ll_mul_t2.asm.obj            24      0         0      
       strchr.c.obj                 22      0         0      
       strlen.c.obj                 20      0         0      
       wcslen.c.obj                 18      0         0      
       copy_decompress_none.c.obj   14      0         0      
       errno.c.obj                  8       0         4      
       s_copysign.c.obj             12      0         0      
       _lock.c.obj                  2       0         8      
       exit.c.obj                   4       0         0      
       pre_init.c.obj               4       0         0      
       div0.asm.obj                 2       0         0      
    +--+----------------------------+-------+---------+---------+
       Total:                       8587    257       20     
                                                             
       Heap:                        0       0         2048   
       Stack:                       0       0         2048   
       Linker Generated:            0       122       0      
    +--+----------------------------+-------+---------+---------+
       Grand Total:                 18357   3142      4427   


LINKER GENERATED COPY TABLES

__TI_cinit_table @ 20009410 records: 2, size/record: 8, table size: 16
	.data: load addr=200093a0, load size=00000056 bytes, run addr=2001d8c8, run size=00000088 bytes, compression=lzss
	.bss: load addr=20009408, load size=00000008 bytes, run addr=2001d800, run size=000000c4 bytes, compression=zero_init


LINKER GENERATED HANDLER TABLE

__TI_handler_table @ 200093f8 records: 3, size/record: 4, table size: 12
	index: 0, handler: __TI_decompress_lzss
	index: 1, handler: __TI_decompress_none
	index: 2, handler: __TI_zero_init


GLOBAL SYMBOLS: SORTED ALPHABETICALLY BY Name 

address   name                          
-------   ----                          
20006229  Adafruit_Init                 
20008bcb  C$$EXIT                       
20008add  CPUcpsie                      
20006689  ClearTerm                     
2000639f  Color565                      
20006693  Error                         
200085b1  GPIODirModeSet                
20008af1  GPIOIntClear                  
2000895d  GPIOIntEnable                 
20008839  GPIOIntRegister               
20008795  GPIOIntStatus                 
20007ee5  GPIOIntTypeSet                
200087d9  GPIOPinWrite                  
200066cb  GetCmd                        
20006649  InitTerm                      
20007a41  IntEnable                     
20008ba5  IntMasterEnable               
200087f9  IntRegister                   
20008b05  IntVTableBaseSet              
20006667  Message                       
20004dab  Outstr                        
2001d8ac  P2_intcount                   
2001d8c0  P2_intstatus                  
2001d8b0  P59_intcount                  
2001d8c1  P59_intstatus                 
20006eb1  PRCMCC3200MCUInit             
20008a85  PRCMHIBRegRead                
20008a9b  PRCMHIBRegWrite               
200086d5  PRCMPeripheralClkDisable      
20008575  PRCMPeripheralClkEnable       
20007cbd  PRCMPeripheralClockGet        
200081fd  PRCMPeripheralReset           
200086a9  PRCMSysResetCauseGet          
20007d51  PinConfigSet                  
200084b5  PinModeSet                    
2000729d  PinMuxConfig                  
200085e7  PinTypeGPIO                   
20008977  PinTypeSPI                    
20008991  PinTypeUART                   
20006809  Report                        
20008b7f  ResetISR                      
200089ab  SPICSDisable                  
200089c3  SPICSEnable                   
20007ae9  SPIConfigSetExpClk            
20008819  SPIDataGet                    
20008857  SPIDataPut                    
200089db  SPIEnable                     
200087b7  SPIReset                      
20008b51  SysTickEnable                 
20008b61  SysTickIntEnable              
200088d1  SysTickIntRegister            
200089f5  SysTickPeriodSet              
20008b8d  SysTickValueGet               
2001d800  TextRx                        
2001d8cc  TextRxLength                  
2001d854  TextTx                        
2001d8d0  TextTxLength                  
20006771  TrimSpace                     
200088ed  UARTCharGetNonBlocking        
20008875  UARTCharPut                   
20008a0d  UARTCharsAvail                
20007fe1  UARTConfigSetExpClk           
20008619  UARTDisable                   
2000874d  UARTEnable                    
20008ab1  UARTFIFODisable               
20008a25  UARTFIFOLevelSet              
20008b2d  UARTIntClear                  
20008a3d  UARTIntEnable                 
20008893  UARTIntRegister               
200088b1  UARTIntStatus                 
20008bc1  UtilsDelay                    
20040000  __STACK_END                   
00000800  __STACK_SIZE                  
00000800  __SYSMEM_SIZE                 
20009410  __TI_CINIT_Base               
20009420  __TI_CINIT_Limit              
200093f8  __TI_Handler_Table_Base       
20009404  __TI_Handler_Table_Limit      
20008471  __TI_auto_init_nobinit_nopinit
20008137  __TI_decompress_lzss          
20008b71  __TI_decompress_none          
200082ab  __TI_ltoa                     
ffffffff  __TI_pprof_out_hndl           
20004e81  __TI_printfi                  
ffffffff  __TI_prof_data_size           
ffffffff  __TI_prof_data_start          
200093a0  __TI_static_base__            
20008909  __TI_zero_init_nomemset       
20007dd9  __aeabi_cdcmpeq               
20007dd9  __aeabi_cdcmple               
20007e5f  __aeabi_cdrcmple              
200083e5  __aeabi_d2iz                  
20006d03  __aeabi_dadd                  
20007165  __aeabi_ddiv                  
200075f9  __aeabi_dmul                  
20006cf9  __aeabi_dsub                  
20008bb1  __aeabi_errno_addr            
20008679  __aeabi_i2d                   
20006647  __aeabi_idiv0                 
20006647  __aeabi_ldiv0                 
20008a6d  __aeabi_lmul                  
20007f67  __aeabi_memclr                
20007f67  __aeabi_memclr4               
20007f67  __aeabi_memclr8               
20007b89  __aeabi_memcpy                
20007b89  __aeabi_memcpy4               
20007b89  __aeabi_memcpy8               
20007f69  __aeabi_memset                
20007f69  __aeabi_memset4               
20007f69  __aeabi_memset8               
20007c25  __aeabi_uldivmod              
ffffffff  __binit__                     
ffffffff  __c_args__                    
UNDEFED   __mpu_init                    
2003f800  __stack                       
2001d000  __start___llvm_prf_cnts       
2001d000  __stop___llvm_prf_cnts        
20008771  _c_int00_noargs               
200090cb  _ctypes_                      
2001d934  _lock                         
200058cf  _nop                          
2001d000  _sys_memory                   
UNDEFED   _system_post_cinit            
20008bc7  _system_pre_init              
2001d938  _unlock                       
20008bcb  abort                         
200074f1  aligned_alloc                 
20008351  atoi                          
ffffffff  binit                         
2001d8c2  character                     
2001d8f0  colors                        
20008b99  copysign                      
20008b99  copysignl                     
2001d90c  cursor_x                      
2001d910  cursor_y                      
2001d8d8  delta                         
2001d8e0  delta_us                      
20004c5f  drawChar                      
20004401  drawCircle                    
20004535  drawCircleHelper              
20006551  drawFastHLine                 
200064b5  drawFastVLine                 
2000477b  drawLine                      
200065ed  drawPixel                     
20004867  drawRect                      
200048b5  drawRoundRect                 
20004a1d  drawTriangle                  
2001d94c  errno                         
20004653  fillCircle                    
2000468d  fillCircleHelper              
200063f7  fillRect                      
200049a3  fillRoundRect                 
200063e1  fillScreen                    
20004a5f  fillTriangle                  
2001d8ec  font_count                    
200076f5  free                          
200081a1  frexp                         
200081a1  frexpl                        
20004000  g_pfnVectors                  
2000635b  goTo                          
20004e5f  height                        
2001d8d4  i                             
2000662b  invert                        
200078bd  ldexp                         
200078bd  ldexpl                        
2001d921  letters3                      
2001d944  letters4                      
20005a11  main                          
20008bb9  malloc                        
200074f1  memalign                      
20008941  memccpy                       
20007b89  memcpy                        
20008725  memmove                       
20007f6f  memset                        
2001d8b4  message                       
2001d8c3  prev_char                     
2001d8b8  prev_message                  
200077d9  realloc                       
2001d8e8  repetitions                   
200078bd  scalbn                        
200078bd  scalbnl                       
20004df7  setCursor                     
20004e2f  setTextColor                  
20004e0f  setTextSize                   
20004e47  setTextWrap                   
2001d8bc  start_int                     
20008ac7  strchr                        
20008b19  strlen                        
2001d8c8  systick_cnt                   
2001d91c  textbgcolor                   
2001d918  textcolor                     
2001d914  textsize                      
200084f5  vsnprintf                     
20008b3f  wcslen                        
20004e5b  width                         
2001d920  wrap                          
200061a1  writeCommand                  
200061e5  writeData                     


GLOBAL SYMBOLS: SORTED BY Symbol Address 

address   name                          
-------   ----                          
00000800  __STACK_SIZE                  
00000800  __SYSMEM_SIZE                 
20004000  g_pfnVectors                  
20004401  drawCircle                    
20004535  drawCircleHelper              
20004653  fillCircle                    
2000468d  fillCircleHelper              
2000477b  drawLine                      
20004867  drawRect                      
200048b5  drawRoundRect                 
200049a3  fillRoundRect                 
20004a1d  drawTriangle                  
20004a5f  fillTriangle                  
20004c5f  drawChar                      
20004dab  Outstr                        
20004df7  setCursor                     
20004e0f  setTextSize                   
20004e2f  setTextColor                  
20004e47  setTextWrap                   
20004e5b  width                         
20004e5f  height                        
20004e81  __TI_printfi                  
200058cf  _nop                          
20005a11  main                          
200061a1  writeCommand                  
200061e5  writeData                     
20006229  Adafruit_Init                 
2000635b  goTo                          
2000639f  Color565                      
200063e1  fillScreen                    
200063f7  fillRect                      
200064b5  drawFastVLine                 
20006551  drawFastHLine                 
200065ed  drawPixel                     
2000662b  invert                        
20006647  __aeabi_idiv0                 
20006647  __aeabi_ldiv0                 
20006649  InitTerm                      
20006667  Message                       
20006689  ClearTerm                     
20006693  Error                         
200066cb  GetCmd                        
20006771  TrimSpace                     
20006809  Report                        
20006cf9  __aeabi_dsub                  
20006d03  __aeabi_dadd                  
20006eb1  PRCMCC3200MCUInit             
20007165  __aeabi_ddiv                  
2000729d  PinMuxConfig                  
200074f1  aligned_alloc                 
200074f1  memalign                      
200075f9  __aeabi_dmul                  
200076f5  free                          
200077d9  realloc                       
200078bd  ldexp                         
200078bd  ldexpl                        
200078bd  scalbn                        
200078bd  scalbnl                       
20007a41  IntEnable                     
20007ae9  SPIConfigSetExpClk            
20007b89  __aeabi_memcpy                
20007b89  __aeabi_memcpy4               
20007b89  __aeabi_memcpy8               
20007b89  memcpy                        
20007c25  __aeabi_uldivmod              
20007cbd  PRCMPeripheralClockGet        
20007d51  PinConfigSet                  
20007dd9  __aeabi_cdcmpeq               
20007dd9  __aeabi_cdcmple               
20007e5f  __aeabi_cdrcmple              
20007ee5  GPIOIntTypeSet                
20007f67  __aeabi_memclr                
20007f67  __aeabi_memclr4               
20007f67  __aeabi_memclr8               
20007f69  __aeabi_memset                
20007f69  __aeabi_memset4               
20007f69  __aeabi_memset8               
20007f6f  memset                        
20007fe1  UARTConfigSetExpClk           
20008137  __TI_decompress_lzss          
200081a1  frexp                         
200081a1  frexpl                        
200081fd  PRCMPeripheralReset           
200082ab  __TI_ltoa                     
20008351  atoi                          
200083e5  __aeabi_d2iz                  
20008471  __TI_auto_init_nobinit_nopinit
200084b5  PinModeSet                    
200084f5  vsnprintf                     
20008575  PRCMPeripheralClkEnable       
200085b1  GPIODirModeSet                
200085e7  PinTypeGPIO                   
20008619  UARTDisable                   
20008679  __aeabi_i2d                   
200086a9  PRCMSysResetCauseGet          
200086d5  PRCMPeripheralClkDisable      
20008725  memmove                       
2000874d  UARTEnable                    
20008771  _c_int00_noargs               
20008795  GPIOIntStatus                 
200087b7  SPIReset                      
200087d9  GPIOPinWrite                  
200087f9  IntRegister                   
20008819  SPIDataGet                    
20008839  GPIOIntRegister               
20008857  SPIDataPut                    
20008875  UARTCharPut                   
20008893  UARTIntRegister               
200088b1  UARTIntStatus                 
200088d1  SysTickIntRegister            
200088ed  UARTCharGetNonBlocking        
20008909  __TI_zero_init_nomemset       
20008941  memccpy                       
2000895d  GPIOIntEnable                 
20008977  PinTypeSPI                    
20008991  PinTypeUART                   
200089ab  SPICSDisable                  
200089c3  SPICSEnable                   
200089db  SPIEnable                     
200089f5  SysTickPeriodSet              
20008a0d  UARTCharsAvail                
20008a25  UARTFIFOLevelSet              
20008a3d  UARTIntEnable                 
20008a6d  __aeabi_lmul                  
20008a85  PRCMHIBRegRead                
20008a9b  PRCMHIBRegWrite               
20008ab1  UARTFIFODisable               
20008ac7  strchr                        
20008add  CPUcpsie                      
20008af1  GPIOIntClear                  
20008b05  IntVTableBaseSet              
20008b19  strlen                        
20008b2d  UARTIntClear                  
20008b3f  wcslen                        
20008b51  SysTickEnable                 
20008b61  SysTickIntEnable              
20008b71  __TI_decompress_none          
20008b7f  ResetISR                      
20008b8d  SysTickValueGet               
20008b99  copysign                      
20008b99  copysignl                     
20008ba5  IntMasterEnable               
20008bb1  __aeabi_errno_addr            
20008bb9  malloc                        
20008bc1  UtilsDelay                    
20008bc7  _system_pre_init              
20008bcb  C$$EXIT                       
20008bcb  abort                         
200090cb  _ctypes_                      
200093a0  __TI_static_base__            
200093f8  __TI_Handler_Table_Base       
20009404  __TI_Handler_Table_Limit      
20009410  __TI_CINIT_Base               
20009420  __TI_CINIT_Limit              
2001d000  __start___llvm_prf_cnts       
2001d000  __stop___llvm_prf_cnts        
2001d000  _sys_memory                   
2001d800  TextRx                        
2001d854  TextTx                        
2001d8ac  P2_intcount                   
2001d8b0  P59_intcount                  
2001d8b4  message                       
2001d8b8  prev_message                  
2001d8bc  start_int                     
2001d8c0  P2_intstatus                  
2001d8c1  P59_intstatus                 
2001d8c2  character                     
2001d8c3  prev_char                     
2001d8c8  systick_cnt                   
2001d8cc  TextRxLength                  
2001d8d0  TextTxLength                  
2001d8d4  i                             
2001d8d8  delta                         
2001d8e0  delta_us                      
2001d8e8  repetitions                   
2001d8ec  font_count                    
2001d8f0  colors                        
2001d90c  cursor_x                      
2001d910  cursor_y                      
2001d914  textsize                      
2001d918  textcolor                     
2001d91c  textbgcolor                   
2001d920  wrap                          
2001d921  letters3                      
2001d934  _lock                         
2001d938  _unlock                       
2001d944  letters4                      
2001d94c  errno                         
2003f800  __stack                       
20040000  __STACK_END                   
ffffffff  __TI_pprof_out_hndl           
ffffffff  __TI_prof_data_size           
ffffffff  __TI_prof_data_start          
ffffffff  __binit__                     
ffffffff  __c_args__                    
ffffffff  binit                         
UNDEFED   __mpu_init                    
UNDEFED   _system_post_cinit            

[198 symbols]
