******************************************************************************
                  TI ARM Linker PC v20.2.0                     
******************************************************************************
>> Linked Tue May 16 21:02:21 2023

OUTPUT FILE NAME:   <DTMF.out>
ENTRY POINT SYMBOL: "_c_int00_noargs"  address: 20008209


MEMORY CONFIGURATION

         name            origin    length      used     unused   attr    fill
----------------------  --------  ---------  --------  --------  ----  --------
  SRAM_CODE             20004000   00019000  000049e2  0001461e  RW X
  SRAM_DATA             2001d000   00023000  00001a66  0002159a  RW X


SEGMENT ALLOCATION MAP

run origin  load origin   length   init length attrs members
----------  ----------- ---------- ----------- ----- -------
20004000    20004000    000049e8   000049e8    r-x
  20004000    20004000    00000400   00000400    r-- .intvecs
  20004400    20004400    00004162   00004162    r-x .text
  20008564    20008564    000003c0   000003c0    r-- .const
  20008928    20008928    000000c0   000000c0    r-- .cinit
2001d000    2001d000    0000126c   00000000    rw-
  2001d000    2001d000    0000085a   00000000    rw- .bss
  2001d860    2001d860    00000800   00000000    rw- .sysmem
  2001e060    2001e060    0000020c   00000000    rw- .data
2003f800    2003f800    00000800   00000000    rw-
  2003f800    2003f800    00000800   00000000    rw- .stack


SECTION ALLOCATION MAP

 output                                  attributes/
section   page    origin      length       input sections
--------  ----  ----------  ----------   ----------------
.intvecs   0    20004000    00000400     
                  20004000    00000400     startup_ccs.obj (.intvecs)

.init_array 
*          0    20004000    00000000     UNINITIALIZED

.text      0    20004400    00004162     
                  20004400    00000a4e     rtsv7M4_T_le_eabi.lib : _printfi.c.obj (.text:__TI_printfi)
                  20004e4e    00000002     driverlib.a : interrupt.obj (.text:IntDefaultHandler)
                  20004e50    000004a2     Adafruit_OLED.obj (.text)
                  200052f2    00000002     rtsv7M4_T_le_eabi.lib : _lock.c.obj (.text:_nop)
                  200052f4    00000390     main.obj (.text)
                  20005684    00000268     rtsv7M4_T_le_eabi.lib : _printfi.c.obj (.text:_pconv_a)
                  200058ec    000001cc                           : _printfi.c.obj (.text:_pconv_g)
                  20005ab8    000001b6                           : fd_add_t2.asm.obj (.text)
                  20005c6e    00000002                           : div0.asm.obj (.text)
                  20005c70    00000198     timer_if.obj (.text)
                  20005e08    00000178     driverlib.a : prcm.obj (.text:PRCMCC3200MCUInit)
                  20005f80    0000013c     rtsv7M4_T_le_eabi.lib : _printfi.c.obj (.text:_pconv_e)
                  200060bc    00000136                           : fd_div_t2.asm.obj (.text)
                  200061f2    00000002     --HOLE-- [fill = 0]
                  200061f4    00000120                           : _printfi.c.obj (.text:fcvt)
                  20006314    00000114                           : fputs.c.obj (.text:fputs)
                  20006428    00000114     pin_mux_config.obj (.text)
                  2000653c    00000108     rtsv7M4_T_le_eabi.lib : memory.c.obj (.text:aligned_alloc)
                  20006644    000000fc                           : fd_mul_t2.asm.obj (.text)
                  20006740    000000e4                           : memory.c.obj (.text:free)
                  20006824    000000dc                           : setvbuf.c.obj (.text:setvbuf)
                  20006900    000000d0     driverlib.a : spi.obj (.text:SPITransfer32)
                  200069d0    000000d0     rtsv7M4_T_le_eabi.lib : s_scalbn.c.obj (.text:scalbn)
                  20006aa0    000000ce     driverlib.a : spi.obj (.text:SPITransfer16)
                  20006b6e    000000b8                 : spi.obj (.text:SPITransfer8)
                  20006c26    00000002     --HOLE-- [fill = 0]
                  20006c28    000000b1     rtsv7M4_T_le_eabi.lib : _printfi.c.obj (.text:_ltostr)
                  20006cd9    00000003     --HOLE-- [fill = 0]
                  20006cdc    000000a8     driverlib.a : interrupt.obj (.text:IntDisable)
                  20006d84    000000a8                 : interrupt.obj (.text:IntEnable)
                  20006e2c    000000a0                 : spi.obj (.text:SPIConfigSetExpClk)
                  20006ecc    0000009c     rtsv7M4_T_le_eabi.lib : memcpy_t2.asm.obj (.text)
                  20006f68    00000096                           : ull_div_t2.asm.obj (.text)
                  20006ffe    00000002     --HOLE-- [fill = 0]
                  20007000    00000094     driverlib.a : prcm.obj (.text:PRCMPeripheralClockGet)
                  20007094    0000008c     rtsv7M4_T_le_eabi.lib : fputc.c.obj (.text:fputc)
                  20007120    00000088     driverlib.a : pin.obj (.text:PinConfigSet)
                  200071a8    00000088                 : spi.obj (.text:SPITransfer)
                  20007230    00000086     rtsv7M4_T_le_eabi.lib : fd_cmp_t2.asm.obj (.text:__aeabi_cdcmple)
                  200072b6    00000086                           : fd_cmp_t2.asm.obj (.text:__aeabi_cdrcmple)
                  2000733c    0000007a                           : memset_t2.asm.obj (.text)
                  200073b6    00000002     --HOLE-- [fill = 0]
                  200073b8    00000074                           : fclose.c.obj (.text:__TI_closefile)
                  2000742c    00000070     driverlib.a : timer.obj (.text:TimerIntRegister)
                  2000749c    00000070     rtsv7M4_T_le_eabi.lib : memory.c.obj (.text:split)
                  2000750c    0000006e                           : _printfi.c.obj (.text:_mcpy)
                  2000757a    00000002     --HOLE-- [fill = 0]
                  2000757c    0000006c                           : hostrename.c.obj (.text:HOSTrename)
                  200075e8    00000068                           : hostlseek.c.obj (.text:HOSTlseek)
                  20007650    00000068     driverlib.a : timer.obj (.text:TimerIntUnregister)
                  200076b8    00000068     rtsv7M4_T_le_eabi.lib : copy_decompress_lzss.c.obj (.text:decompress:lzss:__TI_decompress_lzss)
                  20007720    00000068                           : printf.c.obj (.text:printf)
                  20007788    00000064                           : fseek.c.obj (.text:fseek)
                  200077ec    00000062                           : _io_perm.c.obj (.text:__TI_wrt_ok)
                  2000784e    00000002     --HOLE-- [fill = 0]
                  20007850    00000060                           : hostopen.c.obj (.text:HOSTopen)
                  200078b0    0000005c                           : close.c.obj (.text:close)
                  2000790c    0000005c                           : s_frexp.c.obj (.text:frexp)
                  20007968    00000058                           : hostread.c.obj (.text:HOSTread)
                  200079c0    00000058                           : hostwrite.c.obj (.text:HOSTwrite)
                  20007a18    00000058     driverlib.a : prcm.obj (.text:PRCMPeripheralReset)
                  20007a70    00000056     rtsv7M4_T_le_eabi.lib : _printfi.c.obj (.text:_pconv_f)
                  20007ac6    00000002     --HOLE-- [fill = 0]
                  20007ac8    00000054     driverlib.a : interrupt.obj (.text:IntPrioritySet)
                  20007b1c    00000054     rtsv7M4_T_le_eabi.lib : _ltoa.c.obj (.text:__TI_ltoa)
                  20007b70    00000052                           : _printfi.c.obj (.text:_ecpy)
                  20007bc2    0000004c                           : fflush.c.obj (.text:__TI_doflush)
                  20007c0e    00000002     --HOLE-- [fill = 0]
                  20007c10    0000004c                           : atoi.c.obj (.text:atoi)
                  20007c5c    00000048                           : exit.c.obj (.text:exit)
                  20007ca4    00000048                           : fd_toi_t2.asm.obj (.text)
                  20007cec    00000044                           : hostclose.c.obj (.text:HOSTclose)
                  20007d30    00000044                           : hostunlink.c.obj (.text:HOSTunlink)
                  20007d74    00000044     driverlib.a : timer.obj (.text:TimerConfigure)
                  20007db8    00000044     rtsv7M4_T_le_eabi.lib : autoinit.c.obj (.text:__TI_auto_init_nobinit_nopinit:__TI_auto_init_nobinit_nopinit)
                  20007dfc    00000044                           : getdevice.c.obj (.text:getdevice)
                  20007e40    00000040     driverlib.a : pin.obj (.text:PinModeSet)
                  20007e80    0000003e     rtsv7M4_T_le_eabi.lib : _printfi.c.obj (.text:_fcpy)
                  20007ebe    00000002     --HOLE-- [fill = 0]
                  20007ec0    0000003c     driverlib.a : prcm.obj (.text:PRCMPeripheralClkEnable)
                  20007efc    00000038     rtsv7M4_T_le_eabi.lib : trgmsg.c.obj (.text:__TI_writemsg)
                  20007f34    00000036     driverlib.a : gpio.obj (.text:GPIODirModeSet)
                  20007f6a    00000036     rtsv7M4_T_le_eabi.lib : strncpy.c.obj (.text:strncpy)
                  20007fa0    00000034                           : fopen.c.obj (.text:__TI_cleanup)
                  20007fd4    00000034                           : trgmsg.c.obj (.text:__TI_readmsg)
                  20008008    00000030     driverlib.a : pin.obj (.text:PinTypeGPIO)
                  20008038    00000030     rtsv7M4_T_le_eabi.lib : getdevice.c.obj (.text:finddevice)
                  20008068    0000002e                           : i_tofd_t2.asm.obj (.text)
                  20008096    00000002     --HOLE-- [fill = 0]
                  20008098    0000002c     driverlib.a : prcm.obj (.text:PRCMSysResetCauseGet)
                  200080c4    0000002c     rtsv7M4_T_le_eabi.lib : unlink.c.obj (.text:unlink)
                  200080f0    0000002a     driverlib.a : timer.obj (.text:TimerLoadSet)
                  2000811a    0000002a                 : timer.obj (.text:TimerPrescaleSet)
                  20008144    00000028                 : prcm.obj (.text:PRCMPeripheralClkDisable)
                  2000816c    00000028     rtsv7M4_T_le_eabi.lib : memory.c.obj (.text:free_list_insert)
                  20008194    00000028                           : lseek.c.obj (.text:lseek)
                  200081bc    00000028                           : write.c.obj (.text:write)
                  200081e4    00000024     driverlib.a : interrupt.obj (.text:IntUnregister)
                  20008208    00000024     rtsv7M4_T_le_eabi.lib : boot_cortex_m.c.obj (.text:_c_int00_noargs:_c_int00_noargs)
                  2000822c    00000022     driverlib.a : spi.obj (.text:SPIReset)
                  2000824e    00000020                 : gpio.obj (.text:GPIOPinWrite)
                  2000826e    00000002     --HOLE-- [fill = 0]
                  20008270    00000020                 : interrupt.obj (.text:IntRegister)
                  20008290    00000020                 : spi.obj (.text:SPIDataGet)
                  200082b0    00000020     rtsv7M4_T_le_eabi.lib : memchr.c.obj (.text:memchr)
                  200082d0    0000001e     driverlib.a : spi.obj (.text:SPIDataPut)
                  200082ee    0000001e                 : timer.obj (.text:TimerDisable)
                  2000830c    0000001e                 : timer.obj (.text:TimerEnable)
                  2000832a    0000001e                 : timer.obj (.text:TimerIntStatus)
                  20008348    0000001c                 : timer.obj (.text:TimerValueGet)
                  20008364    0000001c     rtsv7M4_T_le_eabi.lib : memory.c.obj (.text:free_list_remove)
                  20008380    0000001c                           : memccpy.c.obj (.text:memccpy)
                  2000839c    0000001a     driverlib.a : pin.obj (.text:PinTypeSPI)
                  200083b6    00000018                 : spi.obj (.text:SPICSDisable)
                  200083ce    00000018                 : spi.obj (.text:SPICSEnable)
                  200083e6    00000018                 : spi.obj (.text:SPIEnable)
                  200083fe    00000018                 : timer.obj (.text:TimerIntDisable)
                  20008416    00000018                 : timer.obj (.text:TimerIntEnable)
                  2000842e    00000018     rtsv7M4_T_le_eabi.lib : strcmp.c.obj (.text:strcmp)
                  20008446    00000016     driverlib.a : prcm.obj (.text:PRCMHIBRegRead)
                  2000845c    00000016                 : prcm.obj (.text:PRCMHIBRegWrite)
                  20008472    00000016     rtsv7M4_T_le_eabi.lib : strchr.c.obj (.text:strchr)
                  20008488    00000014     driverlib.a : cpu.obj (.text:CPUcpsie)
                  2000849c    00000014                 : interrupt.obj (.text:IntVTableBaseSet)
                  200084b0    00000014     rtsv7M4_T_le_eabi.lib : strcpy.c.obj (.text:strcpy)
                  200084c4    00000014                           : strlen.c.obj (.text:strlen)
                  200084d8    00000012     driverlib.a : timer.obj (.text:TimerIntClear)
                  200084ea    00000012     rtsv7M4_T_le_eabi.lib : wcslen.c.obj (.text:wcslen)
                  200084fc    0000000e                           : copy_decompress_none.c.obj (.text:decompress:none:__TI_decompress_none)
                  2000850a    0000000e     startup_ccs.obj (.text)
                  20008518    0000000c     rtsv7M4_T_le_eabi.lib : s_copysign.c.obj (.text:copysign)
                  20008524    0000000c                           : copy_zero_init.c.obj (.text:decompress:ZI:__TI_zero_init)
                  20008530    0000000a     driverlib.a : interrupt.obj (.text:IntMasterEnable)
                  2000853a    00000002     --HOLE-- [fill = 0]
                  2000853c    00000008     rtsv7M4_T_le_eabi.lib : errno.c.obj (.text:__aeabi_errno_addr)
                  20008544    00000008                           : memory.c.obj (.text:malloc)
                  2000854c    00000006     driverlib.a : utils.obj (.text:UtilsDelay)
                  20008552    00000004     rtsv7M4_T_le_eabi.lib : printf.c.obj (.text:_outc)
                  20008556    00000004                           : printf.c.obj (.text:_outs)
                  2000855a    00000004                           : pre_init.c.obj (.text:_system_pre_init)
                  2000855e    00000004                           : exit.c.obj (.text:abort:abort)

.const     0    20008564    000003c0     
                  20008564    00000101     rtsv7M4_T_le_eabi.lib : ctype.c.obj (.const:.string:_ctypes_)
                  20008665    00000003     --HOLE-- [fill = 0]
                  20008668    00000100     driverlib.a : pin.obj (.const:g_ulPinToPadMap)
                  20008768    000000d4                 : interrupt.obj (.const:g_pulRegs)
                  2000883c    000000a8                 : prcm.obj (.const:PRCM_PeriphRegsList)
                  200088e4    00000018                 : interrupt.obj (.const:g_pulDisRegs)
                  200088fc    00000018                 : interrupt.obj (.const:g_pulEnRegs)
                  20008914    00000010     main.obj (.const:$P$T0$1)

.cinit     0    20008928    000000c0     
                  20008928    00000096     (.cinit..data.load) [load image, compression = lzss]
                  200089be    00000002     --HOLE-- [fill = 0]
                  200089c0    0000000c     (__TI_handler_table)
                  200089cc    00000004     --HOLE-- [fill = 0]
                  200089d0    00000008     (.cinit..bss.load) [load image, compression = zero_init]
                  200089d8    00000010     (__TI_cinit_table)

.bss       0    2001d000    0000085a     UNINITIALIZED
                  2001d000    00000668     (.common:samples)
                  2001d668    00000120     rtsv7M4_T_le_eabi.lib : trgmsg.c.obj (.bss:_CIOBUF_)
                  2001d788    000000a0     (.common:__TI_tmpnams)
                  2001d828    00000020     (.common:power_all)
                  2001d848    00000008     (.common:parmbuf)
                  2001d850    00000004     (.common:ADCRxBuffer)
                  2001d854    00000004     (.common:count)
                  2001d858    00000001     (.common:flag)
                  2001d859    00000001     (.common:new_dig)

.sysmem    0    2001d860    00000800     UNINITIALIZED
                  2001d860    00000010     rtsv7M4_T_le_eabi.lib : memory.c.obj (.sysmem)
                  2001d870    000007f0     --HOLE--

.data      0    2001e060    0000020c     UNINITIALIZED
                  2001e060    000000f0     rtsv7M4_T_le_eabi.lib : defs.c.obj (.data:_ftable)
                  2001e150    00000078                           : host_device.c.obj (.data:_device)
                  2001e1c8    00000050                           : host_device.c.obj (.data:_stream)
                  2001e218    00000020     main.obj (.data:coeff)
                  2001e238    00000010     rtsv7M4_T_le_eabi.lib : defs.c.obj (.data)
                  2001e248    0000000c                           : exit.c.obj (.data:$O1$$)
                  2001e254    00000008                           : _lock.c.obj (.data:$O1$$)
                  2001e25c    00000008                           : memory.c.obj (.data:$O1$$)
                  2001e264    00000004     main.obj (.data)
                  2001e268    00000004     rtsv7M4_T_le_eabi.lib : errno.c.obj (.data)

.stack     0    2003f800    00000800     UNINITIALIZED
                  2003f800    00000004     rtsv7M4_T_le_eabi.lib : boot_cortex_m.c.obj (.stack)
                  2003f804    000007fc     --HOLE--

__llvm_prf_cnts 
*          0    2001d000    00000000     UNINITIALIZED

MODULE SUMMARY

       Module                       code    ro data   rw data
       ------                       ----    -------   -------
    .\
       main.obj                     912     16        1718   
       Adafruit_OLED.obj            1186    0         0      
       startup_ccs.obj              14      1024      0      
       timer_if.obj                 408     0         0      
       pin_mux_config.obj           276     0         0      
    +--+----------------------------+-------+---------+---------+
       Total:                       2796    1040      1718   
                                                             
    C:/ti/CC3200SDK_1.5.0/cc3200-sdk/driverlib/ccs/Release/driverlib.a
       spi.obj                      1062    0         0      
       prcm.obj                     800     168       0      
       interrupt.obj                520     260       0      
       timer.obj                    552     0         0      
       pin.obj                      274     256       0      
       gpio.obj                     86      0         0      
       cpu.obj                      20      0         0      
       utils.obj                    6       0         0      
    +--+----------------------------+-------+---------+---------+
       Total:                       3320    684       0      
                                                             
    C:\ti\ccs1000\ccs\tools\compiler\ti-cgt-arm_20.2.0.LTS\lib\rtsv7M4_T_le_eabi.lib
       _printfi.c.obj               4835    0         0      
       memory.c.obj                 680     0         8      
       fd_add_t2.asm.obj            438     0         0      
       defs.c.obj                   0       0         416    
       trgmsg.c.obj                 108     0         288    
       fd_div_t2.asm.obj            310     0         0      
       fputs.c.obj                  276     0         0      
       fd_cmp_t2.asm.obj            268     0         0      
       ctype.c.obj                  0       257       0      
       fd_mul_t2.asm.obj            252     0         0      
       setvbuf.c.obj                220     0         0      
       s_scalbn.c.obj               208     0         0      
       host_device.c.obj            0       0         200    
       memcpy_t2.asm.obj            156     0         0      
       ull_div_t2.asm.obj           150     0         0      
       fputc.c.obj                  140     0         0      
       memset_t2.asm.obj            122     0         0      
       fclose.c.obj                 116     0         0      
       getdevice.c.obj              116     0         0      
       printf.c.obj                 112     0         0      
       hostrename.c.obj             108     0         0      
       copy_decompress_lzss.c.obj   104     0         0      
       hostlseek.c.obj              104     0         0      
       hostopen.c.obj               96      0         8      
       fseek.c.obj                  100     0         0      
       _io_perm.c.obj               98      0         0      
       close.c.obj                  92      0         0      
       s_frexp.c.obj                92      0         0      
       exit.c.obj                   76      0         12     
       hostread.c.obj               88      0         0      
       hostwrite.c.obj              88      0         0      
       _ltoa.c.obj                  84      0         0      
       atoi.c.obj                   76      0         0      
       fflush.c.obj                 76      0         0      
       fd_toi_t2.asm.obj            72      0         0      
       autoinit.c.obj               68      0         0      
       hostclose.c.obj              68      0         0      
       hostunlink.c.obj             68      0         0      
       strncpy.c.obj                54      0         0      
       fopen.c.obj                  52      0         0      
       i_tofd_t2.asm.obj            46      0         0      
       unlink.c.obj                 44      0         0      
       lseek.c.obj                  40      0         0      
       write.c.obj                  40      0         0      
       boot_cortex_m.c.obj          36      0         0      
       memchr.c.obj                 32      0         0      
       memccpy.c.obj                28      0         0      
       strcmp.c.obj                 24      0         0      
       strchr.c.obj                 22      0         0      
       strcpy.c.obj                 20      0         0      
       strlen.c.obj                 20      0         0      
       wcslen.c.obj                 18      0         0      
       copy_decompress_none.c.obj   14      0         0      
       copy_zero_init.c.obj         12      0         0      
       errno.c.obj                  8       0         4      
       s_copysign.c.obj             12      0         0      
       _lock.c.obj                  2       0         8      
       pre_init.c.obj               4       0         0      
       div0.asm.obj                 2       0         0      
    +--+----------------------------+-------+---------+---------+
       Total:                       10595   257       944    
                                                             
       Heap:                        0       0         2048   
       Stack:                       0       0         2048   
       Linker Generated:            0       186       0      
    +--+----------------------------+-------+---------+---------+
       Grand Total:                 16711   2167      6758   


LINKER GENERATED COPY TABLES

__TI_cinit_table @ 200089d8 records: 2, size/record: 8, table size: 16
	.data: load addr=20008928, load size=00000096 bytes, run addr=2001e060, run size=0000020c bytes, compression=lzss
	.bss: load addr=200089d0, load size=00000008 bytes, run addr=2001d000, run size=0000085a bytes, compression=zero_init


LINKER GENERATED HANDLER TABLE

__TI_handler_table @ 200089c0 records: 3, size/record: 4, table size: 12
	index: 0, handler: __TI_decompress_lzss
	index: 1, handler: __TI_decompress_none
	index: 2, handler: __TI_zero_init


GLOBAL SYMBOLS: SORTED ALPHABETICALLY BY Name 

address   name                           
-------   ----                           
2001d850  ADCRxBuffer                    
20004ed9  Adafruit_Init                  
2000855f  C$$EXIT                        
20007f2b  C$$IO$$                        
20008489  CPUcpsie                       
2000504f  Color565                       
20007f35  GPIODirModeSet                 
2000824f  GPIOPinWrite                   
20007ced  HOSTclose                      
200075e9  HOSTlseek                      
20007851  HOSTopen                       
20007969  HOSTread                       
2000757d  HOSTrename                     
20007d31  HOSTunlink                     
200079c1  HOSTwrite                      
20006cdd  IntDisable                     
20006d85  IntEnable                      
20008531  IntMasterEnable                
20007ac9  IntPrioritySet                 
20008271  IntRegister                    
200081e5  IntUnregister                  
2000849d  IntVTableBaseSet               
2001e264  N                              
20005e09  PRCMCC3200MCUInit              
20008447  PRCMHIBRegRead                 
2000845d  PRCMHIBRegWrite                
20008145  PRCMPeripheralClkDisable       
20007ec1  PRCMPeripheralClkEnable        
20007001  PRCMPeripheralClockGet         
20007a19  PRCMPeripheralReset            
20008099  PRCMSysResetCauseGet           
20007121  PinConfigSet                   
20007e41  PinModeSet                     
20006429  PinMuxConfig                   
20008009  PinTypeGPIO                    
2000839d  PinTypeSPI                     
2000850b  ResetISR                       
200083b7  SPICSDisable                   
200083cf  SPICSEnable                    
20006e2d  SPIConfigSetExpClk             
20008291  SPIDataGet                     
200082d1  SPIDataPut                     
200083e7  SPIEnable                      
2000822d  SPIReset                       
200071a9  SPITransfer                    
20007d75  TimerConfigure                 
200082ef  TimerDisable                   
2000830d  TimerEnable                    
200084d9  TimerIntClear                  
200083ff  TimerIntDisable                
20008417  TimerIntEnable                 
2000742d  TimerIntRegister               
2000832b  TimerIntStatus                 
20007651  TimerIntUnregister             
200080f1  TimerLoadSet                   
2000811b  TimerPrescaleSet               
20008349  TimerValueGet                  
20005db7  Timer_IF_DeInit                
20005de9  Timer_IF_GetCount              
20005cf1  Timer_IF_Init                  
20005d23  Timer_IF_IntSetup              
20005d6f  Timer_IF_InterruptClear        
20005dd1  Timer_IF_ReLoad                
20005d87  Timer_IF_Start                 
20005da7  Timer_IF_Stop                  
2000854d  UtilsDelay                     
2001d668  __CIOBUF_                      
20040000  __STACK_END                    
00000800  __STACK_SIZE                   
00000800  __SYSMEM_SIZE                  
200089d8  __TI_CINIT_Base                
200089e8  __TI_CINIT_Limit               
200089c0  __TI_Handler_Table_Base        
200089cc  __TI_Handler_Table_Limit       
20007db9  __TI_auto_init_nobinit_nopinit 
20007fa1  __TI_cleanup                   
2001e248  __TI_cleanup_ptr               
200073b9  __TI_closefile                 
200076b9  __TI_decompress_lzss           
200084fd  __TI_decompress_none           
20007bc3  __TI_doflush                   
2001e24c  __TI_dtors_ptr                 
2001e250  __TI_enable_exit_profile_output
2001e238  __TI_ft_end                    
20007b1d  __TI_ltoa                      
ffffffff  __TI_pprof_out_hndl            
20004401  __TI_printfi                   
ffffffff  __TI_prof_data_size            
ffffffff  __TI_prof_data_start           
20007fd5  __TI_readmsg                   
20008928  __TI_static_base__             
2001d788  __TI_tmpnams                   
20007efd  __TI_writemsg                  
200077ed  __TI_wrt_ok                    
20008525  __TI_zero_init                 
20007231  __aeabi_cdcmpeq                
20007231  __aeabi_cdcmple                
200072b7  __aeabi_cdrcmple               
20007ca5  __aeabi_d2iz                   
20005ac3  __aeabi_dadd                   
200060bd  __aeabi_ddiv                   
20006645  __aeabi_dmul                   
20005ab9  __aeabi_dsub                   
2000853d  __aeabi_errno_addr             
20008069  __aeabi_i2d                    
20005c6f  __aeabi_idiv0                  
20005c6f  __aeabi_ldiv0                  
2000733d  __aeabi_memclr                 
2000733d  __aeabi_memclr4                
2000733d  __aeabi_memclr8                
20006ecd  __aeabi_memcpy                 
20006ecd  __aeabi_memcpy4                
20006ecd  __aeabi_memcpy8                
2000733f  __aeabi_memset                 
2000733f  __aeabi_memset4                
2000733f  __aeabi_memset8                
2001e244  __aeabi_stderr                 
2001e23c  __aeabi_stdin                  
2001e240  __aeabi_stdout                 
20006f69  __aeabi_uldivmod               
ffffffff  __binit__                      
ffffffff  __c_args__                     
UNDEFED   __mpu_init                     
2003f800  __stack                        
2001d000  __start___llvm_prf_cnts        
2001d000  __stop___llvm_prf_cnts         
20008209  _c_int00_noargs                
20008564  _ctypes_                       
2001e150  _device                        
2001e060  _ftable                        
2001e254  _lock                          
200052f3  _nop                           
2001e1c8  _stream                        
2001d860  _sys_memory                    
UNDEFED   _system_post_cinit             
2000855b  _system_pre_init               
2001e258  _unlock                        
2000855f  abort                          
2000653d  aligned_alloc                  
20007c11  atoi                           
ffffffff  binit                          
200078b1  close                          
2001e218  coeff                          
20008519  copysign                       
20008519  copysignl                      
2001d854  count                          
200051fd  drawFastHLine                  
20005161  drawFastVLine                  
20005299  drawPixel                      
2001e268  errno                          
20007c5d  exit                           
200050a7  fillRect                       
20005091  fillScreen                     
20008039  finddevice                     
2001d858  flag                           
20007095  fputc                          
20006315  fputs                          
20006741  free                           
2000790d  frexp                          
2000790d  frexpl                         
20007789  fseek                          
20004000  g_pfnVectors                   
20007dfd  getdevice                      
2000500b  goTo                           
2000530d  goertzel                       
200052d7  invert                         
200069d1  ldexp                          
200069d1  ldexpl                         
20008195  lseek                          
20005581  main                           
20008545  malloc                         
2000653d  memalign                       
20008381  memccpy                        
200082b1  memchr                         
20006ecd  memcpy                         
20007345  memset                         
2001d859  new_dig                        
2001d848  parmbuf                        
20005393  post_test                      
2001d828  power_all                      
20007721  printf                         
20007095  putc                           
200080c5  remove                         
2001d000  samples                        
200069d1  scalbn                         
200069d1  scalbnl                        
20006825  setvbuf                        
20008473  strchr                         
2000842f  strcmp                         
200084b1  strcpy                         
200084c5  strlen                         
20007f6b  strncpy                        
200080c5  unlink                         
200084eb  wcslen                         
200081bd  write                          
20004e51  writeCommand                   
20004e95  writeData                      


GLOBAL SYMBOLS: SORTED BY Symbol Address 

address   name                           
-------   ----                           
00000800  __STACK_SIZE                   
00000800  __SYSMEM_SIZE                  
20004000  g_pfnVectors                   
20004401  __TI_printfi                   
20004e51  writeCommand                   
20004e95  writeData                      
20004ed9  Adafruit_Init                  
2000500b  goTo                           
2000504f  Color565                       
20005091  fillScreen                     
200050a7  fillRect                       
20005161  drawFastVLine                  
200051fd  drawFastHLine                  
20005299  drawPixel                      
200052d7  invert                         
200052f3  _nop                           
2000530d  goertzel                       
20005393  post_test                      
20005581  main                           
20005ab9  __aeabi_dsub                   
20005ac3  __aeabi_dadd                   
20005c6f  __aeabi_idiv0                  
20005c6f  __aeabi_ldiv0                  
20005cf1  Timer_IF_Init                  
20005d23  Timer_IF_IntSetup              
20005d6f  Timer_IF_InterruptClear        
20005d87  Timer_IF_Start                 
20005da7  Timer_IF_Stop                  
20005db7  Timer_IF_DeInit                
20005dd1  Timer_IF_ReLoad                
20005de9  Timer_IF_GetCount              
20005e09  PRCMCC3200MCUInit              
200060bd  __aeabi_ddiv                   
20006315  fputs                          
20006429  PinMuxConfig                   
2000653d  aligned_alloc                  
2000653d  memalign                       
20006645  __aeabi_dmul                   
20006741  free                           
20006825  setvbuf                        
200069d1  ldexp                          
200069d1  ldexpl                         
200069d1  scalbn                         
200069d1  scalbnl                        
20006cdd  IntDisable                     
20006d85  IntEnable                      
20006e2d  SPIConfigSetExpClk             
20006ecd  __aeabi_memcpy                 
20006ecd  __aeabi_memcpy4                
20006ecd  __aeabi_memcpy8                
20006ecd  memcpy                         
20006f69  __aeabi_uldivmod               
20007001  PRCMPeripheralClockGet         
20007095  fputc                          
20007095  putc                           
20007121  PinConfigSet                   
200071a9  SPITransfer                    
20007231  __aeabi_cdcmpeq                
20007231  __aeabi_cdcmple                
200072b7  __aeabi_cdrcmple               
2000733d  __aeabi_memclr                 
2000733d  __aeabi_memclr4                
2000733d  __aeabi_memclr8                
2000733f  __aeabi_memset                 
2000733f  __aeabi_memset4                
2000733f  __aeabi_memset8                
20007345  memset                         
200073b9  __TI_closefile                 
2000742d  TimerIntRegister               
2000757d  HOSTrename                     
200075e9  HOSTlseek                      
20007651  TimerIntUnregister             
200076b9  __TI_decompress_lzss           
20007721  printf                         
20007789  fseek                          
200077ed  __TI_wrt_ok                    
20007851  HOSTopen                       
200078b1  close                          
2000790d  frexp                          
2000790d  frexpl                         
20007969  HOSTread                       
200079c1  HOSTwrite                      
20007a19  PRCMPeripheralReset            
20007ac9  IntPrioritySet                 
20007b1d  __TI_ltoa                      
20007bc3  __TI_doflush                   
20007c11  atoi                           
20007c5d  exit                           
20007ca5  __aeabi_d2iz                   
20007ced  HOSTclose                      
20007d31  HOSTunlink                     
20007d75  TimerConfigure                 
20007db9  __TI_auto_init_nobinit_nopinit 
20007dfd  getdevice                      
20007e41  PinModeSet                     
20007ec1  PRCMPeripheralClkEnable        
20007efd  __TI_writemsg                  
20007f2b  C$$IO$$                        
20007f35  GPIODirModeSet                 
20007f6b  strncpy                        
20007fa1  __TI_cleanup                   
20007fd5  __TI_readmsg                   
20008009  PinTypeGPIO                    
20008039  finddevice                     
20008069  __aeabi_i2d                    
20008099  PRCMSysResetCauseGet           
200080c5  remove                         
200080c5  unlink                         
200080f1  TimerLoadSet                   
2000811b  TimerPrescaleSet               
20008145  PRCMPeripheralClkDisable       
20008195  lseek                          
200081bd  write                          
200081e5  IntUnregister                  
20008209  _c_int00_noargs                
2000822d  SPIReset                       
2000824f  GPIOPinWrite                   
20008271  IntRegister                    
20008291  SPIDataGet                     
200082b1  memchr                         
200082d1  SPIDataPut                     
200082ef  TimerDisable                   
2000830d  TimerEnable                    
2000832b  TimerIntStatus                 
20008349  TimerValueGet                  
20008381  memccpy                        
2000839d  PinTypeSPI                     
200083b7  SPICSDisable                   
200083cf  SPICSEnable                    
200083e7  SPIEnable                      
200083ff  TimerIntDisable                
20008417  TimerIntEnable                 
2000842f  strcmp                         
20008447  PRCMHIBRegRead                 
2000845d  PRCMHIBRegWrite                
20008473  strchr                         
20008489  CPUcpsie                       
2000849d  IntVTableBaseSet               
200084b1  strcpy                         
200084c5  strlen                         
200084d9  TimerIntClear                  
200084eb  wcslen                         
200084fd  __TI_decompress_none           
2000850b  ResetISR                       
20008519  copysign                       
20008519  copysignl                      
20008525  __TI_zero_init                 
20008531  IntMasterEnable                
2000853d  __aeabi_errno_addr             
20008545  malloc                         
2000854d  UtilsDelay                     
2000855b  _system_pre_init               
2000855f  C$$EXIT                        
2000855f  abort                          
20008564  _ctypes_                       
20008928  __TI_static_base__             
200089c0  __TI_Handler_Table_Base        
200089cc  __TI_Handler_Table_Limit       
200089d8  __TI_CINIT_Base                
200089e8  __TI_CINIT_Limit               
2001d000  __start___llvm_prf_cnts        
2001d000  __stop___llvm_prf_cnts         
2001d000  samples                        
2001d668  __CIOBUF_                      
2001d788  __TI_tmpnams                   
2001d828  power_all                      
2001d848  parmbuf                        
2001d850  ADCRxBuffer                    
2001d854  count                          
2001d858  flag                           
2001d859  new_dig                        
2001d860  _sys_memory                    
2001e060  _ftable                        
2001e150  _device                        
2001e1c8  _stream                        
2001e218  coeff                          
2001e238  __TI_ft_end                    
2001e23c  __aeabi_stdin                  
2001e240  __aeabi_stdout                 
2001e244  __aeabi_stderr                 
2001e248  __TI_cleanup_ptr               
2001e24c  __TI_dtors_ptr                 
2001e250  __TI_enable_exit_profile_output
2001e254  _lock                          
2001e258  _unlock                        
2001e264  N                              
2001e268  errno                          
2003f800  __stack                        
20040000  __STACK_END                    
ffffffff  __TI_pprof_out_hndl            
ffffffff  __TI_prof_data_size            
ffffffff  __TI_prof_data_start           
ffffffff  __binit__                      
ffffffff  __c_args__                     
ffffffff  binit                          
UNDEFED   __mpu_init                     
UNDEFED   _system_post_cinit             

[197 symbols]
