******************************************************************************
                  TI ARM Linker PC v20.2.0                     
******************************************************************************
>> Linked Mon May 22 14:42:28 2023

OUTPUT FILE NAME:   <DTMF.out>
ENTRY POINT SYMBOL: "_c_int00_noargs"  address: 20006b61


MEMORY CONFIGURATION

         name            origin    length      used     unused   attr    fill
----------------------  --------  ---------  --------  --------  ----  --------
  SRAM_CODE             20004000   00019000  0000362e  000159d2  RW X
  SRAM_DATA             2001d000   00023000  00000f25  000220db  RW X


SEGMENT ALLOCATION MAP

run origin  load origin   length   init length attrs members
----------  ----------- ---------- ----------- ----- -------
20004000    20004000    00003630   00003630    r-x
  20004000    20004000    00000400   00000400    r-- .intvecs
  20004400    20004400    000029d6   000029d6    r-x .text
  20006dd8    20006dd8    000007b8   000007b8    r-- .const
  20007590    20007590    000000a0   000000a0    r-- .cinit
2001d000    2001d000    00000725   00000000    rw-
  2001d000    2001d000    00000688   00000000    rw- .bss
  2001d688    2001d688    0000009d   00000000    rw- .data
2003f800    2003f800    00000800   00000000    rw-
  2003f800    2003f800    00000800   00000000    rw- .stack


SECTION ALLOCATION MAP

 output                                  attributes/
section   page    origin      length       input sections
--------  ----  ----------  ----------   ----------------
.intvecs   0    20004000    00000400     
                  20004000    00000400     startup_ccs.obj (.intvecs)

.init_array 
*          0    20004000    00000000     UNINITIALIZED

.text      0    20004400    000029d6     
                  20004400    00000a80     Adafruit_GFX.obj (.text)
                  20004e80    000008e0     main.obj (.text)
                  20005760    000004a2     Adafruit_OLED.obj (.text)
                  20005c02    00000002     driverlib.a : interrupt.obj (.text:IntDefaultHandler)
                  20005c04    00000198     timer_if.obj (.text)
                  20005d9c    00000178     driverlib.a : prcm.obj (.text:PRCMCC3200MCUInit)
                  20005f14    00000124     pin_mux_config.obj (.text)
                  20006038    000000d0     driverlib.a : spi.obj (.text:SPITransfer32)
                  20006108    000000ce                 : spi.obj (.text:SPITransfer16)
                  200061d6    000000b8                 : spi.obj (.text:SPITransfer8)
                  2000628e    00000002     --HOLE-- [fill = 0]
                  20006290    000000a8                 : interrupt.obj (.text:IntDisable)
                  20006338    000000a8                 : interrupt.obj (.text:IntEnable)
                  200063e0    000000a0                 : spi.obj (.text:SPIConfigSetExpClk)
                  20006480    0000009c     rtsv7M4_T_le_eabi.lib : memcpy_t2.asm.obj (.text)
                  2000651c    00000094     driverlib.a : prcm.obj (.text:PRCMPeripheralClockGet)
                  200065b0    00000088                 : pin.obj (.text:PinConfigSet)
                  20006638    00000088                 : spi.obj (.text:SPITransfer)
                  200066c0    0000007a     rtsv7M4_T_le_eabi.lib : memset_t2.asm.obj (.text)
                  2000673a    00000002     --HOLE-- [fill = 0]
                  2000673c    00000070     driverlib.a : timer.obj (.text:TimerIntRegister)
                  200067ac    00000068                 : timer.obj (.text:TimerIntUnregister)
                  20006814    00000068     rtsv7M4_T_le_eabi.lib : copy_decompress_lzss.c.obj (.text:decompress:lzss:__TI_decompress_lzss)
                  2000687c    00000058     driverlib.a : prcm.obj (.text:PRCMPeripheralReset)
                  200068d4    00000054                 : interrupt.obj (.text:IntPrioritySet)
                  20006928    00000044                 : timer.obj (.text:TimerConfigure)
                  2000696c    00000044     rtsv7M4_T_le_eabi.lib : autoinit.c.obj (.text:__TI_auto_init_nobinit_nopinit:__TI_auto_init_nobinit_nopinit)
                  200069b0    00000040     driverlib.a : pin.obj (.text:PinModeSet)
                  200069f0    0000003c                 : prcm.obj (.text:PRCMPeripheralClkEnable)
                  20006a2c    00000036                 : gpio.obj (.text:GPIODirModeSet)
                  20006a62    00000030                 : pin.obj (.text:PinTypeGPIO)
                  20006a92    00000002     --HOLE-- [fill = 0]
                  20006a94    0000002c                 : prcm.obj (.text:PRCMSysResetCauseGet)
                  20006ac0    0000002a                 : timer.obj (.text:TimerLoadSet)
                  20006aea    0000002a                 : timer.obj (.text:TimerPrescaleSet)
                  20006b14    00000028                 : prcm.obj (.text:PRCMPeripheralClkDisable)
                  20006b3c    00000024                 : interrupt.obj (.text:IntUnregister)
                  20006b60    00000024     rtsv7M4_T_le_eabi.lib : boot_cortex_m.c.obj (.text:_c_int00_noargs:_c_int00_noargs)
                  20006b84    00000022     driverlib.a : spi.obj (.text:SPIReset)
                  20006ba6    00000020                 : gpio.obj (.text:GPIOPinWrite)
                  20006bc6    00000002     --HOLE-- [fill = 0]
                  20006bc8    00000020                 : interrupt.obj (.text:IntRegister)
                  20006be8    00000020                 : spi.obj (.text:SPIDataGet)
                  20006c08    0000001e                 : spi.obj (.text:SPIDataPut)
                  20006c26    0000001e                 : timer.obj (.text:TimerDisable)
                  20006c44    0000001e                 : timer.obj (.text:TimerEnable)
                  20006c62    0000001e                 : timer.obj (.text:TimerIntStatus)
                  20006c80    0000001c                 : timer.obj (.text:TimerValueGet)
                  20006c9c    0000001a                 : pin.obj (.text:PinTypeSPI)
                  20006cb6    00000018                 : spi.obj (.text:SPICSDisable)
                  20006cce    00000018                 : spi.obj (.text:SPICSEnable)
                  20006ce6    00000018                 : spi.obj (.text:SPIEnable)
                  20006cfe    00000018                 : timer.obj (.text:TimerIntDisable)
                  20006d16    00000018                 : timer.obj (.text:TimerIntEnable)
                  20006d2e    00000016                 : prcm.obj (.text:PRCMHIBRegRead)
                  20006d44    00000016                 : prcm.obj (.text:PRCMHIBRegWrite)
                  20006d5a    00000014                 : cpu.obj (.text:CPUcpsie)
                  20006d6e    00000002     --HOLE-- [fill = 0]
                  20006d70    00000014                 : interrupt.obj (.text:IntVTableBaseSet)
                  20006d84    00000012                 : timer.obj (.text:TimerIntClear)
                  20006d96    0000000e     rtsv7M4_T_le_eabi.lib : copy_decompress_none.c.obj (.text:decompress:none:__TI_decompress_none)
                  20006da4    0000000e     startup_ccs.obj (.text)
                  20006db2    0000000c     rtsv7M4_T_le_eabi.lib : copy_zero_init.c.obj (.text:decompress:ZI:__TI_zero_init)
                  20006dbe    0000000a     driverlib.a : interrupt.obj (.text:IntMasterEnable)
                  20006dc8    00000006                 : utils.obj (.text:UtilsDelay)
                  20006dce    00000004     rtsv7M4_T_le_eabi.lib : pre_init.c.obj (.text:_system_pre_init)
                  20006dd2    00000004                           : exit.c.obj (.text:abort:abort)

.const     0    20006dd8    000007b8     
                  20006dd8    000004fb     Adafruit_GFX.obj (.const:.string:font)
                  200072d3    00000001     --HOLE-- [fill = 0]
                  200072d4    00000100     driverlib.a : pin.obj (.const:g_ulPinToPadMap)
                  200073d4    000000d4                 : interrupt.obj (.const:g_pulRegs)
                  200074a8    000000a8                 : prcm.obj (.const:PRCM_PeriphRegsList)
                  20007550    00000018                 : interrupt.obj (.const:g_pulDisRegs)
                  20007568    00000018                 : interrupt.obj (.const:g_pulEnRegs)
                  20007580    00000010     main.obj (.const:$P$T0$1)

.cinit     0    20007590    000000a0     
                  20007590    00000075     (.cinit..data.load) [load image, compression = lzss]
                  20007605    00000003     --HOLE-- [fill = 0]
                  20007608    0000000c     (__TI_handler_table)
                  20007614    00000004     --HOLE-- [fill = 0]
                  20007618    00000008     (.cinit..bss.load) [load image, compression = zero_init]
                  20007620    00000010     (__TI_cinit_table)

.bss       0    2001d000    00000688     UNINITIALIZED
                  2001d000    00000668     (.common:samples)
                  2001d668    00000020     (.common:power_all)

.data      0    2001d688    0000009d     UNINITIALIZED
                  2001d688    00000030     main.obj (.data)
                  2001d6b8    00000020     main.obj (.data:coeff)
                  2001d6d8    0000001c     main.obj (.data:colors)
                  2001d6f4    00000015     Adafruit_GFX.obj (.data)
                  2001d709    00000012     main.obj (.data:letters3)
                  2001d71b    00000008     main.obj (.data:letters4)
                  2001d723    00000002     main.obj (.data:ADCRxBuffer)

.stack     0    2003f800    00000800     UNINITIALIZED
                  2003f800    00000004     rtsv7M4_T_le_eabi.lib : boot_cortex_m.c.obj (.stack)
                  2003f804    000007fc     --HOLE--

__llvm_prf_cnts 
*          0    2001d000    00000000     UNINITIALIZED

MODULE SUMMARY

       Module                       code    ro data   rw data
       ------                       ----    -------   -------
    .\
       main.obj                     2272    16        1808   
       Adafruit_GFX.obj             2688    1275      21     
       Adafruit_OLED.obj            1186    0         0      
       startup_ccs.obj              14      1024      0      
       timer_if.obj                 408     0         0      
       pin_mux_config.obj           292     0         0      
    +--+----------------------------+-------+---------+---------+
       Total:                       6860    2315      1829   
                                                             
    C:/ti/CC3200SDK_1.5.0/cc3200-sdk/driverlib/ccs/Release/driverlib.a
       spi.obj                      1062    0         0      
       prcm.obj                     800     168       0      
       interrupt.obj                520     260       0      
       timer.obj                    552     0         0      
       pin.obj                      274     256       0      
       gpio.obj                     86      0         0      
       cpu.obj                      20      0         0      
       utils.obj                    6       0         0      
    +--+----------------------------+-------+---------+---------+
       Total:                       3320    684       0      
                                                             
    C:\ti\ccs1000\ccs\tools\compiler\ti-cgt-arm_20.2.0.LTS\lib\rtsv7M4_T_le_eabi.lib
       memcpy_t2.asm.obj            156     0         0      
       memset_t2.asm.obj            122     0         0      
       copy_decompress_lzss.c.obj   104     0         0      
       autoinit.c.obj               68      0         0      
       boot_cortex_m.c.obj          36      0         0      
       copy_decompress_none.c.obj   14      0         0      
       copy_zero_init.c.obj         12      0         0      
       exit.c.obj                   4       0         0      
       pre_init.c.obj               4       0         0      
    +--+----------------------------+-------+---------+---------+
       Total:                       520     0         0      
                                                             
       Stack:                       0       0         2048   
       Linker Generated:            0       153       0      
    +--+----------------------------+-------+---------+---------+
       Grand Total:                 10700   3152      3877   


LINKER GENERATED COPY TABLES

__TI_cinit_table @ 20007620 records: 2, size/record: 8, table size: 16
	.data: load addr=20007590, load size=00000075 bytes, run addr=2001d688, run size=0000009d bytes, compression=lzss
	.bss: load addr=20007618, load size=00000008 bytes, run addr=2001d000, run size=00000688 bytes, compression=zero_init


LINKER GENERATED HANDLER TABLE

__TI_handler_table @ 20007608 records: 3, size/record: 4, table size: 12
	index: 0, handler: __TI_decompress_lzss
	index: 1, handler: __TI_decompress_none
	index: 2, handler: __TI_zero_init


GLOBAL SYMBOLS: SORTED ALPHABETICALLY BY Name 

address   name                          
-------   ----                          
2001d723  ADCRxBuffer                   
2001d698  ADC_flag                      
200057e9  Adafruit_Init                 
20006dd3  C$$EXIT                       
20006d5b  CPUcpsie                      
2000595f  Color565                      
20004f1f  DisableTimer                  
20004f4f  EnableTimer                   
20006a2d  GPIODirModeSet                
20006ba7  GPIOPinWrite                  
20006291  IntDisable                    
20006339  IntEnable                     
20006dbf  IntMasterEnable               
200068d5  IntPrioritySet                
20006bc9  IntRegister                   
20006b3d  IntUnregister                 
20006d71  IntVTableBaseSet              
2001d688  N                             
20004dab  Outstr                        
20005d9d  PRCMCC3200MCUInit             
20006d2f  PRCMHIBRegRead                
20006d45  PRCMHIBRegWrite               
20006b15  PRCMPeripheralClkDisable      
200069f1  PRCMPeripheralClkEnable       
2000651d  PRCMPeripheralClockGet        
2000687d  PRCMPeripheralReset           
20006a95  PRCMSysResetCauseGet          
200065b1  PinConfigSet                  
200069b1  PinModeSet                    
20005f15  PinMuxConfig                  
20006a63  PinTypeGPIO                   
20006c9d  PinTypeSPI                    
20006da5  ResetISR                      
20006cb7  SPICSDisable                  
20006ccf  SPICSEnable                   
200063e1  SPIConfigSetExpClk            
20006be9  SPIDataGet                    
20006c09  SPIDataPut                    
20006ce7  SPIEnable                     
20006b85  SPIReset                      
20006639  SPITransfer                   
20006929  TimerConfigure                
20006c27  TimerDisable                  
20006c45  TimerEnable                   
200054c1  TimerInit                     
20006d85  TimerIntClear                 
20006cff  TimerIntDisable               
20006d17  TimerIntEnable                
2000673d  TimerIntRegister              
20006c63  TimerIntStatus                
200067ad  TimerIntUnregister            
20006ac1  TimerLoadSet                  
20006aeb  TimerPrescaleSet              
20006c81  TimerValueGet                 
20005d4b  Timer_IF_DeInit               
20005d7d  Timer_IF_GetCount             
20005c85  Timer_IF_Init                 
20005cb7  Timer_IF_IntSetup             
20005d03  Timer_IF_InterruptClear       
20005d65  Timer_IF_ReLoad               
20005d1b  Timer_IF_Start                
20005d3b  Timer_IF_Stop                 
20006dc9  UtilsDelay                    
20040000  __STACK_END                   
00000800  __STACK_SIZE                  
20007620  __TI_CINIT_Base               
20007630  __TI_CINIT_Limit              
20007608  __TI_Handler_Table_Base       
20007614  __TI_Handler_Table_Limit      
2000696d  __TI_auto_init_nobinit_nopinit
20006815  __TI_decompress_lzss          
20006d97  __TI_decompress_none          
ffffffff  __TI_pprof_out_hndl           
ffffffff  __TI_prof_data_size           
ffffffff  __TI_prof_data_start          
20007590  __TI_static_base__            
20006db3  __TI_zero_init                
200066c1  __aeabi_memclr                
200066c1  __aeabi_memclr4               
200066c1  __aeabi_memclr8               
20006481  __aeabi_memcpy                
20006481  __aeabi_memcpy4               
20006481  __aeabi_memcpy8               
200066c3  __aeabi_memset                
200066c3  __aeabi_memset4               
200066c3  __aeabi_memset8               
ffffffff  __binit__                     
ffffffff  __c_args__                    
UNDEFED   __mpu_init                    
2003f800  __stack                       
2001d000  __start___llvm_prf_cnts       
2001d000  __stop___llvm_prf_cnts        
20006b61  _c_int00_noargs               
UNDEFED   _system_post_cinit            
20006dcf  _system_pre_init              
20006dd3  abort                         
ffffffff  binit                         
2001d69c  char_current                  
2001d69d  char_prev                     
2001d69e  char_prev2                    
2001d69f  char_prev3                    
2001d6a2  character                     
2001d6b8  coeff                         
2001d6d8  colors                        
2001d6f4  cursor_x                      
2001d6f8  cursor_y                      
2001d690  delay_count                   
20004c5f  drawChar                      
20004401  drawCircle                    
20004535  drawCircleHelper              
20005b0d  drawFastHLine                 
20005a71  drawFastVLine                 
2000477b  drawLine                      
20005ba9  drawPixel                     
20004867  drawRect                      
200048b5  drawRoundRect                 
20004a1d  drawTriangle                  
20004653  fillCircle                    
2000468d  fillCircleHelper              
200059b7  fillRect                      
200049a3  fillRoundRect                 
200059a1  fillScreen                    
20004a5f  fillTriangle                  
2001d6b0  font_count                    
20004000  g_pfnVectors                  
2000591b  goTo                          
20004e99  goertzel                      
20004e5f  height                        
20005be7  invert                        
2001d709  letters3                      
2001d71b  letters4                      
20005539  main                          
20006481  memcpy                        
200066c9  memset                        
2001d6a0  message                       
20005049  post_test                     
2001d668  power_all                     
2001d6a3  prev_char                     
2001d694  prev_delay_count              
2001d6a1  prev_message                  
2001d6a4  repetitions                   
2001d000  samples                       
2001d68c  sampling_index                
20004df7  setCursor                     
20004e2f  setTextColor                  
20004e0f  setTextSize                   
20004e47  setTextWrap                   
2001d704  textbgcolor                   
2001d700  textcolor                     
2001d6fc  textsize                      
2001d6b4  ulStatus                      
20004e5b  width                         
2001d708  wrap                          
20005761  writeCommand                  
200057a5  writeData                     
2001d6a8  xTx                           
2001d6ac  yTx                           


GLOBAL SYMBOLS: SORTED BY Symbol Address 

address   name                          
-------   ----                          
00000800  __STACK_SIZE                  
20004000  g_pfnVectors                  
20004401  drawCircle                    
20004535  drawCircleHelper              
20004653  fillCircle                    
2000468d  fillCircleHelper              
2000477b  drawLine                      
20004867  drawRect                      
200048b5  drawRoundRect                 
200049a3  fillRoundRect                 
20004a1d  drawTriangle                  
20004a5f  fillTriangle                  
20004c5f  drawChar                      
20004dab  Outstr                        
20004df7  setCursor                     
20004e0f  setTextSize                   
20004e2f  setTextColor                  
20004e47  setTextWrap                   
20004e5b  width                         
20004e5f  height                        
20004e99  goertzel                      
20004f1f  DisableTimer                  
20004f4f  EnableTimer                   
20005049  post_test                     
200054c1  TimerInit                     
20005539  main                          
20005761  writeCommand                  
200057a5  writeData                     
200057e9  Adafruit_Init                 
2000591b  goTo                          
2000595f  Color565                      
200059a1  fillScreen                    
200059b7  fillRect                      
20005a71  drawFastVLine                 
20005b0d  drawFastHLine                 
20005ba9  drawPixel                     
20005be7  invert                        
20005c85  Timer_IF_Init                 
20005cb7  Timer_IF_IntSetup             
20005d03  Timer_IF_InterruptClear       
20005d1b  Timer_IF_Start                
20005d3b  Timer_IF_Stop                 
20005d4b  Timer_IF_DeInit               
20005d65  Timer_IF_ReLoad               
20005d7d  Timer_IF_GetCount             
20005d9d  PRCMCC3200MCUInit             
20005f15  PinMuxConfig                  
20006291  IntDisable                    
20006339  IntEnable                     
200063e1  SPIConfigSetExpClk            
20006481  __aeabi_memcpy                
20006481  __aeabi_memcpy4               
20006481  __aeabi_memcpy8               
20006481  memcpy                        
2000651d  PRCMPeripheralClockGet        
200065b1  PinConfigSet                  
20006639  SPITransfer                   
200066c1  __aeabi_memclr                
200066c1  __aeabi_memclr4               
200066c1  __aeabi_memclr8               
200066c3  __aeabi_memset                
200066c3  __aeabi_memset4               
200066c3  __aeabi_memset8               
200066c9  memset                        
2000673d  TimerIntRegister              
200067ad  TimerIntUnregister            
20006815  __TI_decompress_lzss          
2000687d  PRCMPeripheralReset           
200068d5  IntPrioritySet                
20006929  TimerConfigure                
2000696d  __TI_auto_init_nobinit_nopinit
200069b1  PinModeSet                    
200069f1  PRCMPeripheralClkEnable       
20006a2d  GPIODirModeSet                
20006a63  PinTypeGPIO                   
20006a95  PRCMSysResetCauseGet          
20006ac1  TimerLoadSet                  
20006aeb  TimerPrescaleSet              
20006b15  PRCMPeripheralClkDisable      
20006b3d  IntUnregister                 
20006b61  _c_int00_noargs               
20006b85  SPIReset                      
20006ba7  GPIOPinWrite                  
20006bc9  IntRegister                   
20006be9  SPIDataGet                    
20006c09  SPIDataPut                    
20006c27  TimerDisable                  
20006c45  TimerEnable                   
20006c63  TimerIntStatus                
20006c81  TimerValueGet                 
20006c9d  PinTypeSPI                    
20006cb7  SPICSDisable                  
20006ccf  SPICSEnable                   
20006ce7  SPIEnable                     
20006cff  TimerIntDisable               
20006d17  TimerIntEnable                
20006d2f  PRCMHIBRegRead                
20006d45  PRCMHIBRegWrite               
20006d5b  CPUcpsie                      
20006d71  IntVTableBaseSet              
20006d85  TimerIntClear                 
20006d97  __TI_decompress_none          
20006da5  ResetISR                      
20006db3  __TI_zero_init                
20006dbf  IntMasterEnable               
20006dc9  UtilsDelay                    
20006dcf  _system_pre_init              
20006dd3  C$$EXIT                       
20006dd3  abort                         
20007590  __TI_static_base__            
20007608  __TI_Handler_Table_Base       
20007614  __TI_Handler_Table_Limit      
20007620  __TI_CINIT_Base               
20007630  __TI_CINIT_Limit              
2001d000  __start___llvm_prf_cnts       
2001d000  __stop___llvm_prf_cnts        
2001d000  samples                       
2001d668  power_all                     
2001d688  N                             
2001d68c  sampling_index                
2001d690  delay_count                   
2001d694  prev_delay_count              
2001d698  ADC_flag                      
2001d69c  char_current                  
2001d69d  char_prev                     
2001d69e  char_prev2                    
2001d69f  char_prev3                    
2001d6a0  message                       
2001d6a1  prev_message                  
2001d6a2  character                     
2001d6a3  prev_char                     
2001d6a4  repetitions                   
2001d6a8  xTx                           
2001d6ac  yTx                           
2001d6b0  font_count                    
2001d6b4  ulStatus                      
2001d6b8  coeff                         
2001d6d8  colors                        
2001d6f4  cursor_x                      
2001d6f8  cursor_y                      
2001d6fc  textsize                      
2001d700  textcolor                     
2001d704  textbgcolor                   
2001d708  wrap                          
2001d709  letters3                      
2001d71b  letters4                      
2001d723  ADCRxBuffer                   
2003f800  __stack                       
20040000  __STACK_END                   
ffffffff  __TI_pprof_out_hndl           
ffffffff  __TI_prof_data_size           
ffffffff  __TI_prof_data_start          
ffffffff  __binit__                     
ffffffff  __c_args__                    
ffffffff  binit                         
UNDEFED   __mpu_init                    
UNDEFED   _system_post_cinit            

[157 symbols]
